I, [2023-01-23T17:48:40.421086 #21981]  INFO -- : [cb346c7d-ef3d-45fc-a0a4-4c7608a301f3] Started GET "/w.json?query=22029002&format_type=kento" for 18.181.185.67 at 2023-01-23 17:48:40 +0900
I, [2023-01-23T17:48:43.202655 #21983]  INFO -- : [b68114b4-9f26-40a6-ab96-b210f67d82fd] Started GET "/w.json?query=masamasa1343792&format_type=kento" for 13.115.148.138 at 2023-01-23 17:48:43 +0900
I, [2023-01-23T17:49:33.049511 #21981]  INFO -- : [c2f70ebb-4529-4eb3-8e6e-3bba3867d83a] Started GET "/w.json?query=dama31111&format_type=kento" for 13.115.148.138 at 2023-01-23 17:49:33 +0900
I, [2023-01-23T17:49:33.051187 #21983]  INFO -- : [d8b5ba0f-a57d-434b-aca7-3c7ccf262f8f] Started GET "/w.json?format_type=kento&query=HaraMasa1111" for 18.181.185.67 at 2023-01-23 17:49:33 +0900
I, [2023-01-23T17:50:10.014203 #21981]  INFO -- : [ffdbeaf7-7b01-477f-8b8d-adfbbacf26ad] Started GET "/w.json?format_type=kento&query=GarlicToast2029" for 13.115.148.138 at 2023-01-23 17:50:10 +0900
I, [2023-01-23T17:55:54.068808 #21983]  INFO -- : [960ad9ad-d625-4953-a6c4-fe4104a50f39] Started GET "/w.json?query=kocity&format_type=kento" for 35.79.223.193 at 2023-01-23 17:55:54 +0900
I, [2023-01-23T17:56:16.564951 #21983]  INFO -- : [c0c81e0e-5bea-47f8-a1bd-00c172d2dc78] Started GET "/w.json?query=fujintv&format_type=kento" for 35.79.223.193 at 2023-01-23 17:56:16 +0900
I, [2023-01-23T18:05:33.708922 #21983]  INFO -- : [a8f0bc84-c8e1-4dc9-a417-d2bb4cd814fb] Started GET "/w.json?format_type=kento&query=shote58hi" for 13.115.148.138 at 2023-01-23 18:05:33 +0900
I, [2023-01-23T18:05:45.471397 #21983]  INFO -- : [5583759e-31b4-439d-8db6-a0f88298462b] Started GET "/w.json?query=dndn0&format_type=kento" for 13.115.148.138 at 2023-01-23 18:05:45 +0900
I, [2023-01-23T18:06:55.918119 #21981]  INFO -- : [04477d04-4dfe-4655-81e2-41cc5bf48a0a] Started GET "/w.json?query=tomiel&format_type=kento" for 35.79.223.193 at 2023-01-23 18:06:55 +0900
I, [2023-01-23T18:06:57.051114 #21983]  INFO -- : [3c3d6195-066f-49f6-9ee4-82bc1c656a14] Started GET "/w.json?format_type=kento&query=tomiel_o" for 18.179.49.185 at 2023-01-23 18:06:57 +0900
I, [2023-01-23T18:06:57.056589 #21981]  INFO -- : [d4b9e50e-5248-49a1-ac82-df90b462fec2] Started GET "/w.json?format_type=kento&query=TOMIELZ" for 13.231.180.190 at 2023-01-23 18:06:57 +0900
I, [2023-01-23T18:07:03.600336 #21981]  INFO -- : [787a8257-f055-4cca-ba4d-a3ed412cbd9a] Started GET "/w.json?query=22029002&format_type=kento" for 13.231.180.190 at 2023-01-23 18:07:03 +0900
I, [2023-01-23T18:08:53.214323 #21983]  INFO -- : [ee124f72-85ae-4f29-b9fd-2532773b0ab3] Started GET "/w.json?query=anjelier&format_type=kento" for 18.179.49.185 at 2023-01-23 18:08:53 +0900
I, [2023-01-23T18:11:07.901064 #21981]  INFO -- : [2e56051a-0320-4130-a96d-95288ee70964] Started GET "/w.json?query=toki1946&format_type=kento" for 18.179.49.185 at 2023-01-23 18:11:07 +0900
I, [2023-01-23T18:17:01.589170 #21981]  INFO -- : [29b466da-af6d-4213-a12a-4fb494af94c7] Started GET "/w.json?query=hajime2022&format_type=kento" for 13.115.148.138 at 2023-01-23 18:17:01 +0900
I, [2023-01-23T18:19:04.618851 #21981]  INFO -- : [983e1f78-5dcc-461c-a769-9c26581a7d48] Started GET "/w.json?format_type=kento&query=Aphrody2" for 13.115.148.138 at 2023-01-23 18:19:04 +0900
I, [2023-01-23T18:19:47.262702 #21983]  INFO -- : [39c5623c-ffef-4d80-a7db-0c2845823e23] Started GET "/w.json?format_type=kento&query=shote58hi" for 13.115.148.138 at 2023-01-23 18:19:47 +0900
I, [2023-01-23T18:22:59.043778 #21983]  INFO -- : [666c8770-16df-4761-87ff-1df45001ce19] Started GET "/w.json?format_type=kento&query=dcsyhi2" for 35.79.223.193 at 2023-01-23 18:22:59 +0900
I, [2023-01-23T18:23:08.197526 #21983]  INFO -- : [fb74c2b8-2bca-421c-a794-15e07920aca1] Started GET "/w.json?query=22029002&format_type=kento" for 13.115.148.138 at 2023-01-23 18:23:08 +0900
I, [2023-01-23T18:24:33.820352 #21981]  INFO -- : [0e9914c0-36fb-462f-a623-8d7e21e42c47] Started GET "/w.json?query=nobuwata&format_type=kento" for 35.79.223.193 at 2023-01-23 18:24:33 +0900
I, [2023-01-23T18:24:49.767537 #21983]  INFO -- : [da073f01-cea8-416a-8a10-27bd070eadbd] Started GET "/w.json?format_type=kento&query=satomi187" for 35.79.223.193 at 2023-01-23 18:24:49 +0900
I, [2023-01-23T18:25:10.133692 #21983]  INFO -- : [424df885-bc86-4b97-9888-34c46b034830] Started GET "/w.json?query=hogepon&format_type=kento" for 35.79.223.193 at 2023-01-23 18:25:10 +0900
I, [2023-01-23T18:26:03.846552 #21983]  INFO -- : [60246c37-0298-4194-b773-4a87b73ec916] Started GET "/w.json?query=nondakure_lawer&format_type=kento" for 35.79.223.193 at 2023-01-23 18:26:03 +0900
I, [2023-01-23T18:35:11.028025 #21983]  INFO -- : [0a85e7c7-7f92-4bba-aa1c-009c93ebb246] Started GET "/w.json?query=anjelier&format_type=kento" for 35.79.223.193 at 2023-01-23 18:35:11 +0900
I, [2023-01-23T18:42:26.875042 #21981]  INFO -- : [6e07fd6c-5361-4e6d-96b7-e49fa87e8473] Started GET "/w.json?query=JustTera&format_type=kento" for 35.79.223.193 at 2023-01-23 18:42:26 +0900
I, [2023-01-23T18:42:28.038494 #21983]  INFO -- : [a9f5f6f9-4ae7-425a-8e9d-2e380fd52f96] Started GET "/w.json?query=JustinTera&format_type=kento" for 43.207.4.16 at 2023-01-23 18:42:28 +0900
I, [2023-01-23T18:49:55.827234 #21981]  INFO -- : [0f0a9df3-0a5b-486b-8704-759293ec4045] Started GET "/w.json?query=kunito92&format_type=kento" for 35.79.223.193 at 2023-01-23 18:49:55 +0900
I, [2023-01-23T18:53:44.826590 #21981]  INFO -- : [cc83ba52-9f85-4482-9e0c-c6218fc61dfd] Started GET "/w.json?format_type=kento&query=o_jill" for 35.72.184.2 at 2023-01-23 18:53:44 +0900
I, [2023-01-23T18:54:07.300250 #21981]  INFO -- : [d647a2dc-7d7c-40b7-928a-3d752f42eb08] Started GET "/w.json?format_type=kento&query=light33" for 35.72.184.2 at 2023-01-23 18:54:07 +0900
I, [2023-01-23T18:57:58.935325 #21981]  INFO -- : [a7aae8c8-4b53-4f73-8684-4e8186536090] Started GET "/w.json?query=osayokkon0521&format_type=kento" for 35.79.223.193 at 2023-01-23 18:57:58 +0900
I, [2023-01-23T18:58:58.724971 #21981]  INFO -- : [7a042319-fb5a-4984-a59d-92b1ed38619a] Started GET "/w.json?format_type=kento&query=dragonian" for 35.79.223.193 at 2023-01-23 18:58:58 +0900
I, [2023-01-23T18:59:47.516496 #21983]  INFO -- : [84b386e1-6a43-4948-adce-b1253f37e631] Started GET "/w.json?format_type=kento&query=MAMUSIDOUSAN" for 35.72.184.2 at 2023-01-23 18:59:47 +0900
I, [2023-01-23T19:03:15.520137 #21981]  INFO -- : [b88bc153-a64b-4d9c-b7a0-c12d7da3ad00] Started GET "/w.json?query=JustTera&format_type=kento" for 35.72.184.2 at 2023-01-23 19:03:15 +0900
I, [2023-01-23T19:03:16.833435 #21983]  INFO -- : [1b5dc4c2-4be3-470c-b863-972125374d87] Started GET "/w.json?query=JustinTera&format_type=kento" for 3.112.87.187 at 2023-01-23 19:03:16 +0900
I, [2023-01-23T19:04:16.063890 #21981]  INFO -- : [3ecbecf3-47c1-497d-b632-7aea47e31048] Started GET "/w.json?query=pien2020&format_type=kento" for 3.112.87.187 at 2023-01-23 19:04:16 +0900
I, [2023-01-23T19:06:10.180965 #21981]  INFO -- : [e6210c09-9e67-45bf-8519-c471f3ae7852] Started GET "/w.json?query=fujintv&format_type=kento" for 3.112.87.187 at 2023-01-23 19:06:10 +0900
I, [2023-01-23T19:10:58.500210 #21983]  INFO -- : [ab8fa12d-a9d1-42d3-ab91-eb6bf010025e] Started GET "/w.json?query=MEGUT&format_type=kento" for 3.112.87.187 at 2023-01-23 19:10:58 +0900
I, [2023-01-23T19:17:20.735172 #21981]  INFO -- : [ea9b8e03-0bc4-4385-a601-dd13e375ea4c] Started GET "/w.json?query=wkane&format_type=kento" for 3.112.87.187 at 2023-01-23 19:17:20 +0900
I, [2023-01-23T19:18:07.692579 #21983]  INFO -- : [6665379d-3ebe-4f8a-b165-249650c904ca] Started GET "/w.json?query=MEGUT&format_type=kento" for 35.72.184.2 at 2023-01-23 19:18:07 +0900
I, [2023-01-23T19:23:35.380248 #21981]  INFO -- : [f84a5393-067d-4621-a012-064fc410d21b] Started GET "/w.json?query=wkane&format_type=kento" for 3.112.87.187 at 2023-01-23 19:23:35 +0900
I, [2023-01-23T19:28:09.450565 #21981]  INFO -- : [17ff4c80-3dd2-4f27-ac48-c72618773d6b] Started GET "/w.json?format_type=kento&query=hirofumiyasu" for 35.72.184.2 at 2023-01-23 19:28:09 +0900
I, [2023-01-23T19:32:00.627049 #21983]  INFO -- : [82f43dd2-dfe2-449c-a54e-d4e1d58c7a00] Started GET "/w.json?query=MEGUT&format_type=kento" for 35.72.184.2 at 2023-01-23 19:32:00 +0900
I, [2023-01-23T19:34:13.270996 #21983]  INFO -- : [78a0be09-6385-4e8a-af10-2ab031a2dbb3] Started GET "/w.json?query=boglehead&format_type=kento" for 35.72.184.2 at 2023-01-23 19:34:13 +0900
I, [2023-01-23T19:39:38.846412 #21983]  INFO -- : [0ac474b6-498f-4ba9-8eb9-dd26d3d824dc] Started GET "/w.json?format_type=kento&query=makirinpanax" for 3.112.87.187 at 2023-01-23 19:39:38 +0900
I, [2023-01-23T19:45:30.461586 #21981]  INFO -- : [5c9f5c7f-7373-4931-9e04-d0ffbeea9801] Started GET "/w.json?query=ignisfatuus&format_type=kento" for 3.112.87.187 at 2023-01-23 19:45:30 +0900
I, [2023-01-23T19:51:49.607338 #21981]  INFO -- : [ce366722-e7f4-4e77-aff0-86a686bfdf4b] Started GET "/w.json?query=toki1946&format_type=kento" for 54.250.143.114 at 2023-01-23 19:51:49 +0900
I, [2023-01-23T19:53:33.542478 #21983]  INFO -- : [2f0b62cd-77a1-4027-9fde-d1fdd9346632] Started GET "/w.json?format_type=kento&query=makirinpanax" for 54.250.143.114 at 2023-01-23 19:53:33 +0900
I, [2023-01-23T19:55:40.497356 #21981]  INFO -- : [7db7792c-b430-4c82-8e9f-7913d6377fb2] Started GET "/w.json?query=MEGUT&format_type=kento" for 3.112.87.187 at 2023-01-23 19:55:40 +0900
I, [2023-01-23T19:56:06.561019 #21983]  INFO -- : [928d9902-b55c-4643-bc01-e57cf93a026a] Started GET "/w.json?query=negitorozuki&format_type=kento" for 3.112.87.187 at 2023-01-23 19:56:06 +0900
I, [2023-01-23T19:58:07.030787 #21981]  INFO -- : [13ab525d-c469-4329-9f26-fd2eec8a5bd0] Started GET "/w.json?query=Lesser_panda20&format_type=kento" for 35.77.10.117 at 2023-01-23 19:58:07 +0900
I, [2023-01-23T19:58:07.045753 #21981]  INFO -- : [fa909a31-231b-449b-9d93-ed28df0aa779] Started GET "/w.json?query=Tiffblue&format_type=kento" for 3.112.87.187 at 2023-01-23 19:58:07 +0900
I, [2023-01-23T19:58:07.073629 #21983]  INFO -- : [6816ae1c-26e2-4af7-80f6-032426628dcf] Started GET "/w.json?query=katsudon_kuitai&format_type=kento" for 54.250.143.114 at 2023-01-23 19:58:07 +0900
I, [2023-01-23T20:01:01.881622 #21981]  INFO -- : [c00d2237-a570-4e36-b525-93fd1954cfe5] Started GET "/w.json?query=MEGUT&format_type=kento" for 54.250.143.114 at 2023-01-23 20:01:01 +0900
I, [2023-01-23T20:01:59.867388 #21981]  INFO -- : [9f29efe0-e9e3-431e-b538-e1e52c54df9c] Started GET "/w.json?query=Tiffblue&format_type=kento" for 54.250.143.114 at 2023-01-23 20:01:59 +0900
I, [2023-01-23T20:01:59.868286 #21983]  INFO -- : [21b46233-a3f3-4567-a2df-f7cc6b492825] Started GET "/w.json?query=katsudon_kuitai&format_type=kento" for 35.77.10.117 at 2023-01-23 20:01:59 +0900
I, [2023-01-23T20:01:59.902300 #21981]  INFO -- : [cc45fd1c-7e71-4bb8-b7ed-835a03ed3ecf] Started GET "/w.json?query=Lesser_panda20&format_type=kento" for 3.112.87.187 at 2023-01-23 20:01:59 +0900
I, [2023-01-23T20:05:43.273819 #21981]  INFO -- : [51d75763-20ca-42de-994e-5c0b154b2e51] Started GET "/w.json?query=kents_93&format_type=kento" for 35.77.10.117 at 2023-01-23 20:05:43 +0900
I, [2023-01-23T20:05:43.291992 #21983]  INFO -- : [f5fe2a4c-3d04-4bdd-b7db-701c8499a6fa] Started GET "/w.json?query=Tsuchiken0000&format_type=kento" for 3.112.87.187 at 2023-01-23 20:05:43 +0900
I, [2023-01-23T20:05:43.317096 #21981]  INFO -- : [06d67778-329a-4913-951d-58847c15adcc] Started GET "/w.json?query=Tsuchiken00009&format_type=kento" for 54.250.143.114 at 2023-01-23 20:05:43 +0900
I, [2023-01-23T20:10:14.877375 #21981]  INFO -- : [59c7b525-f6a5-4988-bed1-4c24cb0b97b9] Started GET "/w.json?query=pipi2351&format_type=kento" for 54.250.143.114 at 2023-01-23 20:10:14 +0900
I, [2023-01-23T20:10:14.971514 #21981]  INFO -- : [d77d5f60-da43-470b-8001-9b9e521c5691] Started GET "/w.json?query=penkichimimi&format_type=kento" for 35.77.39.168 at 2023-01-23 20:10:14 +0900
I, [2023-01-23T20:10:14.989530 #21981]  INFO -- : [e781c673-2fa0-480a-a5d3-dfc2760f6319] Started GET "/w.json?query=pochipuchi&format_type=kento" for 52.69.107.6 at 2023-01-23 20:10:14 +0900
I, [2023-01-23T20:10:39.195925 #21983]  INFO -- : [ee310c3b-58fd-4200-9106-4493934230ff] Started GET "/w.json?query=nuts2&format_type=kento" for 54.250.143.114 at 2023-01-23 20:10:39 +0900
I, [2023-01-23T20:12:00.940562 #21981]  INFO -- : [7b820f88-2041-4bc2-aff5-c9e24a59bf2c] Started GET "/w.json?query=Yuuchan1560&format_type=kento" for 35.77.10.117 at 2023-01-23 20:12:00 +0900
I, [2023-01-23T20:12:53.349528 #21981]  INFO -- : [fc7a0423-3d35-4fb9-b952-51da23560aaf] Started GET "/w.json?format_type=kento&query=inferstar" for 35.77.10.117 at 2023-01-23 20:12:53 +0900
I, [2023-01-23T20:15:56.857848 #21981]  INFO -- : [30bb557f-4ba3-4859-bdbe-a7bd9ffd77fd] Started GET "/w.json?query=Anzanshi&format_type=kento" for 35.77.39.168 at 2023-01-23 20:15:56 +0900
I, [2023-01-23T20:18:42.533383 #21981]  INFO -- : [1033ea13-7306-4157-8330-a3e9c08239a3] Started GET "/w.json?query=MEGUT&format_type=kento" for 35.77.39.168 at 2023-01-23 20:18:42 +0900
I, [2023-01-23T20:22:25.478307 #21981]  INFO -- : [e7d85656-fb87-4cbc-96a3-4eb18201df69] Started GET "/w.json?format_type=kento&query=so1idus" for 35.77.10.117 at 2023-01-23 20:22:25 +0900
I, [2023-01-23T20:31:16.996211 #21981]  INFO -- : [596f17d8-1c66-4318-92ae-bcda96c20f88] Started GET "/w.json?format_type=kento&query=so1idus" for 35.77.10.117 at 2023-01-23 20:31:16 +0900
I, [2023-01-23T20:32:33.594548 #21983]  INFO -- : [3859a50c-d576-452a-b898-b6d612666083] Started GET "/w.json?query=tomotyan0116&format_type=kento" for 35.77.10.117 at 2023-01-23 20:32:33 +0900
I, [2023-01-23T20:33:48.511618 #21981]  INFO -- : [bf00323c-4c85-4e10-9b5d-f54692f955c0] Started GET "/w.json?query=UtadaHikaru&format_type=kento" for 35.77.10.117 at 2023-01-23 20:33:48 +0900
I, [2023-01-23T20:33:48.560449 #21981]  INFO -- : [3da5bc92-98ad-4878-b08e-deee1b090cc9] Started GET "/w.json?query=SASUKEKO&format_type=kento" for 35.77.39.168 at 2023-01-23 20:33:48 +0900
I, [2023-01-23T20:39:11.402032 #21983]  INFO -- : [47477da0-afa1-4508-a2c0-5606012aec53] Started GET "/w.json?query=bakusansan&format_type=kento" for 35.77.10.117 at 2023-01-23 20:39:11 +0900
I, [2023-01-23T20:39:26.794504 #21983]  INFO -- : [8455acc7-4d65-4c84-8630-271b97c1c286] Started GET "/w.json?format_type=kento&query=makirinpanax" for 35.77.39.168 at 2023-01-23 20:39:26 +0900
I, [2023-01-23T20:39:37.559314 #21981]  INFO -- : [3f624658-06ba-477a-922d-94e743202032] Started GET "/w.json?query=Anzanshi&format_type=kento" for 35.77.39.168 at 2023-01-23 20:39:37 +0900
I, [2023-01-23T20:39:45.868668 #21981]  INFO -- : [1eb2d103-1ba8-45c0-b8d5-9845c93fd5dc] Started GET "/w.json?query=MEGUT&format_type=kento" for 35.77.39.168 at 2023-01-23 20:39:45 +0900
I, [2023-01-23T20:54:32.116888 #21981]  INFO -- : [a1233f0c-4e18-44a0-a0c6-398d96192caf] Started GET "/w.json?query=negitorozuki&format_type=kento" for 52.68.91.118 at 2023-01-23 20:54:32 +0900
I, [2023-01-23T20:55:39.139452 #21983]  INFO -- : [2faa048f-6402-4a25-82b4-59c231ffdc89] Started GET "/w.json?query=BOUYATETSU5&format_type=kento" for 52.68.91.118 at 2023-01-23 20:55:39 +0900
I, [2023-01-23T20:55:39.159582 #21981]  INFO -- : [a9e30af6-b816-4a55-8c19-641ee8e7db24] Started GET "/w.json?query=7monochrome&format_type=kento" for 35.77.39.168 at 2023-01-23 20:55:39 +0900
I, [2023-01-23T20:55:40.103876 #21981]  INFO -- : [7f1aac1e-495a-4b20-ab60-153c8bec7e87] Started GET "/w.json?query=123abu&format_type=kento" for 52.195.14.129 at 2023-01-23 20:55:40 +0900
I, [2023-01-23T20:55:40.182561 #21983]  INFO -- : [acfe5b2a-ba77-4576-8500-b7c61e56f370] Started GET "/w.json?query=peocil_crayon&format_type=kento" for 13.114.204.59 at 2023-01-23 20:55:40 +0900
I, [2023-01-23T20:55:40.192709 #21983]  INFO -- : [6e8dea24-947f-4e05-a101-e837cc5ec4a3] Started GET "/w.json?query=33abyss&format_type=kento" for 35.77.213.173 at 2023-01-23 20:55:40 +0900
I, [2023-01-23T20:57:29.848605 #21981]  INFO -- : [13ab5ac8-9b7b-432e-8ef5-c87200a3d8e7] Started GET "/w.json?format_type=kento&query=makirinpanax" for 13.114.204.59 at 2023-01-23 20:57:29 +0900
I, [2023-01-23T20:57:38.309881 #21981]  INFO -- : [b54b6eda-b219-40f4-8a89-0569266efae8] Started GET "/w.json?query=casanova&format_type=kento" for 52.195.14.129 at 2023-01-23 20:57:38 +0900
I, [2023-01-23T21:08:14.975059 #21981]  INFO -- : [5950527c-d0e3-4acb-bcf6-3539a544347b] Started GET "/w.json?query=ignisfatuus&format_type=kento" for 35.77.213.173 at 2023-01-23 21:08:14 +0900
I, [2023-01-23T21:13:40.382681 #21983]  INFO -- : [0d755929-5dcb-45f4-9eee-d34cfc9c2b38] Started GET "/w.json?query=giosblue&format_type=kento" for 35.78.190.146 at 2023-01-23 21:13:40 +0900
I, [2023-01-23T21:13:40.450409 #21983]  INFO -- : [16304f6e-6c33-47aa-8b23-2dce66b8cf55] Started GET "/w.json?query=sub250runner&format_type=kento" for 3.113.17.192 at 2023-01-23 21:13:40 +0900
I, [2023-01-23T21:14:07.691997 #21983]  INFO -- : [4b00673f-7d87-4d97-9d09-d320277309bd] Started GET "/w.json?query=michofu&format_type=kento" for 3.113.17.192 at 2023-01-23 21:14:07 +0900
I, [2023-01-23T21:19:02.255323 #21981]  INFO -- : [53c4dcc4-12c7-4d38-907a-0b19bdfad962] Started GET "/w.json?query=Anzanshi&format_type=kento" for 35.77.213.173 at 2023-01-23 21:19:02 +0900
I, [2023-01-23T21:23:35.995284 #21981]  INFO -- : [4030a6e2-f438-4b7f-b127-63463b709c91] Started GET "/w.json?format_type=kento&query=tatsukiabe" for 35.78.190.146 at 2023-01-23 21:23:35 +0900
I, [2023-01-23T21:23:55.847483 #21983]  INFO -- : [13c986aa-b97f-49d7-878c-c12653732543] Started GET "/w.json?format_type=kento&query=makirinpanax" for 35.77.213.173 at 2023-01-23 21:23:55 +0900
I, [2023-01-23T21:28:04.733155 #21983]  INFO -- : [bd4e80d0-1416-4484-959b-3a10de66c837] Started GET "/w.json?format_type=kento&query=TOMIELZ" for 35.78.190.146 at 2023-01-23 21:28:04 +0900
I, [2023-01-23T21:28:05.760005 #21981]  INFO -- : [679de15f-fc24-437e-ab81-29faed4da763] Started GET "/w.json?format_type=kento&query=tomiel_o" for 35.75.14.249 at 2023-01-23 21:28:05 +0900
I, [2023-01-23T21:28:05.838250 #21983]  INFO -- : [1a4e4a17-04cb-4d0b-98a1-3f811b8db289] Started GET "/w.json?query=tomiel&format_type=kento" for 35.77.7.61 at 2023-01-23 21:28:05 +0900
I, [2023-01-23T21:29:50.392528 #21983]  INFO -- : [2058768d-b4e3-4308-9dca-a713c94adb91] Started GET "/w.json?format_type=kento&query=raffit" for 35.77.7.61 at 2023-01-23 21:29:50 +0900
I, [2023-01-23T21:32:24.608213 #21983]  INFO -- : [b766123d-9dfa-4b40-a2d0-e74e5f681b90] Started GET "/w.json?query=arahagi_&format_type=kento" for 35.75.14.249 at 2023-01-23 21:32:24 +0900
I, [2023-01-23T21:33:53.229497 #21983]  INFO -- : [9a0c84dd-ff09-4ac0-b5bb-082d06a287d0] Started GET "/w.json?query=gausssss4&format_type=kento" for 35.75.14.249 at 2023-01-23 21:33:53 +0900
I, [2023-01-23T21:39:36.025899 #21981]  INFO -- : [a2547096-54b9-41ec-8c07-4f92250f45f2] Started GET "/w.json?query=Anzanshi&format_type=kento" for 35.75.14.249 at 2023-01-23 21:39:36 +0900
I, [2023-01-23T21:44:38.323233 #21981]  INFO -- : [50a035d6-583f-4652-a2c1-ead8720bf12b] Started GET "/w.json?query=CNamo&format_type=kento" for 13.230.136.115 at 2023-01-23 21:44:38 +0900
I, [2023-01-23T21:44:39.279311 #21983]  INFO -- : [d9f79a79-5182-419e-8611-ce83257801c4] Started GET "/w.json?format_type=kento&query=BakuchiDancer" for 3.112.206.161 at 2023-01-23 21:44:39 +0900
I, [2023-01-23T21:44:39.293083 #21983]  INFO -- : [9bee223a-418d-4a40-a0ad-b0380d64e020] Started GET "/w.json?format_type=kento&query=chryso_la" for 18.180.215.31 at 2023-01-23 21:44:39 +0900
I, [2023-01-23T21:46:38.759220 #21983]  INFO -- : [800aa265-c572-4c21-9aa2-3793b19c2090] Started GET "/w.json?query=masachan96&format_type=kento" for 18.180.215.31 at 2023-01-23 21:46:38 +0900
I, [2023-01-23T21:48:00.892187 #21983]  INFO -- : [2560874e-caaf-409f-829b-47e89f8a1898] Started GET "/w.json?query=nuts2&format_type=kento" for 18.180.215.31 at 2023-01-23 21:48:00 +0900
I, [2023-01-23T21:48:47.790343 #21983]  INFO -- : [003dc161-4abc-4317-83f1-2f24c66b6ebf] Started GET "/w.json?query=tomiel&format_type=kento" for 13.230.136.115 at 2023-01-23 21:48:47 +0900
I, [2023-01-23T21:48:47.793224 #21981]  INFO -- : [6a7630cb-e218-48d8-8913-1196012f1744] Started GET "/w.json?format_type=kento&query=TOMIELZ" for 3.114.16.20 at 2023-01-23 21:48:47 +0900
I, [2023-01-23T21:48:47.812588 #21981]  INFO -- : [47ae2232-b4de-4573-8393-457318eaa499] Started GET "/w.json?format_type=kento&query=tomiel_o" for 3.112.206.161 at 2023-01-23 21:48:47 +0900
I, [2023-01-23T21:51:38.675797 #21981]  INFO -- : [2fc24205-69dd-4f4c-a7b5-a2d3674c3b82] Started GET "/w.json?query=fukurouzzz&format_type=kento" for 3.114.16.20 at 2023-01-23 21:51:38 +0900
I, [2023-01-23T21:52:36.326461 #21983]  INFO -- : [68e2c8b8-3c3e-4488-a348-617c569846bd] Started GET "/w.json?query=dndn0&format_type=kento" for 13.230.136.115 at 2023-01-23 21:52:36 +0900
I, [2023-01-23T21:54:59.998272 #21983]  INFO -- : [5055adef-7237-4290-9cd4-0c1f4ec5a41a] Started GET "/w.json?query=ako373&format_type=kento" for 3.114.16.20 at 2023-01-23 21:54:59 +0900
I, [2023-01-23T21:56:20.873744 #21983]  INFO -- : [47e264ae-5e63-4f71-b2ef-57db1c62faa1] Started GET "/w.json?query=MurachanLions&format_type=kento" for 3.114.16.20 at 2023-01-23 21:56:20 +0900
I, [2023-01-23T21:56:20.908811 #21983]  INFO -- : [9a016b4a-15cc-480d-9c67-96b91b2238b4] Started GET "/w.json?query=TOBE_CHAN&format_type=kento" for 18.180.215.31 at 2023-01-23 21:56:20 +0900
I, [2023-01-23T21:56:20.946822 #21983]  INFO -- : [3f8c3c15-e671-468e-bd95-827a1b9730f0] Started GET "/w.json?query=BOUYATETSU5&format_type=kento" for 3.112.110.141 at 2023-01-23 21:56:20 +0900
I, [2023-01-23T21:56:21.924665 #21981]  INFO -- : [9446f113-ce82-49c9-81c4-1101464ac041] Started GET "/w.json?query=hakuyoutu&format_type=kento" for 3.112.241.212 at 2023-01-23 21:56:21 +0900
I, [2023-01-23T21:56:55.204975 #21983]  INFO -- : [2f4c320e-fd70-4414-9aaf-8bddee385d92] Started GET "/w.json?query=Anzanshi&format_type=kento" for 3.112.110.141 at 2023-01-23 21:56:55 +0900
I, [2023-01-23T21:58:51.682031 #21983]  INFO -- : [abddfedd-e78b-4659-becc-0124eaeac69b] Started GET "/w.json?format_type=kento&query=tetsumusic" for 3.112.110.141 at 2023-01-23 21:58:51 +0900
I, [2023-01-23T21:59:50.184748 #21981]  INFO -- : [b6b9bd4c-b421-469f-a133-6b9ec7692383] Started GET "/w.json?format_type=kento&query=Chanchan4" for 3.112.241.212 at 2023-01-23 21:59:50 +0900
I, [2023-01-23T21:59:50.188845 #21981]  INFO -- : [2331ab52-d65b-462d-a866-6a151a9a2a2c] Started GET "/w.json?format_type=kento&query=Mero5" for 3.112.110.141 at 2023-01-23 21:59:50 +0900
I, [2023-01-23T22:01:37.048245 #21983]  INFO -- : [b0eb0ee9-e00d-40bf-9728-065862292deb] Started GET "/w.json?query=machayuhki&format_type=kento" for 3.112.241.212 at 2023-01-23 22:01:37 +0900
I, [2023-01-23T22:04:08.269555 #21981]  INFO -- : [3182ebe7-223e-46f5-a030-2bebf084395d] Started GET "/w.json?query=Anzanshi&format_type=kento" for 3.112.241.212 at 2023-01-23 22:04:08 +0900
I, [2023-01-23T22:05:09.904673 #21983]  INFO -- : [9e7484cb-d6d9-4308-b547-88e1ff5aee63] Started GET "/w.json?format_type=kento&query=tetsumusic" for 3.112.241.212 at 2023-01-23 22:05:09 +0900
I, [2023-01-23T22:10:57.981237 #21981]  INFO -- : [3393d049-771c-42f5-96e4-1dfc82155ea6] Started GET "/w.json?query=musasabi2&format_type=kento" for 3.112.110.141 at 2023-01-23 22:10:57 +0900
I, [2023-01-23T22:10:59.540912 #21983]  INFO -- : [41239b9f-a80a-4853-a9c8-9f84269c3480] Started GET "/w.json?query=musasabi2&format_type=kento" for 52.198.241.235 at 2023-01-23 22:10:59 +0900
I, [2023-01-23T22:11:14.769742 #21981]  INFO -- : [6c65d59f-9a7c-421b-b6d1-25002b226f05] Started GET "/w.json?format_type=kento&query=uniyuni5" for 3.112.113.22 at 2023-01-23 22:11:14 +0900
I, [2023-01-23T22:11:24.881783 #21983]  INFO -- : [5cc4dbbd-f44a-4433-9b89-2c96aeda0423] Started GET "/w.json?query=masamasa1343792&format_type=kento" for 52.198.241.235 at 2023-01-23 22:11:24 +0900
I, [2023-01-23T22:11:29.843947 #21981]  INFO -- : [1b3aee28-b15a-4158-a20b-3bb392c93eb4] Started GET "/w.json?query=unyo555&format_type=kento" for 52.198.241.235 at 2023-01-23 22:11:29 +0900
I, [2023-01-23T22:11:30.876169 #21981]  INFO -- : [9ce8bdc4-1433-411d-bfa4-ac8cf1e2e001] Started GET "/w.json?query=nuts2&format_type=kento" for 3.112.113.22 at 2023-01-23 22:11:30 +0900
I, [2023-01-23T22:11:31.034686 #21981]  INFO -- : [19baeb94-85da-4072-86a0-0289defcc444] Started GET "/w.json?format_type=kento&query=KAME1978" for 3.112.241.212 at 2023-01-23 22:11:31 +0900
I, [2023-01-23T22:13:05.493399 #21983]  INFO -- : [4cfab30d-6b3a-46ea-be45-f3ed4a53c8cb] Started GET "/w.json?format_type=kento&query=yookihi" for 52.198.241.235 at 2023-01-23 22:13:05 +0900
I, [2023-01-23T22:14:40.416501 #21983]  INFO -- : [9bae3cfa-54a2-4e04-98a9-735b6fe5f1d6] Started GET "/w.json?query=arahagi_&format_type=kento" for 52.198.241.235 at 2023-01-23 22:14:40 +0900
I, [2023-01-23T22:17:26.420894 #21983]  INFO -- : [94c9e46a-2c5c-45be-8902-d50a5312bae4] Started GET "/w.json?format_type=kento&query=GarlicToast2029" for 3.112.113.22 at 2023-01-23 22:17:26 +0900
I, [2023-01-23T22:23:50.597160 #21983]  INFO -- : [eb228f20-a80b-4aca-ac78-193be2605480] Started GET "/w.json?format_type=kento&query=sphenoid" for 3.112.113.22 at 2023-01-23 22:23:50 +0900
I, [2023-01-23T22:24:51.032723 #21981]  INFO -- : [bb949852-128b-4cf0-8c8d-26034986aab0] Started GET "/w.json?format_type=kento&query=verdura" for 3.112.113.22 at 2023-01-23 22:24:51 +0900
I, [2023-01-23T22:30:12.129993 #21983]  INFO -- : [d291fd82-eb90-4556-9f59-846bd9c2317e] Started GET "/w.json?query=funa123&format_type=kento" for 3.112.113.22 at 2023-01-23 22:30:12 +0900
I, [2023-01-23T22:31:51.844671 #21981]  INFO -- : [a15a39ba-1e40-4c21-b599-8f91f39a79dd] Started GET "/w.json?query=ako373&format_type=kento" for 3.112.113.22 at 2023-01-23 22:31:51 +0900
I, [2023-01-23T22:32:30.578196 #21983]  INFO -- : [423ebf81-6426-4662-be88-e0dad1b8dfc3] Started GET "/w.json?format_type=kento&query=Aphrody2" for 3.112.113.22 at 2023-01-23 22:32:30 +0900
I, [2023-01-23T22:32:31.486696 #21981]  INFO -- : [053ab427-14e3-4e4f-ad33-5ebcb7124c66] Started GET "/w.json?format_type=kento&query=chunchun18" for 13.113.73.228 at 2023-01-23 22:32:31 +0900
I, [2023-01-23T22:32:34.414383 #21981]  INFO -- : [777b24a0-f876-4450-a599-fbcf8d424e13] Started GET "/w.json?query=funa123&format_type=kento" for 13.113.73.228 at 2023-01-23 22:32:34 +0900
I, [2023-01-23T22:33:18.860275 #21983]  INFO -- : [c4d003ca-5f7e-46fe-9886-cc06def9ef16] Started GET "/w.json?query=GReeeeeNZ&format_type=kento" for 3.112.113.22 at 2023-01-23 22:33:18 +0900
I, [2023-01-23T22:35:06.667410 #21981]  INFO -- : [d6adfbc6-d57e-4a7a-91af-083a2e07278f] Started GET "/w.json?format_type=kento&query=BakuchiDancer" for 3.112.113.22 at 2023-01-23 22:35:06 +0900
I, [2023-01-23T22:35:06.702402 #21981]  INFO -- : [756b8377-193a-40a4-9081-cc860da3c8fe] Started GET "/w.json?format_type=kento&query=chryso_la" for 35.75.21.30 at 2023-01-23 22:35:06 +0900
I, [2023-01-23T22:35:07.760694 #21981]  INFO -- : [2f6536ea-c0b2-4c42-8f83-c213213bc776] Started GET "/w.json?query=CNamo&format_type=kento" for 54.64.135.167 at 2023-01-23 22:35:07 +0900
I, [2023-01-23T22:35:31.558931 #21981]  INFO -- : [5e1f4cd0-ad49-4f58-9123-82f650d57bd8] Started GET "/w.json?format_type=kento&query=yamayu_atm" for 54.64.135.167 at 2023-01-23 22:35:31 +0900
I, [2023-01-23T22:37:10.729963 #21981]  INFO -- : [b6014376-7945-40c0-8715-bbdd16d08110] Started GET "/w.json?format_type=kento&query=yamayu_atm" for 54.64.135.167 at 2023-01-23 22:37:10 +0900
I, [2023-01-23T22:37:21.639111 #21981]  INFO -- : [320cd2ac-56f2-4aee-81e9-936025b847ff] Started GET "/w.json?format_type=kento&query=tdloos" for 35.75.21.30 at 2023-01-23 22:37:21 +0900
I, [2023-01-23T22:37:21.670083 #21983]  INFO -- : [ea3e48dc-af29-422c-88a7-4417796a20bc] Started GET "/w.json?format_type=kento&query=qrol" for 13.113.73.228 at 2023-01-23 22:37:21 +0900
I, [2023-01-23T22:38:33.086934 #21983]  INFO -- : [f8626aed-7592-48cf-a599-6f30eda0056f] Started GET "/w.json?format_type=kento&query=makirinpanax" for 54.64.135.167 at 2023-01-23 22:38:33 +0900
I, [2023-01-23T22:39:47.962391 #21981]  INFO -- : [66ef642f-6a26-4059-890a-134870eea744] Started GET "/w.json?format_type=kento&query=BlueChatterer" for 35.75.21.30 at 2023-01-23 22:39:47 +0900
I, [2023-01-23T22:43:40.593708 #21983]  INFO -- : [2e5fbd2d-6306-440a-b6cf-3f08c7fafb90] Started GET "/w.json?format_type=kento&query=chunchun18" for 13.113.73.228 at 2023-01-23 22:43:40 +0900
I, [2023-01-23T22:43:49.558884 #21981]  INFO -- : [825f9fcf-490e-436f-91fe-69959793e6f3] Started GET "/w.json?query=unyo555&format_type=kento" for 13.113.73.228 at 2023-01-23 22:43:49 +0900
I, [2023-01-23T22:44:54.919217 #21981]  INFO -- : [cd73c2c6-d06a-4bae-9493-227835fdc6cb] Started GET "/w.json?query=sugarphantom&format_type=kento" for 54.64.135.167 at 2023-01-23 22:44:54 +0900
I, [2023-01-23T22:46:20.067144 #21983]  INFO -- : [fe9b66d1-29a1-47d6-a0d5-27989704de58] Started GET "/w.json?query=nuts2&format_type=kento" for 54.64.135.167 at 2023-01-23 22:46:20 +0900
I, [2023-01-23T22:46:30.585111 #21983]  INFO -- : [b0eb010d-a477-4321-b2f2-b2b8300f4544] Started GET "/w.json?query=Maitankurou4&format_type=kento" for 54.64.135.167 at 2023-01-23 22:46:30 +0900
I, [2023-01-23T22:46:30.592287 #21983]  INFO -- : [eb0e609a-1df3-44d9-904d-5581cbde0e08] Started GET "/w.json?query=Yu_masa10&format_type=kento" for 13.113.73.228 at 2023-01-23 22:46:30 +0900
I, [2023-01-23T22:47:20.106653 #21981]  INFO -- : [86ffe33e-aaba-4a25-b2cd-128ad3bbef20] Started GET "/w.json?format_type=kento&query=BakuchiDancer" for 13.113.73.228 at 2023-01-23 22:47:20 +0900
I, [2023-01-23T22:47:20.149638 #21981]  INFO -- : [1c7dc072-29da-4ba6-95df-b00a0a8862de] Started GET "/w.json?format_type=kento&query=chryso_la" for 35.75.21.30 at 2023-01-23 22:47:20 +0900
I, [2023-01-23T22:47:21.165735 #21983]  INFO -- : [937c946e-76de-464f-8308-acf09610ba60] Started GET "/w.json?query=CNamo&format_type=kento" for 35.78.172.13 at 2023-01-23 22:47:21 +0900
I, [2023-01-23T22:50:26.470317 #21981]  INFO -- : [e6949f99-4c50-4a2c-81af-149832849684] Started GET "/w.json?format_type=kento&query=Aphrody2" for 35.78.172.13 at 2023-01-23 22:50:26 +0900
I, [2023-01-23T22:51:31.963079 #21983]  INFO -- : [058c6a17-3e6c-4cd5-8bef-f6643ca946be] Started GET "/w.json?query=T123456789TZ&format_type=kento" for 35.78.172.13 at 2023-01-23 22:51:31 +0900
I, [2023-01-23T22:57:50.358290 #21983]  INFO -- : [dbba9c87-5fbd-4978-99ef-99ac5a0d34ad] Started GET "/w.json?format_type=kento&query=tetsumusic" for 35.78.172.13 at 2023-01-23 22:57:50 +0900
I, [2023-01-23T22:59:09.766228 #21981]  INFO -- : [94ba0e7e-2a79-429e-b40b-f37c5c678fc2] Started GET "/w.json?format_type=kento&query=Aphrody2" for 35.78.172.13 at 2023-01-23 22:59:09 +0900
I, [2023-01-23T23:01:05.657022 #21983]  INFO -- : [1ccbe60f-2548-452e-8a06-12c96156220f] Started GET "/w.json?format_type=kento&query=chunchun18" for 13.231.106.242 at 2023-01-23 23:01:05 +0900
I, [2023-01-23T23:01:56.353910 #21981]  INFO -- : [c55b3feb-6e3a-426d-ab97-e961ff661465] Started GET "/w.json?format_type=kento&query=tomiel_o" for 35.78.172.13 at 2023-01-23 23:01:56 +0900
I, [2023-01-23T23:01:56.428409 #21981]  INFO -- : [8192ab8c-50cc-4066-9079-84a1de4eac8b] Started GET "/w.json?query=tomiel&format_type=kento" for 13.231.254.154 at 2023-01-23 23:01:56 +0900
I, [2023-01-23T23:01:57.602713 #21981]  INFO -- : [5b87612e-3b81-4835-8d07-c77b62f6360a] Started GET "/w.json?format_type=kento&query=TOMIELZ" for 52.196.68.212 at 2023-01-23 23:01:57 +0900
I, [2023-01-23T23:07:52.307775 #21983]  INFO -- : [25ab2d87-9b43-46b4-8918-29e8ba375145] Started GET "/w.json?format_type=kento&query=Aphrody2" for 13.231.254.154 at 2023-01-23 23:07:52 +0900
I, [2023-01-23T23:09:49.807902 #21983]  INFO -- : [848ed898-04cd-47c1-9258-0c2ef32472ef] Started GET "/w.json?format_type=kento&query=light33" for 35.78.172.13 at 2023-01-23 23:09:49 +0900
I, [2023-01-23T23:13:56.096167 #21983]  INFO -- : [858e0d1e-c954-45c5-a54e-ec3f3d34be57] Started GET "/w.json?query=A_tachibana&format_type=kento" for 35.78.172.13 at 2023-01-23 23:13:56 +0900
I, [2023-01-23T23:18:40.807480 #21983]  INFO -- : [7f871df2-10fa-4155-a4be-c60c8bb972b3] Started GET "/w.json?format_type=kento&query=chunchun18" for 35.78.172.13 at 2023-01-23 23:18:40 +0900
I, [2023-01-23T23:19:24.761913 #21983]  INFO -- : [4f44b428-5d3f-4c4f-aca2-c9707024cd98] Started GET "/w.json?query=kara_n&format_type=kento" for 13.231.254.154 at 2023-01-23 23:19:24 +0900
I, [2023-01-23T23:19:43.765269 #21983]  INFO -- : [0171ccac-41f0-488f-9a03-d1a73f50c11f] Started GET "/w.json?query=tomiel&format_type=kento" for 13.231.254.154 at 2023-01-23 23:19:43 +0900
I, [2023-01-23T23:19:43.774236 #21983]  INFO -- : [ec398c00-e471-42ba-ada6-5e7847d759a6] Started GET "/w.json?format_type=kento&query=tomiel_o" for 35.78.172.13 at 2023-01-23 23:19:43 +0900
I, [2023-01-23T23:19:44.827417 #21981]  INFO -- : [8db0cc62-24c2-45b8-9b29-c4475970e072] Started GET "/w.json?format_type=kento&query=TOMIELZ" for 43.206.228.149 at 2023-01-23 23:19:44 +0900
I, [2023-01-23T23:21:33.139047 #21981]  INFO -- : [727ca1d2-a461-486d-bafc-3265c9599b0b] Started GET "/w.json?format_type=kento&query=Aphrody2" for 54.65.110.118 at 2023-01-23 23:21:33 +0900
I, [2023-01-23T23:27:53.117555 #21983]  INFO -- : [83f9d710-7106-4852-abc5-66f5295c19b9] Started GET "/w.json?format_type=kento&query=AKATUKI2020" for 13.231.158.104 at 2023-01-23 23:27:53 +0900
I, [2023-01-23T23:32:05.680421 #21981]  INFO -- : [def81008-bad5-4415-b92e-7590c6af1167] Started GET "/w.json?format_type=kento&query=uvwXYzg" for 13.231.254.154 at 2023-01-23 23:32:05 +0900
I, [2023-01-23T23:32:48.292018 #21981]  INFO -- : [268220a1-3fe0-40ef-8142-ec245c2149ce] Started GET "/w.json?format_type=kento&query=Aphrody2" for 13.231.254.154 at 2023-01-23 23:32:48 +0900
I, [2023-01-23T23:34:57.752467 #21981]  INFO -- : [76058101-83d6-4d49-a4e0-e1d32f5b77e4] Started GET "/w.json?format_type=kento&query=inferstar" for 13.231.158.104 at 2023-01-23 23:34:57 +0900
I, [2023-01-23T23:38:03.833416 #21981]  INFO -- : [9b649bc2-9e06-4fa2-88c0-abe8e8d87736] Started GET "/w.json?query=midori92&format_type=kento" for 13.231.158.104 at 2023-01-23 23:38:03 +0900
I, [2023-01-23T23:40:35.404757 #21981]  INFO -- : [6738ff4d-c82a-40b0-b5e7-cf1cc857d9e6] Started GET "/w.json?format_type=kento&query=makirinpanax" for 13.114.104.137 at 2023-01-23 23:40:35 +0900
I, [2023-01-23T23:44:23.658029 #21983]  INFO -- : [9c07f87e-2345-40c6-9fbe-aeed697cfd80] Started GET "/w.json?format_type=kento&query=Aphrody2" for 13.114.104.137 at 2023-01-23 23:44:23 +0900
I, [2023-01-23T23:44:30.694001 #21983]  INFO -- : [5c27536b-8a80-4ab6-8dea-09523fa8f47b] Started GET "/w.json?format_type=kento&query=light33" for 13.114.104.137 at 2023-01-23 23:44:30 +0900
I, [2023-01-23T23:49:14.740849 #21981]  INFO -- : [d3576446-f7ca-4412-8ed6-39ec4aef485f] Started GET "/w.json?query=Yu_masa10&format_type=kento" for 13.114.104.137 at 2023-01-23 23:49:14 +0900
I, [2023-01-23T23:49:14.747757 #21981]  INFO -- : [11d75346-c7c2-4089-9a25-cbd03a0b4741] Started GET "/w.json?query=Maitankurou4&format_type=kento" for 52.198.85.205 at 2023-01-23 23:49:14 +0900
I, [2023-01-23T23:52:59.550196 #21981]  INFO -- : [785f7d3a-4c5d-42bf-bdfc-430895b0aa81] Started GET "/w.json?format_type=kento&query=Aphrody2" for 13.114.104.137 at 2023-01-23 23:52:59 +0900
I, [2023-01-23T23:56:34.498087 #21981]  INFO -- : [514fc018-144d-405b-a320-48ca95952064] Started GET "/w.json?format_type=kento&query=uvwXYzg" for 52.198.85.205 at 2023-01-23 23:56:34 +0900
I, [2023-01-24T00:01:40.136919 #21983]  INFO -- : [fc2133be-e956-41d4-87ee-70a28d0d27a4] Started GET "/w.json?format_type=kento&query=chryso_la" for 13.114.104.137 at 2023-01-24 00:01:40 +0900
I, [2023-01-24T00:01:41.124086 #21981]  INFO -- : [ac110aab-a899-44a5-b88f-5e6daad5ae7c] Started GET "/w.json?query=CNamo&format_type=kento" for 18.183.61.152 at 2023-01-24 00:01:41 +0900
I, [2023-01-24T00:01:41.194630 #21981]  INFO -- : [70c0d979-eb4d-4508-9ebe-62b5d4f94352] Started GET "/w.json?format_type=kento&query=BakuchiDancer" for 43.207.88.175 at 2023-01-24 00:01:41 +0900
I, [2023-01-24T00:03:05.969301 #21983]  INFO -- : [28ff2dfc-17c0-4e2f-9f9a-cf902a61a0fc] Started GET "/w.json?format_type=kento&query=Aphrody2" for 43.207.88.175 at 2023-01-24 00:03:05 +0900
I, [2023-01-24T00:06:59.017241 #21983]  INFO -- : [cb2a93c0-b12f-4202-b4fb-64e2630d5428] Started GET "/w.json?format_type=kento&query=light33" for 43.207.88.175 at 2023-01-24 00:06:59 +0900
I, [2023-01-24T00:07:19.222558 #21983]  INFO -- : [5c08cc61-8866-467e-a0e2-d0532834e5a8] Started GET "/w.json?format_type=kento&query=Aphrody2" for 18.183.61.152 at 2023-01-24 00:07:19 +0900
I, [2023-01-24T00:09:47.621226 #21983]  INFO -- : [59af3343-b543-42dc-966d-17db928d8c93] Started GET "/w.json?query=kunito92&format_type=kento" for 13.114.104.137 at 2023-01-24 00:09:47 +0900
I, [2023-01-24T00:10:49.561913 #21981]  INFO -- : [918841bc-9a10-4957-b684-ea7b2cbdde35] Started GET "/w.json?query=ssaaii&format_type=kento" for 43.207.88.175 at 2023-01-24 00:10:49 +0900
I, [2023-01-24T00:13:07.111583 #21981]  INFO -- : [73b1af7b-85f6-4f58-9eef-be0d0fe909a6] Started GET "/w.json?format_type=kento&query=Aphrody2" for 43.207.88.175 at 2023-01-24 00:13:07 +0900
I, [2023-01-24T00:13:33.149913 #21981]  INFO -- : [e349d956-2bbe-4a41-8f34-3ce2ce772fe8] Started GET "/w.json?format_type=kento&query=BakuchiDancer" for 43.207.88.175 at 2023-01-24 00:13:33 +0900
I, [2023-01-24T00:13:33.160069 #21981]  INFO -- : [d7fa168e-5a79-4000-b8e2-16b178242626] Started GET "/w.json?format_type=kento&query=chryso_la" for 13.114.104.137 at 2023-01-24 00:13:33 +0900
I, [2023-01-24T00:13:34.238298 #21981]  INFO -- : [fb8af747-0f96-4361-8228-943eb9c736e0] Started GET "/w.json?query=CNamo&format_type=kento" for 35.78.104.114 at 2023-01-24 00:13:34 +0900
I, [2023-01-24T00:14:05.214837 #21983]  INFO -- : [36d1add4-1808-443d-a25b-2bd3fe5ad19a] Started GET "/w.json?query=hajime2022&format_type=kento" for 35.78.104.114 at 2023-01-24 00:14:05 +0900
I, [2023-01-24T00:15:24.274224 #21981]  INFO -- : [c5a27881-0b4a-457b-a892-cbcf2e204dd4] Started GET "/w.json?query=unyo555&format_type=kento" for 43.207.53.179 at 2023-01-24 00:15:24 +0900
I, [2023-01-24T00:15:45.341792 #21983]  INFO -- : [7c169882-62d0-4b14-90cc-05ea258390ec] Started GET "/w.json?query=noraonorao&format_type=kento" for 43.207.53.179 at 2023-01-24 00:15:45 +0900
I, [2023-01-24T00:18:02.816328 #21981]  INFO -- : [8bf43347-b8b1-4621-97dc-b9aead526504] Started GET "/w.json?query=T123456789TZ&format_type=kento" for 43.207.53.179 at 2023-01-24 00:18:02 +0900
I, [2023-01-24T00:25:41.761427 #21981]  INFO -- : [dd57c226-b800-4676-a619-ee8372e920ea] Started GET "/w.json?format_type=kento&query=js_uk" for 18.183.74.216 at 2023-01-24 00:25:41 +0900
I, [2023-01-24T00:28:05.638013 #21983]  INFO -- : [6f7ee4f1-766f-4534-9ffe-42e2c46b885b] Started GET "/w.json?format_type=kento&query=Aphrody2" for 18.183.74.216 at 2023-01-24 00:28:05 +0900
I, [2023-01-24T00:29:45.779423 #21983]  INFO -- : [30145bd3-d6e6-4610-991d-5a1c434b1098] Started GET "/w.json?query=midori92&format_type=kento" for 18.183.74.216 at 2023-01-24 00:29:45 +0900
I, [2023-01-24T00:32:46.180201 #21983]  INFO -- : [8f2b621b-a961-4290-9fb7-9c590e129f77] Started GET "/w.json?query=noraonorao&format_type=kento" for 13.114.104.137 at 2023-01-24 00:32:46 +0900
I, [2023-01-24T00:34:21.478222 #21981]  INFO -- : [01982421-3e1e-49f4-8557-6a941ff31b3b] Started GET "/w.json?query=tomiel&format_type=kento" for 18.183.74.216 at 2023-01-24 00:34:21 +0900
I, [2023-01-24T00:34:22.537269 #21983]  INFO -- : [31bc1721-dbb6-4410-a650-16bb8602902f] Started GET "/w.json?format_type=kento&query=tomiel_o" for 43.206.161.141 at 2023-01-24 00:34:22 +0900
I, [2023-01-24T00:34:22.651008 #21983]  INFO -- : [d7300ad0-dea0-4715-a84e-8e7621b6def1] Started GET "/w.json?format_type=kento&query=TOMIELZ" for 54.199.37.172 at 2023-01-24 00:34:22 +0900
I, [2023-01-24T00:38:19.236561 #21981]  INFO -- : [92f35b06-0104-41b5-a98c-2d9278fd1434] Started GET "/w.json?query=T123456789TZ&format_type=kento" for 54.199.37.172 at 2023-01-24 00:38:19 +0900
I, [2023-01-24T00:42:46.480231 #21981]  INFO -- : [24d8df68-5730-40c6-aec4-3a024d2e332c] Started GET "/w.json?format_type=kento&query=BlueChatterer" for 18.183.74.216 at 2023-01-24 00:42:46 +0900
I, [2023-01-24T00:54:14.947171 #21981]  INFO -- : [59c0d7f9-480a-4b14-bff4-1058ee785f2a] Started GET "/w.json?format_type=kento&query=jiji_tsubasa" for 35.78.77.27 at 2023-01-24 00:54:14 +0900
I, [2023-01-24T01:18:36.061748 #21983]  INFO -- : [0a8aa86f-d46d-4b1a-b619-eeec02d9d4f0] Started GET "/w.json?query=Yu_masa10&format_type=kento" for 52.193.205.197 at 2023-01-24 01:18:36 +0900
I, [2023-01-24T01:18:36.063829 #21981]  INFO -- : [5473bfb6-963a-460b-94ff-ddbcf3a79a0d] Started GET "/w.json?query=Maitankurou4&format_type=kento" for 43.207.73.207 at 2023-01-24 01:18:36 +0900
I, [2023-01-24T01:29:17.939176 #21983]  INFO -- : [f6fe914e-4d1a-41a3-9d54-50b8a9eb4209] Started GET "/w.json?format_type=kento&query=js_uk" for 52.193.205.197 at 2023-01-24 01:29:17 +0900
I, [2023-01-24T01:32:55.242927 #21981]  INFO -- : [d57def4b-0b9c-453b-bcb0-d19f4abd0b8d] Started GET "/w.json?query=dndn0&format_type=kento" for 52.193.205.197 at 2023-01-24 01:32:55 +0900
I, [2023-01-24T01:43:02.073149 #21983]  INFO -- : [68992c35-9fc5-46ea-9708-903337615407] Started GET "/w.json?format_type=kento&query=Nonzozon" for 52.193.205.197 at 2023-01-24 01:43:02 +0900
I, [2023-01-24T02:06:51.013882 #21983]  INFO -- : [9bb079b4-a2dd-44d5-ba97-4c37836ff8b7] Started GET "/w.json?format_type=kento&query=wousworflex" for 52.196.216.152 at 2023-01-24 02:06:51 +0900
I, [2023-01-24T02:11:02.361014 #21981]  INFO -- : [1fcc9809-4d15-448a-8a6c-2a5386843c8f] Started GET "/w.json?query=nattonebanebaZ&format_type=kento" for 52.196.216.152 at 2023-01-24 02:11:02 +0900
I, [2023-01-24T02:11:02.362777 #21983]  INFO -- : [cada90b6-9a5d-4dbc-b954-974b081417a1] Started GET "/w.json?format_type=kento&query=longjumpman" for 13.115.34.8 at 2023-01-24 02:11:02 +0900
I, [2023-01-24T02:30:50.310114 #21981]  INFO -- : [548f76c7-ebd4-4670-be7a-a7709de79e8e] Started GET "/w.json?query=Maitankurou4&format_type=kento" for 13.115.34.8 at 2023-01-24 02:30:50 +0900
I, [2023-01-24T02:30:51.436351 #21981]  INFO -- : [a59a46c8-880c-4d8f-a7f6-18ed397e6611] Started GET "/w.json?query=Yu_masa10&format_type=kento" for 54.95.62.142 at 2023-01-24 02:30:51 +0900
I, [2023-01-24T02:42:23.256920 #21983]  INFO -- : [e26653ae-23ce-428b-84cc-d036b3e8216d] Started GET "/w.json?format_type=kento&query=kichijr" for 54.95.62.142 at 2023-01-24 02:42:23 +0900
I, [2023-01-24T02:42:30.479336 #21983]  INFO -- : [0de775c2-f92b-4eee-8c9a-a68049509936] Started GET "/w.json?format_type=kento&query=n4070" for 13.114.189.86 at 2023-01-24 02:42:30 +0900
I, [2023-01-24T02:42:30.568709 #21983]  INFO -- : [105fa8af-1ee2-4b7a-b971-87bebc2ff6cf] Started GET "/w.json?format_type=kento&query=Halogene" for 54.199.209.69 at 2023-01-24 02:42:30 +0900
I, [2023-01-24T02:44:31.232571 #21983]  INFO -- : [af44118c-1372-44f1-a8ca-9aaede34765d] Started GET "/w.json?format_type=kento&query=Nonzozon" for 13.114.189.86 at 2023-01-24 02:44:31 +0900
I, [2023-01-24T02:54:33.982460 #21983]  INFO -- : [a9a4dbb8-f1e4-4cb5-838f-c5af6dbd617f] Started GET "/w.json?format_type=kento&query=tetsumusic" for 54.199.209.69 at 2023-01-24 02:54:33 +0900
I, [2023-01-22T04:27:11.070368 #6794]  INFO -- : [d7562008-a680-429f-bf32-bfff247abff4] Started GET "/w.json?query=Genags&format_type=kento" for 3.112.67.197 at 2023-01-22 04:27:11 +0900
I, [2023-01-22T04:45:20.847469 #20300]  INFO -- : [4fded032-5cd4-485e-bbf3-bf75f58a012a] Started GET "/w.json?query=Genags&format_type=kento" for 3.112.67.197 at 2023-01-22 04:45:20 +0900
I, [2023-01-22T04:47:56.266663 #6794]  INFO -- : [b1078050-1b1f-4f3c-94cc-a2a189503f9a] Started GET "/w.json?query=kimatora&format_type=kento" for 13.230.210.162 at 2023-01-22 04:47:56 +0900
I, [2023-01-22T04:49:33.370598 #6794]  INFO -- : [70569cdd-d64f-4c87-afd2-89dca43e17d9] Started GET "/w.json?query=SASUKEKO&format_type=kento" for 3.112.67.197 at 2023-01-22 04:49:33 +0900
I, [2023-01-22T04:49:33.374614 #20300]  INFO -- : [8cd150fd-ca22-4d45-8a38-6a3f191f58a9] Started GET "/w.json?query=UtadaHikaru&format_type=kento" for 13.230.210.162 at 2023-01-22 04:49:33 +0900
I, [2023-01-22T05:05:24.892151 #20300]  INFO -- : [31786033-e341-4664-8e51-d70c9c7e05ba] Started GET "/w.json?query=Genags&format_type=kento" for 13.230.210.162 at 2023-01-22 05:05:24 +0900
I, [2023-01-22T05:23:51.913990 #20300]  INFO -- : [ada19340-95e4-4ed7-a7d1-497e0c16ab42] Started GET "/w.json?query=UtadaHikaru&format_type=kento" for 18.178.242.81 at 2023-01-22 05:23:51 +0900
I, [2023-01-22T05:23:53.121660 #20300]  INFO -- : [2be366ee-2c91-4c78-a205-0853272edced] Started GET "/w.json?query=SASUKEKO&format_type=kento" for 35.75.16.163 at 2023-01-22 05:23:53 +0900
I, [2023-01-22T05:27:33.075348 #6794]  INFO -- : [5220d491-fe51-4e5e-b0eb-60d4ae527bc0] Started GET "/w.json?query=UtadaHikaru&format_type=kento" for 35.75.16.163 at 2023-01-22 05:27:33 +0900
I, [2023-01-22T05:27:33.076571 #20300]  INFO -- : [81e29c32-3bad-4b4a-aef1-a08b82f5ba66] Started GET "/w.json?query=SASUKEKO&format_type=kento" for 18.178.242.81 at 2023-01-22 05:27:33 +0900
I, [2023-01-22T05:28:32.031130 #20300]  INFO -- : [37e95db1-d336-4464-bad2-c9c62d00b561] Started GET "/w.json?format_type=kento&query=Massanori" for 18.178.242.81 at 2023-01-22 05:28:32 +0900
I, [2023-01-22T05:38:29.089613 #20300]  INFO -- : [4c1d875c-826c-4c3f-8662-939869efcb65] Started GET "/w.json?query=BOUYATETSU5&format_type=kento" for 18.178.242.81 at 2023-01-22 05:38:29 +0900
I, [2023-01-22T05:38:30.077919 #6794]  INFO -- : [c26e0e3c-cdf9-4d6b-80b6-c3224dd39a0a] Started GET "/w.json?query=123abu&format_type=kento" for 18.179.59.237 at 2023-01-22 05:38:30 +0900
I, [2023-01-22T05:38:30.120671 #20300]  INFO -- : [97d738a6-4f80-480e-a5e9-724ef71a31bc] Started GET "/w.json?query=33abyss&format_type=kento" for 43.207.126.210 at 2023-01-22 05:38:30 +0900
I, [2023-01-22T05:38:30.172051 #20300]  INFO -- : [e41c18a3-a5e4-46b1-9151-83a21fc74c8f] Started GET "/w.json?query=7monochrome&format_type=kento" for 18.181.223.15 at 2023-01-22 05:38:30 +0900
I, [2023-01-22T05:38:30.235142 #20300]  INFO -- : [5d8ddc2b-4893-4e35-bc14-549e741dfcfe] Started GET "/w.json?query=peocil_crayon&format_type=kento" for 13.114.19.2 at 2023-01-22 05:38:30 +0900
I, [2023-01-22T05:38:33.100033 #6794]  INFO -- : [1104fa16-f9bb-4410-9bdd-4eab57776215] Started GET "/w.json?query=SASUKEKO&format_type=kento" for 18.179.59.237 at 2023-01-22 05:38:33 +0900
I, [2023-01-22T05:38:33.129128 #20300]  INFO -- : [be72e459-7a1a-4fe2-a737-4e1694f40479] Started GET "/w.json?query=UtadaHikaru&format_type=kento" for 52.198.48.20 at 2023-01-22 05:38:33 +0900
I, [2023-01-22T05:45:29.280778 #20300]  INFO -- : [6bb17a36-4de0-49d0-99bd-3bef9d285f52] Started GET "/w.json?query=tsubakurou2178&format_type=kento" for 18.179.59.237 at 2023-01-22 05:45:29 +0900
I, [2023-01-22T05:49:07.972590 #6794]  INFO -- : [d835b025-b5ca-44ec-bbe3-b3a447ea9bcf] Started GET "/w.json?format_type=kento&query=hirofumiyasu" for 18.179.59.237 at 2023-01-22 05:49:07 +0900
I, [2023-01-22T05:55:30.147091 #20300]  INFO -- : [1a129275-b6ad-466b-b6b6-97b316db8e48] Started GET "/w.json?query=UtadaHikaru&format_type=kento" for 18.179.59.237 at 2023-01-22 05:55:30 +0900
I, [2023-01-22T05:55:31.236121 #6794]  INFO -- : [6d155824-7ad3-4894-95b3-216a8498b584] Started GET "/w.json?query=SASUKEKO&format_type=kento" for 54.178.122.91 at 2023-01-22 05:55:31 +0900
I, [2023-01-22T05:58:40.067686 #6794]  INFO -- : [2811a8ba-0cee-4f1f-bf34-31415e78635a] Started GET "/w.json?format_type=kento&query=Massanori" for 54.178.122.91 at 2023-01-22 05:58:40 +0900
I, [2023-01-22T06:28:02.241423 #20300]  INFO -- : [7db084b6-244a-4335-acdb-6f260ca8e65e] Started GET "/w.json?query=SASUKEKO&format_type=kento" for 54.178.122.91 at 2023-01-22 06:28:02 +0900
I, [2023-01-22T06:28:03.330150 #20300]  INFO -- : [15815185-005d-4efa-a462-e2fce983f5a2] Started GET "/w.json?query=UtadaHikaru&format_type=kento" for 13.231.37.145 at 2023-01-22 06:28:03 +0900
I, [2023-01-22T06:32:28.812913 #6794]  INFO -- : [f5db128a-8b67-4c5d-acfd-dd7a0832dbd5] Started GET "/w.json?format_type=kento&query=TaoMon0987" for 54.178.122.91 at 2023-01-22 06:32:28 +0900
I, [2023-01-22T06:33:48.098364 #20300]  INFO -- : [27d35f2a-6edc-44d2-8bab-c98c16b4ac17] Started GET "/w.json?query=fujintv&format_type=kento" for 54.178.122.91 at 2023-01-22 06:33:48 +0900
I, [2023-01-22T06:37:31.651522 #20300]  INFO -- : [d48e875c-8c36-4bf0-888c-9f65ff7417f6] Started GET "/w.json?format_type=kento&query=Henohenoking" for 54.178.122.91 at 2023-01-22 06:37:31 +0900
I, [2023-01-22T06:38:17.998761 #20300]  INFO -- : [35dc2268-94e4-48b3-9acf-2500af83fc9b] Started GET "/w.json?query=SASUKEKO&format_type=kento" for 54.178.122.91 at 2023-01-22 06:38:17 +0900
I, [2023-01-22T06:38:18.039609 #6794]  INFO -- : [783de63c-15ff-46fb-861a-b122767f6736] Started GET "/w.json?query=UtadaHikaru&format_type=kento" for 13.231.37.145 at 2023-01-22 06:38:18 +0900
I, [2023-01-22T06:48:00.457538 #20300]  INFO -- : [fc6dba91-0732-4610-8465-4bca13a9c3c9] Started GET "/w.json?query=SASUKEKO&format_type=kento" for 13.231.37.145 at 2023-01-22 06:48:00 +0900
I, [2023-01-22T06:48:00.475999 #20300]  INFO -- : [6e0efc21-aa45-40b1-bf44-b8ff7c7b48a9] Started GET "/w.json?query=UtadaHikaru&format_type=kento" for 54.178.122.91 at 2023-01-22 06:48:00 +0900
I, [2023-01-22T07:03:11.834413 #6794]  INFO -- : [86af4834-4302-4910-b636-5d494e266409] Started GET "/w.json?query=UtadaHikaru&format_type=kento" for 13.231.37.145 at 2023-01-22 07:03:11 +0900
