I, [2022-12-06T10:58:26.561079 #21084]  INFO -- : [47849fd5-3d38-4d05-8142-04b29d884137] Started GET "/w.json?query=kunito92&format_type=kento" for 35.77.61.117 at 2022-12-06 10:58:26 +0900
I, [2022-12-06T11:04:48.029177 #21086]  INFO -- : [4cdc113d-2900-44a5-8541-84bffd3d6057] Started GET "/w.json?query=mikipuruun&format_type=kento" for 35.77.61.117 at 2022-12-06 11:04:48 +0900
I, [2022-12-06T11:04:51.027684 #21086]  INFO -- : [a6042bdc-90ae-40fe-b710-330d09f66f21] Started GET "/w.json?query=mikipuruun&format_type=kento" for 35.77.61.117 at 2022-12-06 11:04:51 +0900
I, [2022-12-06T11:13:20.428712 #21084]  INFO -- : [75eb1d0d-c156-49f9-94ce-07f8bc14dfc9] Started GET "/w.json?format_type=kento&query=shote58hi" for 52.198.46.43 at 2022-12-06 11:13:20 +0900
I, [2022-12-06T11:16:32.176488 #21084]  INFO -- : [e517ede5-f730-4ab8-b123-19483d2a93ff] Started GET "/w.json?query=tenzo9&format_type=kento" for 35.75.1.172 at 2022-12-06 11:16:32 +0900
I, [2022-12-06T11:16:47.052329 #21084]  INFO -- : [5a0d019a-c033-4c5e-a516-3bfa95409e56] Started GET "/w.json?query=mikipuruun&format_type=kento" for 35.75.1.172 at 2022-12-06 11:16:47 +0900
I, [2022-12-06T11:23:32.917155 #21086]  INFO -- : [6eb70c07-9d2d-4378-9a82-9f3e3cb26a7e] Started GET "/w.json?format_type=kento&query=wousworflex" for 35.75.1.172 at 2022-12-06 11:23:32 +0900
I, [2022-12-06T11:28:18.443061 #21084]  INFO -- : [3811cd8b-7d95-4ded-8f94-725e9a29215d] Started GET "/w.json?query=mikipuruun&format_type=kento" for 35.74.231.117 at 2022-12-06 11:28:18 +0900
I, [2022-12-06T11:30:47.269774 #21084]  INFO -- : [f5a4a487-84cd-47fe-baae-a72c0c87b73e] Started GET "/w.json?format_type=kento&query=xufhdj" for 35.75.1.172 at 2022-12-06 11:30:47 +0900
I, [2022-12-06T11:30:47.280268 #21086]  INFO -- : [693bbf34-9fda-4def-bff6-3c3feb597c5b] Started GET "/w.json?query=Lorapolon&format_type=kento" for 52.198.46.43 at 2022-12-06 11:30:47 +0900
I, [2022-12-06T11:31:56.927939 #21084]  INFO -- : [2e8e2dc3-d711-406c-8c43-168f95d451c7] Started GET "/w.json?query=mikipuruun&format_type=kento" for 35.74.231.117 at 2022-12-06 11:31:56 +0900
I, [2022-12-06T11:37:59.243415 #21086]  INFO -- : [4fe63bb1-1e42-4bc4-9b25-1eb4dd35c9dc] Started GET "/w.json?query=mikipuruun&format_type=kento" for 35.75.1.172 at 2022-12-06 11:37:59 +0900
I, [2022-12-06T11:45:30.252009 #21086]  INFO -- : [6ea2dd60-cd74-409c-b26c-c6dca2f2ac93] Started GET "/w.json?query=mikipuruun&format_type=kento" for 35.75.1.172 at 2022-12-06 11:45:30 +0900
I, [2022-12-06T11:59:44.992485 #21084]  INFO -- : [98c35e2a-d52c-4a8a-9a0e-1f62f45c8378] Started GET "/w.json?query=Yokaibaka&format_type=kento" for 18.183.4.57 at 2022-12-06 11:59:44 +0900
I, [2022-12-06T12:00:12.054747 #21084]  INFO -- : [66146c48-dde6-4416-8ce5-4220012d855a] Started GET "/w.json?query=mikipuruun&format_type=kento" for 18.183.4.57 at 2022-12-06 12:00:12 +0900
I, [2022-12-06T12:00:31.912217 #21086]  INFO -- : [effa83fd-75d0-4a32-b34f-f4a0a397f40b] Started GET "/w.json?query=Yokaibaka&format_type=kento" for 18.183.4.57 at 2022-12-06 12:00:31 +0900
I, [2022-12-06T12:00:34.174844 #21086]  INFO -- : [4d561614-0b24-4e42-b3a2-001d03ac025e] Started GET "/w.json?query=Yokaibaka&format_type=kento" for 35.75.1.172 at 2022-12-06 12:00:34 +0900
I, [2022-12-06T12:01:00.074751 #21084]  INFO -- : [7aac87fe-6e76-40e1-a8cc-8fa0e9123e26] Started GET "/w.json?query=Yokaibaka&format_type=kento" for 18.183.4.57 at 2022-12-06 12:01:00 +0900
I, [2022-12-06T12:02:36.845129 #21084]  INFO -- : [b7e6f2c8-dbb7-410b-8883-ba76d818316b] Started GET "/w.json?query=musasabi2&format_type=kento" for 18.183.4.57 at 2022-12-06 12:02:36 +0900
I, [2022-12-06T12:02:45.685288 #21086]  INFO -- : [8ac637bc-24ad-411f-ad91-bd245c5081b1] Started GET "/w.json?query=musasabi2&format_type=kento" for 35.75.1.172 at 2022-12-06 12:02:45 +0900
I, [2022-12-06T12:06:32.504695 #21084]  INFO -- : [52c315d8-880e-4338-815f-35d6ead2311f] Started GET "/w.json?format_type=kento&query=inferstar" for 18.183.4.57 at 2022-12-06 12:06:32 +0900
I, [2022-12-06T12:08:29.082113 #21084]  INFO -- : [d4052cf6-f5e0-446c-9bab-f92f05b167d6] Started GET "/w.json?query=mikipuruun&format_type=kento" for 18.183.4.57 at 2022-12-06 12:08:29 +0900
I, [2022-12-06T12:16:04.344240 #21086]  INFO -- : [f0982441-fe10-481e-9042-091ced57bb66] Started GET "/w.json?query=tnfs&format_type=kento" for 18.183.4.57 at 2022-12-06 12:16:04 +0900
I, [2022-12-06T12:16:49.928693 #21086]  INFO -- : [6409885a-024f-47cb-85e2-604cee26dad9] Started GET "/w.json?query=mikipuruun&format_type=kento" for 18.183.4.57 at 2022-12-06 12:16:49 +0900
I, [2022-12-06T12:20:16.723712 #21086]  INFO -- : [b5544b2b-ce67-4f26-839b-d077fcc7b016] Started GET "/w.json?format_type=kento&query=HaraMasa1111" for 18.183.4.57 at 2022-12-06 12:20:16 +0900
I, [2022-12-06T12:20:16.750853 #21086]  INFO -- : [fe022637-dfdd-42f6-882f-70a7ec54cab8] Started GET "/w.json?query=dama31111&format_type=kento" for 35.75.1.172 at 2022-12-06 12:20:16 +0900
I, [2022-12-06T12:21:50.970634 #21086]  INFO -- : [749d6728-8361-46ea-b8f0-5033a05c11cf] Started GET "/w.json?format_type=kento&query=kichijr" for 35.75.1.172 at 2022-12-06 12:21:50 +0900
I, [2022-12-06T12:23:25.627398 #21086]  INFO -- : [12509542-a182-42a0-8b79-9978dba6ab5f] Started GET "/w.json?query=mikipuruun&format_type=kento" for 18.183.4.57 at 2022-12-06 12:23:25 +0900
I, [2022-12-06T12:25:21.436889 #21086]  INFO -- : [d00ec461-e16a-48e5-8944-3f41a3ff2e43] Started GET "/w.json?query=sss_shun&format_type=kento" for 18.183.4.57 at 2022-12-06 12:25:21 +0900
I, [2022-12-06T12:29:51.458213 #21086]  INFO -- : [9f3c1288-d948-4522-ad65-4dc53d955455] Started GET "/w.json?query=mikipuruun&format_type=kento" for 18.183.4.57 at 2022-12-06 12:29:51 +0900
I, [2022-12-06T12:33:11.269484 #21086]  INFO -- : [18ceb8b9-ea3a-4ff1-b159-e5217297505c] Started GET "/w.json?format_type=kento&query=chryso_la" for 18.183.4.57 at 2022-12-06 12:33:11 +0900
I, [2022-12-06T12:33:11.303504 #21084]  INFO -- : [eb84d42e-f4d2-4d8a-a442-86331ff05329] Started GET "/w.json?query=CNamo&format_type=kento" for 35.75.1.172 at 2022-12-06 12:33:11 +0900
I, [2022-12-06T12:35:08.639126 #21086]  INFO -- : [a89f084b-ccad-439c-a449-517871a5725d] Started GET "/w.json?query=Yokaibaka&format_type=kento" for 18.183.4.57 at 2022-12-06 12:35:08 +0900
I, [2022-12-06T12:40:08.709854 #21084]  INFO -- : [0769b533-fa3d-401c-a83e-0c316c0067e8] Started GET "/w.json?format_type=kento&query=chryso_la" for 18.183.4.57 at 2022-12-06 12:40:08 +0900
I, [2022-12-06T12:40:08.788433 #21086]  INFO -- : [2bca8928-a3ed-4424-9775-26125502e126] Started GET "/w.json?query=CNamo&format_type=kento" for 46.51.232.162 at 2022-12-06 12:40:08 +0900
I, [2022-12-06T12:40:43.094675 #21084]  INFO -- : [5701021a-f590-4ae7-80ce-f3ccccf1976f] Started GET "/w.json?query=mikipuruun&format_type=kento" for 35.75.1.172 at 2022-12-06 12:40:43 +0900
I, [2022-12-06T12:41:46.692740 #21084]  INFO -- : [b7177c8e-267f-465a-934c-0bd015326088] Started GET "/w.json?query=Yokaibaka&format_type=kento" for 35.75.1.172 at 2022-12-06 12:41:46 +0900
I, [2022-12-06T12:46:05.436667 #21084]  INFO -- : [1923b670-5a11-4546-b189-cf31e2120d27] Started GET "/w.json?query=mikipuruun&format_type=kento" for 35.75.1.172 at 2022-12-06 12:46:05 +0900
I, [2022-12-06T12:46:09.906413 #21086]  INFO -- : [04882b1c-e8a6-4914-b0c4-4b7577255225] Started GET "/w.json?query=Yokaibaka&format_type=kento" for 35.75.1.172 at 2022-12-06 12:46:09 +0900
I, [2022-12-06T12:46:27.536815 #21084]  INFO -- : [652706e9-b7a2-4b26-9ae1-146b7869fb07] Started GET "/w.json?format_type=kento&query=wousworflex" for 18.183.4.57 at 2022-12-06 12:46:27 +0900
I, [2022-12-06T12:46:58.585328 #21084]  INFO -- : [5cace7d9-19fb-4e32-93e2-48b96aadc18c] Started GET "/w.json?query=MEGUT&format_type=kento" for 35.75.1.172 at 2022-12-06 12:46:58 +0900
I, [2022-12-06T12:51:29.979853 #21084]  INFO -- : [0ee294e0-39a7-43c2-b5d0-a0ee24970fae] Started GET "/w.json?query=uvalaw2010&format_type=kento" for 18.183.4.57 at 2022-12-06 12:51:29 +0900
I, [2022-12-06T12:51:56.758750 #21084]  INFO -- : [9db22439-4681-4024-ae04-158548681b99] Started GET "/w.json?query=komuginDX&format_type=kento" for 35.75.1.172 at 2022-12-06 12:51:56 +0900
I, [2022-12-06T12:52:23.568634 #21086]  INFO -- : [35f55a29-8d70-4b25-bb12-3be83c88aca8] Started GET "/w.json?format_type=kento&query=chogenbow" for 18.183.4.57 at 2022-12-06 12:52:23 +0900
I, [2022-12-06T12:52:24.450483 #21086]  INFO -- : [9a5dbac9-8ef8-4cd5-81bb-4c80e4721cc4] Started GET "/w.json?format_type=kento&query=chogenbow" for 18.183.4.57 at 2022-12-06 12:52:24 +0900
I, [2022-12-06T12:52:26.353734 #21084]  INFO -- : [49e12a17-cdd0-465b-a891-8957f33e6c49] Started GET "/w.json?format_type=kento&query=sphenoid" for 35.75.1.172 at 2022-12-06 12:52:26 +0900
I, [2022-12-06T12:52:28.571823 #21084]  INFO -- : [a28573ba-fca2-4ddb-af27-a0a8bdeb7f4a] Started GET "/w.json?format_type=kento&query=chogenbow" for 54.250.207.157 at 2022-12-06 12:52:28 +0900
I, [2022-12-06T12:52:28.762489 #21086]  INFO -- : [d054df0a-cce1-4707-8ac2-1fa37217cef7] Started GET "/w.json?format_type=kento&query=sphenoid" for 18.183.115.187 at 2022-12-06 12:52:28 +0900
I, [2022-12-06T12:53:09.489620 #21086]  INFO -- : [1323440f-4425-4051-b1ad-f22e64e5b6a5] Started GET "/w.json?query=mikipuruun&format_type=kento" for 18.183.115.187 at 2022-12-06 12:53:09 +0900
I, [2022-12-06T12:55:21.904249 #21086]  INFO -- : [11a8891c-cf28-49f8-b989-0d75ef402907] Started GET "/w.json?query=MEGUT&format_type=kento" for 35.75.1.172 at 2022-12-06 12:55:21 +0900
I, [2022-12-06T12:56:42.998791 #21086]  INFO -- : [1a9c2638-c427-42c4-9be4-dcd56fd013bb] Started GET "/w.json?query=AlexParao&format_type=kento" for 35.75.1.172 at 2022-12-06 12:56:42 +0900
I, [2022-12-06T12:56:43.074992 #21084]  INFO -- : [f36e7204-673e-4352-8d77-375c7227133d] Started GET "/w.json?query=parao_nta&format_type=kento" for 54.250.207.157 at 2022-12-06 12:56:43 +0900
I, [2022-12-06T12:56:46.505290 #21084]  INFO -- : [60b228c0-1023-4827-8202-9343f9eceaa4] Started GET "/w.json?query=parao_nta&format_type=kento" for 35.75.1.172 at 2022-12-06 12:56:46 +0900
I, [2022-12-06T12:56:46.535535 #21086]  INFO -- : [7c993314-1cbd-4768-8eb7-2bb57140ad59] Started GET "/w.json?query=AlexParao&format_type=kento" for 54.250.207.157 at 2022-12-06 12:56:46 +0900
I, [2022-12-06T12:56:51.893025 #21086]  INFO -- : [3a0ebe00-7354-4ee4-bdf8-f110b5ed2f3f] Started GET "/w.json?query=miha176&format_type=kento" for 35.75.1.172 at 2022-12-06 12:56:51 +0900
I, [2022-12-06T12:57:03.052977 #21084]  INFO -- : [6d2b04d5-d209-4505-99c4-426136cef03e] Started GET "/w.json?query=miha176&format_type=kento" for 35.75.1.172 at 2022-12-06 12:57:03 +0900
I, [2022-12-06T13:00:09.098719 #21086]  INFO -- : [d95148f2-ae46-4182-bbc5-d3d61af6a299] Started GET "/w.json?query=mikipuruun&format_type=kento" for 18.183.4.57 at 2022-12-06 13:00:09 +0900
I, [2022-12-06T13:03:52.067723 #21086]  INFO -- : [94cd8ed2-e17f-4066-8cb6-8af5f83c5dff] Started GET "/w.json?format_type=kento&query=sphenoid" for 18.183.4.57 at 2022-12-06 13:03:52 +0900
I, [2022-12-06T13:06:53.864686 #21086]  INFO -- : [7b93be60-1708-46ca-b69a-447c94d5388f] Started GET "/w.json?format_type=kento&query=ramhome" for 35.75.1.172 at 2022-12-06 13:06:53 +0900
I, [2022-12-06T13:06:54.746533 #21084]  INFO -- : [b72d3f7b-759b-4ed4-9998-e06e61cb8ab0] Started GET "/w.json?format_type=kento&query=ramhome" for 18.183.4.57 at 2022-12-06 13:06:54 +0900
I, [2022-12-06T13:09:26.635503 #21084]  INFO -- : [eacadb3c-c33a-42bf-b2db-e1df704a3b1f] Started GET "/w.json?format_type=kento&query=sphenoid" for 18.183.4.57 at 2022-12-06 13:09:26 +0900
I, [2022-12-06T13:09:38.710282 #21086]  INFO -- : [72e61b8d-6a81-44b7-94f6-da4289949073] Started GET "/w.json?query=Anzanshi&format_type=kento" for 35.75.1.172 at 2022-12-06 13:09:38 +0900
I, [2022-12-06T13:10:16.104450 #21084]  INFO -- : [38ea7363-0c07-48b0-9eaf-905e84b62d25] Started GET "/w.json?query=marudedne&format_type=kento" for 35.75.1.172 at 2022-12-06 13:10:16 +0900
I, [2022-12-06T13:10:17.156672 #21084]  INFO -- : [3f3d2ca1-0b41-4268-aedd-e5589b120bde] Started GET "/w.json?query=marudedna&format_type=kento" for 18.183.196.107 at 2022-12-06 13:10:17 +0900
I, [2022-12-06T13:10:17.167217 #21086]  INFO -- : [276016d1-4fe9-4663-806f-bad59279c725] Started GET "/w.json?query=marudedng&format_type=kento" for 52.199.47.188 at 2022-12-06 13:10:17 +0900
I, [2022-12-06T13:10:17.202856 #21084]  INFO -- : [409aa312-94d7-4e9a-8af3-d085a38cba7c] Started GET "/w.json?query=marudednb&format_type=kento" for 35.77.69.20 at 2022-12-06 13:10:17 +0900
I, [2022-12-06T13:10:17.210714 #21086]  INFO -- : [62c09199-91d1-4164-90b4-ed78650ca5af] Started GET "/w.json?query=marudednd&format_type=kento" for 35.74.67.15 at 2022-12-06 13:10:17 +0900
I, [2022-12-06T13:10:17.212756 #21084]  INFO -- : [8e0c357c-baf6-4aa7-810f-ac088f3202e4] Started GET "/w.json?query=marudednm&format_type=kento" for 35.77.74.244 at 2022-12-06 13:10:17 +0900
I, [2022-12-06T13:10:17.268433 #21084]  INFO -- : [182981db-8a83-46d4-8d8b-7f53a8c2f6ad] Started GET "/w.json?query=marudednf&format_type=kento" for 35.77.19.43 at 2022-12-06 13:10:17 +0900
I, [2022-12-06T13:10:41.408940 #21084]  INFO -- : [d6b4a820-248a-49ae-80b8-eacdaac1d0da] Started GET "/w.json?query=Anzanshi&format_type=kento" for 18.183.196.107 at 2022-12-06 13:10:41 +0900
I, [2022-12-06T13:19:40.686173 #21084]  INFO -- : [3558dd89-2060-4a1e-9fce-962b1613c35d] Started GET "/w.json?query=match0100&format_type=kento" for 35.77.74.244 at 2022-12-06 13:19:40 +0900
I, [2022-12-06T13:19:40.745139 #21084]  INFO -- : [729e606f-308d-4e4c-aa5d-0f91b6181cb8] Started GET "/w.json?query=match0511&format_type=kento" for 35.77.69.20 at 2022-12-06 13:19:40 +0900
I, [2022-12-06T13:19:51.710008 #21084]  INFO -- : [d71bc938-c4a5-4e51-a675-c4e3fdd1700f] Started GET "/w.json?query=Anzanshi&format_type=kento" for 35.77.74.244 at 2022-12-06 13:19:51 +0900
I, [2022-12-06T13:24:19.481795 #21086]  INFO -- : [f8d18f7f-59e2-4c3c-945f-8d0a13a596dc] Started GET "/w.json?query=PREEN&format_type=kento" for 35.75.1.172 at 2022-12-06 13:24:19 +0900
I, [2022-12-06T13:28:22.764248 #21084]  INFO -- : [841bc7cb-e418-42c4-a568-fd9a354cd785] Started GET "/w.json?format_type=kento&query=so1idus" for 35.75.1.172 at 2022-12-06 13:28:22 +0900
I, [2022-12-06T13:28:25.975784 #21084]  INFO -- : [eeb7b0a0-49a2-4da7-9f52-acb8023488a6] Started GET "/w.json?format_type=kento&query=so1idus" for 35.75.1.172 at 2022-12-06 13:28:25 +0900
I, [2022-12-06T13:30:56.295080 #21084]  INFO -- : [5a119584-d929-4703-8b01-313c69090d8d] Started GET "/w.json?query=Mochamocha1&format_type=kento" for 35.75.1.172 at 2022-12-06 13:30:56 +0900
I, [2022-12-06T13:35:08.410325 #21084]  INFO -- : [2d1ac8c4-bc83-4601-af7f-09687bc4bc06] Started GET "/w.json?format_type=kento&query=lightlypickled" for 35.77.74.244 at 2022-12-06 13:35:08 +0900
I, [2022-12-06T13:40:20.515702 #21084]  INFO -- : [2f39c2da-beb7-4c77-8c1a-c809ae7a1353] Started GET "/w.json?format_type=kento&query=dcsyhi2" for 18.181.215.212 at 2022-12-06 13:40:20 +0900
I, [2022-12-06T13:41:20.902485 #21086]  INFO -- : [1ca7358e-aaea-4162-91cb-ba6db88c1a29] Started GET "/w.json?query=jinguji36&format_type=kento" for 18.181.215.212 at 2022-12-06 13:41:20 +0900
I, [2022-12-06T13:44:03.912172 #21086]  INFO -- : [c23d84fa-f6ed-440e-96ff-61b7c5f23147] Started GET "/w.json?query=nuts2&format_type=kento" for 18.181.215.212 at 2022-12-06 13:44:03 +0900
I, [2022-12-06T13:51:42.469145 #21084]  INFO -- : [7b6f9700-6449-421e-b37b-75abceb1151c] Started GET "/w.json?format_type=kento&query=zgok36" for 13.230.28.75 at 2022-12-06 13:51:42 +0900
I, [2022-12-06T13:56:12.429740 #21086]  INFO -- : [98b34d30-6c3b-4091-af43-8013d9998748] Started GET "/w.json?query=beniamo&format_type=kento" for 54.250.37.15 at 2022-12-06 13:56:12 +0900
I, [2022-12-06T13:56:12.432809 #21084]  INFO -- : [7bb785d9-facb-4f41-8a56-72b508dd91d0] Started GET "/w.json?query=NOSTRIBRAVI&format_type=kento" for 18.179.5.149 at 2022-12-06 13:56:12 +0900
I, [2022-12-06T13:56:12.453409 #21086]  INFO -- : [c079fbdf-9972-49be-bd2b-6e97ea2433b2] Started GET "/w.json?query=supremo&format_type=kento" for 13.230.28.75 at 2022-12-06 13:56:12 +0900
I, [2022-12-06T13:56:14.785080 #21086]  INFO -- : [cc3879e6-a753-4858-b52a-b38fbeb39dba] Started GET "/w.json?query=supremo&format_type=kento" for 54.250.37.15 at 2022-12-06 13:56:14 +0900
I, [2022-12-06T13:56:14.791582 #21084]  INFO -- : [e4efbe8a-4ebd-4e15-bb8b-d3bb9afabe75] Started GET "/w.json?query=NOSTRIBRAVI&format_type=kento" for 18.179.5.149 at 2022-12-06 13:56:14 +0900
I, [2022-12-06T13:56:14.794785 #21084]  INFO -- : [2aad0678-422f-4b1d-82b6-16ddc784be02] Started GET "/w.json?query=beniamo&format_type=kento" for 13.230.28.75 at 2022-12-06 13:56:14 +0900
I, [2022-12-06T13:58:41.819522 #21086]  INFO -- : [b2840821-4d22-43f0-a462-c42ab2e0fbcf] Started GET "/w.json?format_type=kento&query=ramhome" for 13.230.28.75 at 2022-12-06 13:58:41 +0900
I, [2022-12-06T14:02:21.028029 #21084]  INFO -- : [32753b2f-bc7a-49fe-8844-67f3e4c918dc] Started GET "/w.json?format_type=kento&query=ramhome" for 13.230.28.75 at 2022-12-06 14:02:21 +0900
I, [2022-12-06T14:03:13.176581 #21084]  INFO -- : [747ff910-74e1-49ba-908f-4fcb2d5a3cdf] Started GET "/w.json?query=uvalaw2010&format_type=kento" for 54.250.37.15 at 2022-12-06 14:03:13 +0900
I, [2022-12-06T14:07:24.342986 #21084]  INFO -- : [a4cb7fcc-ca85-49c8-b10b-c8da19a3906d] Started GET "/w.json?query=hinopapa&format_type=kento" for 54.250.37.15 at 2022-12-06 14:07:24 +0900
I, [2022-12-06T14:08:24.815712 #21086]  INFO -- : [5cb22d54-874a-4edd-908e-e02629177aca] Started GET "/w.json?query=kitesurf&format_type=kento" for 54.250.37.15 at 2022-12-06 14:08:24 +0900
I, [2022-12-06T14:08:33.606330 #21086]  INFO -- : [66825f90-6497-49ba-82c4-d01a4c9d7473] Started GET "/w.json?query=SanchaBeer&format_type=kento" for 13.230.28.75 at 2022-12-06 14:08:33 +0900
I, [2022-12-06T14:12:32.113437 #21086]  INFO -- : [4aecc1c4-a7e0-4e61-9580-76e6580c183a] Started GET "/w.json?format_type=kento&query=makirinpanax" for 54.250.37.15 at 2022-12-06 14:12:32 +0900
I, [2022-12-06T14:14:21.636250 #21084]  INFO -- : [aaad7a34-4f67-4753-82d4-ae7e15d1c5e6] Started GET "/w.json?query=Totoronkou&format_type=kento" for 13.230.78.252 at 2022-12-06 14:14:21 +0900
I, [2022-12-06T14:16:01.187768 #21084]  INFO -- : [bfe0c613-a785-40e8-adc9-caade280e97c] Started GET "/w.json?query=hinopapa&format_type=kento" for 13.230.78.252 at 2022-12-06 14:16:01 +0900
I, [2022-12-06T14:18:23.341994 #21086]  INFO -- : [579a091b-4860-47a7-8cfb-8e570506731b] Started GET "/w.json?format_type=kento&query=Massanori" for 13.230.78.252 at 2022-12-06 14:18:23 +0900
I, [2022-12-06T14:18:26.362542 #21086]  INFO -- : [19915f01-58f1-4534-9ea2-def657d6935c] Started GET "/w.json?format_type=kento&query=Massanori" for 13.230.78.252 at 2022-12-06 14:18:26 +0900
I, [2022-12-06T14:27:19.966627 #21084]  INFO -- : [eb199ee1-0e72-4961-bdd5-9224d20143af] Started GET "/w.json?query=hinopapa&format_type=kento" for 54.250.37.15 at 2022-12-06 14:27:19 +0900
I, [2022-12-06T14:27:55.416595 #21086]  INFO -- : [dd3bc9f3-42cf-44cf-bac7-cb660275c37b] Started GET "/w.json?format_type=kento&query=dcsyhi2" for 52.199.206.201 at 2022-12-06 14:27:55 +0900
I, [2022-12-06T14:28:14.813781 #21084]  INFO -- : [39d83f81-7e25-4915-bebe-9fcf9b002c7a] Started GET "/w.json?query=jinguji36&format_type=kento" for 18.183.45.246 at 2022-12-06 14:28:14 +0900
I, [2022-12-06T14:29:42.813701 #21084]  INFO -- : [0d643022-c4db-4f6b-8826-8720bd834720] Started GET "/w.json?format_type=kento&query=wousworflex" for 18.183.45.246 at 2022-12-06 14:29:42 +0900
I, [2022-12-06T14:37:38.482260 #21084]  INFO -- : [62cb2977-ceeb-4e46-bf5f-1892f8bd965c] Started GET "/w.json?query=nattonebanebaZ&format_type=kento" for 18.183.45.246 at 2022-12-06 14:37:38 +0900
I, [2022-12-06T14:37:39.455729 #21086]  INFO -- : [00838f05-63fc-4c8b-a2bd-c8e82c5afcb9] Started GET "/w.json?format_type=kento&query=longjumpman" for 13.115.66.254 at 2022-12-06 14:37:39 +0900
I, [2022-12-06T14:46:48.200343 #21084]  INFO -- : [7620c527-b0cc-498f-ab1d-0b042a168b4c] Started GET "/w.json?query=ignisfatuus&format_type=kento" for 13.115.66.254 at 2022-12-06 14:46:48 +0900
I, [2022-12-06T15:02:55.323466 #21084]  INFO -- : [38a80c5d-3a48-4448-8cb2-9a9a272d2c64] Started GET "/w.json?format_type=kento&query=makirinpanax" for 13.115.66.254 at 2022-12-06 15:02:55 +0900
I, [2022-12-06T15:03:00.370403 #21084]  INFO -- : [34525244-237e-4ebf-b06b-59c410ec655f] Started GET "/w.json?format_type=kento&query=makirinpanax" for 35.78.105.121 at 2022-12-06 15:03:00 +0900
I, [2022-12-06T15:07:00.042692 #21086]  INFO -- : [aeab54af-2e66-452d-98cb-b3a9e5bdbf99] Started GET "/w.json?query=hu863&format_type=kento" for 13.115.66.254 at 2022-12-06 15:07:00 +0900
I, [2022-12-06T15:07:36.854872 #21084]  INFO -- : [96b1fd2f-c833-401f-8bd7-122bd3a1f5a0] Started GET "/w.json?format_type=kento&query=Massanori" for 13.115.66.254 at 2022-12-06 15:07:36 +0900
I, [2022-12-06T15:15:01.314548 #21084]  INFO -- : [b8838a7b-bf42-4112-8a82-93f05c17eff4] Started GET "/w.json?format_type=kento&query=TOMimunidaa" for 13.115.66.254 at 2022-12-06 15:15:01 +0900
I, [2022-12-06T15:16:04.913696 #21084]  INFO -- : [b8c3bbbb-b3e0-4924-976a-e172813db57f] Started GET "/w.json?query=fujintv&format_type=kento" for 13.115.66.254 at 2022-12-06 15:16:04 +0900
I, [2022-12-06T15:16:22.576579 #21086]  INFO -- : [0cd46117-3994-4998-9af4-fc19900c0082] Started GET "/w.json?query=kazeninaru&format_type=kento" for 13.115.66.254 at 2022-12-06 15:16:22 +0900
I, [2022-12-06T15:16:24.064818 #21086]  INFO -- : [8a7fb88b-c757-4de9-b825-e62840683fcd] Started GET "/w.json?query=kazeninaru&format_type=kento" for 13.115.66.254 at 2022-12-06 15:16:24 +0900
I, [2022-12-06T15:20:01.282354 #21084]  INFO -- : [ad444227-462d-4a4a-b585-d62124c98c26] Started GET "/w.json?query=92_makoto&format_type=kento" for 43.206.103.51 at 2022-12-06 15:20:01 +0900
I, [2022-12-06T15:20:08.622637 #21084]  INFO -- : [350a4ac4-ab4f-47b1-a60d-1acf29fb53cf] Started GET "/w.json?query=92_makoto&format_type=kento" for 18.181.162.121 at 2022-12-06 15:20:08 +0900
I, [2022-12-06T15:21:19.357523 #21084]  INFO -- : [f1c595d9-b484-4dc2-ace9-3d44eda16be6] Started GET "/w.json?query=kazeninaru&format_type=kento" for 43.206.103.51 at 2022-12-06 15:21:19 +0900
I, [2022-12-06T15:22:08.721088 #21086]  INFO -- : [a195e76c-0f54-408c-aae7-05d007979484] Started GET "/w.json?query=kazeninaru&format_type=kento" for 43.206.103.51 at 2022-12-06 15:22:08 +0900
I, [2022-12-06T15:22:22.265622 #21086]  INFO -- : [888b107c-a7d5-4f23-88fb-1f9b5b489a7c] Started GET "/w.json?query=kazeninaru&format_type=kento" for 43.206.103.51 at 2022-12-06 15:22:22 +0900
I, [2022-12-06T15:28:21.797812 #21084]  INFO -- : [a310a147-6ed5-42e3-96ed-622c2a488aaf] Started GET "/w.json?format_type=kento&query=pegasus440" for 35.78.85.136 at 2022-12-06 15:28:21 +0900
I, [2022-12-06T15:28:42.156536 #21084]  INFO -- : [28e8b4ef-9e73-4709-a86a-64ee22d26578] Started GET "/w.json?format_type=kento&query=pegasus440" for 35.78.85.136 at 2022-12-06 15:28:42 +0900
I, [2022-12-06T15:31:10.807677 #21086]  INFO -- : [11685761-84ab-49cc-9375-5087d49a40e7] Started GET "/w.json?query=T123456789TZ&format_type=kento" for 35.78.85.136 at 2022-12-06 15:31:10 +0900
I, [2022-12-06T15:31:44.844735 #21084]  INFO -- : [b1686b31-b54c-4147-8b90-1e6f740b9f44] Started GET "/w.json?format_type=kento&query=TOMimunidaa" for 35.78.85.136 at 2022-12-06 15:31:44 +0900
I, [2022-12-06T15:34:50.592135 #21086]  INFO -- : [2dd949d4-c22b-47e7-9903-ac9019410c5d] Started GET "/w.json?format_type=kento&query=wousworflex" for 35.78.85.136 at 2022-12-06 15:34:50 +0900
I, [2022-12-06T15:40:32.721374 #21086]  INFO -- : [19b3619c-31cf-4023-a700-f924ed0a64ba] Started GET "/w.json?query=gausssss4&format_type=kento" for 35.78.85.136 at 2022-12-06 15:40:32 +0900
I, [2022-12-06T15:53:32.766146 #21084]  INFO -- : [464c34a5-099c-471b-92a3-d04952e90c6c] Started GET "/w.json?format_type=kento&query=Massanori" for 35.78.85.136 at 2022-12-06 15:53:32 +0900
I, [2022-12-06T15:54:04.163124 #21084]  INFO -- : [0d301e58-9666-4959-9cc8-a67849e76511] Started GET "/w.json?query=beniamo&format_type=kento" for 35.78.85.136 at 2022-12-06 15:54:04 +0900
I, [2022-12-06T15:54:05.178623 #21084]  INFO -- : [14a384ca-6d5c-4827-b873-82db8c5aaae9] Started GET "/w.json?query=supremo&format_type=kento" for 13.115.174.24 at 2022-12-06 15:54:05 +0900
I, [2022-12-06T15:54:05.212381 #21084]  INFO -- : [aab7847e-6792-412b-8283-34de7d206980] Started GET "/w.json?query=NOSTRIBRAVI&format_type=kento" for 3.112.42.174 at 2022-12-06 15:54:05 +0900
I, [2022-12-06T15:59:16.797288 #21084]  INFO -- : [e8d32293-b198-40a0-a97a-5d232d6afd71] Started GET "/w.json?query=hero2hoe2&format_type=kento" for 35.78.85.136 at 2022-12-06 15:59:16 +0900
I, [2022-12-06T15:59:21.803249 #21086]  INFO -- : [c3eebdf1-0bfb-4d15-814a-aab20e5a8144] Started GET "/w.json?query=hero2hoe2&format_type=kento" for 35.78.85.136 at 2022-12-06 15:59:21 +0900
I, [2022-12-06T15:59:41.325076 #21086]  INFO -- : [4b19db98-5423-434b-bb35-227cf943d8d8] Started GET "/w.json?query=hero2hoe2&format_type=kento" for 3.112.42.174 at 2022-12-06 15:59:41 +0900
I, [2022-12-06T16:03:18.951084 #21084]  INFO -- : [e7f52974-4943-4229-9aae-3cb0e88504d8] Started GET "/w.json?format_type=kento&query=TOMimunidaa" for 35.78.85.136 at 2022-12-06 16:03:18 +0900
I, [2022-12-06T16:05:58.867774 #21084]  INFO -- : [557d52fd-8b17-4c80-bae9-3698bfedd7a0] Started GET "/w.json?query=92_makoto&format_type=kento" for 35.78.85.136 at 2022-12-06 16:05:58 +0900
I, [2022-12-06T16:13:52.553141 #21086]  INFO -- : [21f4efea-ca19-42bb-97c2-94f940d2545d] Started GET "/w.json?query=arksdayo&format_type=kento" for 3.112.42.174 at 2022-12-06 16:13:52 +0900
I, [2022-12-06T16:14:24.887252 #21084]  INFO -- : [083c4304-3944-436d-a83e-cf049a4c9715] Started GET "/w.json?query=YpepY&format_type=kento" for 35.78.85.136 at 2022-12-06 16:14:24 +0900
I, [2022-12-06T16:20:37.423636 #21086]  INFO -- : [7fdc255e-7eeb-460e-96d2-68c32117cdc0] Started GET "/w.json?format_type=kento&query=wousworflex" for 35.78.85.136 at 2022-12-06 16:20:37 +0900
I, [2022-12-06T16:34:14.510359 #21084]  INFO -- : [ffc9551c-8811-4804-882e-264f12d1537e] Started GET "/w.json?query=arksdayo&format_type=kento" for 35.78.85.136 at 2022-12-06 16:34:14 +0900
I, [2022-12-06T16:41:17.007399 #21086]  INFO -- : [5ce6eff8-0599-4ee3-9a98-2f5b29c8750d] Started GET "/w.json?format_type=kento&query=Harutoromeo" for 35.74.67.15 at 2022-12-06 16:41:17 +0900
I, [2022-12-06T16:41:38.306757 #21086]  INFO -- : [45798f0b-3f2d-4f89-beff-fbc973f6b18b] Started GET "/w.json?query=marudedna&format_type=kento" for 35.74.67.15 at 2022-12-06 16:41:38 +0900
I, [2022-12-06T16:41:38.456433 #21084]  INFO -- : [fa8b2720-c9d2-41c5-8aae-de2e04fa8797] Started GET "/w.json?query=marudednm&format_type=kento" for 35.74.67.15 at 2022-12-06 16:41:38 +0900
I, [2022-12-06T16:41:39.299873 #21086]  INFO -- : [439b98fe-f8d8-47f5-9d5e-2e28d182e1b1] Started GET "/w.json?query=marudedng&format_type=kento" for 18.181.217.191 at 2022-12-06 16:41:39 +0900
I, [2022-12-06T16:41:39.307413 #21084]  INFO -- : [e03d5f8f-2b5d-466a-be2d-fd1899772d76] Started GET "/w.json?query=marudedne&format_type=kento" for 18.181.233.230 at 2022-12-06 16:41:39 +0900
I, [2022-12-06T16:41:39.320533 #21084]  INFO -- : [219911f6-614c-4ae7-ad00-e528896ba01e] Started GET "/w.json?query=marudednf&format_type=kento" for 18.181.190.79 at 2022-12-06 16:41:39 +0900
I, [2022-12-06T16:41:39.324178 #21086]  INFO -- : [52550192-6c35-4ed4-8722-3e8307dd6028] Started GET "/w.json?query=marudednd&format_type=kento" for 3.112.171.33 at 2022-12-06 16:41:39 +0900
I, [2022-12-06T16:41:39.387388 #21086]  INFO -- : [45553937-0e18-4d22-b3d4-35cbc2ca1bff] Started GET "/w.json?query=marudednb&format_type=kento" for 18.176.182.20 at 2022-12-06 16:41:39 +0900
I, [2022-12-06T16:44:16.932236 #21084]  INFO -- : [9901721d-0d50-4e32-86e0-c3d82924fa13] Started GET "/w.json?query=Kanato_A&format_type=kento" for 18.176.182.20 at 2022-12-06 16:44:16 +0900
I, [2022-12-06T16:52:54.942211 #21086]  INFO -- : [f3dca4e0-003c-464d-b957-be67e31e556f] Started GET "/w.json?format_type=kento&query=TOMimunidaa" for 18.181.190.79 at 2022-12-06 16:52:54 +0900
I, [2022-12-06T16:59:20.133589 #21084]  INFO -- : [1bbda7a1-e570-4fbe-b74d-3411146bba01] Started GET "/w.json?query=92_makoto&format_type=kento" for 18.181.190.79 at 2022-12-06 16:59:20 +0900
I, [2022-12-06T17:00:24.741222 #21084]  INFO -- : [3c5933c5-5603-4941-8d8f-e6cd03ca1f0c] Started GET "/w.json?query=hajime2022&format_type=kento" for 13.231.163.220 at 2022-12-06 17:00:24 +0900
I, [2022-12-06T17:07:50.164486 #21086]  INFO -- : [04e603f9-0f0c-45bf-a9ad-b8a82af4232c] Started GET "/w.json?format_type=kento&query=zgok36" for 13.231.163.220 at 2022-12-06 17:07:50 +0900
I, [2022-12-06T17:25:03.663083 #21084]  INFO -- : [cd2cfdad-4f4c-4afb-b278-6f4514f5fcf7] Started GET "/w.json?format_type=kento&query=5155Fe" for 52.194.187.227 at 2022-12-06 17:25:03 +0900
I, [2022-12-06T17:27:44.842838 #21084]  INFO -- : [f36a0db1-d5e7-4857-a285-bad937b1e150] Started GET "/w.json?query=anjelier&format_type=kento" for 13.231.163.220 at 2022-12-06 17:27:44 +0900
I, [2022-12-06T17:28:55.251577 #21086]  INFO -- : [bc654afa-8d60-48b5-b124-27e5d9c37bd2] Started GET "/w.json?format_type=kento&query=Massanori" for 13.231.163.220 at 2022-12-06 17:28:55 +0900
I, [2022-12-06T17:29:12.537527 #21084]  INFO -- : [02743897-9b1f-4d75-9c16-c95ee83835b8] Started GET "/w.json?query=anjelier&format_type=kento" for 13.231.163.220 at 2022-12-06 17:29:12 +0900
I, [2022-12-06T17:31:53.744005 #21084]  INFO -- : [adefdb76-2cb8-4c63-acf6-c0986f3a565a] Started GET "/w.json?query=UtadaHikaru&format_type=kento" for 52.194.187.227 at 2022-12-06 17:31:53 +0900
I, [2022-12-06T17:33:19.898087 #21086]  INFO -- : [130a6b46-ae50-4ad1-b1b2-631a5ff390d6] Started GET "/w.json?query=HokkaidoTom&format_type=kento" for 13.231.163.220 at 2022-12-06 17:33:19 +0900
I, [2022-12-06T17:33:20.901265 #21084]  INFO -- : [c5f95184-01d9-47c5-8db2-bb826f95606d] Started GET "/w.json?query=chikeichikei&format_type=kento" for 43.206.145.115 at 2022-12-06 17:33:20 +0900
I, [2022-12-06T17:33:20.904927 #21084]  INFO -- : [f37c33a8-5aad-4e1f-a24f-993cefd0db5a] Started GET "/w.json?query=akashin2426&format_type=kento" for 18.183.200.119 at 2022-12-06 17:33:20 +0900
I, [2022-12-06T17:33:20.935320 #21084]  INFO -- : [104a7f67-82a0-47e8-8ac7-19449357f964] Started GET "/w.json?query=ChikeiTom&format_type=kento" for 35.76.109.100 at 2022-12-06 17:33:20 +0900
I, [2022-12-06T17:36:25.825505 #21086]  INFO -- : [87e721f1-f342-4cbc-93d9-632753a23d9e] Started GET "/w.json?format_type=kento&query=moromoroZ" for 43.206.145.115 at 2022-12-06 17:36:25 +0900
I, [2022-12-06T17:47:39.032399 #21086]  INFO -- : [8fc53e6c-86da-4826-9027-d9fc3e502da2] Started GET "/w.json?query=marudedna&format_type=kento" for 43.206.130.2 at 2022-12-06 17:47:39 +0900
I, [2022-12-06T17:47:39.091072 #21086]  INFO -- : [a4fa1e5f-ad95-4c61-a778-e08cc93c63d6] Started GET "/w.json?query=marudedne&format_type=kento" for 35.73.225.186 at 2022-12-06 17:47:39 +0900
I, [2022-12-06T17:47:39.098620 #21084]  INFO -- : [0abba4c9-ce83-4701-87c3-cbcb221a9c2f] Started GET "/w.json?query=marudednb&format_type=kento" for 35.75.20.0 at 2022-12-06 17:47:39 +0900
I, [2022-12-06T17:47:39.104921 #21084]  INFO -- : [18127394-85f5-4096-a5d1-c7fe28a30086] Started GET "/w.json?query=marudedng&format_type=kento" for 52.198.139.235 at 2022-12-06 17:47:39 +0900
I, [2022-12-06T17:47:39.108251 #21086]  INFO -- : [a4c2ffcf-f5e7-4757-931c-bf330e914773] Started GET "/w.json?query=marudednf&format_type=kento" for 35.78.119.21 at 2022-12-06 17:47:39 +0900
I, [2022-12-06T17:47:39.132171 #21086]  INFO -- : [4e97cd7f-875a-4ae7-b346-fe5246528506] Started GET "/w.json?query=marudednm&format_type=kento" for 54.65.143.192 at 2022-12-06 17:47:39 +0900
I, [2022-12-06T17:47:39.144936 #21084]  INFO -- : [4c5378e7-f6fd-4725-8d3a-c6185d3f11cf] Started GET "/w.json?query=marudednd&format_type=kento" for 54.199.60.145 at 2022-12-06 17:47:39 +0900
I, [2022-12-06T17:47:40.578016 #21086]  INFO -- : [70a99a79-4c38-4f5d-a6f0-e075b582e069] Started GET "/w.json?query=marudedne&format_type=kento" for 54.199.60.145 at 2022-12-06 17:47:40 +0900
I, [2022-12-06T17:47:40.580744 #21084]  INFO -- : [2427ca96-171a-4d92-8b22-23459eb690ea] Started GET "/w.json?query=marudedng&format_type=kento" for 54.65.143.192 at 2022-12-06 17:47:40 +0900
I, [2022-12-06T17:47:40.583625 #21084]  INFO -- : [1fa2c012-2b02-4c23-8d44-d702dc2b10ae] Started GET "/w.json?query=marudednf&format_type=kento" for 35.73.225.186 at 2022-12-06 17:47:40 +0900
I, [2022-12-06T17:47:40.590333 #21086]  INFO -- : [cc1d023a-cc06-43cc-9f92-d33566fa858c] Started GET "/w.json?query=marudednm&format_type=kento" for 52.198.139.235 at 2022-12-06 17:47:40 +0900
I, [2022-12-06T17:47:40.591053 #21084]  INFO -- : [6e0d16bd-63d3-4b65-b9e7-ec0136f6552a] Started GET "/w.json?query=marudednd&format_type=kento" for 35.75.20.0 at 2022-12-06 17:47:40 +0900
I, [2022-12-06T17:47:40.592221 #21086]  INFO -- : [d88e22c5-cb45-427e-8633-6ec9fe3f7b02] Started GET "/w.json?query=marudednb&format_type=kento" for 35.78.119.21 at 2022-12-06 17:47:40 +0900
I, [2022-12-06T17:47:40.606353 #21086]  INFO -- : [103f6054-d2e5-4b4e-a1c0-1de24df462b4] Started GET "/w.json?query=marudedna&format_type=kento" for 43.206.145.115 at 2022-12-06 17:47:40 +0900
I, [2022-12-06T17:50:51.019861 #21084]  INFO -- : [2f551157-35f5-4744-9e56-3bec2bdca210] Started GET "/w.json?format_type=kento&query=sen03" for 54.199.60.145 at 2022-12-06 17:50:51 +0900
I, [2022-12-06T17:57:00.757313 #21086]  INFO -- : [749e62a1-457d-44a5-8541-d2be7d752f24] Started GET "/w.json?query=cx302020&format_type=kento" for 43.206.145.115 at 2022-12-06 17:57:00 +0900
I, [2022-12-06T17:57:00.818528 #21086]  INFO -- : [557de894-aa2a-4a84-abde-d8f2c2707f47] Started GET "/w.json?format_type=kento&query=1809708" for 35.78.119.21 at 2022-12-06 17:57:00 +0900
I, [2022-12-06T17:57:00.821858 #21086]  INFO -- : [8179b847-36ae-4e66-81d2-910a26028939] Started GET "/w.json?format_type=kento&query=1412222" for 35.75.20.0 at 2022-12-06 17:57:00 +0900
I, [2022-12-06T17:57:10.074017 #21084]  INFO -- : [a2ecd9c4-b435-47d4-b968-fbd3d0056325] Started GET "/w.json?format_type=kento&query=1412222" for 43.206.145.115 at 2022-12-06 17:57:10 +0900
I, [2022-12-06T17:57:10.089092 #21086]  INFO -- : [601c26b8-afb1-4c05-a1be-64eaeedf1a8f] Started GET "/w.json?query=cx302020&format_type=kento" for 35.78.119.21 at 2022-12-06 17:57:10 +0900
I, [2022-12-06T17:57:10.136136 #21086]  INFO -- : [89064e45-7680-484a-9177-bc2fc6fbc734] Started GET "/w.json?format_type=kento&query=1809708" for 35.75.20.0 at 2022-12-06 17:57:10 +0900
I, [2022-12-06T17:58:36.053345 #21084]  INFO -- : [4200634b-8970-450f-b614-4c4e14627a3f] Started GET "/w.json?format_type=kento&query=5155Fe" for 35.75.20.0 at 2022-12-06 17:58:36 +0900
I, [2022-12-06T18:01:05.254275 #21086]  INFO -- : [6cb0d995-93cc-4958-b53d-df5b5ab1c44a] Started GET "/w.json?query=bibi&format_type=kento" for 43.206.145.115 at 2022-12-06 18:01:05 +0900
I, [2022-12-06T18:01:05.263630 #21084]  INFO -- : [212d18a4-6e3d-45cc-978c-bff6a61519ee] Started GET "/w.json?format_type=kento&query=BSD" for 35.75.20.0 at 2022-12-06 18:01:05 +0900
I, [2022-12-06T18:06:00.092972 #21084]  INFO -- : [dae473ae-0333-4fc1-92cd-f12ea60cb268] Started GET "/w.json?query=mikipuruun&format_type=kento" for 35.75.20.0 at 2022-12-06 18:06:00 +0900
I, [2022-12-06T18:06:02.969019 #21084]  INFO -- : [551c3861-2f20-4af3-9e21-778023174552] Started GET "/w.json?query=mikipuruun&format_type=kento" for 43.206.145.115 at 2022-12-06 18:06:02 +0900
I, [2022-12-06T18:09:09.944137 #21084]  INFO -- : [ab10b225-6374-49c4-b5a4-48024bda7f60] Started GET "/w.json?format_type=kento&query=wousworflex" for 35.75.20.0 at 2022-12-06 18:09:09 +0900
I, [2022-12-06T18:12:58.282533 #21086]  INFO -- : [c62b679d-7bfb-4e8e-9818-8fda29004f39] Started GET "/w.json?query=mikipuruun&format_type=kento" for 43.206.145.115 at 2022-12-06 18:12:58 +0900
I, [2022-12-06T18:16:23.033519 #21086]  INFO -- : [93eb3425-c506-4dfc-84dd-26bd668f73fc] Started GET "/w.json?query=toki1946&format_type=kento" for 43.206.145.115 at 2022-12-06 18:16:23 +0900
I, [2022-12-06T18:18:38.623810 #21084]  INFO -- : [b6813a60-5f48-4276-bc77-74051c5e3577] Started GET "/w.json?query=mikipuruun&format_type=kento" for 43.206.145.115 at 2022-12-06 18:18:38 +0900
I, [2022-12-06T18:20:50.754828 #21084]  INFO -- : [ef399ed5-012d-435f-bdf2-5457da095229] Started GET "/w.json?format_type=kento&query=kichijr" for 43.206.145.115 at 2022-12-06 18:20:50 +0900
I, [2022-12-06T18:25:03.151771 #21086]  INFO -- : [e5fcb93e-efe3-41fc-9e91-8b7b0a0d45ee] Started GET "/w.json?query=mikipuruun&format_type=kento" for 43.206.145.115 at 2022-12-06 18:25:03 +0900
I, [2022-12-06T18:25:25.605678 #21086]  INFO -- : [7cb56b5f-a702-4c2d-813c-e8e04f1a12e8] Started GET "/w.json?query=musasabi2&format_type=kento" for 35.75.20.0 at 2022-12-06 18:25:25 +0900
I, [2022-12-06T18:25:31.862751 #21086]  INFO -- : [22ff85a4-b094-4a1b-85cb-8c0fbbffdb72] Started GET "/w.json?query=YpepY&format_type=kento" for 43.206.145.115 at 2022-12-06 18:25:31 +0900
I, [2022-12-06T18:28:37.418566 #21084]  INFO -- : [5a183146-d243-4516-80e7-694aed4e0114] Started GET "/w.json?query=Lesser_panda20&format_type=kento" for 43.206.145.115 at 2022-12-06 18:28:37 +0900
I, [2022-12-06T18:28:37.427635 #21086]  INFO -- : [604b0651-b691-4ccd-8253-973b2b829f9e] Started GET "/w.json?query=Tiffblue&format_type=kento" for 35.75.20.0 at 2022-12-06 18:28:37 +0900
I, [2022-12-06T18:28:38.369695 #21086]  INFO -- : [c7108681-6e3e-4a8b-aeac-686a4d986c4a] Started GET "/w.json?query=katsudon_kuitai&format_type=kento" for 43.206.103.189 at 2022-12-06 18:28:38 +0900
I, [2022-12-06T18:28:47.173340 #21086]  INFO -- : [7c472153-8dca-4dd9-8e14-d5eccd9514c1] Started GET "/w.json?query=Tiffblue&format_type=kento" for 35.75.20.0 at 2022-12-06 18:28:47 +0900
I, [2022-12-06T18:28:47.203803 #21086]  INFO -- : [a8118968-ba8a-4bf4-95bc-e54517a79bc0] Started GET "/w.json?query=katsudon_kuitai&format_type=kento" for 43.206.103.189 at 2022-12-06 18:28:47 +0900
I, [2022-12-06T18:28:48.168117 #21084]  INFO -- : [a4947be6-51b7-45bc-a88d-d53823c72f29] Started GET "/w.json?query=Lesser_panda20&format_type=kento" for 18.183.211.59 at 2022-12-06 18:28:48 +0900
I, [2022-12-06T18:28:57.112975 #21086]  INFO -- : [35632f1a-5479-48ed-ab10-4248333cf5fc] Started GET "/w.json?query=katsudon_kuitai&format_type=kento" for 43.206.145.115 at 2022-12-06 18:28:57 +0900
I, [2022-12-06T18:28:57.119231 #21084]  INFO -- : [9b39434f-1e1e-47ae-a2d9-48bd00b41e6d] Started GET "/w.json?query=Tiffblue&format_type=kento" for 35.75.20.0 at 2022-12-06 18:28:57 +0900
I, [2022-12-06T18:28:57.132488 #21086]  INFO -- : [a84c663e-3755-4bab-8f11-845463e7eb85] Started GET "/w.json?query=Lesser_panda20&format_type=kento" for 43.206.103.189 at 2022-12-06 18:28:57 +0900
I, [2022-12-06T18:28:59.337614 #21086]  INFO -- : [3eb84a86-993a-42f0-acb6-7705347b6182] Started GET "/w.json?query=kunito92&format_type=kento" for 35.75.20.0 at 2022-12-06 18:28:59 +0900
I, [2022-12-06T18:30:38.932656 #21086]  INFO -- : [38cface0-b059-4aa7-986e-de5343c91f63] Started GET "/w.json?format_type=kento&query=H_Kirara" for 35.75.20.0 at 2022-12-06 18:30:38 +0900
I, [2022-12-06T18:33:29.967911 #21084]  INFO -- : [e40e2b32-d79f-43ba-aa67-e4d04a8f06c4] Started GET "/w.json?query=mikipuruun&format_type=kento" for 43.206.145.115 at 2022-12-06 18:33:29 +0900
I, [2022-12-06T18:38:26.737002 #21086]  INFO -- : [7be52145-456c-42be-ab9b-327497a35c6e] Started GET "/w.json?format_type=kento&query=wousworflex" for 43.206.145.115 at 2022-12-06 18:38:26 +0900
I, [2022-12-06T18:40:06.362514 #21086]  INFO -- : [1a22f57e-1ad5-4fa5-8777-266832e32c12] Started GET "/w.json?query=mikipuruun&format_type=kento" for 35.75.20.0 at 2022-12-06 18:40:06 +0900
I, [2022-12-06T18:43:59.119952 #21084]  INFO -- : [d53cd2fe-e766-427e-ad3d-899d6c423980] Started GET "/w.json?format_type=kento&query=satomi187" for 35.75.20.0 at 2022-12-06 18:43:59 +0900
I, [2022-12-06T18:44:58.468441 #21086]  INFO -- : [6509379a-9049-4c71-9218-9f2b88b00e6c] Started GET "/w.json?query=mikipuruun&format_type=kento" for 43.206.145.115 at 2022-12-06 18:44:58 +0900
I, [2022-12-06T18:47:55.984379 #21086]  INFO -- : [c739dc33-92cc-4f84-bdad-583f82e61afe] Started GET "/w.json?format_type=kento&query=Kohainusan" for 35.75.20.0 at 2022-12-06 18:47:55 +0900
I, [2022-12-06T18:48:32.925522 #21086]  INFO -- : [0d498611-c903-4590-bb4c-84d3872fd12a] Started GET "/w.json?format_type=kento&query=asa2yoru" for 54.250.75.176 at 2022-12-06 18:48:32 +0900
I, [2022-12-06T18:52:03.497190 #21084]  INFO -- : [34422187-dcd3-4a1e-9ff8-cdc0eff0ff6a] Started GET "/w.json?format_type=kento&query=dcsyhi2" for 43.206.142.111 at 2022-12-06 18:52:03 +0900
I, [2022-12-06T18:52:06.765431 #21086]  INFO -- : [5c4eb39c-aa6f-4c6f-9b82-286680211cc5] Started GET "/w.json?query=sunsunpapa&format_type=kento" for 18.183.59.67 at 2022-12-06 18:52:06 +0900
I, [2022-12-06T18:52:06.788949 #21086]  INFO -- : [1bdb414a-cb8e-452a-9784-2ce9e99424a8] Started GET "/w.json?query=ahirusan&format_type=kento" for 35.77.53.116 at 2022-12-06 18:52:06 +0900
I, [2022-12-06T18:54:55.921786 #21086]  INFO -- : [d3f714a3-e8ab-480f-8484-1b27ecc7938d] Started GET "/w.json?query=Tiffblue&format_type=kento" for 43.206.142.111 at 2022-12-06 18:54:55 +0900
I, [2022-12-06T18:54:55.924268 #21086]  INFO -- : [fa8fa9b1-028e-4154-b29d-15ec34ac1ea4] Started GET "/w.json?query=Lesser_panda20&format_type=kento" for 18.183.59.67 at 2022-12-06 18:54:55 +0900
I, [2022-12-06T18:54:55.964829 #21086]  INFO -- : [92bb8a87-a9e3-46e2-a92a-afd35104e2c4] Started GET "/w.json?query=katsudon_kuitai&format_type=kento" for 35.75.20.0 at 2022-12-06 18:54:55 +0900
I, [2022-12-06T18:55:00.674660 #21086]  INFO -- : [4b3402ff-4ad0-4961-ad69-aebd91e7fddc] Started GET "/w.json?query=Tiffblue&format_type=kento" for 43.206.142.111 at 2022-12-06 18:55:00 +0900
I, [2022-12-06T18:55:00.682836 #21084]  INFO -- : [3184810e-bce2-4335-945b-16364c3a0c23] Started GET "/w.json?query=Lesser_panda20&format_type=kento" for 35.75.20.0 at 2022-12-06 18:55:00 +0900
I, [2022-12-06T18:55:00.688957 #21086]  INFO -- : [0688179e-88e5-45de-aa1c-ec85dad5570b] Started GET "/w.json?query=katsudon_kuitai&format_type=kento" for 18.183.59.67 at 2022-12-06 18:55:00 +0900
I, [2022-12-06T18:55:01.892174 #21084]  INFO -- : [57788a49-72b2-47f1-93e5-6bfecaefc941] Started GET "/w.json?query=Tiffblue&format_type=kento" for 18.183.59.67 at 2022-12-06 18:55:01 +0900
I, [2022-12-06T18:55:01.896580 #21086]  INFO -- : [33e8f9f4-1e29-479a-bd32-60158c21c9f3] Started GET "/w.json?query=katsudon_kuitai&format_type=kento" for 35.75.20.0 at 2022-12-06 18:55:01 +0900
I, [2022-12-06T18:55:01.899783 #21086]  INFO -- : [ad89959e-2cb8-4f5b-9f52-6b406e7c4b23] Started GET "/w.json?query=Lesser_panda20&format_type=kento" for 43.206.142.111 at 2022-12-06 18:55:01 +0900
I, [2022-12-06T18:55:02.945698 #21084]  INFO -- : [4476a0fe-cdf5-4fe3-b9a8-f29952e86d1e] Started GET "/w.json?query=Lesser_panda20&format_type=kento" for 35.75.20.0 at 2022-12-06 18:55:02 +0900
I, [2022-12-06T18:55:02.950541 #21086]  INFO -- : [47852798-fe97-464a-8b0f-5ac7bc3efcad] Started GET "/w.json?query=katsudon_kuitai&format_type=kento" for 43.206.142.111 at 2022-12-06 18:55:02 +0900
I, [2022-12-06T18:55:02.958371 #21086]  INFO -- : [4eb1e9d9-92ed-466c-bf57-7dc50a740a62] Started GET "/w.json?query=Tiffblue&format_type=kento" for 18.183.59.67 at 2022-12-06 18:55:02 +0900
I, [2022-12-06T18:55:52.758446 #21086]  INFO -- : [d8ecc815-0c31-4138-81c4-fde74310b82e] Started GET "/w.json?query=mikipuruun&format_type=kento" for 35.75.20.0 at 2022-12-06 18:55:52 +0900
I, [2022-12-06T19:00:07.526545 #21084]  INFO -- : [28c17192-4324-4893-a58a-04cd9839d61a] Started GET "/w.json?query=mikipuruun&format_type=kento" for 35.75.20.0 at 2022-12-06 19:00:07 +0900
I, [2022-12-06T19:03:00.860317 #21086]  INFO -- : [0b9e92d1-e8d5-43ae-a240-48a30a86110d] Started GET "/w.json?format_type=kento&query=H_Kirara" for 43.206.142.111 at 2022-12-06 19:03:00 +0900
I, [2022-12-06T19:03:18.785965 #21084]  INFO -- : [393e231e-d342-49ca-837b-c2d2ae04f244] Started GET "/w.json?format_type=kento&query=satomi187" for 43.206.142.111 at 2022-12-06 19:03:18 +0900
I, [2022-12-06T19:04:24.278516 #21086]  INFO -- : [a86cf394-c08a-4a2c-abd0-79dacfdabe40] Started GET "/w.json?format_type=kento&query=makirinpanax" for 43.206.142.111 at 2022-12-06 19:04:24 +0900
I, [2022-12-06T19:05:04.002904 #21084]  INFO -- : [f61e6700-11cb-4d70-8431-c60056e1c911] Started GET "/w.json?query=UtadaHikaru&format_type=kento" for 35.75.20.0 at 2022-12-06 19:05:04 +0900
I, [2022-12-06T19:05:04.016562 #21086]  INFO -- : [48379c4c-9ce0-41c6-accc-60e7a461fcc0] Started GET "/w.json?query=SASUKEKO&format_type=kento" for 18.183.59.67 at 2022-12-06 19:05:04 +0900
I, [2022-12-06T19:05:06.609956 #21084]  INFO -- : [46739211-dac0-4c75-b961-6f287795e01e] Started GET "/w.json?query=SASUKEKO&format_type=kento" for 18.183.59.67 at 2022-12-06 19:05:06 +0900
I, [2022-12-06T19:05:06.613579 #21084]  INFO -- : [c01bada8-bf1a-421a-aaa8-3def1e62aa21] Started GET "/w.json?query=UtadaHikaru&format_type=kento" for 35.75.20.0 at 2022-12-06 19:05:06 +0900
I, [2022-12-06T19:06:37.958500 #21084]  INFO -- : [0b35e995-36df-4fe1-b2d9-53946459536c] Started GET "/w.json?query=mikipuruun&format_type=kento" for 35.75.20.0 at 2022-12-06 19:06:37 +0900
I, [2022-12-06T19:11:31.891553 #21086]  INFO -- : [df0d26e4-3a35-4cf3-a1a3-ca40cef9f965] Started GET "/w.json?query=Anzanshi&format_type=kento" for 18.183.59.67 at 2022-12-06 19:11:31 +0900
I, [2022-12-06T19:12:23.390601 #21084]  INFO -- : [3b3a7990-18eb-4756-a83e-5a568f56d0b0] Started GET "/w.json?query=Anzanshi&format_type=kento" for 35.75.20.0 at 2022-12-06 19:12:23 +0900
I, [2022-12-06T19:16:26.455781 #21086]  INFO -- : [503ed22d-0446-4544-b7ac-93e5dd8a2d7f] Started GET "/w.json?query=hirofumiyasu&format_type=kento" for 18.183.59.67 at 2022-12-06 19:16:26 +0900
I, [2022-12-06T19:17:40.247787 #21084]  INFO -- : [e53d0b4c-0410-4674-8b62-e55801427fab] Started GET "/w.json?query=avekko&format_type=kento" for 18.183.59.67 at 2022-12-06 19:17:40 +0900
I, [2022-12-06T19:19:18.742919 #21084]  INFO -- : [0523b22e-b1b2-495e-b701-b69f88d8f97a] Started GET "/w.json?format_type=kento&query=InaBauer" for 35.75.20.0 at 2022-12-06 19:19:18 +0900
I, [2022-12-06T19:20:21.790617 #21086]  INFO -- : [1733474e-59e9-4d34-b9d9-ab37cb6941dc] Started GET "/w.json?query=Tiffblue&format_type=kento" for 35.75.20.0 at 2022-12-06 19:20:21 +0900
I, [2022-12-06T19:20:21.791430 #21084]  INFO -- : [bfab2518-a6b1-4882-82c3-a7cbd41612a1] Started GET "/w.json?query=Lesser_panda20&format_type=kento" for 18.183.59.67 at 2022-12-06 19:20:21 +0900
I, [2022-12-06T19:20:22.874823 #21084]  INFO -- : [dd78483d-bdae-4140-98c1-38e3b55010bc] Started GET "/w.json?query=katsudon_kuitai&format_type=kento" for 13.115.181.77 at 2022-12-06 19:20:22 +0900
I, [2022-12-06T19:20:27.805600 #21086]  INFO -- : [5c5c9b46-ed3d-428f-9ab1-70f370e8738a] Started GET "/w.json?query=Lesser_panda20&format_type=kento" for 13.115.181.77 at 2022-12-06 19:20:27 +0900
I, [2022-12-06T19:20:27.817841 #21086]  INFO -- : [2ad8399c-bbe0-4af6-b205-16c1f0b0dcc0] Started GET "/w.json?query=Tiffblue&format_type=kento" for 35.75.20.0 at 2022-12-06 19:20:27 +0900
I, [2022-12-06T19:20:27.819706 #21086]  INFO -- : [c20b6292-d87e-422f-b198-a72f7a9e8ba2] Started GET "/w.json?query=katsudon_kuitai&format_type=kento" for 18.183.59.67 at 2022-12-06 19:20:27 +0900
I, [2022-12-06T19:20:30.360711 #21086]  INFO -- : [bc84e535-8b0d-4642-9f7b-63130049009a] Started GET "/w.json?query=Lesser_panda20&format_type=kento" for 18.183.59.67 at 2022-12-06 19:20:30 +0900
I, [2022-12-06T19:20:30.363486 #21086]  INFO -- : [42b1f8be-fcad-443c-b9b3-4a570467a6ed] Started GET "/w.json?query=Tiffblue&format_type=kento" for 13.115.181.77 at 2022-12-06 19:20:30 +0900
I, [2022-12-06T19:20:30.364087 #21084]  INFO -- : [592a5b63-0611-4a46-95fa-a98862dd8ef7] Started GET "/w.json?query=katsudon_kuitai&format_type=kento" for 35.75.20.0 at 2022-12-06 19:20:30 +0900
I, [2022-12-06T19:20:31.414207 #21086]  INFO -- : [9b8ba21a-79ab-43b7-af13-275e1ed332bc] Started GET "/w.json?query=Tiffblue&format_type=kento" for 18.183.59.67 at 2022-12-06 19:20:31 +0900
I, [2022-12-06T19:20:31.421360 #21084]  INFO -- : [d728fb7d-aa37-49b8-b2d0-7a9ca10591d9] Started GET "/w.json?query=katsudon_kuitai&format_type=kento" for 35.75.20.0 at 2022-12-06 19:20:31 +0900
I, [2022-12-06T19:20:31.451467 #21086]  INFO -- : [7ba466e2-6177-4f92-90a0-df0aeb499820] Started GET "/w.json?query=Lesser_panda20&format_type=kento" for 13.115.181.77 at 2022-12-06 19:20:31 +0900
I, [2022-12-06T19:20:32.721936 #21086]  INFO -- : [2df672b8-8d0a-4e19-805c-3012d36b4d43] Started GET "/w.json?query=Tiffblue&format_type=kento" for 18.183.59.67 at 2022-12-06 19:20:32 +0900
I, [2022-12-06T19:20:32.723223 #21084]  INFO -- : [2c51486c-ac28-4aa8-a59b-dc1223b8e48f] Started GET "/w.json?query=katsudon_kuitai&format_type=kento" for 35.75.20.0 at 2022-12-06 19:20:32 +0900
I, [2022-12-06T19:20:32.725232 #21086]  INFO -- : [ed096a81-6e7d-4ea9-a564-a913de73ec48] Started GET "/w.json?query=Lesser_panda20&format_type=kento" for 13.115.181.77 at 2022-12-06 19:20:32 +0900
I, [2022-12-06T19:20:33.695487 #21086]  INFO -- : [29b23d6c-c09f-4a1d-8f83-642ff3ba2ad6] Started GET "/w.json?query=Tiffblue&format_type=kento" for 13.115.181.77 at 2022-12-06 19:20:33 +0900
I, [2022-12-06T19:20:33.697134 #21084]  INFO -- : [10ae5f10-f23d-4bf4-a01a-73dbab698633] Started GET "/w.json?query=Lesser_panda20&format_type=kento" for 18.183.59.67 at 2022-12-06 19:20:33 +0900
I, [2022-12-06T19:20:33.706371 #21086]  INFO -- : [3465b6cc-cefc-4e7c-8beb-2ad08a87d87f] Started GET "/w.json?query=katsudon_kuitai&format_type=kento" for 35.75.20.0 at 2022-12-06 19:20:33 +0900
