I, [2023-01-22T07:03:12.863053 #6794]  INFO -- : [3530625e-9fd2-46fc-b410-162c1e3915a4] Started GET "/w.json?query=SASUKEKO&format_type=kento" for 52.192.185.13 at 2023-01-22 07:03:12 +0900
I, [2023-01-22T07:11:49.948112 #6794]  INFO -- : [d9202147-26a2-437e-a1ef-aa5f3e291dce] Started GET "/w.json?format_type=kento&query=BomberKengo" for 13.231.37.145 at 2023-01-22 07:11:49 +0900
I, [2023-01-22T07:15:35.634788 #6794]  INFO -- : [53c39bbd-ba4b-4851-b6fe-cb6d444c6fed] Started GET "/w.json?query=UtadaHikaru&format_type=kento" for 13.231.37.145 at 2023-01-22 07:15:35 +0900
I, [2023-01-22T07:15:35.681020 #6794]  INFO -- : [7d85f34c-cd0c-4a60-a798-f22e3fbdb4c7] Started GET "/w.json?query=SASUKEKO&format_type=kento" for 52.192.185.13 at 2023-01-22 07:15:35 +0900
I, [2023-01-22T07:17:07.168403 #6794]  INFO -- : [fb6554b0-c528-4bff-b44b-cd0aa9d2617f] Started GET "/w.json?format_type=kento&query=Massanori" for 52.192.185.13 at 2023-01-22 07:17:07 +0900
I, [2023-01-22T07:17:32.416695 #6794]  INFO -- : [109d962c-5400-411a-bb32-ea78cb65996e] Started GET "/w.json?query=UtadaHikaru&format_type=kento" for 52.192.185.13 at 2023-01-22 07:17:32 +0900
I, [2023-01-22T07:17:32.454601 #6794]  INFO -- : [f25b7537-b23b-4f31-9846-691897db5919] Started GET "/w.json?query=SASUKEKO&format_type=kento" for 13.231.37.145 at 2023-01-22 07:17:32 +0900
I, [2023-01-22T07:21:16.410589 #20300]  INFO -- : [ca651cf7-829f-4c09-9ade-2c1e219049b8] Started GET "/w.json?query=match0511&format_type=kento" for 13.231.37.145 at 2023-01-22 07:21:16 +0900
I, [2023-01-22T07:21:16.443554 #6794]  INFO -- : [d9e82c21-28c0-435f-920e-979933b8adcc] Started GET "/w.json?query=match0100&format_type=kento" for 52.192.185.13 at 2023-01-22 07:21:16 +0900
I, [2023-01-22T07:22:36.726799 #6794]  INFO -- : [1a3492d3-3bc6-4d2a-b8b0-40372245f5f0] Started GET "/w.json?format_type=kento&query=Massanori" for 13.231.115.156 at 2023-01-22 07:22:36 +0900
I, [2023-01-22T07:25:12.478345 #6794]  INFO -- : [6e432936-64a4-40d2-b9db-93be547ac9ee] Started GET "/w.json?query=uvalaw2010&format_type=kento" for 13.231.37.145 at 2023-01-22 07:25:12 +0900
I, [2023-01-22T07:30:18.379786 #6794]  INFO -- : [5b9f052f-b12b-4c65-9a95-9c6fffb8ed20] Started GET "/w.json?query=0ni34&format_type=kento" for 13.231.37.145 at 2023-01-22 07:30:18 +0900
I, [2023-01-22T07:30:42.292374 #20300]  INFO -- : [f68f5936-01b8-4cda-839b-0084d89fa2f2] Started GET "/w.json?query=SASUKEKO&format_type=kento" for 13.231.37.145 at 2023-01-22 07:30:42 +0900
I, [2023-01-22T07:30:42.293337 #6794]  INFO -- : [ecaa6b58-4942-4856-8c2d-e51ebfe84cc7] Started GET "/w.json?query=UtadaHikaru&format_type=kento" for 13.231.115.156 at 2023-01-22 07:30:42 +0900
I, [2023-01-22T07:33:10.960852 #6794]  INFO -- : [6a5b489b-e027-4fe7-bf33-bc3aec0fec75] Started GET "/w.json?query=fukurouzzz&format_type=kento" for 13.231.37.145 at 2023-01-22 07:33:10 +0900
I, [2023-01-22T07:34:07.690518 #6794]  INFO -- : [a05cf00c-224a-4f21-8ec8-0ee894b0dd02] Started GET "/w.json?format_type=kento&query=N_H_K" for 13.231.37.145 at 2023-01-22 07:34:07 +0900
I, [2023-01-22T07:34:07.702634 #6794]  INFO -- : [9089d8ae-175d-409f-9973-ba7ca5f49a3a] Started GET "/w.json?format_type=kento&query=PonaKishin" for 13.231.115.156 at 2023-01-22 07:34:07 +0900
I, [2023-01-22T07:34:08.809128 #6794]  INFO -- : [01e016ca-9386-4e3c-a710-56c06f0e1ab9] Started GET "/w.json?format_type=kento&query=tokudakenshi" for 13.231.123.32 at 2023-01-22 07:34:08 +0900
I, [2023-01-22T07:36:09.406102 #20300]  INFO -- : [98891cea-e482-4ba0-9cc6-dad278fc47b3] Started GET "/w.json?query=UtadaHikaru&format_type=kento" for 13.231.123.32 at 2023-01-22 07:36:09 +0900
I, [2023-01-22T07:36:09.432545 #6794]  INFO -- : [ad7e1a76-5ec4-43ef-9d7d-1dc6a9b158f6] Started GET "/w.json?query=SASUKEKO&format_type=kento" for 13.231.37.145 at 2023-01-22 07:36:09 +0900
I, [2023-01-22T07:39:09.796390 #20300]  INFO -- : [6248e738-77c0-4120-bed8-7700b561fbe1] Started GET "/w.json?format_type=kento&query=Massanori" for 13.231.37.145 at 2023-01-22 07:39:09 +0900
I, [2023-01-22T07:41:51.455203 #6794]  INFO -- : [a5edcf6a-220e-4dcb-99cf-57ec24552fd8] Started GET "/w.json?query=UtadaHikaru&format_type=kento" for 13.231.37.145 at 2023-01-22 07:41:51 +0900
I, [2023-01-22T07:41:51.460463 #20300]  INFO -- : [e1f56dbc-3c86-4c05-aeed-165c3461f3f0] Started GET "/w.json?query=SASUKEKO&format_type=kento" for 13.231.123.32 at 2023-01-22 07:41:51 +0900
I, [2023-01-22T07:59:13.533107 #6794]  INFO -- : [96b6d573-06ab-4dd4-8eeb-0b9e840faaf6] Started GET "/w.json?query=mauser&format_type=kento" for 13.231.123.32 at 2023-01-22 07:59:13 +0900
I, [2023-01-22T08:00:11.287812 #20300]  INFO -- : [2aa71efd-c316-4a5e-9416-716eebd5de86] Started GET "/w.json?format_type=kento&query=Massanori" for 43.207.57.242 at 2023-01-22 08:00:11 +0900
I, [2023-01-22T08:01:20.239321 #20300]  INFO -- : [b573f41c-c257-46e1-bc84-a3cae13c17a5] Started GET "/w.json?query=lat39&format_type=kento" for 13.231.123.32 at 2023-01-22 08:01:20 +0900
I, [2023-01-22T08:06:48.421951 #6794]  INFO -- : [6170a55c-a053-4f32-8f67-1d45f64d7e6d] Started GET "/w.json?query=kunito92&format_type=kento" for 43.207.57.242 at 2023-01-22 08:06:48 +0900
I, [2023-01-22T08:09:54.021494 #20300]  INFO -- : [b663e215-3ccd-4f07-a9cd-10d8d89471ba] Started GET "/w.json?query=uvalaw2010&format_type=kento" for 43.207.57.242 at 2023-01-22 08:09:54 +0900
I, [2023-01-22T08:11:49.176309 #6794]  INFO -- : [cf4b746e-6617-4e91-a104-349f6349d9a9] Started GET "/w.json?format_type=kento&query=dcsyhi2" for 3.113.181.225 at 2023-01-22 08:11:49 +0900
I, [2023-01-22T08:17:00.326424 #20300]  INFO -- : [fd0e9005-c59a-4d6e-a281-f2cf46605246] Started GET "/w.json?query=SASUKEKO&format_type=kento" for 43.207.57.242 at 2023-01-22 08:17:00 +0900
I, [2023-01-22T08:17:00.377879 #6794]  INFO -- : [f8a840fc-5260-4f03-924e-27d7053d73c5] Started GET "/w.json?query=UtadaHikaru&format_type=kento" for 3.113.181.225 at 2023-01-22 08:17:00 +0900
I, [2023-01-22T08:17:12.351439 #20300]  INFO -- : [9fc664dc-1f10-4f16-af3a-6e1961c0bb37] Started GET "/w.json?format_type=kento&query=H_Kirara" for 3.113.181.225 at 2023-01-22 08:17:12 +0900
I, [2023-01-22T08:21:09.773842 #20300]  INFO -- : [23e5cc30-2274-45dc-959d-6e0a4c949138] Started GET "/w.json?format_type=kento&query=dcsyhi2" for 3.113.181.225 at 2023-01-22 08:21:09 +0900
I, [2023-01-22T08:28:10.829176 #6794]  INFO -- : [b79ecc6d-804b-40d7-9e81-9f5afcb0d071] Started GET "/w.json?query=MEGUT&format_type=kento" for 3.113.181.225 at 2023-01-22 08:28:10 +0900
I, [2023-01-22T08:31:11.953930 #20300]  INFO -- : [4782c27f-b9fc-450b-be42-ea7fec7b3086] Started GET "/w.json?query=MEGUT&format_type=kento" for 43.207.57.242 at 2023-01-22 08:31:11 +0900
I, [2023-01-22T08:34:10.446635 #20300]  INFO -- : [8d309c8d-d767-4957-bd8b-c85353824bec] Started GET "/w.json?query=gausssss4&format_type=kento" for 43.207.57.242 at 2023-01-22 08:34:10 +0900
I, [2023-01-22T08:40:00.151433 #20300]  INFO -- : [ced5cb7c-48b1-4fcd-96aa-ff95151533b9] Started GET "/w.json?query=MEGUT&format_type=kento" for 3.113.181.225 at 2023-01-22 08:40:00 +0900
I, [2023-01-22T08:49:32.246637 #6794]  INFO -- : [3757dee1-af4d-4448-9fcd-b2055416e009] Started GET "/w.json?query=Mochamocha1&format_type=kento" for 43.207.57.242 at 2023-01-22 08:49:32 +0900
I, [2023-01-22T08:56:31.560878 #6794]  INFO -- : [982869b4-2c63-47d8-949a-9ec86ef07c34] Started GET "/w.json?query=bonjin&format_type=kento" for 43.207.57.242 at 2023-01-22 08:56:31 +0900
I, [2023-01-22T08:56:58.339263 #20300]  INFO -- : [c90831e1-d6e1-4f81-a854-ff73d5ae65ea] Started GET "/w.json?query=Kanato_A&format_type=kento" for 43.207.57.242 at 2023-01-22 08:56:58 +0900
I, [2023-01-22T08:57:05.546282 #20300]  INFO -- : [d59e72b3-4305-4869-b416-b1efbdc008f7] Started GET "/w.json?query=MEGUT&format_type=kento" for 43.207.57.242 at 2023-01-22 08:57:05 +0900
I, [2023-01-22T08:58:40.108851 #20300]  INFO -- : [ecb37b9b-8ecb-45b5-9093-62924ce0078a] Started GET "/w.json?query=jinguji36&format_type=kento" for 43.207.57.242 at 2023-01-22 08:58:40 +0900
I, [2023-01-22T09:03:32.955741 #6794]  INFO -- : [90ffd82a-c025-472d-a86b-54bb7dfe844d] Started GET "/w.json?query=MEGUT&format_type=kento" for 3.113.181.225 at 2023-01-22 09:03:32 +0900
I, [2023-01-22T09:11:12.499490 #20300]  INFO -- : [2ce893bd-708d-4a56-a20e-9a06a9124f16] Started GET "/w.json?query=gausssss4&format_type=kento" for 3.113.181.225 at 2023-01-22 09:11:12 +0900
I, [2023-01-22T09:11:58.907831 #6794]  INFO -- : [3c363925-dc44-45d6-8384-a565edb02020] Started GET "/w.json?query=MEGUT&format_type=kento" for 3.113.181.225 at 2023-01-22 09:11:58 +0900
I, [2023-01-22T09:18:33.672791 #20300]  INFO -- : [92ebb56b-d060-4722-b4e1-8da4ec209fe2] Started GET "/w.json?query=MEGUT&format_type=kento" for 3.113.181.225 at 2023-01-22 09:18:33 +0900
I, [2023-01-22T09:24:52.190971 #6794]  INFO -- : [42bdc2f5-4c09-4bd7-8147-a1949a43ce78] Started GET "/w.json?query=MEGUT&format_type=kento" for 43.207.57.242 at 2023-01-22 09:24:52 +0900
I, [2023-01-22T09:26:53.116566 #20300]  INFO -- : [bc3d0778-428c-4a22-a9e6-863f9a58b7d0] Started GET "/w.json?query=uvalaw2010&format_type=kento" for 43.207.57.242 at 2023-01-22 09:26:53 +0900
I, [2023-01-22T09:30:09.006370 #6794]  INFO -- : [1b307343-6e48-43ab-bc2d-39ee491669d4] Started GET "/w.json?query=MEGUT&format_type=kento" for 43.207.57.242 at 2023-01-22 09:30:09 +0900
I, [2023-01-22T09:34:25.537934 #6794]  INFO -- : [fb36617d-4cb9-4f0b-afba-5cce7e356baf] Started GET "/w.json?query=MEGUT&format_type=kento" for 43.207.57.242 at 2023-01-22 09:34:25 +0900
I, [2023-01-22T09:38:01.768730 #6794]  INFO -- : [b2e07e6a-ed07-44c5-89a5-61193a4caa27] Started GET "/w.json?query=Yokaibaka&format_type=kento" for 3.113.181.225 at 2023-01-22 09:38:01 +0900
I, [2023-01-22T09:43:50.150003 #20300]  INFO -- : [2f4d0664-804d-43dd-ade8-3d0034a9084c] Started GET "/w.json?query=toki1946&format_type=kento" for 3.113.181.225 at 2023-01-22 09:43:50 +0900
I, [2023-01-22T10:04:15.897089 #20300]  INFO -- : [0b81f67a-1d7d-4515-a8ff-0b7b73f36660] Started GET "/w.json?query=sawahide&format_type=kento" for 43.207.78.47 at 2023-01-22 10:04:15 +0900
I, [2023-01-22T10:04:15.922951 #20300]  INFO -- : [1c8bffdf-e7da-4425-ad6a-1811f61cd539] Started GET "/w.json?query=blackheat&format_type=kento" for 3.113.181.225 at 2023-01-22 10:04:15 +0900
I, [2023-01-22T10:04:36.275040 #20300]  INFO -- : [f169af5a-b73b-4502-9d2e-ec8aa8b8f795] Started GET "/w.json?format_type=kento&query=newkasu" for 43.207.78.47 at 2023-01-22 10:04:36 +0900
I, [2023-01-22T10:04:36.280018 #6794]  INFO -- : [e451e032-c626-489f-903c-1a9340766446] Started GET "/w.json?format_type=kento&query=vinyufi" for 3.113.181.225 at 2023-01-22 10:04:36 +0900
I, [2023-01-22T10:11:18.502077 #6794]  INFO -- : [1a9f21bb-2068-4c2f-9bf3-57a7e1d31abb] Started GET "/w.json?query=fukurouzzz&format_type=kento" for 54.168.197.162 at 2023-01-22 10:11:18 +0900
I, [2023-01-22T10:18:43.606829 #20300]  INFO -- : [3f2678fe-0bf9-44b5-8dfe-34392a9bbed8] Started GET "/w.json?query=kitesurf&format_type=kento" for 54.250.182.192 at 2023-01-22 10:18:43 +0900
I, [2023-01-22T10:20:05.855227 #6794]  INFO -- : [ab13824c-185e-42b8-9c85-937445f531f5] Started GET "/w.json?query=kitesurf&format_type=kento" for 54.168.197.162 at 2023-01-22 10:20:05 +0900
I, [2023-01-22T10:21:05.637951 #6794]  INFO -- : [910ee523-629f-4754-a565-ff06da17a85b] Started GET "/w.json?query=kitesurf&format_type=kento" for 54.168.197.162 at 2023-01-22 10:21:05 +0900
I, [2023-01-22T10:22:37.409793 #20300]  INFO -- : [1eef7a4a-db26-4c87-98d2-1029839999ca] Started GET "/w.json?query=SASUKEKO&format_type=kento" for 54.250.182.192 at 2023-01-22 10:22:37 +0900
I, [2023-01-22T10:24:16.754820 #20300]  INFO -- : [8bd2eab8-00b8-4114-88e2-bdeb1f4d813e] Started GET "/w.json?query=kitesurf&format_type=kento" for 54.168.197.162 at 2023-01-22 10:24:16 +0900
I, [2023-01-22T10:24:57.090175 #20300]  INFO -- : [728c00ac-ccab-4ceb-b528-f812ff563c49] Started GET "/w.json?query=Lesser_panda20&format_type=kento" for 54.168.197.162 at 2023-01-22 10:24:57 +0900
I, [2023-01-22T10:24:57.134173 #6794]  INFO -- : [74357222-d62f-4330-9519-484935a25d89] Started GET "/w.json?query=Tiffblue&format_type=kento" for 54.250.182.192 at 2023-01-22 10:24:57 +0900
I, [2023-01-22T10:24:58.150082 #6794]  INFO -- : [29f49e91-36bc-467c-a912-7408650fe1a8] Started GET "/w.json?query=katsudon_kuitai&format_type=kento" for 54.250.97.140 at 2023-01-22 10:24:58 +0900
I, [2023-01-22T10:26:54.708054 #20300]  INFO -- : [4b46306b-b93a-463d-8de5-70ea01ac045b] Started GET "/w.json?query=kitesurf&format_type=kento" for 54.250.97.140 at 2023-01-22 10:26:54 +0900
I, [2023-01-22T10:27:28.734946 #20300]  INFO -- : [0d71d70e-09b7-4031-b71c-d84ae8801073] Started GET "/w.json?query=Lesser_panda20&format_type=kento" for 54.168.197.162 at 2023-01-22 10:27:28 +0900
I, [2023-01-22T10:27:28.747560 #20300]  INFO -- : [269efac0-b364-4421-98bb-b519513f2661] Started GET "/w.json?query=Tiffblue&format_type=kento" for 54.250.97.140 at 2023-01-22 10:27:28 +0900
I, [2023-01-22T10:27:28.782912 #20300]  INFO -- : [ac839736-7963-48b2-aba9-2416ad6c5a97] Started GET "/w.json?query=katsudon_kuitai&format_type=kento" for 54.250.182.192 at 2023-01-22 10:27:28 +0900
I, [2023-01-22T10:28:59.815408 #20300]  INFO -- : [4473867b-f171-4d43-a886-769b1a1f453a] Started GET "/w.json?query=wanganzin&format_type=kento" for 54.250.97.140 at 2023-01-22 10:28:59 +0900
I, [2023-01-22T10:39:55.089535 #20300]  INFO -- : [026a72c6-e621-422a-9435-c8233dcd8821] Started GET "/w.json?format_type=kento&query=chunchun18" for 54.250.182.192 at 2023-01-22 10:39:55 +0900
I, [2023-01-22T10:40:58.463022 #6794]  INFO -- : [d12506e0-fd83-48b7-a066-278acd2d3a6b] Started GET "/w.json?format_type=kento&query=taolum" for 54.250.182.192 at 2023-01-22 10:40:58 +0900
I, [2023-01-22T10:43:00.900152 #6794]  INFO -- : [c447a6b0-d7ce-4b4a-b69e-ec2a487281b4] Started GET "/w.json?query=lat39&format_type=kento" for 54.168.197.162 at 2023-01-22 10:43:00 +0900
I, [2023-01-22T10:43:21.015021 #6794]  INFO -- : [8de69145-3617-4a28-966c-9e0d449a4deb] Started GET "/w.json?format_type=kento&query=Harutoromeo" for 35.77.48.239 at 2023-01-22 10:43:21 +0900
I, [2023-01-22T10:45:27.975924 #6794]  INFO -- : [aa22e74f-5878-4874-b99d-7c0785b3a37a] Started GET "/w.json?query=nuts2&format_type=kento" for 54.168.197.162 at 2023-01-22 10:45:27 +0900
I, [2023-01-22T10:57:18.806421 #6794]  INFO -- : [4bf106d2-5c69-4c8a-aa6e-020f08819260] Started GET "/w.json?format_type=kento&query=qrol" for 35.78.170.227 at 2023-01-22 10:57:18 +0900
I, [2023-01-22T10:57:18.829271 #6794]  INFO -- : [c3375692-f08a-4fdf-aa64-fbb255819976] Started GET "/w.json?format_type=kento&query=tdloos" for 35.75.15.121 at 2023-01-22 10:57:18 +0900
I, [2023-01-22T11:05:40.227354 #20300]  INFO -- : [23f2aaec-baef-4783-9cfa-25d45375481e] Started GET "/w.json?format_type=kento&query=circadian" for 35.78.170.227 at 2023-01-22 11:05:40 +0900
I, [2023-01-22T11:05:41.282559 #20300]  INFO -- : [e67e5269-771a-4ad6-8556-e432558e78ed] Started GET "/w.json?format_type=kento&query=circadian5" for 18.181.111.146 at 2023-01-22 11:05:41 +0900
I, [2023-01-22T11:08:51.515364 #20300]  INFO -- : [cbda9aac-25da-4873-875a-e5b6e2945319] Started GET "/w.json?query=UtadaHikaru&format_type=kento" for 18.181.111.146 at 2023-01-22 11:08:51 +0900
I, [2023-01-22T11:10:17.942768 #6794]  INFO -- : [cd7f6197-c3b8-4d3a-b51f-dfa2c4ccd2a4] Started GET "/w.json?query=ako373&format_type=kento" for 18.181.111.146 at 2023-01-22 11:10:17 +0900
I, [2023-01-22T11:20:58.722705 #20300]  INFO -- : [33a833a4-326f-458b-9127-3fe26073150e] Started GET "/w.json?format_type=kento&query=dcsyhi2" for 35.78.170.227 at 2023-01-22 11:20:58 +0900
I, [2023-01-22T11:21:57.788752 #6794]  INFO -- : [884965b5-8f85-4fa1-ad24-11e1f096a1cb] Started GET "/w.json?query=2022June5&format_type=kento" for 54.250.177.169 at 2023-01-22 11:21:57 +0900
I, [2023-01-22T11:21:57.850486 #20300]  INFO -- : [160de3e6-ea9b-4738-bcf5-285c931fb262] Started GET "/w.json?query=yuzutarosan&format_type=kento" for 46.51.231.73 at 2023-01-22 11:21:57 +0900
I, [2023-01-22T11:21:57.946614 #20300]  INFO -- : [d8a92462-babb-4e7f-8ee9-0a901083cd1e] Started GET "/w.json?query=yuzusato2014&format_type=kento" for 3.115.15.177 at 2023-01-22 11:21:57 +0900
I, [2023-01-22T11:29:19.188683 #20300]  INFO -- : [ab7c79da-be72-49fc-9bf5-85313cfe2513] Started GET "/w.json?query=uttita&format_type=kento" for 3.115.15.177 at 2023-01-22 11:29:19 +0900
I, [2023-01-22T11:29:20.556449 #6794]  INFO -- : [e1131fb4-9d4f-46fb-a80a-ef7b69d1631f] Started GET "/w.json?query=okadai_no_kuzu&format_type=kento" for 3.114.6.146 at 2023-01-22 11:29:20 +0900
I, [2023-01-22T11:31:02.145558 #20300]  INFO -- : [871fb359-d607-428d-8c6e-135418c4e914] Started GET "/w.json?query=2022June5&format_type=kento" for 3.115.15.177 at 2023-01-22 11:31:02 +0900
I, [2023-01-22T11:31:02.169171 #20300]  INFO -- : [48a14993-6c8f-49bd-8d04-e4c5b8290a3c] Started GET "/w.json?query=yuzusato2014&format_type=kento" for 35.78.170.227 at 2023-01-22 11:31:02 +0900
I, [2023-01-22T11:31:03.227551 #20300]  INFO -- : [8dc0d62c-7fa7-4b04-8ca9-8318df70ffd9] Started GET "/w.json?query=yuzutarosan&format_type=kento" for 35.75.10.222 at 2023-01-22 11:31:03 +0900
I, [2023-01-22T11:31:43.005867 #6794]  INFO -- : [c885b295-b157-431f-8091-bb9deebbb072] Started GET "/w.json?query=kitesurf&format_type=kento" for 35.75.10.222 at 2023-01-22 11:31:43 +0900
I, [2023-01-22T11:36:20.928445 #6794]  INFO -- : [8c22b174-84fb-4af6-b757-c8a78abc967b] Started GET "/w.json?format_type=kento&query=Aphrody2" for 54.248.140.63 at 2023-01-22 11:36:20 +0900
I, [2023-01-22T11:38:25.874250 #6794]  INFO -- : [ad852e5e-2535-444f-85b3-9a23289d4895] Started GET "/w.json?query=hakuyoutu&format_type=kento" for 35.78.170.227 at 2023-01-22 11:38:25 +0900
I, [2023-01-22T11:38:25.881054 #20300]  INFO -- : [6b30a0ad-7b7f-4de3-9edb-202ca5717ea7] Started GET "/w.json?query=BOUYATETSU5&format_type=kento" for 3.114.6.146 at 2023-01-22 11:38:25 +0900
I, [2023-01-22T11:38:25.893931 #6794]  INFO -- : [d6ed1363-9b3d-4151-b787-5b69dbb769de] Started GET "/w.json?query=MurachanLions&format_type=kento" for 3.115.15.177 at 2023-01-22 11:38:25 +0900
I, [2023-01-22T11:38:26.983714 #6794]  INFO -- : [bc82e39b-7637-4ca7-89a1-02ac8f9bd9d0] Started GET "/w.json?query=TOBE_CHAN&format_type=kento" for 35.77.22.154 at 2023-01-22 11:38:26 +0900
I, [2023-01-22T11:41:23.070424 #6794]  INFO -- : [23aa11a1-47c1-4890-96b2-65be307d6f22] Started GET "/w.json?format_type=kento&query=tatsukiabe" for 3.114.6.146 at 2023-01-22 11:41:23 +0900
I, [2023-01-22T11:42:24.427362 #6794]  INFO -- : [7e1a110d-25d5-4f55-a1f9-cfe39aa2123c] Started GET "/w.json?query=TOBE_CHAN&format_type=kento" for 35.77.22.154 at 2023-01-22 11:42:24 +0900
I, [2023-01-22T11:42:24.427841 #20300]  INFO -- : [213a86b8-2839-4206-810e-cced243fce7e] Started GET "/w.json?query=hakuyoutu&format_type=kento" for 3.114.6.146 at 2023-01-22 11:42:24 +0900
I, [2023-01-22T11:42:24.430430 #6794]  INFO -- : [69bfbc62-6a54-48c9-a3f3-033cf020ebca] Started GET "/w.json?query=MurachanLions&format_type=kento" for 3.115.15.177 at 2023-01-22 11:42:24 +0900
I, [2023-01-22T11:42:24.440885 #6794]  INFO -- : [cbf9fd73-71b3-4242-a22d-82f210492530] Started GET "/w.json?query=BOUYATETSU5&format_type=kento" for 35.78.170.227 at 2023-01-22 11:42:24 +0900
I, [2023-01-22T11:42:32.490620 #20300]  INFO -- : [7c76efc9-919f-4054-957b-a15c2ca8457c] Started GET "/w.json?query=MEGUT&format_type=kento" for 35.78.170.227 at 2023-01-22 11:42:32 +0900
I, [2023-01-22T11:50:57.589000 #6794]  INFO -- : [38efeba1-a6c6-4c14-a621-59e23c494eb4] Started GET "/w.json?query=nao0048&format_type=kento" for 3.114.6.146 at 2023-01-22 11:50:57 +0900
I, [2023-01-22T11:55:10.374159 #20300]  INFO -- : [1f8303ea-e092-49a4-b3a2-1fb99ab74fd2] Started GET "/w.json?query=Yoshi_TYM&format_type=kento" for 3.114.6.146 at 2023-01-22 11:55:10 +0900
I, [2023-01-22T11:57:25.452966 #6794]  INFO -- : [ce0d17b0-4252-48a6-88e4-e62d160abf71] Started GET "/w.json?query=UtadaHikaru&format_type=kento" for 3.114.6.146 at 2023-01-22 11:57:25 +0900
I, [2023-01-22T11:57:25.453476 #20300]  INFO -- : [acaa9e4c-d5c2-4594-9afe-fb42bab81dc6] Started GET "/w.json?query=SASUKEKO&format_type=kento" for 35.78.170.227 at 2023-01-22 11:57:25 +0900
I, [2023-01-22T11:59:18.145433 #6794]  INFO -- : [4f34d5c0-78aa-40a9-8891-3114863aef45] Started GET "/w.json?format_type=kento&query=tedy1" for 43.207.66.113 at 2023-01-22 11:59:18 +0900
I, [2023-01-22T12:00:37.589678 #20300]  INFO -- : [0bd66dae-a394-4ec3-bd52-a770a0a46c92] Started GET "/w.json?format_type=kento&query=yamayu_atm" for 3.114.6.146 at 2023-01-22 12:00:37 +0900
I, [2023-01-22T12:06:21.635238 #20300]  INFO -- : [801c2fe8-6306-4765-ae83-de1321b682ae] Started GET "/w.json?query=ignisfatuus&format_type=kento" for 3.114.6.146 at 2023-01-22 12:06:21 +0900
I, [2023-01-22T12:06:37.968318 #6794]  INFO -- : [c6c4ebb6-4699-4bc8-a7c5-ffe5a9f1e2f9] Started GET "/w.json?query=musasabi2&format_type=kento" for 43.207.66.113 at 2023-01-22 12:06:37 +0900
I, [2023-01-22T12:08:29.555443 #6794]  INFO -- : [ccda5ffc-8b33-4d94-a817-afb30df15ecc] Started GET "/w.json?query=SASUKEKO&format_type=kento" for 3.114.6.146 at 2023-01-22 12:08:29 +0900
I, [2023-01-22T12:08:29.575917 #6794]  INFO -- : [606f7221-1b27-4bfd-a4cc-ebf54b1e0819] Started GET "/w.json?query=UtadaHikaru&format_type=kento" for 43.207.66.113 at 2023-01-22 12:08:29 +0900
I, [2023-01-22T12:08:47.232023 #20300]  INFO -- : [aa3bb282-1812-4606-a009-27be03e1a7f7] Started GET "/w.json?format_type=kento&query=Aphrody2" for 3.114.6.146 at 2023-01-22 12:08:47 +0900
I, [2023-01-22T12:11:31.894608 #20300]  INFO -- : [29a7bf03-6bf7-4d92-b689-3116db0648fe] Started GET "/w.json?query=musasabi2&format_type=kento" for 43.207.66.113 at 2023-01-22 12:11:31 +0900
I, [2023-01-22T12:11:35.362937 #20300]  INFO -- : [5934f601-d8c8-436b-8087-cd189eb95f6d] Started GET "/w.json?query=hajime2022&format_type=kento" for 43.207.66.113 at 2023-01-22 12:11:35 +0900
I, [2023-01-22T12:11:44.290847 #6794]  INFO -- : [75e5be67-d269-459b-8320-f623b0cd79bd] Started GET "/w.json?format_type=kento&query=yamayu_atm" for 43.207.66.113 at 2023-01-22 12:11:44 +0900
I, [2023-01-22T12:12:40.657555 #20300]  INFO -- : [b566e47b-c615-4be4-98cb-a39871530a44] Started GET "/w.json?query=hajime2022&format_type=kento" for 43.207.66.113 at 2023-01-22 12:12:40 +0900
I, [2023-01-22T12:15:29.020149 #6794]  INFO -- : [6ffc3a92-1e88-4471-9455-b75a28585217] Started GET "/w.json?query=MEGUT&format_type=kento" for 43.207.66.113 at 2023-01-22 12:15:29 +0900
I, [2023-01-22T12:17:44.302509 #6794]  INFO -- : [e81909c0-dd03-4599-ab6a-02c37673c2be] Started GET "/w.json?query=snowman0324&format_type=kento" for 3.114.6.146 at 2023-01-22 12:17:44 +0900
I, [2023-01-22T12:18:46.533916 #20300]  INFO -- : [0100eb2d-47cb-40bd-ba22-8605ddec53c9] Started GET "/w.json?format_type=kento&query=GarlicToast2029" for 43.207.66.113 at 2023-01-22 12:18:46 +0900
I, [2023-01-22T12:19:02.359157 #20300]  INFO -- : [3687124d-2118-4e70-ae07-d2b6ca1e01e7] Started GET "/w.json?query=gtjmt444&format_type=kento" for 3.114.6.146 at 2023-01-22 12:19:02 +0900
I, [2023-01-22T12:20:37.829009 #20300]  INFO -- : [e462b174-2d1f-4924-be3e-59855b1070e6] Started GET "/w.json?query=ROXAS&format_type=kento" for 43.207.66.113 at 2023-01-22 12:20:37 +0900
I, [2023-01-22T12:21:14.664844 #20300]  INFO -- : [15bbdb57-fc0c-4d9a-9e17-cb9d576e4421] Started GET "/w.json?query=tenzo9&format_type=kento" for 43.207.66.113 at 2023-01-22 12:21:14 +0900
I, [2023-01-22T12:22:56.708051 #20300]  INFO -- : [0fe45984-adb2-4663-9598-88bc02967b6a] Started GET "/w.json?query=snowman0324&format_type=kento" for 3.114.6.146 at 2023-01-22 12:22:56 +0900
I, [2023-01-22T12:24:30.688236 #20300]  INFO -- : [9d25dee6-cd3c-4078-8555-e4514338da28] Started GET "/w.json?query=ako373&format_type=kento" for 3.114.6.146 at 2023-01-22 12:24:30 +0900
I, [2023-01-22T12:26:36.011030 #6794]  INFO -- : [deca4b3d-105f-423b-ada2-b015c8df3b9d] Started GET "/w.json?format_type=kento&query=TOMimunidaa" for 43.207.66.113 at 2023-01-22 12:26:36 +0900
I, [2023-01-22T12:27:51.700137 #20300]  INFO -- : [c110c926-1078-4a50-9734-c205cac3c973] Started GET "/w.json?format_type=kento&query=Aphrody2" for 43.207.66.113 at 2023-01-22 12:27:51 +0900
I, [2023-01-22T12:29:42.183891 #6794]  INFO -- : [74d2fede-67cb-4b06-b23a-08bc29d7b71f] Started GET "/w.json?query=MEGUT&format_type=kento" for 43.207.66.113 at 2023-01-22 12:29:42 +0900
I, [2023-01-22T12:29:42.534704 #6794]  INFO -- : [a71a941c-805f-44e3-ae33-742072e9dcff] Started GET "/w.json?query=ignisfatuus&format_type=kento" for 3.114.6.146 at 2023-01-22 12:29:42 +0900
I, [2023-01-22T12:35:51.815397 #20300]  INFO -- : [4c585a4c-ede2-490a-9959-98225561d44c] Started GET "/w.json?format_type=kento&query=Aphrody2" for 43.207.66.113 at 2023-01-22 12:35:51 +0900
I, [2023-01-22T12:37:12.490092 #6794]  INFO -- : [74be16b3-5ade-4b44-b5f2-7b05071262e0] Started GET "/w.json?query=komuginDX&format_type=kento" for 43.207.66.113 at 2023-01-22 12:37:12 +0900
I, [2023-01-22T12:48:14.698854 #6794]  INFO -- : [bac8dcdb-a274-4373-a127-d13d826172cd] Started GET "/w.json?query=nondakure_lawer&format_type=kento" for 43.207.66.113 at 2023-01-22 12:48:14 +0900
I, [2023-01-22T12:49:15.288736 #20300]  INFO -- : [48067930-8c05-464c-9f55-e40125460d59] Started GET "/w.json?query=arksdayo&format_type=kento" for 43.207.66.113 at 2023-01-22 12:49:15 +0900
I, [2023-01-22T12:53:29.082989 #20300]  INFO -- : [5b67c38e-edb4-4769-a3fb-0bcb76ea6118] Started GET "/w.json?query=uvalaw2010&format_type=kento" for 13.231.186.219 at 2023-01-22 12:53:29 +0900
I, [2023-01-22T12:55:42.276094 #6794]  INFO -- : [54ca1d8e-e667-4683-882e-2fec53f21133] Started GET "/w.json?format_type=kento&query=GarlicToast2029" for 43.207.49.83 at 2023-01-22 12:55:42 +0900
I, [2023-01-22T12:56:52.163102 #20300]  INFO -- : [46d304da-31bf-412b-acbf-132471653bba] Started GET "/w.json?query=bakusansan&format_type=kento" for 43.207.66.113 at 2023-01-22 12:56:52 +0900
I, [2023-01-22T12:57:55.327769 #20300]  INFO -- : [bc18a422-83f3-4914-bf6f-5d04127781d7] Started GET "/w.json?query=Yoshi_TYM&format_type=kento" for 43.207.49.83 at 2023-01-22 12:57:55 +0900
I, [2023-01-22T13:02:00.333836 #6794]  INFO -- : [ec63af4e-bdc7-436d-84be-d9867feffb14] Started GET "/w.json?query=Anzanshi&format_type=kento" for 43.207.49.83 at 2023-01-22 13:02:00 +0900
I, [2023-01-22T13:03:50.288803 #6794]  INFO -- : [ae85154a-fb5f-4286-866c-4438f5285a1e] Started GET "/w.json?format_type=kento&query=tedy1" for 43.207.49.83 at 2023-01-22 13:03:50 +0900
I, [2023-01-22T13:04:01.251821 #20300]  INFO -- : [c407b12f-3bbb-4c89-82d3-70dc82a3d4eb] Started GET "/w.json?query=kitesurf&format_type=kento" for 43.207.49.83 at 2023-01-22 13:04:01 +0900
I, [2023-01-22T13:04:49.493776 #6794]  INFO -- : [a198a142-5141-4f9b-8023-f038c4faa4df] Started GET "/w.json?query=MEGUT&format_type=kento" for 13.231.186.219 at 2023-01-22 13:04:49 +0900
I, [2023-01-22T13:05:54.617581 #20300]  INFO -- : [128b60c4-ef92-4a0c-8a06-d87ca926bbee] Started GET "/w.json?query=Yuuchan1560&format_type=kento" for 43.207.66.113 at 2023-01-22 13:05:54 +0900
I, [2023-01-22T13:09:26.680791 #20300]  INFO -- : [b2048407-d7b7-4b84-bf32-d42e4ffb2793] Started GET "/w.json?query=kitesurf&format_type=kento" for 43.207.49.83 at 2023-01-22 13:09:26 +0900
I, [2023-01-22T13:13:33.292822 #20300]  INFO -- : [005a306a-5337-4056-b05e-382536562e9f] Started GET "/w.json?query=uvalaw2010&format_type=kento" for 43.207.49.83 at 2023-01-22 13:13:33 +0900
I, [2023-01-22T13:14:47.644454 #6794]  INFO -- : [31508bbe-2b68-45c6-bc12-139211883b1a] Started GET "/w.json?format_type=kento&query=uvwXYzg" for 43.207.66.113 at 2023-01-22 13:14:47 +0900
I, [2023-01-22T13:15:58.344083 #20300]  INFO -- : [517fc936-35b0-4600-9b3c-c40a62429205] Started GET "/w.json?format_type=kento&query=littletwoos" for 43.207.66.113 at 2023-01-22 13:15:58 +0900
I, [2023-01-22T13:15:58.381372 #6794]  INFO -- : [d67072b8-5e80-4959-8bd0-4a9439681f8f] Started GET "/w.json?query=saitokyoko46&format_type=kento" for 13.231.186.219 at 2023-01-22 13:15:58 +0900
I, [2023-01-22T13:18:38.528833 #6794]  INFO -- : [b3e18dd2-dcd1-460b-8130-559f615935dd] Started GET "/w.json?query=Yuuchan1560&format_type=kento" for 43.207.66.113 at 2023-01-22 13:18:38 +0900
I, [2023-01-22T13:19:13.178695 #20300]  INFO -- : [84d288d1-51ee-4e08-bfe7-54b7faa802ba] Started GET "/w.json?format_type=kento&query=AshIm5816" for 43.207.66.113 at 2023-01-22 13:19:13 +0900
I, [2023-01-22T13:21:08.726492 #6794]  INFO -- : [19648d1e-a7ff-436b-9186-f059b3d12545] Started GET "/w.json?query=arksdayo&format_type=kento" for 43.207.49.83 at 2023-01-22 13:21:08 +0900
I, [2023-01-22T13:26:38.932942 #6794]  INFO -- : [2073367c-9e2a-4199-9f04-1c56213204d2] Started GET "/w.json?query=Kanato_A&format_type=kento" for 43.207.66.113 at 2023-01-22 13:26:38 +0900
I, [2023-01-22T13:30:46.974854 #20300]  INFO -- : [02d27089-9edc-4b51-aec7-048b8190ce57] Started GET "/w.json?query=BLUE_ALICE&format_type=kento" for 43.207.66.113 at 2023-01-22 13:30:46 +0900
I, [2023-01-22T13:38:19.224710 #6794]  INFO -- : [e67a3901-c891-4781-85df-100a5ed5448e] Started GET "/w.json?format_type=kento&query=espresso_cafe" for 43.207.116.231 at 2023-01-22 13:38:19 +0900
I, [2023-01-22T13:41:08.408515 #20300]  INFO -- : [be39b6ea-034d-4bfa-86fb-b5232c57c430] Started GET "/w.json?query=hinopapa&format_type=kento" for 43.207.116.231 at 2023-01-22 13:41:08 +0900
I, [2023-01-22T13:46:38.725151 #6794]  INFO -- : [79a36025-9bc5-4536-ac40-194a35d6c00d] Started GET "/w.json?query=BLUE_ALICE&format_type=kento" for 13.230.39.199 at 2023-01-22 13:46:38 +0900
I, [2023-01-22T13:51:59.487073 #20300]  INFO -- : [322e16b0-41c1-4f29-b631-62566c4e6344] Started GET "/w.json?query=toki1946&format_type=kento" for 13.230.39.199 at 2023-01-22 13:51:59 +0900
I, [2023-01-22T13:54:32.371858 #6794]  INFO -- : [60929677-eaa1-4f86-aecb-850aeab19e4f] Started GET "/w.json?query=UtadaHikaru&format_type=kento" for 54.250.60.216 at 2023-01-22 13:54:32 +0900
I, [2023-01-22T13:58:24.970270 #20300]  INFO -- : [fd949931-0064-44e4-b889-522ac6f89065] Started GET "/w.json?query=wkane&format_type=kento" for 13.230.39.199 at 2023-01-22 13:58:24 +0900
I, [2023-01-22T14:04:40.104158 #6794]  INFO -- : [225fd977-5ac4-44d1-b6f4-5393981d075e] Started GET "/w.json?query=uvalaw2010&format_type=kento" for 13.230.39.199 at 2023-01-22 14:04:40 +0900
I, [2023-01-22T14:04:53.086591 #20300]  INFO -- : [ddc36740-aa55-4549-abff-7482c0121ebf] Started GET "/w.json?query=gausssss4&format_type=kento" for 54.250.60.216 at 2023-01-22 14:04:53 +0900
I, [2023-01-22T14:07:06.648885 #20300]  INFO -- : [e79361d2-1ad2-4b61-bb94-ef881bc0c90e] Started GET "/w.json?query=atomic_235&format_type=kento" for 13.230.39.199 at 2023-01-22 14:07:06 +0900
I, [2023-01-22T14:10:52.422882 #6794]  INFO -- : [d6c417ba-6066-412e-a439-99a7e5c087f1] Started GET "/w.json?format_type=kento&query=espresso_cafe" for 13.230.39.199 at 2023-01-22 14:10:52 +0900
I, [2023-01-22T14:12:46.909163 #20300]  INFO -- : [8c17e2af-a831-4b3c-a327-0e079a819e37] Started GET "/w.json?query=lat39&format_type=kento" for 54.250.60.216 at 2023-01-22 14:12:46 +0900
I, [2023-01-22T14:13:47.470577 #20300]  INFO -- : [484852ac-cf75-4730-b574-fb8d7a305ab4] Started GET "/w.json?query=UtadaHikaru&format_type=kento" for 13.230.39.199 at 2023-01-22 14:13:47 +0900
I, [2023-01-22T14:15:30.175531 #6794]  INFO -- : [b2c85965-b91a-435e-812b-f19c1cb9d437] Started GET "/w.json?query=Ket0N&format_type=kento" for 13.230.39.199 at 2023-01-22 14:15:30 +0900
I, [2023-01-22T14:16:39.510735 #20300]  INFO -- : [5112d851-79e2-475a-8fd9-c75ef3d1c1e3] Started GET "/w.json?query=ako373&format_type=kento" for 54.250.60.216 at 2023-01-22 14:16:39 +0900
I, [2023-01-22T14:17:51.583350 #6794]  INFO -- : [8b364f5d-a5e5-4344-9952-0bf70e08acb3] Started GET "/w.json?query=pabelu&format_type=kento" for 54.250.60.216 at 2023-01-22 14:17:51 +0900
I, [2023-01-22T14:26:50.648436 #20300]  INFO -- : [a5d2e674-78c3-4fc4-967a-dc5629d7a51d] Started GET "/w.json?query=avekko&format_type=kento" for 54.250.60.216 at 2023-01-22 14:26:50 +0900
I, [2023-01-22T14:28:08.728715 #6794]  INFO -- : [9ed826cb-1777-47d5-ace1-58050ac139d2] Started GET "/w.json?format_type=kento&query=5155Fe" for 54.250.60.216 at 2023-01-22 14:28:08 +0900
I, [2023-01-22T14:28:12.503208 #20300]  INFO -- : [1426f17f-0ede-4cca-9382-b401a292d3f1] Started GET "/w.json?format_type=kento&query=yamayu_atm" for 54.250.60.216 at 2023-01-22 14:28:12 +0900
I, [2023-01-22T14:29:30.928384 #6794]  INFO -- : [7aff92a9-40fd-469c-b0cb-ccf31372f23f] Started GET "/w.json?format_type=kento&query=borealis" for 13.230.39.199 at 2023-01-22 14:29:30 +0900
I, [2023-01-22T14:32:04.201883 #6794]  INFO -- : [fbbf697e-ad38-4c14-a79f-cf9e63f39e95] Started GET "/w.json?query=UtadaHikaru&format_type=kento" for 13.230.39.199 at 2023-01-22 14:32:04 +0900
I, [2023-01-22T14:39:54.929463 #20300]  INFO -- : [d6b7737d-e317-4c4b-bfb0-b3bf8419e584] Started GET "/w.json?query=Maitankurou4&format_type=kento" for 13.230.39.199 at 2023-01-22 14:39:54 +0900
I, [2023-01-22T14:39:54.939585 #6794]  INFO -- : [777930a1-81a1-4163-b182-ddc8d4fe3ab9] Started GET "/w.json?query=Yu_masa10&format_type=kento" for 54.250.60.216 at 2023-01-22 14:39:54 +0900
I, [2023-01-22T14:48:49.307292 #20300]  INFO -- : [01d0208c-b8e9-4749-881b-071eda53c51a] Started GET "/w.json?format_type=kento&query=TOMIELZ" for 13.230.39.199 at 2023-01-22 14:48:49 +0900
I, [2023-01-22T14:48:50.311281 #20300]  INFO -- : [8b2c4f4a-987c-4243-8fd7-369995a54f77] Started GET "/w.json?format_type=kento&query=tomiel_o" for 43.207.44.79 at 2023-01-22 14:48:50 +0900
I, [2023-01-22T14:48:50.435745 #6794]  INFO -- : [a31acab2-cdcc-4fac-abc2-f230a6830344] Started GET "/w.json?query=tomiel&format_type=kento" for 3.115.19.77 at 2023-01-22 14:48:50 +0900
I, [2023-01-22T14:50:14.606300 #6794]  INFO -- : [602c3373-f890-4b58-87d3-547f746d337e] Started GET "/w.json?query=kimatora&format_type=kento" for 3.115.19.77 at 2023-01-22 14:50:14 +0900
I, [2023-01-22T14:50:28.996731 #20300]  INFO -- : [c603e5c9-d79a-4262-b7bb-c035dba7b8d9] Started GET "/w.json?format_type=kento&query=littletwoos" for 54.250.60.216 at 2023-01-22 14:50:28 +0900
I, [2023-01-22T14:50:29.059633 #20300]  INFO -- : [752e898a-d30f-4071-ac07-33e0471da61d] Started GET "/w.json?query=saitokyoko46&format_type=kento" for 43.207.44.79 at 2023-01-22 14:50:29 +0900
I, [2023-01-22T14:52:05.198634 #6794]  INFO -- : [94412bde-549d-4b04-a597-a6a91aa8886d] Started GET "/w.json?query=2022June5&format_type=kento" for 54.250.60.216 at 2023-01-22 14:52:05 +0900
I, [2023-01-22T14:52:05.202448 #20300]  INFO -- : [1e2a75ec-a3e8-4d1c-b2a2-1c28f3feca07] Started GET "/w.json?query=yuzusato2014&format_type=kento" for 13.230.39.199 at 2023-01-22 14:52:05 +0900
I, [2023-01-22T14:52:06.273183 #20300]  INFO -- : [dcca5cd7-60b6-4a4b-9f28-f06f363c748e] Started GET "/w.json?query=yuzutarosan&format_type=kento" for 13.231.188.229 at 2023-01-22 14:52:06 +0900
I, [2023-01-22T15:03:00.389448 #6794]  INFO -- : [58ef422c-c0b1-4e67-8994-e7104f57bd2f] Started GET "/w.json?query=lat39&format_type=kento" for 43.206.139.62 at 2023-01-22 15:03:00 +0900
I, [2023-01-22T15:03:35.949716 #6794]  INFO -- : [52ca6756-5a77-46b8-adda-ab6863427d29] Started GET "/w.json?query=shikegori0908&format_type=kento" for 18.181.218.63 at 2023-01-22 15:03:35 +0900
I, [2023-01-22T15:05:09.213239 #6794]  INFO -- : [c52d2f45-f30d-43fe-917e-526e6e526447] Started GET "/w.json?query=532641298&format_type=kento" for 18.181.218.63 at 2023-01-22 15:05:09 +0900
I, [2023-01-22T15:05:24.295589 #6794]  INFO -- : [824f97e7-2de5-4101-a329-67ea6247aad7] Started GET "/w.json?query=Maitankurou4&format_type=kento" for 18.181.218.63 at 2023-01-22 15:05:24 +0900
I, [2023-01-22T15:05:24.302130 #6794]  INFO -- : [d8d5f328-81c3-4ff0-839c-eef3b0be8254] Started GET "/w.json?query=Yu_masa10&format_type=kento" for 54.248.19.211 at 2023-01-22 15:05:24 +0900
I, [2023-01-22T15:06:44.181686 #20300]  INFO -- : [092e151e-fec2-41a3-9fe0-29c294eefecb] Started GET "/w.json?query=SanchaBeer&format_type=kento" for 54.248.19.211 at 2023-01-22 15:06:44 +0900
I, [2023-01-22T15:06:53.766307 #6794]  INFO -- : [0a99e85a-aac0-4bc8-9395-062d051060c6] Started GET "/w.json?query=Maitankurou4&format_type=kento" for 54.248.19.211 at 2023-01-22 15:06:53 +0900
I, [2023-01-22T15:06:53.772610 #6794]  INFO -- : [58a31258-6f5b-4cfe-b284-8872d86bb585] Started GET "/w.json?query=Yu_masa10&format_type=kento" for 18.181.218.63 at 2023-01-22 15:06:53 +0900
I, [2023-01-22T15:08:46.254683 #20300]  INFO -- : [4ac447a1-b26d-4da4-b3f2-831fe56cdd99] Started GET "/w.json?format_type=kento&query=doyancha" for 54.248.19.211 at 2023-01-22 15:08:46 +0900
I, [2023-01-22T15:11:13.749555 #20300]  INFO -- : [13c0840a-1b16-49da-b53b-8fdd3edc32f6] Started GET "/w.json?query=kimatora&format_type=kento" for 54.248.19.211 at 2023-01-22 15:11:13 +0900
I, [2023-01-22T15:13:07.034331 #6794]  INFO -- : [d2db5a5d-dc89-4823-a82e-319dc07f67c9] Started GET "/w.json?format_type=kento&query=uvwXYzg" for 54.248.19.211 at 2023-01-22 15:13:07 +0900
I, [2023-01-22T15:13:25.286766 #6794]  INFO -- : [17e8cd17-2eed-4710-98dd-b9bc026c06e1] Started GET "/w.json?query=nao0048&format_type=kento" for 54.248.19.211 at 2023-01-22 15:13:25 +0900
I, [2023-01-22T15:16:18.397588 #6794]  INFO -- : [28c10d8d-7959-46c5-a972-8813034422d0] Started GET "/w.json?query=Yu_masa10&format_type=kento" for 54.248.19.211 at 2023-01-22 15:16:18 +0900
I, [2023-01-22T15:16:18.417622 #20300]  INFO -- : [efb33d05-261d-456c-b3db-74b60c0186cd] Started GET "/w.json?query=Maitankurou4&format_type=kento" for 18.181.218.63 at 2023-01-22 15:16:18 +0900
I, [2023-01-22T15:26:57.938208 #6794]  INFO -- : [826d9124-d5e1-4c1b-82de-7320513c6e4e] Started GET "/w.json?query=hinopapa&format_type=kento" for 18.181.218.63 at 2023-01-22 15:26:57 +0900
I, [2023-01-22T15:32:06.447097 #20300]  INFO -- : [36b59b90-dbd1-425e-9901-6229f655de74] Started GET "/w.json?format_type=kento&query=tatsukiabe" for 54.64.45.239 at 2023-01-22 15:32:06 +0900
I, [2023-01-22T15:36:00.744781 #20300]  INFO -- : [be719531-9071-4a0f-ae14-f99a0a68b90d] Started GET "/w.json?query=Yu_masa10&format_type=kento" for 54.64.45.239 at 2023-01-22 15:36:00 +0900
I, [2023-01-22T15:36:00.771603 #20300]  INFO -- : [dd9af509-ac39-4721-9a64-13faeb3a6190] Started GET "/w.json?query=Maitankurou4&format_type=kento" for 18.181.218.63 at 2023-01-22 15:36:00 +0900
I, [2023-01-22T15:36:07.147615 #6794]  INFO -- : [7f2284ea-dd4d-485f-bf83-52061c5a1452] Started GET "/w.json?query=miha176&format_type=kento" for 18.181.218.63 at 2023-01-22 15:36:07 +0900
I, [2023-01-22T15:38:19.314377 #6794]  INFO -- : [419300e9-f41b-4faa-bc83-2c70d336e3ad] Started GET "/w.json?query=Yu_masa10&format_type=kento" for 18.181.218.63 at 2023-01-22 15:38:19 +0900
I, [2023-01-22T15:38:19.529102 #20300]  INFO -- : [6c1d65c4-1396-4009-baa5-feabb947d1d2] Started GET "/w.json?query=Maitankurou4&format_type=kento" for 18.181.218.63 at 2023-01-22 15:38:19 +0900
I, [2023-01-22T15:45:42.420133 #20300]  INFO -- : [2a25dec8-00c8-42d6-8e1d-94f597fce463] Started GET "/w.json?query=katsudon_kuitai&format_type=kento" for 18.181.218.63 at 2023-01-22 15:45:42 +0900
I, [2023-01-22T15:45:42.429016 #20300]  INFO -- : [409de770-1bc2-44ff-a781-3164d0fb3c84] Started GET "/w.json?query=Lesser_panda20&format_type=kento" for 54.64.45.239 at 2023-01-22 15:45:42 +0900
I, [2023-01-22T15:45:43.485927 #6794]  INFO -- : [0923c576-03ca-4026-9fb8-1da6821b9808] Started GET "/w.json?query=Tiffblue&format_type=kento" for 18.180.215.200 at 2023-01-22 15:45:43 +0900
I, [2023-01-22T15:46:41.608545 #6794]  INFO -- : [6e586751-77c7-4f42-a0ea-8b745e08d3de] Started GET "/w.json?query=fukurouzzz&format_type=kento" for 54.64.45.239 at 2023-01-22 15:46:41 +0900
I, [2023-01-22T15:48:52.866612 #6794]  INFO -- : [7b7bd912-88ba-4efc-9d87-93cbe9cf3901] Started GET "/w.json?query=kaonashi08&format_type=kento" for 18.180.215.200 at 2023-01-22 15:48:52 +0900
I, [2023-01-22T15:48:53.159836 #20300]  INFO -- : [80f81b71-0423-4b7f-9d08-025fd2d5bdb5] Started GET "/w.json?query=kaonashi08&format_type=kento" for 18.181.218.63 at 2023-01-22 15:48:53 +0900
I, [2023-01-22T15:50:26.437266 #6794]  INFO -- : [5c7b3dad-c9b4-437e-9fa4-6490ea70a040] Started GET "/w.json?query=mauser&format_type=kento" for 18.181.218.63 at 2023-01-22 15:50:26 +0900
I, [2023-01-22T15:50:48.760532 #20300]  INFO -- : [1a9c1f88-a44c-4a64-8802-269b88c13ce9] Started GET "/w.json?query=kaonashi08&format_type=kento" for 54.64.45.239 at 2023-01-22 15:50:48 +0900
I, [2023-01-22T15:58:17.020760 #20300]  INFO -- : [76ba0a94-d297-47f1-a4a4-fd9ddefba0fd] Started GET "/w.json?query=kaonashi08&format_type=kento" for 18.180.215.200 at 2023-01-22 15:58:17 +0900
I, [2023-01-22T16:02:56.072977 #20300]  INFO -- : [e14be877-8d0a-4825-8436-c9614e7ec5fc] Started GET "/w.json?query=Tiffblue&format_type=kento" for 18.180.215.200 at 2023-01-22 16:02:56 +0900
I, [2023-01-22T16:02:57.070893 #20300]  INFO -- : [e50587eb-5dc1-42b5-92ee-862f349e84eb] Started GET "/w.json?query=Lesser_panda20&format_type=kento" for 35.75.19.156 at 2023-01-22 16:02:57 +0900
I, [2023-01-22T16:02:57.071073 #6794]  INFO -- : [ccc1d24a-9d2a-4f0b-a9ed-1829afe0951a] Started GET "/w.json?query=katsudon_kuitai&format_type=kento" for 54.64.128.215 at 2023-01-22 16:02:57 +0900
I, [2023-01-22T16:03:42.451489 #6794]  INFO -- : [0fa11b91-93a1-4a00-9142-44515f5bf0a4] Started GET "/w.json?query=gtjmt444&format_type=kento" for 35.75.19.156 at 2023-01-22 16:03:42 +0900
I, [2023-01-22T16:03:52.256539 #6794]  INFO -- : [ae386dcf-fe85-4e9d-b78a-92f8725ed421] Started GET "/w.json?format_type=kento&query=circadian5" for 18.180.215.200 at 2023-01-22 16:03:52 +0900
I, [2023-01-22T16:03:52.271320 #6794]  INFO -- : [f156217b-44f7-4880-b383-91b79084a76f] Started GET "/w.json?format_type=kento&query=circadian" for 54.64.128.215 at 2023-01-22 16:03:52 +0900
I, [2023-01-22T16:10:43.390490 #20300]  INFO -- : [3787361c-4951-4d89-8362-4b7b4176db0d] Started GET "/w.json?query=Daikitohinoki&format_type=kento" for 18.179.58.134 at 2023-01-22 16:10:43 +0900
I, [2023-01-22T16:11:22.193908 #20300]  INFO -- : [0bdf083b-9f4a-4a09-a9fc-8a82d4b246d1] Started GET "/w.json?format_type=kento&query=gakuten" for 18.179.58.134 at 2023-01-22 16:11:22 +0900
I, [2023-01-22T16:11:38.127435 #20300]  INFO -- : [1251b9f8-f65b-45a1-a550-81a1a7cb8948] Started GET "/w.json?format_type=kento&query=sen03" for 18.179.58.134 at 2023-01-22 16:11:38 +0900
I, [2023-01-22T16:13:26.302333 #20300]  INFO -- : [a6cdeb1e-39fb-433e-8ca6-e1869d74819f] Started GET "/w.json?format_type=kento&query=sen03" for 18.179.58.134 at 2023-01-22 16:13:26 +0900
I, [2023-01-22T16:13:49.614760 #20300]  INFO -- : [f4dc101a-5c58-4294-b749-fd3eafa2e8eb] Started GET "/w.json?query=SASUKEKO&format_type=kento" for 18.179.58.134 at 2023-01-22 16:13:49 +0900
I, [2023-01-22T16:13:49.670828 #20300]  INFO -- : [a1e6d4fd-f660-4892-ab90-83151019ea4a] Started GET "/w.json?query=UtadaHikaru&format_type=kento" for 18.180.215.200 at 2023-01-22 16:13:49 +0900
I, [2023-01-22T16:15:16.559383 #6794]  INFO -- : [bd50c7f1-65c9-441e-8933-bb87d3a48763] Started GET "/w.json?format_type=kento&query=sen03" for 18.179.58.134 at 2023-01-22 16:15:16 +0900
I, [2023-01-22T16:16:07.367011 #6794]  INFO -- : [b5b38fc6-313e-4698-a6e4-457b8a21d4a6] Started GET "/w.json?format_type=kento&query=Aphrody2" for 18.179.58.134 at 2023-01-22 16:16:07 +0900
I, [2023-01-22T16:17:29.587118 #6794]  INFO -- : [c195d38b-1f5e-4ca8-95f4-a2b239f40d82] Started GET "/w.json?format_type=kento&query=sen03" for 18.179.58.134 at 2023-01-22 16:17:29 +0900
I, [2023-01-22T16:18:16.999797 #20300]  INFO -- : [89c53d1f-4896-4494-a1c7-e736ce6af156] Started GET "/w.json?format_type=kento&query=js_uk" for 18.179.58.134 at 2023-01-22 16:18:16 +0900
I, [2023-01-22T16:18:36.732736 #6794]  INFO -- : [115561b2-9e44-418e-9b37-ba23343e8466] Started GET "/w.json?query=marudedna&format_type=kento" for 18.179.58.134 at 2023-01-22 16:18:36 +0900
I, [2023-01-22T16:18:36.747713 #20300]  INFO -- : [d1641fe5-c2bb-44f8-9c71-45c309b283b4] Started GET "/w.json?query=marudedne&format_type=kento" for 18.180.215.200 at 2023-01-22 16:18:36 +0900
I, [2023-01-22T16:18:37.662853 #6794]  INFO -- : [c488ef2b-29ea-4e09-88c2-e33e03281c53] Started GET "/w.json?query=marudedng&format_type=kento" for 18.179.58.134 at 2023-01-22 16:18:37 +0900
I, [2023-01-22T16:18:37.728096 #20300]  INFO -- : [9ecdd8bc-f599-4316-acc1-fdcea190ac50] Started GET "/w.json?query=marudednb&format_type=kento" for 35.76.114.75 at 2023-01-22 16:18:37 +0900
I, [2023-01-22T16:18:37.783250 #20300]  INFO -- : [8b2e848d-e02d-4233-b60c-f8b5e668ec03] Started GET "/w.json?query=marudednf&format_type=kento" for 3.112.29.178 at 2023-01-22 16:18:37 +0900
I, [2023-01-22T16:18:37.824009 #6794]  INFO -- : [7c626f6b-ce83-44e9-8477-2a1bddffd3e9] Started GET "/w.json?query=marudednm&format_type=kento" for 43.206.93.137 at 2023-01-22 16:18:37 +0900
I, [2023-01-22T16:18:37.877458 #20300]  INFO -- : [16406b8b-cb4f-4fb0-ad57-d3e19f3bf366] Started GET "/w.json?query=marudednd&format_type=kento" for 13.115.247.169 at 2023-01-22 16:18:37 +0900
I, [2023-01-22T16:19:49.563834 #6794]  INFO -- : [ad8e8d77-c3c4-4e9b-908e-f394e1b1e2a9] Started GET "/w.json?query=Yoshi_TYM&format_type=kento" for 13.115.247.169 at 2023-01-22 16:19:49 +0900
I, [2023-01-22T16:19:53.552237 #6794]  INFO -- : [0c6fb15c-b91a-4628-b245-6956029db287] Started GET "/w.json?query=marudedna&format_type=kento" for 18.179.58.134 at 2023-01-22 16:19:53 +0900
I, [2023-01-22T16:19:53.585037 #6794]  INFO -- : [045cb078-2866-4028-88bf-8a6380916d4e] Started GET "/w.json?query=marudednm&format_type=kento" for 18.180.215.200 at 2023-01-22 16:19:53 +0900
I, [2023-01-22T16:19:53.597061 #6794]  INFO -- : [a26a50f9-e9c8-4987-80de-1cfea6cc344a] Started GET "/w.json?query=marudednb&format_type=kento" for 18.179.58.134 at 2023-01-22 16:19:53 +0900
I, [2023-01-22T16:19:53.600483 #20300]  INFO -- : [1363129f-46a2-4966-8497-071a91ecad83] Started GET "/w.json?query=marudedne&format_type=kento" for 35.76.114.75 at 2023-01-22 16:19:53 +0900
I, [2023-01-22T16:19:53.602163 #6794]  INFO -- : [84b5ce3c-17d1-41b9-aaa0-25606a64e848] Started GET "/w.json?query=marudednd&format_type=kento" for 18.181.238.209 at 2023-01-22 16:19:53 +0900
I, [2023-01-22T16:19:53.612364 #6794]  INFO -- : [8f5f4177-8752-4eca-92d8-12a1b6a792e5] Started GET "/w.json?query=marudedng&format_type=kento" for 3.112.29.178 at 2023-01-22 16:19:53 +0900
I, [2023-01-22T16:19:53.617374 #6794]  INFO -- : [0428ae3f-b551-4a9f-853c-454f51f27d39] Started GET "/w.json?query=marudednf&format_type=kento" for 43.206.93.137 at 2023-01-22 16:19:53 +0900
I, [2023-01-22T16:23:19.726103 #20300]  INFO -- : [1722fdf3-ea67-4baa-b4ff-8ddc991cb812] Started GET "/w.json?query=Tiffblue&format_type=kento" for 13.115.247.169 at 2023-01-22 16:23:19 +0900
I, [2023-01-22T16:23:19.755315 #6794]  INFO -- : [561de4df-ae46-4eb9-b8b1-c16409cf4403] Started GET "/w.json?query=Lesser_panda20&format_type=kento" for 18.179.58.134 at 2023-01-22 16:23:19 +0900
I, [2023-01-22T16:23:19.761943 #20300]  INFO -- : [776bb301-7cd9-4c86-beae-9cee385120d7] Started GET "/w.json?query=katsudon_kuitai&format_type=kento" for 35.76.114.75 at 2023-01-22 16:23:19 +0900
I, [2023-01-22T16:23:40.295578 #6794]  INFO -- : [95fe69bd-06a3-47a7-91a7-12ffb5b5c186] Started GET "/w.json?format_type=kento&query=Aphrody2" for 18.179.58.134 at 2023-01-22 16:23:40 +0900
I, [2023-01-22T16:26:41.149327 #20300]  INFO -- : [6bf40122-74a3-41ac-8209-4b4cd89dacfa] Started GET "/w.json?query=SASUKEKO&format_type=kento" for 35.76.114.75 at 2023-01-22 16:26:41 +0900
I, [2023-01-22T16:26:41.192810 #6794]  INFO -- : [2558b0bc-9d43-498c-a7e8-a85bb6117c7f] Started GET "/w.json?query=UtadaHikaru&format_type=kento" for 43.206.93.137 at 2023-01-22 16:26:41 +0900
I, [2023-01-22T16:29:22.022542 #6794]  INFO -- : [a531d48c-750f-4ed4-b4f3-dc0e826a090f] Started GET "/w.json?query=SASUKEKO&format_type=kento" for 35.76.114.75 at 2023-01-22 16:29:22 +0900
I, [2023-01-22T16:29:22.043709 #6794]  INFO -- : [dd8e21d6-00e7-4c36-a77d-a29a0c448c0e] Started GET "/w.json?query=UtadaHikaru&format_type=kento" for 43.206.93.137 at 2023-01-22 16:29:22 +0900
I, [2023-01-22T16:30:01.866346 #6794]  INFO -- : [5e7e2e31-67d7-41eb-8d49-9b3716565fa9] Started GET "/w.json?format_type=kento&query=desktop" for 43.206.93.137 at 2023-01-22 16:30:01 +0900
I, [2023-01-22T16:32:34.709200 #20300]  INFO -- : [a6f104c9-20e1-4173-b807-698adbae9eb6] Started GET "/w.json?format_type=kento&query=Aphrody2" for 43.206.93.137 at 2023-01-22 16:32:34 +0900
I, [2023-01-22T16:36:33.196406 #6794]  INFO -- : [da01d21a-11ae-44df-81ff-6bb79a5818a7] Started GET "/w.json?format_type=kento&query=Massanori" for 35.76.114.75 at 2023-01-22 16:36:33 +0900
I, [2023-01-22T16:38:06.194156 #6794]  INFO -- : [5c6e1082-3f6d-48db-bf9c-ba25cc317fcb] Started GET "/w.json?query=UtadaHikaru&format_type=kento" for 35.76.114.75 at 2023-01-22 16:38:06 +0900
I, [2023-01-22T16:38:06.198945 #6794]  INFO -- : [3a1e23d1-4990-4042-bc74-9abae1c05fc4] Started GET "/w.json?query=SASUKEKO&format_type=kento" for 43.206.93.137 at 2023-01-22 16:38:06 +0900
I, [2023-01-22T16:38:41.056741 #6794]  INFO -- : [bdaf6bbe-0c37-4372-82b6-0815ee122aae] Started GET "/w.json?query=TOBE_CHAN&format_type=kento" for 43.206.93.137 at 2023-01-22 16:38:41 +0900
I, [2023-01-22T16:38:41.058536 #20300]  INFO -- : [e07a65e8-8f56-4e2e-bb13-a74f5008e074] Started GET "/w.json?query=BOUYATETSU5&format_type=kento" for 35.76.114.75 at 2023-01-22 16:38:41 +0900
I, [2023-01-22T16:38:42.163125 #6794]  INFO -- : [8f81dc1a-491e-4867-99d6-3cdbc34b7265] Started GET "/w.json?query=MurachanLions&format_type=kento" for 43.206.96.208 at 2023-01-22 16:38:42 +0900
I, [2023-01-22T16:38:42.182698 #6794]  INFO -- : [a75376ea-bd13-46bd-967e-4eb1eb7f5cad] Started GET "/w.json?query=hakuyoutu&format_type=kento" for 3.113.28.191 at 2023-01-22 16:38:42 +0900
