I, [2022-12-05T18:12:29.684308 #21084]  INFO -- : [adf8d0d1-f9cf-4f4b-b900-2fe7a79ae0b1] Started GET "/w.json?format_type=kento&query=kichijr" for 35.78.221.33 at 2022-12-05 18:12:29 +0900
I, [2022-12-05T18:12:43.618384 #21084]  INFO -- : [2525308b-8dbb-41ca-b3bc-9c7c3a3c0dfa] Started GET "/w.json?format_type=kento&query=makirinpanax" for 35.78.221.33 at 2022-12-05 18:12:43 +0900
I, [2022-12-05T18:12:49.089752 #21086]  INFO -- : [802af896-c30d-49bc-a4ee-081304dad001] Started GET "/w.json?format_type=kento&query=makirinpanax" for 3.112.226.52 at 2022-12-05 18:12:49 +0900
I, [2022-12-05T18:15:08.124312 #21084]  INFO -- : [07741d0b-35ef-4195-9f52-d7c916e79985] Started GET "/w.json?query=zakio383&format_type=kento" for 35.78.221.33 at 2022-12-05 18:15:08 +0900
I, [2022-12-05T18:15:51.687148 #21084]  INFO -- : [772b3955-d4b4-46ab-80c8-add5658df386] Started GET "/w.json?format_type=kento&query=satomi187" for 35.78.221.33 at 2022-12-05 18:15:51 +0900
I, [2022-12-05T18:18:09.542629 #21084]  INFO -- : [ad439cb0-b948-4fdb-a301-f63a03f5ac73] Started GET "/w.json?query=beniamo&format_type=kento" for 35.78.221.33 at 2022-12-05 18:18:09 +0900
I, [2022-12-05T18:18:09.595353 #21084]  INFO -- : [749cef84-3f0b-404b-8fd7-b4b6d818fdf6] Started GET "/w.json?query=NOSTRIBRAVI&format_type=kento" for 3.112.226.52 at 2022-12-05 18:18:09 +0900
I, [2022-12-05T18:18:10.696243 #21086]  INFO -- : [494cf6ac-1a07-43fc-ae34-fc30d5cc571d] Started GET "/w.json?query=supremo&format_type=kento" for 13.231.113.168 at 2022-12-05 18:18:10 +0900
I, [2022-12-05T18:25:48.796087 #21086]  INFO -- : [30291431-dfeb-424f-b07d-46b709f7f2ab] Started GET "/w.json?query=penkichimimi&format_type=kento" for 13.231.113.168 at 2022-12-05 18:25:48 +0900
I, [2022-12-05T18:25:48.810849 #21084]  INFO -- : [294d6844-e88d-40cf-8cab-ac1db5742148] Started GET "/w.json?query=pochipuchi&format_type=kento" for 35.78.221.33 at 2022-12-05 18:25:48 +0900
I, [2022-12-05T18:25:49.890354 #21084]  INFO -- : [2bd87f97-b812-4cc7-a09e-9b934659a1b3] Started GET "/w.json?query=pipi2351&format_type=kento" for 54.238.105.178 at 2022-12-05 18:25:49 +0900
I, [2022-12-05T18:31:04.155365 #21086]  INFO -- : [ff9eca81-9d1c-4b1f-957d-d6af99375108] Started GET "/w.json?query=musasabi2&format_type=kento" for 54.238.105.178 at 2022-12-05 18:31:04 +0900
I, [2022-12-05T18:31:11.859874 #21086]  INFO -- : [2efbc6a3-6622-4859-b962-8c6cb456a017] Started GET "/w.json?query=musasabi2&format_type=kento" for 35.78.221.33 at 2022-12-05 18:31:11 +0900
I, [2022-12-05T18:31:13.941717 #21084]  INFO -- : [f0272036-9525-4947-8f14-78b02f5cbe7e] Started GET "/w.json?format_type=kento&query=asa2yoru" for 35.78.221.33 at 2022-12-05 18:31:13 +0900
I, [2022-12-05T18:31:15.574984 #21086]  INFO -- : [2c9f783c-9bc8-45d3-b51a-1caa938c591d] Started GET "/w.json?query=osayokkon0521&format_type=kento" for 18.181.147.159 at 2022-12-05 18:31:15 +0900
I, [2022-12-05T18:34:22.444800 #21086]  INFO -- : [1b1ccd63-76b5-49df-a4dd-f8f3a41aadf0] Started GET "/w.json?format_type=kento&query=satomi187" for 35.74.246.246 at 2022-12-05 18:34:22 +0900
I, [2022-12-05T18:34:59.263350 #21084]  INFO -- : [61f8efa4-74fc-437f-ab23-8140d731fa16] Started GET "/w.json?format_type=kento&query=satomi187" for 35.74.246.246 at 2022-12-05 18:34:59 +0900
I, [2022-12-05T18:35:00.556894 #21084]  INFO -- : [60b67042-bca5-4cf8-b988-d949157c553e] Started GET "/w.json?format_type=kento&query=satomi187" for 35.74.246.246 at 2022-12-05 18:35:00 +0900
I, [2022-12-05T18:36:27.608681 #21084]  INFO -- : [58aa1f81-fd37-4a36-9bd0-e3d3716c497d] Started GET "/w.json?format_type=kento&query=na_o_ys" for 18.181.147.159 at 2022-12-05 18:36:27 +0900
I, [2022-12-05T18:40:52.638077 #21084]  INFO -- : [746a7eb2-66b0-4eac-928c-917cedb7e0a3] Started GET "/w.json?query=Kanato_A&format_type=kento" for 35.74.242.195 at 2022-12-05 18:40:52 +0900
I, [2022-12-05T18:40:55.953040 #21086]  INFO -- : [f4863a48-7f71-48cb-b68b-f1cecacb930c] Started GET "/w.json?query=kunito92&format_type=kento" for 54.238.105.178 at 2022-12-05 18:40:55 +0900
I, [2022-12-05T18:41:04.777134 #21084]  INFO -- : [fac8eb40-0527-4b2c-89ab-38b03b52c692] Started GET "/w.json?query=kunito92&format_type=kento" for 35.74.242.195 at 2022-12-05 18:41:04 +0900
I, [2022-12-05T18:47:03.845145 #21086]  INFO -- : [57f911c0-8723-4c10-b2e9-8f1db9d3b03b] Started GET "/w.json?format_type=kento&query=GarlicToast2029" for 35.74.242.195 at 2022-12-05 18:47:03 +0900
I, [2022-12-05T18:52:47.035814 #21086]  INFO -- : [f2cf6745-75dc-41e9-a484-8544497c0e44] Started GET "/w.json?format_type=kento&query=satomi187" for 35.74.242.195 at 2022-12-05 18:52:47 +0900
I, [2022-12-05T18:53:43.007874 #21086]  INFO -- : [cf15d9b2-468f-4d47-b281-c0a69d9ea2eb] Started GET "/w.json?query=furibisya2000&format_type=kento" for 13.231.156.109 at 2022-12-05 18:53:43 +0900
I, [2022-12-05T18:58:01.406572 #21084]  INFO -- : [d589ed08-0909-4e80-8590-6ce02c8ab745] Started GET "/w.json?query=Anzanshi&format_type=kento" for 13.231.156.109 at 2022-12-05 18:58:01 +0900
I, [2022-12-05T18:59:44.191743 #21086]  INFO -- : [9f7929eb-97d7-4b6f-bbdb-5024059f7702] Started GET "/w.json?query=Zenbala&format_type=kento" for 35.74.242.195 at 2022-12-05 18:59:44 +0900
I, [2022-12-05T19:07:43.962748 #21084]  INFO -- : [3333e025-8c85-4f92-8e07-39f511051ac5] Started GET "/w.json?query=musasabi2&format_type=kento" for 35.74.242.195 at 2022-12-05 19:07:43 +0900
I, [2022-12-05T19:08:04.453216 #21086]  INFO -- : [3b48e390-ffcb-4755-b287-a5ed65512da6] Started GET "/w.json?query=bonjin&format_type=kento" for 13.231.156.109 at 2022-12-05 19:08:04 +0900
I, [2022-12-05T19:08:07.085931 #21086]  INFO -- : [33dae273-5317-43a7-a46d-4c27963ce36b] Started GET "/w.json?query=musasabi2&format_type=kento" for 3.113.16.235 at 2022-12-05 19:08:07 +0900
I, [2022-12-05T19:08:41.553668 #21084]  INFO -- : [7e8661b9-91f1-4219-a9ed-a275d1a166fc] Started GET "/w.json?format_type=kento&query=circadian" for 35.74.242.195 at 2022-12-05 19:08:41 +0900
I, [2022-12-05T19:08:41.645715 #21084]  INFO -- : [cc9cee8c-0099-41ab-b893-7433fc7b9edf] Started GET "/w.json?format_type=kento&query=circadian5" for 18.177.82.73 at 2022-12-05 19:08:41 +0900
I, [2022-12-05T19:08:42.614191 #21084]  INFO -- : [1e5fd445-4e13-4831-ac68-bd449517d89d] Started GET "/w.json?format_type=kento&query=circadian" for 35.74.242.195 at 2022-12-05 19:08:42 +0900
I, [2022-12-05T19:08:42.624539 #21086]  INFO -- : [5b5b0f95-ef7a-4df8-a423-e951ee1c06c2] Started GET "/w.json?format_type=kento&query=circadian5" for 18.177.82.73 at 2022-12-05 19:08:42 +0900
I, [2022-12-05T19:08:43.666021 #21086]  INFO -- : [9813973d-37cc-4dfc-93ef-38dad16fc8cb] Started GET "/w.json?format_type=kento&query=circadian5" for 18.177.82.73 at 2022-12-05 19:08:43 +0900
I, [2022-12-05T19:08:43.671318 #21084]  INFO -- : [700c836c-1da1-400e-be5b-c84f6d6dbb1b] Started GET "/w.json?format_type=kento&query=circadian" for 35.74.242.195 at 2022-12-05 19:08:43 +0900
I, [2022-12-05T19:12:57.366814 #21084]  INFO -- : [50152275-f5cb-4fdf-800a-390b1299b5c7] Started GET "/w.json?query=komuginDX&format_type=kento" for 18.177.82.73 at 2022-12-05 19:12:57 +0900
I, [2022-12-05T19:17:30.988155 #21086]  INFO -- : [e0db1bf9-b9e3-463c-ae83-d8012c6b82b0] Started GET "/w.json?query=Anzanshi&format_type=kento" for 18.183.87.194 at 2022-12-05 19:17:30 +0900
I, [2022-12-05T19:21:51.664283 #21086]  INFO -- : [1b63ddef-a2a9-413f-a7b9-4022b99a60ef] Started GET "/w.json?query=vmarimo&format_type=kento" for 35.74.242.195 at 2022-12-05 19:21:51 +0900
I, [2022-12-05T19:24:29.695837 #21086]  INFO -- : [f6f78abf-c0ed-4cda-81d7-9ab409c6e60d] Started GET "/w.json?query=Anzanshi&format_type=kento" for 18.183.87.194 at 2022-12-05 19:24:29 +0900
I, [2022-12-05T19:25:45.677124 #21086]  INFO -- : [cd0742c8-5091-4f23-a2cc-0f34e45feea8] Started GET "/w.json?query=kunito92&format_type=kento" for 18.183.87.194 at 2022-12-05 19:25:45 +0900
I, [2022-12-05T19:30:41.573616 #21086]  INFO -- : [e0658a5c-14da-4a75-91f4-39da432138af] Started GET "/w.json?query=bakusansan&format_type=kento" for 18.183.87.194 at 2022-12-05 19:30:41 +0900
I, [2022-12-05T19:34:08.442469 #21084]  INFO -- : [538e33d6-06a2-4f50-a1c7-731bdcb1b14b] Started GET "/w.json?query=marudednb&format_type=kento" for 18.183.87.194 at 2022-12-05 19:34:08 +0900
I, [2022-12-05T19:34:08.458411 #21084]  INFO -- : [bf932d34-8b0f-464a-8da8-af322a4364d8] Started GET "/w.json?query=marudedna&format_type=kento" for 35.74.242.195 at 2022-12-05 19:34:08 +0900
I, [2022-12-05T19:34:09.374606 #21086]  INFO -- : [1a5c4e41-7901-4ab5-a19a-c47d40a1e48f] Started GET "/w.json?query=marudednm&format_type=kento" for 3.112.174.36 at 2022-12-05 19:34:09 +0900
I, [2022-12-05T19:34:09.476173 #21084]  INFO -- : [8ad99ad5-f9c1-4c6a-a621-64be82b7da47] Started GET "/w.json?query=marudednf&format_type=kento" for 54.168.72.112 at 2022-12-05 19:34:09 +0900
I, [2022-12-05T19:34:09.499508 #21084]  INFO -- : [9fb9a38c-3e36-47e0-b8b1-51f95a37bc52] Started GET "/w.json?query=marudedng&format_type=kento" for 52.196.170.237 at 2022-12-05 19:34:09 +0900
I, [2022-12-05T19:34:09.507208 #21086]  INFO -- : [f77f2fb7-4fb6-4d1d-8cf9-4b005aaffb32] Started GET "/w.json?query=marudednd&format_type=kento" for 13.231.215.114 at 2022-12-05 19:34:09 +0900
I, [2022-12-05T19:34:09.543249 #21086]  INFO -- : [7c8a3c45-0301-496e-af17-e2147035d57a] Started GET "/w.json?query=marudedne&format_type=kento" for 35.77.19.71 at 2022-12-05 19:34:09 +0900
I, [2022-12-05T19:37:28.934743 #21086]  INFO -- : [be269b0d-5068-41c7-9d6b-9af8a7413a86] Started GET "/w.json?format_type=kento&query=tenwakez" for 35.77.19.71 at 2022-12-05 19:37:28 +0900
I, [2022-12-05T19:38:24.576368 #21084]  INFO -- : [063c5306-5a26-4c72-a054-7bb90b56d2e3] Started GET "/w.json?query=YOUNATTU&format_type=kento" for 35.77.19.71 at 2022-12-05 19:38:24 +0900
I, [2022-12-05T19:44:00.616742 #21086]  INFO -- : [14232ae4-c7c0-4c25-8c6a-70aaa04c5671] Started GET "/w.json?query=kitesurf&format_type=kento" for 13.231.215.114 at 2022-12-05 19:44:00 +0900
I, [2022-12-05T19:48:42.927737 #21084]  INFO -- : [df9aa2e1-0f88-4cfa-ad0a-912a444a3418] Started GET "/w.json?format_type=kento&query=yukitan_Revy" for 13.231.215.114 at 2022-12-05 19:48:42 +0900
I, [2022-12-05T19:54:55.289334 #21084]  INFO -- : [ad798e0b-f5f5-4ace-bbc4-561c4d0b1ce5] Started GET "/w.json?format_type=kento&query=so1idus" for 52.196.170.237 at 2022-12-05 19:54:55 +0900
I, [2022-12-05T20:02:28.934356 #21086]  INFO -- : [ecedd8ba-87ae-479b-9567-e22f7a43e7b8] Started GET "/w.json?format_type=kento&query=makirinpanax" for 13.231.215.114 at 2022-12-05 20:02:28 +0900
I, [2022-12-05T20:03:20.695712 #21086]  INFO -- : [e79c418d-40f3-4941-9add-fee87398b833] Started GET "/w.json?format_type=kento&query=yukitan_Revy" for 13.231.215.114 at 2022-12-05 20:03:20 +0900
I, [2022-12-05T20:08:17.925280 #21086]  INFO -- : [88e67596-bbc0-44b9-9b4a-b2babeb96839] Started GET "/w.json?query=Tiffblue&format_type=kento" for 13.231.215.114 at 2022-12-05 20:08:17 +0900
I, [2022-12-05T20:08:17.935375 #21084]  INFO -- : [0c05dc00-8204-4ac9-ab69-374667c46b9b] Started GET "/w.json?query=katsudon_kuitai&format_type=kento" for 52.196.170.237 at 2022-12-05 20:08:17 +0900
I, [2022-12-05T20:08:18.999601 #21084]  INFO -- : [bd9e80db-4649-4da0-a3cd-35dbcc7861a2] Started GET "/w.json?query=Lesser_panda20&format_type=kento" for 54.95.52.92 at 2022-12-05 20:08:18 +0900
I, [2022-12-05T20:08:51.902757 #21086]  INFO -- : [ecb5fa07-1e2f-49d1-b475-4bab5ddc4a0f] Started GET "/w.json?query=KingGonza&format_type=kento" for 13.231.215.114 at 2022-12-05 20:08:51 +0900
I, [2022-12-05T20:09:21.081524 #21084]  INFO -- : [656c0929-5dd6-4016-a491-f900760f3705] Started GET "/w.json?query=ahirusan&format_type=kento" for 13.231.215.114 at 2022-12-05 20:09:21 +0900
I, [2022-12-05T20:09:21.144831 #21086]  INFO -- : [4914e976-2a44-4b09-861d-a356f64c5406] Started GET "/w.json?query=sunsunpapa&format_type=kento" for 54.95.52.92 at 2022-12-05 20:09:21 +0900
I, [2022-12-05T20:33:12.460894 #21086]  INFO -- : [39ad32f8-54fb-4763-b189-863b817988d5] Started GET "/w.json?query=Hasegawa1X&format_type=kento" for 18.181.165.157 at 2022-12-05 20:33:12 +0900
I, [2022-12-05T20:37:28.413106 #21086]  INFO -- : [2d2c92cc-0f2e-4298-8762-f035806163dc] Started GET "/w.json?query=marudedne&format_type=kento" for 52.196.170.237 at 2022-12-05 20:37:28 +0900
I, [2022-12-05T20:37:29.329583 #21086]  INFO -- : [37ed83c8-4549-492b-83b6-921be9b54a25] Started GET "/w.json?query=marudednm&format_type=kento" for 54.150.238.76 at 2022-12-05 20:37:29 +0900
I, [2022-12-05T20:37:29.338940 #21086]  INFO -- : [25c3c638-9541-481e-b5a7-9e08a16be22c] Started GET "/w.json?query=marudedna&format_type=kento" for 13.113.194.198 at 2022-12-05 20:37:29 +0900
I, [2022-12-05T20:37:29.340551 #21084]  INFO -- : [0b8b4521-9c51-4484-a4db-4078b7144d0d] Started GET "/w.json?query=marudednf&format_type=kento" for 18.183.100.231 at 2022-12-05 20:37:29 +0900
I, [2022-12-05T20:37:29.348527 #21084]  INFO -- : [c660c9d9-36ff-4969-8e28-cca7a2649b9a] Started GET "/w.json?query=marudednd&format_type=kento" for 13.231.166.66 at 2022-12-05 20:37:29 +0900
I, [2022-12-05T20:37:29.351421 #21084]  INFO -- : [5533c0fb-e387-43ca-a19a-39e6fa36f09e] Started GET "/w.json?query=marudednb&format_type=kento" for 35.79.18.4 at 2022-12-05 20:37:29 +0900
I, [2022-12-05T20:37:29.373237 #21084]  INFO -- : [c7d795e4-fe37-412c-bdf0-0a3aae22a70f] Started GET "/w.json?query=marudedng&format_type=kento" for 43.206.132.98 at 2022-12-05 20:37:29 +0900
I, [2022-12-05T20:38:07.699589 #21084]  INFO -- : [1e72518c-1cf9-40e9-af03-9b648e94b9a2] Started GET "/w.json?query=JustinTera&format_type=kento" for 13.231.166.66 at 2022-12-05 20:38:07 +0900
I, [2022-12-05T20:38:07.722123 #21084]  INFO -- : [82702f1a-30e2-463f-b557-4362af06e714] Started GET "/w.json?query=JustTera&format_type=kento" for 43.206.132.98 at 2022-12-05 20:38:07 +0900
I, [2022-12-05T20:38:08.685509 #21084]  INFO -- : [67765242-883a-4853-9574-49a845c06368] Started GET "/w.json?query=JustTera&format_type=kento" for 43.206.132.98 at 2022-12-05 20:38:08 +0900
I, [2022-12-05T20:38:08.712854 #21086]  INFO -- : [13eda96c-0a95-4e83-8dab-f3730e27b8d6] Started GET "/w.json?query=JustinTera&format_type=kento" for 35.79.18.4 at 2022-12-05 20:38:08 +0900
I, [2022-12-05T20:38:58.115957 #21086]  INFO -- : [98329ff2-af60-4602-aada-f17e4738669a] Started GET "/w.json?query=negitorozuki&format_type=kento" for 13.113.194.198 at 2022-12-05 20:38:58 +0900
I, [2022-12-05T20:41:33.243583 #21086]  INFO -- : [75763ebe-4cc9-448a-a041-1828e46e2cce] Started GET "/w.json?query=sub250runner&format_type=kento" for 35.79.18.4 at 2022-12-05 20:41:33 +0900
I, [2022-12-05T20:41:33.261530 #21086]  INFO -- : [f912b382-70c6-4e57-84ce-1c61bf1d8f2e] Started GET "/w.json?query=giosblue&format_type=kento" for 13.231.166.66 at 2022-12-05 20:41:33 +0900
I, [2022-12-05T20:41:59.031704 #21084]  INFO -- : [5668ccee-1472-4db1-99b2-f4df3766d27a] Started GET "/w.json?query=giosblue&format_type=kento" for 35.79.18.4 at 2022-12-05 20:41:59 +0900
I, [2022-12-05T20:41:59.067369 #21084]  INFO -- : [bf399b0e-cbc3-4c25-9c33-60a80f945bed] Started GET "/w.json?query=sub250runner&format_type=kento" for 13.231.166.66 at 2022-12-05 20:41:59 +0900
I, [2022-12-05T20:42:47.002030 #21086]  INFO -- : [f1b6da95-9a46-49b3-b148-ccfb669b64e2] Started GET "/w.json?format_type=kento&query=InaBauer" for 13.231.166.66 at 2022-12-05 20:42:47 +0900
I, [2022-12-05T20:42:57.905391 #21086]  INFO -- : [4d51893f-26e4-49d7-9114-0e6ba9e553e3] Started GET "/w.json?format_type=kento&query=InaBauer" for 35.79.18.4 at 2022-12-05 20:42:57 +0900
I, [2022-12-05T20:43:42.010456 #21084]  INFO -- : [0ade9bf3-77c1-441e-b6a7-c26608cfda3e] Started GET "/w.json?format_type=kento&query=makirinpanax" for 13.231.166.66 at 2022-12-05 20:43:42 +0900
I, [2022-12-05T20:46:39.157956 #21084]  INFO -- : [63a87e6e-6a71-4eca-8e72-f20356595ca6] Started GET "/w.json?format_type=kento&query=uniyuni5" for 35.79.18.4 at 2022-12-05 20:46:39 +0900
I, [2022-12-05T20:52:55.175615 #21084]  INFO -- : [8acc75cd-e2c4-4a25-93a2-a6c15d29c5ca] Started GET "/w.json?query=Zenbala&format_type=kento" for 35.79.18.4 at 2022-12-05 20:52:55 +0900
I, [2022-12-05T20:53:00.740008 #21086]  INFO -- : [33739d36-ee5c-4f07-98bf-1d32ae282624] Started GET "/w.json?query=Zenbala&format_type=kento" for 35.79.18.4 at 2022-12-05 20:53:00 +0900
I, [2022-12-05T20:55:08.766220 #21086]  INFO -- : [93fb4765-1185-4050-be85-fd7d8d2ce478] Started GET "/w.json?query=MEGUT&format_type=kento" for 35.79.18.4 at 2022-12-05 20:55:08 +0900
I, [2022-12-05T20:55:33.081401 #21086]  INFO -- : [e3856e27-8545-4060-80a1-519f52acb5fd] Started GET "/w.json?format_type=kento&query=nzoom" for 35.79.18.4 at 2022-12-05 20:55:33 +0900
I, [2022-12-05T20:56:10.941057 #21084]  INFO -- : [4724187b-3881-4424-a853-8fce895a2703] Started GET "/w.json?query=Anzanshi&format_type=kento" for 13.231.166.66 at 2022-12-05 20:56:10 +0900
I, [2022-12-05T20:59:25.374280 #21084]  INFO -- : [b45a4bf2-f1ff-41ef-a4ce-4479542b0af2] Started GET "/w.json?format_type=kento&query=Yupacco" for 35.79.18.4 at 2022-12-05 20:59:25 +0900
I, [2022-12-05T20:59:30.491961 #21086]  INFO -- : [5d604998-361c-44cc-aca4-2a0ffa5d654f] Started GET "/w.json?format_type=kento&query=Yupacco" for 35.79.18.4 at 2022-12-05 20:59:30 +0900
I, [2022-12-05T21:01:44.386568 #21084]  INFO -- : [9a401f43-c2cb-4511-87e1-8e3fdd4eaac7] Started GET "/w.json?query=negitorozuki&format_type=kento" for 3.112.33.51 at 2022-12-05 21:01:44 +0900
I, [2022-12-05T21:05:34.843527 #21084]  INFO -- : [df94091a-5280-4eee-bd2e-5470785a0c9a] Started GET "/w.json?format_type=kento&query=uniyuni5" for 3.112.33.51 at 2022-12-05 21:05:34 +0900
I, [2022-12-05T21:06:23.728717 #21084]  INFO -- : [662e3d6d-2295-40c8-883d-1f050bcc1529] Started GET "/w.json?query=nuts2&format_type=kento" for 3.112.33.51 at 2022-12-05 21:06:23 +0900
I, [2022-12-05T21:10:24.146488 #21084]  INFO -- : [166690b9-5a94-461e-9453-b70eb115fc71] Started GET "/w.json?format_type=kento&query=uniyuni5" for 13.231.166.66 at 2022-12-05 21:10:24 +0900
I, [2022-12-05T21:10:54.306499 #21084]  INFO -- : [58bd6b67-d254-49e1-befa-538aaba447e7] Started GET "/w.json?format_type=kento&query=shinshin14343" for 3.112.33.51 at 2022-12-05 21:10:54 +0900
I, [2022-12-05T21:12:22.809886 #21084]  INFO -- : [bf5cfb62-1224-4dff-9224-df1c0098477f] Started GET "/w.json?query=Anzanshi&format_type=kento" for 3.112.33.51 at 2022-12-05 21:12:22 +0900
I, [2022-12-05T21:20:09.958142 #21084]  INFO -- : [432317f4-6a86-4cf5-9958-201dce9615b7] Started GET "/w.json?query=Anzanshi&format_type=kento" for 3.112.33.51 at 2022-12-05 21:20:09 +0900
I, [2022-12-05T21:21:30.867548 #21086]  INFO -- : [7b86af99-55a2-4aa1-a7a9-6a7cedb1d179] Started GET "/w.json?format_type=kento&query=makirinpanax" for 3.112.33.51 at 2022-12-05 21:21:30 +0900
I, [2022-12-05T21:25:21.479020 #21084]  INFO -- : [c3c7f3b4-bbc5-4705-9492-a9a192793145] Started GET "/w.json?query=kinakom0chi&format_type=kento" for 3.112.33.51 at 2022-12-05 21:25:21 +0900
I, [2022-12-05T21:27:17.167443 #21084]  INFO -- : [3ca7bec7-4b00-49b6-92d9-07fd25b9a1ad] Started GET "/w.json?query=tomiel&format_type=kento" for 3.112.33.51 at 2022-12-05 21:27:17 +0900
I, [2022-12-05T21:32:19.743223 #21086]  INFO -- : [744795e4-1711-4cb6-8176-222de14d24f8] Started GET "/w.json?query=toki1946&format_type=kento" for 3.112.33.51 at 2022-12-05 21:32:19 +0900
I, [2022-12-05T21:34:59.981849 #21086]  INFO -- : [820e6178-967f-4c7e-9fde-e2953b3d8812] Started GET "/w.json?format_type=kento&query=espresso_cafe" for 13.231.166.66 at 2022-12-05 21:34:59 +0900
I, [2022-12-05T21:35:17.905929 #21084]  INFO -- : [1dd1d1fe-0136-4b5e-a576-779ad2b33e64] Started GET "/w.json?format_type=kento&query=nzoom" for 35.73.128.250 at 2022-12-05 21:35:17 +0900
I, [2022-12-05T21:38:34.924166 #21084]  INFO -- : [867217eb-67ba-4984-a8fb-f483705d61b8] Started GET "/w.json?query=Kocotan&format_type=kento" for 13.231.166.66 at 2022-12-05 21:38:34 +0900
I, [2022-12-05T21:38:34.952539 #21084]  INFO -- : [0b47d7f7-e87e-41a9-9def-948f2941fe14] Started GET "/w.json?query=Nonhal&format_type=kento" for 3.112.33.51 at 2022-12-05 21:38:34 +0900
I, [2022-12-05T21:41:00.132399 #21084]  INFO -- : [67fefb40-1afe-4146-b16a-d68dd7a5d56a] Started GET "/w.json?query=nuts2&format_type=kento" for 35.73.128.250 at 2022-12-05 21:41:00 +0900
I, [2022-12-05T21:42:23.880432 #21086]  INFO -- : [8144ca1b-efdf-4eb8-bc7d-f251c1bd488d] Started GET "/w.json?format_type=kento&query=espresso_cafe" for 13.231.166.66 at 2022-12-05 21:42:23 +0900
I, [2022-12-05T21:42:51.122525 #21086]  INFO -- : [51cb49d3-ce3b-4b38-ae60-e88236ee3cc3] Started GET "/w.json?query=hideo1964&format_type=kento" for 13.231.166.66 at 2022-12-05 21:42:51 +0900
I, [2022-12-05T21:43:01.273133 #21086]  INFO -- : [3ac4acde-4acf-4698-9de9-fcfed1b45d81] Started GET "/w.json?format_type=kento&query=inferstar" for 13.231.166.66 at 2022-12-05 21:43:01 +0900
I, [2022-12-05T21:43:09.938708 #21086]  INFO -- : [191853c3-7a8e-4517-aa59-5aae995f5638] Started GET "/w.json?query=Zenbala&format_type=kento" for 13.231.166.66 at 2022-12-05 21:43:09 +0900
I, [2022-12-05T21:48:38.835899 #21084]  INFO -- : [1bc01a2e-5fc3-4dcf-adb1-78e1c79e51aa] Started GET "/w.json?query=hogepon&format_type=kento" for 13.231.166.66 at 2022-12-05 21:48:38 +0900
I, [2022-12-05T21:50:30.260782 #21084]  INFO -- : [b6627be1-f4cb-47c5-9664-9382cd790b41] Started GET "/w.json?query=kinakom0chi&format_type=kento" for 3.112.33.51 at 2022-12-05 21:50:30 +0900
I, [2022-12-05T21:50:56.166962 #21086]  INFO -- : [e0910a8e-9c4c-4438-8517-e9ed0fa53e12] Started GET "/w.json?query=tomiel&format_type=kento" for 13.231.166.66 at 2022-12-05 21:50:56 +0900
I, [2022-12-05T21:52:21.281979 #21084]  INFO -- : [1ca5deb7-482e-4ba7-b65f-9aab08c7a19d] Started GET "/w.json?query=fujintv&format_type=kento" for 3.112.33.51 at 2022-12-05 21:52:21 +0900
I, [2022-12-05T21:54:42.366341 #21084]  INFO -- : [17423933-cf5b-4397-9206-850050c73678] Started GET "/w.json?query=hogepon&format_type=kento" for 13.231.166.66 at 2022-12-05 21:54:42 +0900
I, [2022-12-05T21:57:05.699953 #21084]  INFO -- : [bc1f043b-25c8-47e8-957b-b3f8a68cf469] Started GET "/w.json?format_type=kento&query=chryso_la" for 3.112.33.51 at 2022-12-05 21:57:05 +0900
I, [2022-12-05T21:57:06.728302 #21086]  INFO -- : [ab3da00b-40f0-4d6e-996b-77abce0514fa] Started GET "/w.json?query=CNamo&format_type=kento" for 35.79.25.153 at 2022-12-05 21:57:06 +0900
I, [2022-12-05T22:00:33.274730 #21086]  INFO -- : [5f8a6863-1ac2-48b6-a4b3-2c9b88e355f3] Started GET "/w.json?format_type=kento&query=kichijr" for 35.79.25.153 at 2022-12-05 22:00:33 +0900
I, [2022-12-05T22:03:40.724590 #21086]  INFO -- : [e852751c-083a-4be2-bf8e-66abdf4118e5] Started GET "/w.json?query=tomiel&format_type=kento" for 35.74.70.220 at 2022-12-05 22:03:40 +0900
I, [2022-12-05T22:05:19.009595 #21084]  INFO -- : [f628e156-f422-49cb-b62e-c990ac89b0f9] Started GET "/w.json?query=MEGUT&format_type=kento" for 35.74.70.220 at 2022-12-05 22:05:19 +0900
I, [2022-12-05T22:15:20.073305 #21084]  INFO -- : [cc251e9d-82f5-496e-b0c8-ca01fa1a13c7] Started GET "/w.json?query=giosblue&format_type=kento" for 3.112.33.51 at 2022-12-05 22:15:20 +0900
I, [2022-12-05T22:15:21.204851 #21084]  INFO -- : [52f2971e-8948-4291-8238-c7f3a2a7f8bc] Started GET "/w.json?query=sub250runner&format_type=kento" for 54.95.144.199 at 2022-12-05 22:15:21 +0900
I, [2022-12-05T22:22:01.857029 #21084]  INFO -- : [6b66e689-443a-49c7-a8fd-3f1619af43d6] Started GET "/w.json?query=Yohei_chi&format_type=kento" for 54.95.144.199 at 2022-12-05 22:22:01 +0900
I, [2022-12-05T22:23:46.994283 #21084]  INFO -- : [9205dde8-068e-4b02-a45d-912f304e9e05] Started GET "/w.json?query=ignisfatuus&format_type=kento" for 54.95.144.199 at 2022-12-05 22:23:46 +0900
I, [2022-12-05T22:27:46.906028 #21086]  INFO -- : [e1e36e07-9dc4-4048-afd0-342ffb54a0f0] Started GET "/w.json?format_type=kento&query=verdura" for 35.76.113.190 at 2022-12-05 22:27:46 +0900
I, [2022-12-05T22:31:41.428257 #21086]  INFO -- : [cc00e044-c0a3-4c28-886e-df3d197db0f7] Started GET "/w.json?query=ignisfatuus&format_type=kento" for 18.181.162.96 at 2022-12-05 22:31:41 +0900
I, [2022-12-05T22:34:06.376983 #21084]  INFO -- : [d5123bba-7141-445a-ba49-a240d9a15f4c] Started GET "/w.json?query=CNamo&format_type=kento" for 18.181.162.96 at 2022-12-05 22:34:06 +0900
I, [2022-12-05T22:34:07.480838 #21084]  INFO -- : [835a3b79-7213-449a-9b54-7b76bcd14670] Started GET "/w.json?format_type=kento&query=chryso_la" for 35.77.200.104 at 2022-12-05 22:34:07 +0900
I, [2022-12-05T22:35:14.735215 #21084]  INFO -- : [eece55a0-ce5b-43ab-9cc4-93c9580d941f] Started GET "/w.json?format_type=kento&query=hiroizm" for 35.77.200.104 at 2022-12-05 22:35:14 +0900
I, [2022-12-05T22:38:37.376713 #21086]  INFO -- : [f81a8f6f-2b2a-47cd-8308-329d0dfb230b] Started GET "/w.json?format_type=kento&query=hiroizm" for 35.77.200.104 at 2022-12-05 22:38:37 +0900
I, [2022-12-05T22:45:12.790995 #21084]  INFO -- : [e99e4dff-0d25-481b-a4c0-89d12492e5f7] Started GET "/w.json?format_type=kento&query=BlueChatterer" for 13.231.235.190 at 2022-12-05 22:45:12 +0900
I, [2022-12-05T22:46:07.172957 #21086]  INFO -- : [7a72c446-b75f-4896-b91c-db2fb0f3496a] Started GET "/w.json?query=tomiel&format_type=kento" for 54.95.144.199 at 2022-12-05 22:46:07 +0900
I, [2022-12-05T22:46:29.153049 #21084]  INFO -- : [f3067824-1897-4d0f-8210-694b2792e0d4] Started GET "/w.json?query=Anzanshi&format_type=kento" for 54.95.144.199 at 2022-12-05 22:46:29 +0900
I, [2022-12-05T22:46:43.951188 #21084]  INFO -- : [0742be54-c896-4433-9678-a79006ef8cc9] Started GET "/w.json?format_type=kento&query=light33" for 13.231.235.190 at 2022-12-05 22:46:43 +0900
I, [2022-12-05T22:47:59.631214 #21084]  INFO -- : [d6042c12-7f4d-462e-a711-23f5e6411d1c] Started GET "/w.json?format_type=kento&query=hiroizm" for 54.95.144.199 at 2022-12-05 22:47:59 +0900
I, [2022-12-05T22:57:33.565330 #21084]  INFO -- : [658f4873-c5d5-4bd4-b572-1b1edf2c1e51] Started GET "/w.json?format_type=kento&query=shote58hi" for 54.95.144.199 at 2022-12-05 22:57:33 +0900
I, [2022-12-05T22:57:39.410982 #21084]  INFO -- : [9924b87f-e669-41e2-bca0-fdc663b3a5fc] Started GET "/w.json?format_type=kento&query=raffit" for 35.78.212.81 at 2022-12-05 22:57:39 +0900
I, [2022-12-05T23:02:42.254105 #21086]  INFO -- : [4f56a19f-1e70-4ad2-b4dd-2d3ab0227134] Started GET "/w.json?query=parao_nta&format_type=kento" for 35.78.212.81 at 2022-12-05 23:02:42 +0900
I, [2022-12-05T23:02:43.198517 #21086]  INFO -- : [0d1370b5-20f4-4298-a7cd-f1b0920f1433] Started GET "/w.json?query=AlexParao&format_type=kento" for 54.249.66.228 at 2022-12-05 23:02:43 +0900
I, [2022-12-05T23:02:45.413027 #21086]  INFO -- : [7b307e63-0309-4903-8d12-8a81c7344d6d] Started GET "/w.json?query=AlexParao&format_type=kento" for 35.78.212.81 at 2022-12-05 23:02:45 +0900
I, [2022-12-05T23:02:45.425088 #21086]  INFO -- : [108a4c3e-b612-4897-8d1d-7f9e844b0fed] Started GET "/w.json?query=parao_nta&format_type=kento" for 54.95.144.199 at 2022-12-05 23:02:45 +0900
I, [2022-12-05T23:03:35.537360 #21086]  INFO -- : [d31eca23-0707-4811-ba30-aa2168ca7d3c] Started GET "/w.json?query=furibisya2000&format_type=kento" for 54.249.66.228 at 2022-12-05 23:03:35 +0900
I, [2022-12-05T23:05:37.050063 #21084]  INFO -- : [101304e6-4a45-4406-9070-ed65354d9769] Started GET "/w.json?format_type=kento&query=light33" for 35.78.212.81 at 2022-12-05 23:05:37 +0900
I, [2022-12-05T23:06:36.706920 #21084]  INFO -- : [662f2127-a0d3-4aa7-b3b7-5182b7e2eb30] Started GET "/w.json?query=tomiel&format_type=kento" for 54.249.66.228 at 2022-12-05 23:06:36 +0900
I, [2022-12-05T23:11:15.896390 #21084]  INFO -- : [0f4886a0-b1a1-4c69-9bad-a765c8724b2a] Started GET "/w.json?query=512walnutst&format_type=kento" for 35.78.212.81 at 2022-12-05 23:11:15 +0900
I, [2022-12-05T23:11:49.115750 #21086]  INFO -- : [3478db2c-6fd0-4f8d-aa1c-6012f21f7bca] Started GET "/w.json?query=masamasa1343792&format_type=kento" for 35.78.212.81 at 2022-12-05 23:11:49 +0900
I, [2022-12-05T23:12:30.066321 #21084]  INFO -- : [1aaaa227-d608-4823-abee-67fa2f37439a] Started GET "/w.json?format_type=kento&query=js_uk" for 54.249.66.228 at 2022-12-05 23:12:30 +0900
I, [2022-12-05T23:13:45.732982 #21084]  INFO -- : [3857e761-391e-4ab6-8539-83f2b086d5df] Started GET "/w.json?format_type=kento&query=kichijr" for 54.249.66.228 at 2022-12-05 23:13:45 +0900
I, [2022-12-05T23:16:28.933957 #21086]  INFO -- : [c44f94fe-c02c-48a6-bdda-3e28aa159d95] Started GET "/w.json?format_type=kento&query=light33" for 35.78.212.81 at 2022-12-05 23:16:28 +0900
I, [2022-12-05T23:25:47.819270 #21086]  INFO -- : [dca62ceb-c98e-463d-92f7-8960dde0330d] Started GET "/w.json?query=nattonebanebaZ&format_type=kento" for 35.78.212.81 at 2022-12-05 23:25:47 +0900
I, [2022-12-05T23:25:48.792378 #21084]  INFO -- : [759110ce-abc0-4d14-bced-e7b586ac90f0] Started GET "/w.json?format_type=kento&query=longjumpman" for 54.238.31.174 at 2022-12-05 23:25:48 +0900
I, [2022-12-05T23:26:45.440872 #21084]  INFO -- : [450c594d-bae3-4c20-95ce-10f2807e1a1a] Started GET "/w.json?query=tomotyan0116&format_type=kento" for 35.78.212.81 at 2022-12-05 23:26:45 +0900
I, [2022-12-05T23:28:46.742111 #21086]  INFO -- : [4eddbdaf-fff7-4524-ad7f-cc39de47afa0] Started GET "/w.json?query=tomotyan0116&format_type=kento" for 35.78.212.81 at 2022-12-05 23:28:46 +0900
I, [2022-12-05T23:29:14.748170 #21084]  INFO -- : [6027af6a-cb20-4ea1-9dd5-686bd52ce0ef] Started GET "/w.json?query=kunito92&format_type=kento" for 35.78.212.81 at 2022-12-05 23:29:14 +0900
I, [2022-12-05T23:33:55.614422 #21084]  INFO -- : [70d29403-8e1b-437a-a3c2-385865731022] Started GET "/w.json?query=nuts2&format_type=kento" for 35.78.212.81 at 2022-12-05 23:33:55 +0900
I, [2022-12-05T23:57:16.420713 #21084]  INFO -- : [bf46f035-2f1b-4246-ae16-350a0b8979e4] Started GET "/w.json?query=Yokaibaka&format_type=kento" for 54.65.112.28 at 2022-12-05 23:57:16 +0900
I, [2022-12-06T00:01:16.656433 #21086]  INFO -- : [f5ce5510-6930-4d57-8cc8-0ddab7e82359] Started GET "/w.json?query=masachan96&format_type=kento" for 54.65.112.28 at 2022-12-06 00:01:16 +0900
I, [2022-12-06T00:21:50.391982 #21086]  INFO -- : [af2d0efe-9d4d-416e-8bdf-e8f007840fe6] Started GET "/w.json?query=kunito92&format_type=kento" for 35.78.74.172 at 2022-12-06 00:21:50 +0900
I, [2022-12-06T00:22:39.994583 #21086]  INFO -- : [dafa3770-04c4-4d34-ae5e-7d24997fb270] Started GET "/w.json?query=DynamiteReiya&format_type=kento" for 35.78.74.172 at 2022-12-06 00:22:39 +0900
I, [2022-12-06T00:34:42.079976 #21084]  INFO -- : [959c8a6a-5db3-4fa5-8c00-7a27f2556669] Started GET "/w.json?query=kunito92&format_type=kento" for 54.238.77.136 at 2022-12-06 00:34:42 +0900
I, [2022-12-06T00:51:52.438722 #21084]  INFO -- : [13426ba8-7678-4dfb-9c59-e016aea2a873] Started GET "/w.json?query=artist_&format_type=kento" for 54.238.77.136 at 2022-12-06 00:51:52 +0900
I, [2022-12-06T01:02:18.689571 #21086]  INFO -- : [63ae6acd-2213-43bd-84a4-db02241b5f11] Started GET "/w.json?format_type=kento&query=Massanori" for 3.112.197.243 at 2022-12-06 01:02:18 +0900
I, [2022-12-06T01:02:21.322092 #21086]  INFO -- : [c7cc7bc8-3bed-44dc-9c44-277c50ad2e71] Started GET "/w.json?format_type=kento&query=Massanori" for 3.112.197.243 at 2022-12-06 01:02:21 +0900
I, [2022-12-06T01:02:33.644846 #21084]  INFO -- : [8edd66a8-3148-4bc1-a192-7da633343bd0] Started GET "/w.json?format_type=kento&query=Massanori" for 52.196.14.26 at 2022-12-06 01:02:33 +0900
I, [2022-12-06T01:21:22.603514 #21086]  INFO -- : [c5f4893a-b808-4bdd-b533-ad05796efde9] Started GET "/w.json?query=marudednb&format_type=kento" for 3.112.197.243 at 2022-12-06 01:21:22 +0900
I, [2022-12-06T01:21:22.618889 #21084]  INFO -- : [5382c3e7-acff-4cab-98f4-c6f0d3d1ff1c] Started GET "/w.json?query=marudednd&format_type=kento" for 18.177.82.73 at 2022-12-06 01:21:22 +0900
I, [2022-12-06T01:21:23.584807 #21086]  INFO -- : [59171377-4d83-4692-ada3-593b52ebfeab] Started GET "/w.json?query=marudednm&format_type=kento" for 3.115.117.103 at 2022-12-06 01:21:23 +0900
I, [2022-12-06T01:21:23.600416 #21086]  INFO -- : [b548dd7d-5e5e-4b71-96c5-557df65a2419] Started GET "/w.json?query=marudednf&format_type=kento" for 43.206.130.49 at 2022-12-06 01:21:23 +0900
I, [2022-12-06T01:21:23.616900 #21086]  INFO -- : [12a8522c-7b30-4de7-bf40-e463ef74a086] Started GET "/w.json?query=marudedna&format_type=kento" for 35.75.13.173 at 2022-12-06 01:21:23 +0900
I, [2022-12-06T01:21:23.661420 #21086]  INFO -- : [ff24d632-0199-4f6f-ae90-c6f5754dfb5f] Started GET "/w.json?query=marudedng&format_type=kento" for 35.78.190.142 at 2022-12-06 01:21:23 +0900
I, [2022-12-06T01:21:23.685594 #21084]  INFO -- : [60ae1385-d6d5-4503-b758-7e2d1d8ce829] Started GET "/w.json?query=marudedne&format_type=kento" for 52.194.189.87 at 2022-12-06 01:21:23 +0900
I, [2022-12-06T01:36:05.965515 #21084]  INFO -- : [74088a85-eeba-4035-8d7f-33701c420b85] Started GET "/w.json?query=Yu_masa10&format_type=kento" for 35.75.9.61 at 2022-12-06 01:36:05 +0900
I, [2022-12-06T01:36:06.720563 #21086]  INFO -- : [95e75511-ae66-4b57-af19-9118bf17b7e4] Started GET "/w.json?query=Maitankurou4&format_type=kento" for 35.75.13.173 at 2022-12-06 01:36:06 +0900
I, [2022-12-06T01:50:36.143046 #21086]  INFO -- : [abd04dac-d92e-4917-ab7d-b0868364c2ca] Started GET "/w.json?query=blueberry&format_type=kento" for 3.112.95.239 at 2022-12-06 01:50:36 +0900
I, [2022-12-06T02:10:16.639234 #21084]  INFO -- : [19da9d8c-b340-4156-9650-53ed415ffe12] Started GET "/w.json?format_type=kento&query=BomberKengo" for 3.112.95.239 at 2022-12-06 02:10:16 +0900
I, [2022-12-06T02:15:58.519390 #21084]  INFO -- : [c6b7607e-1327-441f-b198-6ac14780778f] Started GET "/w.json?query=SanchaBeer&format_type=kento" for 35.77.88.251 at 2022-12-06 02:15:58 +0900
I, [2022-12-06T02:23:26.493890 #21086]  INFO -- : [0f88b71b-b5a3-4a85-9a47-2d7f4749d638] Started GET "/w.json?query=millstory&format_type=kento" for 18.182.29.56 at 2022-12-06 02:23:26 +0900
I, [2022-12-06T02:47:04.570428 #21086]  INFO -- : [0fa82ac4-503f-40dc-9213-89548f29138d] Started GET "/w.json?query=DynamiteReiya&format_type=kento" for 18.182.29.56 at 2022-12-06 02:47:04 +0900
I, [2022-12-06T03:19:25.237581 #21086]  INFO -- : [2003003b-e433-4394-a9d5-f7b946c3830b] Started GET "/w.json?query=sentos3891&format_type=kento" for 43.206.156.145 at 2022-12-06 03:19:25 +0900
I, [2022-12-06T03:23:04.723958 #21084]  INFO -- : [1dd6a134-2770-4e3e-8ff2-23ee87ec1452] Started GET "/w.json?query=marudedne&format_type=kento" for 13.231.156.209 at 2022-12-06 03:23:04 +0900
I, [2022-12-06T03:23:04.750654 #21086]  INFO -- : [b2130b81-6674-43e1-a0c1-2d5aab64d724] Started GET "/w.json?query=marudednd&format_type=kento" for 54.250.246.121 at 2022-12-06 03:23:04 +0900
I, [2022-12-06T03:23:04.764133 #21086]  INFO -- : [4019c3eb-b9ad-4851-9238-3da881de57f3] Started GET "/w.json?query=marudednb&format_type=kento" for 3.113.250.120 at 2022-12-06 03:23:04 +0900
I, [2022-12-06T03:23:04.773634 #21084]  INFO -- : [1e3cf013-eea2-43d5-9767-e58bb92e1e34] Started GET "/w.json?query=marudednf&format_type=kento" for 35.78.99.11 at 2022-12-06 03:23:04 +0900
I, [2022-12-06T03:23:04.777461 #21084]  INFO -- : [6a04c5b4-9f06-481b-93c4-55a0d53be13d] Started GET "/w.json?query=marudedng&format_type=kento" for 13.230.26.23 at 2022-12-06 03:23:04 +0900
I, [2022-12-06T03:23:04.781574 #21086]  INFO -- : [dc7962f3-e1b8-4bce-8673-023e4b69ad21] Started GET "/w.json?query=marudednm&format_type=kento" for 54.238.1.254 at 2022-12-06 03:23:04 +0900
I, [2022-12-06T03:23:04.825218 #21084]  INFO -- : [15563626-1414-4328-8368-763a363579ad] Started GET "/w.json?query=marudedna&format_type=kento" for 18.183.207.190 at 2022-12-06 03:23:04 +0900
I, [2022-12-06T03:24:47.289217 #21084]  INFO -- : [5427095e-3917-41c5-85cd-7c3561c4b756] Started GET "/w.json?query=marudedng&format_type=kento" for 54.250.246.121 at 2022-12-06 03:24:47 +0900
I, [2022-12-06T03:24:47.292427 #21086]  INFO -- : [53650a31-92d0-4f3e-a6c0-2b48bf9fde6d] Started GET "/w.json?query=marudedne&format_type=kento" for 13.230.26.23 at 2022-12-06 03:24:47 +0900
I, [2022-12-06T03:24:47.295564 #21084]  INFO -- : [a788d523-492e-4d74-bcd8-aed752d27202] Started GET "/w.json?query=marudednf&format_type=kento" for 3.113.250.120 at 2022-12-06 03:24:47 +0900
I, [2022-12-06T03:24:47.304206 #21084]  INFO -- : [f2f1f943-d7c8-4e61-8b7e-08e86f3ef20c] Started GET "/w.json?query=marudedna&format_type=kento" for 18.183.207.190 at 2022-12-06 03:24:47 +0900
I, [2022-12-06T03:24:47.308057 #21084]  INFO -- : [1885e036-c20c-4884-a2e8-64a7c21c642b] Started GET "/w.json?query=marudednd&format_type=kento" for 35.78.99.11 at 2022-12-06 03:24:47 +0900
I, [2022-12-06T03:24:47.309204 #21086]  INFO -- : [dc760d3f-bac2-4e1a-9ea9-c0c22ed495ea] Started GET "/w.json?query=marudednm&format_type=kento" for 43.206.156.145 at 2022-12-06 03:24:47 +0900
I, [2022-12-06T03:24:47.315977 #21084]  INFO -- : [adc453cb-7592-4236-b323-36c7fd6dd7d8] Started GET "/w.json?query=marudednb&format_type=kento" for 54.238.1.254 at 2022-12-06 03:24:47 +0900
I, [2022-12-06T03:27:43.089220 #21084]  INFO -- : [0cdf52fa-0f0c-4094-a56b-1e808c60e452] Started GET "/w.json?query=shogisemmu&format_type=kento" for 13.231.156.209 at 2022-12-06 03:27:43 +0900
I, [2022-12-06T03:28:44.062330 #21086]  INFO -- : [7b15a51c-bf79-4801-8d31-c38747866714] Started GET "/w.json?query=shogisemmu&format_type=kento" for 54.250.246.121 at 2022-12-06 03:28:44 +0900
I, [2022-12-06T03:28:50.606569 #21086]  INFO -- : [be1f3234-7275-46bf-8ef9-2e83d79b4525] Started GET "/w.json?query=shogisemmu&format_type=kento" for 35.78.99.11 at 2022-12-06 03:28:50 +0900
I, [2022-12-06T03:28:59.663423 #21084]  INFO -- : [e7d368ca-5d95-4b08-81af-625e611fb04c] Started GET "/w.json?query=shogisemmu&format_type=kento" for 35.78.99.11 at 2022-12-06 03:28:59 +0900
I, [2022-12-06T03:31:26.842678 #21086]  INFO -- : [e15f8df8-9077-4f08-915f-ef39378eee8a] Started GET "/w.json?format_type=kento&query=kuniosX" for 35.78.99.11 at 2022-12-06 03:31:26 +0900
I, [2022-12-06T03:32:31.807242 #21084]  INFO -- : [b4689bbc-252d-4bf7-9811-1573706dfc16] Started GET "/w.json?format_type=kento&query=RSsemmu" for 35.78.99.11 at 2022-12-06 03:32:31 +0900
I, [2022-12-06T03:34:11.533872 #21086]  INFO -- : [c6178e6c-5cc9-4dc1-b3d4-84dffeed7e65] Started GET "/w.json?format_type=kento&query=Massanori" for 54.168.102.34 at 2022-12-06 03:34:11 +0900
I, [2022-12-06T03:34:26.832979 #21086]  INFO -- : [de57d44e-1e02-453c-96e9-732504ae98b6] Started GET "/w.json?format_type=kento&query=Massanori" for 54.168.102.34 at 2022-12-06 03:34:26 +0900
I, [2022-12-06T03:40:04.408938 #21086]  INFO -- : [7ba9fefa-d20f-4766-809e-6433bc79ffe2] Started GET "/w.json?format_type=kento&query=Massanori" for 54.199.59.231 at 2022-12-06 03:40:04 +0900
I, [2022-12-06T03:42:11.343244 #21084]  INFO -- : [041c0674-4bc0-44c8-870c-de04c7ef8007] Started GET "/w.json?query=bf1998&format_type=kento" for 54.199.59.231 at 2022-12-06 03:42:11 +0900
I, [2022-12-06T03:45:26.377804 #21086]  INFO -- : [94d13a58-1aa3-4dbc-bbe8-201a83978ab2] Started GET "/w.json?query=tetospace&format_type=kento" for 54.199.59.231 at 2022-12-06 03:45:26 +0900
I, [2022-12-06T03:45:27.385634 #21086]  INFO -- : [10e024f7-99bb-4fcb-95dd-fa0ec5df53b1] Started GET "/w.json?query=tetrachord&format_type=kento" for 13.113.252.41 at 2022-12-06 03:45:27 +0900
I, [2022-12-06T03:48:21.746657 #21086]  INFO -- : [b548abbd-86e7-4f48-bb9e-495d1ec587d5] Started GET "/w.json?query=tetrachord&format_type=kento" for 13.113.252.41 at 2022-12-06 03:48:21 +0900
I, [2022-12-06T03:48:21.750827 #21086]  INFO -- : [203162d9-4cd1-46d4-a373-e333ca45e1af] Started GET "/w.json?query=tetospace&format_type=kento" for 52.194.235.40 at 2022-12-06 03:48:21 +0900
I, [2022-12-06T03:48:26.960470 #21086]  INFO -- : [28536d4e-e964-471c-b109-ccd772b470dc] Started GET "/w.json?query=lat39&format_type=kento" for 54.199.59.231 at 2022-12-06 03:48:26 +0900
I, [2022-12-06T04:02:37.218302 #21084]  INFO -- : [5c1687df-6255-4f01-97d8-3eeccc2d7bc3] Started GET "/w.json?format_type=kento&query=Massanori" for 54.199.59.231 at 2022-12-06 04:02:37 +0900
I, [2022-12-06T04:07:57.095328 #21086]  INFO -- : [ef4e863e-06a7-4b17-b2fc-3757d18b6ab0] Started GET "/w.json?query=b_tan&format_type=kento" for 54.199.59.231 at 2022-12-06 04:07:57 +0900
I, [2022-12-06T04:41:32.024511 #21086]  INFO -- : [1ea5aa1b-fef1-469b-81f5-e3d228b63aac] Started GET "/w.json?query=Yu_masa10&format_type=kento" for 54.95.41.19 at 2022-12-06 04:41:32 +0900
I, [2022-12-06T04:41:32.959440 #21086]  INFO -- : [2524361a-1b48-4cee-989a-fb0299f2f261] Started GET "/w.json?query=Maitankurou4&format_type=kento" for 18.183.237.150 at 2022-12-06 04:41:32 +0900
I, [2022-12-06T05:36:21.209049 #21086]  INFO -- : [528b8d0c-d901-42c6-9a45-caa33ba7d4df] Started GET "/w.json?query=Nonhal&format_type=kento" for 13.230.79.113 at 2022-12-06 05:36:21 +0900
I, [2022-12-06T05:36:21.265788 #21086]  INFO -- : [91dafd8d-3b27-4110-9f0c-7eb5e7e50514] Started GET "/w.json?query=Kocotan&format_type=kento" for 35.77.85.0 at 2022-12-06 05:36:21 +0900
I, [2022-12-06T05:40:49.407313 #21084]  INFO -- : [c5efd6e3-8308-4bb8-97b1-56260bb9efb6] Started GET "/w.json?format_type=kento&query=Massanori" for 13.230.79.113 at 2022-12-06 05:40:49 +0900
I, [2022-12-06T05:41:03.345390 #21086]  INFO -- : [d51dfe7d-5665-476d-84ad-fab8de9985cc] Started GET "/w.json?format_type=kento&query=Massanori" for 13.230.79.113 at 2022-12-06 05:41:03 +0900
I, [2022-12-06T06:20:55.056291 #21086]  INFO -- : [b95c0da8-7b29-4d6a-be07-3c656d1d4b74] Started GET "/w.json?query=MEGUT&format_type=kento" for 35.75.3.254 at 2022-12-06 06:20:55 +0900
I, [2022-12-06T06:29:15.116366 #21084]  INFO -- : [68929005-1e6b-4b80-a242-8a8e872d2d11] Started GET "/w.json?query=MEGUT&format_type=kento" for 35.75.3.254 at 2022-12-06 06:29:15 +0900
I, [2022-12-06T06:45:52.859192 #21086]  INFO -- : [919ec4a8-4dd7-410e-83b8-defa22f6aac4] Started GET "/w.json?query=MEGUT&format_type=kento" for 35.77.70.72 at 2022-12-06 06:45:52 +0900
I, [2022-12-06T06:47:10.247582 #21086]  INFO -- : [8ad9daf2-e090-4e30-b6d4-f1cc9d0dcb4e] Started GET "/w.json?query=ignisfatuus&format_type=kento" for 35.77.70.72 at 2022-12-06 06:47:10 +0900
I, [2022-12-06T06:48:57.014533 #21084]  INFO -- : [2d42bd61-f93f-4d59-9685-324251c9aa16] Started GET "/w.json?query=ignisfatuus&format_type=kento" for 35.77.70.72 at 2022-12-06 06:48:57 +0900
I, [2022-12-06T07:03:53.522954 #21084]  INFO -- : [fa91ddb8-0aab-4376-ace9-8442039424d3] Started GET "/w.json?query=hajime2022&format_type=kento" for 35.77.70.72 at 2022-12-06 07:03:53 +0900
I, [2022-12-06T07:21:41.804360 #21084]  INFO -- : [0e77cfb5-4066-45bf-81cb-5a242e448881] Started GET "/w.json?query=Remi_Calencia&format_type=kento" for 18.181.163.105 at 2022-12-06 07:21:41 +0900
I, [2022-12-06T07:24:10.810013 #21086]  INFO -- : [765db875-d139-4a4a-ad2c-da2924f12b00] Started GET "/w.json?query=AlexParao&format_type=kento" for 54.248.57.175 at 2022-12-06 07:24:10 +0900
I, [2022-12-06T07:24:10.818716 #21084]  INFO -- : [5422ac98-a6d5-4729-a3a1-6b59fb69c743] Started GET "/w.json?query=parao_nta&format_type=kento" for 18.181.163.105 at 2022-12-06 07:24:10 +0900
I, [2022-12-06T07:29:49.766520 #21086]  INFO -- : [816ffcec-7aef-4206-8ef4-5e895c36a81a] Started GET "/w.json?format_type=kento&query=Massanori" for 52.199.180.146 at 2022-12-06 07:29:49 +0900
I, [2022-12-06T07:32:09.936518 #21086]  INFO -- : [d5bec261-ae8e-4c18-95d7-2992c294d7d4] Started GET "/w.json?format_type=kento&query=Jyohshin" for 18.181.163.105 at 2022-12-06 07:32:09 +0900
I, [2022-12-06T07:35:18.054309 #21086]  INFO -- : [eba01b09-8d31-46c9-985f-a544fce9e53a] Started GET "/w.json?query=match0100&format_type=kento" for 18.181.163.105 at 2022-12-06 07:35:18 +0900
I, [2022-12-06T07:35:19.129521 #21086]  INFO -- : [689c1fb9-8fe6-41f0-bfe5-ae84a3592bcc] Started GET "/w.json?query=match0511&format_type=kento" for 35.77.188.122 at 2022-12-06 07:35:19 +0900
I, [2022-12-06T07:35:21.691159 #21084]  INFO -- : [7b98c67c-900e-4150-96a7-be7e3e51e61e] Started GET "/w.json?query=match0100&format_type=kento" for 35.77.188.122 at 2022-12-06 07:35:21 +0900
I, [2022-12-06T07:35:21.711423 #21086]  INFO -- : [e2690c98-cb8b-4ad1-a3b2-7b5acfea278d] Started GET "/w.json?query=match0511&format_type=kento" for 18.181.163.105 at 2022-12-06 07:35:21 +0900
I, [2022-12-06T07:41:13.835216 #21084]  INFO -- : [7b48626b-a6cf-455c-8f3d-274714044b41] Started GET "/w.json?format_type=kento&query=Jyohshin" for 52.199.180.146 at 2022-12-06 07:41:13 +0900
I, [2022-12-06T07:46:10.567935 #21086]  INFO -- : [defe43b6-7e27-45a1-9253-b98c102cfe55] Started GET "/w.json?query=hogepon&format_type=kento" for 52.199.180.146 at 2022-12-06 07:46:10 +0900
I, [2022-12-06T07:51:58.087721 #21086]  INFO -- : [4910a0b1-d04e-42cf-a72f-7d21253a5a2e] Started GET "/w.json?format_type=kento&query=uniyuni5" for 52.199.180.146 at 2022-12-06 07:51:58 +0900
I, [2022-12-06T07:52:13.280842 #21086]  INFO -- : [3bf2a0b4-06cb-425c-b9c4-458f2a636e6a] Started GET "/w.json?query=hogepon&format_type=kento" for 52.199.180.146 at 2022-12-06 07:52:13 +0900
I, [2022-12-06T07:55:33.199323 #21086]  INFO -- : [bd38de17-7d39-4532-a95f-1694a32c10d6] Started GET "/w.json?query=hogepon&format_type=kento" for 18.181.163.105 at 2022-12-06 07:55:33 +0900
I, [2022-12-06T07:59:33.210248 #21084]  INFO -- : [4dca6a0f-5223-44e7-91c6-9c9a4f2cc0e1] Started GET "/w.json?query=DynamiteReiya&format_type=kento" for 18.181.163.105 at 2022-12-06 07:59:33 +0900
I, [2022-12-06T08:20:33.687383 #21084]  INFO -- : [38f732a4-3dd4-473d-b401-bd9100b11ad9] Started GET "/w.json?format_type=kento&query=lightlypickled" for 13.231.170.94 at 2022-12-06 08:20:33 +0900
I, [2022-12-06T08:40:21.472742 #21084]  INFO -- : [0a911633-f2f3-47eb-b814-27cc0c7136c3] Started GET "/w.json?query=jinguji36&format_type=kento" for 13.231.170.94 at 2022-12-06 08:40:21 +0900
I, [2022-12-06T08:52:15.176430 #21084]  INFO -- : [d364b8c6-d8d0-4789-9b01-e1cb5e20cb63] Started GET "/w.json?query=0ni34&format_type=kento" for 13.231.216.215 at 2022-12-06 08:52:15 +0900
I, [2022-12-06T09:24:08.090432 #21086]  INFO -- : [1670bec2-b7db-4ad0-8f13-ec5e3c7aad80] Started GET "/w.json?query=jinguji36&format_type=kento" for 13.231.216.215 at 2022-12-06 09:24:08 +0900
I, [2022-12-06T09:35:29.677339 #21084]  INFO -- : [ed327711-5ae6-4d93-92cb-c52fd35ae018] Started GET "/w.json?query=anjelier&format_type=kento" for 13.231.216.215 at 2022-12-06 09:35:29 +0900
I, [2022-12-06T09:36:28.775714 #21084]  INFO -- : [f6629b06-e069-4c3d-bdb5-4c20ad9320c3] Started GET "/w.json?format_type=kento&query=chryso_la" for 13.231.216.215 at 2022-12-06 09:36:28 +0900
I, [2022-12-06T09:36:29.653408 #21086]  INFO -- : [81a951d5-923b-40b9-ad6d-a29914712ed4] Started GET "/w.json?query=CNamo&format_type=kento" for 13.231.170.94 at 2022-12-06 09:36:29 +0900
I, [2022-12-06T09:38:09.213838 #21086]  INFO -- : [8ecff1fa-e927-45d5-9966-5e8e76ba5102] Started GET "/w.json?query=GH8810&format_type=kento" for 18.181.222.213 at 2022-12-06 09:38:09 +0900
I, [2022-12-06T09:38:09.292083 #21084]  INFO -- : [5e83e284-22d8-4002-91a4-5889cfcfdec3] Started GET "/w.json?query=Gon_8810&format_type=kento" for 13.231.216.215 at 2022-12-06 09:38:09 +0900
I, [2022-12-06T09:42:18.999751 #21084]  INFO -- : [00329169-d9dd-4d8f-8243-48bbb3520384] Started GET "/w.json?query=T123456789TZ&format_type=kento" for 18.181.222.213 at 2022-12-06 09:42:18 +0900
I, [2022-12-06T09:53:44.545130 #21086]  INFO -- : [c174b280-c037-437a-96e5-701c1c1d852b] Started GET "/w.json?query=wkane&format_type=kento" for 13.113.19.55 at 2022-12-06 09:53:44 +0900
I, [2022-12-06T09:59:14.463804 #21084]  INFO -- : [f2beeac2-57c9-44dd-99c3-6ece8351d486] Started GET "/w.json?query=anjelier&format_type=kento" for 13.113.19.55 at 2022-12-06 09:59:14 +0900
I, [2022-12-06T10:06:20.333852 #21086]  INFO -- : [ce725607-49fb-425a-b393-86686e3be567] Started GET "/w.json?query=wkane&format_type=kento" for 13.113.19.55 at 2022-12-06 10:06:20 +0900
I, [2022-12-06T10:08:39.196498 #21084]  INFO -- : [d045242c-df92-4e42-98b3-2c225779d90a] Started GET "/w.json?query=yuzusato2014&format_type=kento" for 18.181.236.212 at 2022-12-06 10:08:39 +0900
I, [2022-12-06T10:08:39.291598 #21084]  INFO -- : [ece3dc1e-da0b-4814-b4bb-504e3571afa5] Started GET "/w.json?query=2022June5&format_type=kento" for 35.74.26.41 at 2022-12-06 10:08:39 +0900
I, [2022-12-06T10:08:39.335252 #21084]  INFO -- : [dc7c3e4c-54f9-484b-8ce8-70b84fd989c0] Started GET "/w.json?query=yuzutarosan&format_type=kento" for 35.77.27.22 at 2022-12-06 10:08:39 +0900
I, [2022-12-06T10:12:48.140611 #21086]  INFO -- : [a266224c-2bb5-4d25-af50-92a1582e809f] Started GET "/w.json?query=wkane&format_type=kento" for 3.112.75.58 at 2022-12-06 10:12:48 +0900
I, [2022-12-06T10:12:57.508269 #21086]  INFO -- : [58937d0d-d0ab-4d49-bd0b-7b4d5486bbdf] Started GET "/w.json?query=hajime2022&format_type=kento" for 18.181.236.212 at 2022-12-06 10:12:57 +0900
I, [2022-12-06T10:19:30.986531 #21084]  INFO -- : [b4435ef5-3b4a-4204-876a-52975dac817f] Started GET "/w.json?query=kinakom0chi&format_type=kento" for 3.112.75.58 at 2022-12-06 10:19:30 +0900
I, [2022-12-06T10:19:47.222724 #21086]  INFO -- : [fd3e7afb-7d7e-4f48-af04-c20acbe4f671] Started GET "/w.json?query=kinakom0chi&format_type=kento" for 3.112.75.58 at 2022-12-06 10:19:47 +0900
I, [2022-12-06T10:19:47.429670 #21086]  INFO -- : [273cf583-3deb-473d-956e-d17867a3c64a] Started GET "/w.json?query=kinakom0chi&format_type=kento" for 3.112.75.58 at 2022-12-06 10:19:47 +0900
I, [2022-12-06T10:26:03.468802 #21084]  INFO -- : [6ff585e6-0278-4f31-8952-1b03486e6b41] Started GET "/w.json?query=wkane&format_type=kento" for 18.179.50.99 at 2022-12-06 10:26:03 +0900
I, [2022-12-06T10:37:01.831121 #21084]  INFO -- : [8fe6ac72-3279-4c6c-a9a7-308134099db5] Started GET "/w.json?format_type=kento&query=motoki809314" for 18.179.50.99 at 2022-12-06 10:37:01 +0900
I, [2022-12-06T10:47:34.868673 #21086]  INFO -- : [69b4d6ef-fe1b-43a5-ae43-5e6b0bbfa826] Started GET "/w.json?query=kunito92&format_type=kento" for 18.181.220.234 at 2022-12-06 10:47:34 +0900
