I, [2022-12-06T19:20:34.554519 #21084]  INFO -- : [3145884b-41e1-45a4-8534-26c2a1cc720b] Started GET "/w.json?query=Lesser_panda20&format_type=kento" for 35.75.20.0 at 2022-12-06 19:20:34 +0900
I, [2022-12-06T19:20:34.556446 #21086]  INFO -- : [0f69b231-1ba7-4184-ae81-77e30272f85a] Started GET "/w.json?query=katsudon_kuitai&format_type=kento" for 13.115.181.77 at 2022-12-06 19:20:34 +0900
I, [2022-12-06T19:20:34.560389 #21086]  INFO -- : [e5a1deb7-fe28-4bcd-820f-4cbf6193e072] Started GET "/w.json?query=Tiffblue&format_type=kento" for 18.183.59.67 at 2022-12-06 19:20:34 +0900
I, [2022-12-06T19:20:35.028180 #21084]  INFO -- : [954937fb-6451-4376-9a43-2d88e698e616] Started GET "/w.json?query=Lesser_panda20&format_type=kento" for 18.183.59.67 at 2022-12-06 19:20:35 +0900
I, [2022-12-06T19:20:35.034608 #21086]  INFO -- : [a6758091-59ae-45f4-8f90-bddb87c99ae5] Started GET "/w.json?query=katsudon_kuitai&format_type=kento" for 13.115.181.77 at 2022-12-06 19:20:35 +0900
I, [2022-12-06T19:20:35.037765 #21086]  INFO -- : [45a1efbc-32f3-4e26-be27-d730404bf3a1] Started GET "/w.json?query=Tiffblue&format_type=kento" for 35.75.20.0 at 2022-12-06 19:20:35 +0900
I, [2022-12-06T19:20:36.000315 #21084]  INFO -- : [b0cafdf7-60a8-4a6d-8e3a-a6855dc043bc] Started GET "/w.json?query=Lesser_panda20&format_type=kento" for 13.115.181.77 at 2022-12-06 19:20:36 +0900
I, [2022-12-06T19:20:36.008517 #21084]  INFO -- : [b16deb93-e09c-4ba8-ac43-cc0935920975] Started GET "/w.json?query=katsudon_kuitai&format_type=kento" for 35.75.20.0 at 2022-12-06 19:20:36 +0900
I, [2022-12-06T19:20:36.056421 #21084]  INFO -- : [8058b7ab-bb6c-4f37-ba95-b16005698abe] Started GET "/w.json?query=Tiffblue&format_type=kento" for 18.183.59.67 at 2022-12-06 19:20:36 +0900
I, [2022-12-06T19:20:36.943582 #21084]  INFO -- : [d2b62655-57ae-43ad-a08d-8bfc874851e2] Started GET "/w.json?query=katsudon_kuitai&format_type=kento" for 18.183.59.67 at 2022-12-06 19:20:36 +0900
I, [2022-12-06T19:20:36.947162 #21086]  INFO -- : [bbe8c924-04ab-48a4-aaae-e2861696ad47] Started GET "/w.json?query=Lesser_panda20&format_type=kento" for 35.75.20.0 at 2022-12-06 19:20:36 +0900
I, [2022-12-06T19:20:36.948963 #21084]  INFO -- : [cf8274cb-b4f2-4a0d-a787-af9f284f330c] Started GET "/w.json?query=Tiffblue&format_type=kento" for 13.115.181.77 at 2022-12-06 19:20:36 +0900
I, [2022-12-06T19:20:37.882011 #21084]  INFO -- : [844b6d12-5979-4ca9-b09f-6356ff781520] Started GET "/w.json?query=Lesser_panda20&format_type=kento" for 13.115.181.77 at 2022-12-06 19:20:37 +0900
I, [2022-12-06T19:20:37.884350 #21086]  INFO -- : [ab36e3a8-ef56-49dc-92e0-eaeee0b28938] Started GET "/w.json?query=Tiffblue&format_type=kento" for 18.183.59.67 at 2022-12-06 19:20:37 +0900
I, [2022-12-06T19:20:37.887607 #21084]  INFO -- : [9ea1b48f-9f54-4150-8b8d-618a3baa606b] Started GET "/w.json?query=katsudon_kuitai&format_type=kento" for 35.75.20.0 at 2022-12-06 19:20:37 +0900
I, [2022-12-06T19:20:38.691886 #21084]  INFO -- : [1c1c5370-d94c-4048-b44b-41dc0c8c647d] Started GET "/w.json?query=Lesser_panda20&format_type=kento" for 35.75.20.0 at 2022-12-06 19:20:38 +0900
I, [2022-12-06T19:20:38.694496 #21086]  INFO -- : [d76ffd48-5580-4016-ae0e-1b5b337177dc] Started GET "/w.json?query=katsudon_kuitai&format_type=kento" for 13.115.181.77 at 2022-12-06 19:20:38 +0900
I, [2022-12-06T19:20:38.698322 #21084]  INFO -- : [82a832ce-54c9-476c-8e56-87a64241e956] Started GET "/w.json?query=Tiffblue&format_type=kento" for 18.183.59.67 at 2022-12-06 19:20:38 +0900
I, [2022-12-06T19:20:39.565343 #21086]  INFO -- : [8fe06e2b-d837-42b7-a399-e9c67a767260] Started GET "/w.json?query=katsudon_kuitai&format_type=kento" for 18.183.59.67 at 2022-12-06 19:20:39 +0900
I, [2022-12-06T19:20:39.567147 #21084]  INFO -- : [77216ed7-7529-4201-bc7b-291dcbb5d4bc] Started GET "/w.json?query=Lesser_panda20&format_type=kento" for 13.115.181.77 at 2022-12-06 19:20:39 +0900
I, [2022-12-06T19:20:39.570292 #21084]  INFO -- : [ad8831a1-6c4f-481d-b29e-f3fc802b4c0d] Started GET "/w.json?query=Tiffblue&format_type=kento" for 35.75.20.0 at 2022-12-06 19:20:39 +0900
I, [2022-12-06T19:20:39.975360 #21086]  INFO -- : [aea510af-c1c0-4a81-9da4-d2ce871d388c] Started GET "/w.json?query=Tiffblue&format_type=kento" for 35.75.20.0 at 2022-12-06 19:20:39 +0900
I, [2022-12-06T19:20:39.976012 #21084]  INFO -- : [84c55ddf-9fbd-45e1-9b86-9366dbc19bfd] Started GET "/w.json?query=Lesser_panda20&format_type=kento" for 18.183.59.67 at 2022-12-06 19:20:39 +0900
I, [2022-12-06T19:20:39.980754 #21084]  INFO -- : [53a36757-3ccb-405d-a925-44fd6849edbb] Started GET "/w.json?query=katsudon_kuitai&format_type=kento" for 13.115.181.77 at 2022-12-06 19:20:39 +0900
I, [2022-12-06T19:20:40.391497 #21086]  INFO -- : [7f4076e1-de60-446b-924f-2cfeed6c40f9] Started GET "/w.json?query=Lesser_panda20&format_type=kento" for 18.183.59.67 at 2022-12-06 19:20:40 +0900
I, [2022-12-06T19:20:40.393062 #21084]  INFO -- : [eae446bb-55ad-4ffb-b02f-a6c8cec47211] Started GET "/w.json?query=Tiffblue&format_type=kento" for 13.115.181.77 at 2022-12-06 19:20:40 +0900
I, [2022-12-06T19:20:40.405152 #21084]  INFO -- : [8177944e-75ac-4a67-8adf-799d28735d1e] Started GET "/w.json?query=katsudon_kuitai&format_type=kento" for 35.75.20.0 at 2022-12-06 19:20:40 +0900
I, [2022-12-06T19:20:41.332617 #21086]  INFO -- : [9c1c9f17-d501-4d2a-8dd6-84a86863967c] Started GET "/w.json?query=katsudon_kuitai&format_type=kento" for 35.75.20.0 at 2022-12-06 19:20:41 +0900
I, [2022-12-06T19:20:41.334883 #21084]  INFO -- : [31483e9f-3c6c-4627-92c4-8241e64bcf9f] Started GET "/w.json?query=Lesser_panda20&format_type=kento" for 13.115.181.77 at 2022-12-06 19:20:41 +0900
I, [2022-12-06T19:20:41.353833 #21086]  INFO -- : [f5564997-9889-4cd5-b02c-5e795fe74c73] Started GET "/w.json?query=Tiffblue&format_type=kento" for 18.183.59.67 at 2022-12-06 19:20:41 +0900
I, [2022-12-06T19:20:42.249230 #21084]  INFO -- : [6e09ab42-4287-4320-9568-fff584e26262] Started GET "/w.json?query=Lesser_panda20&format_type=kento" for 18.183.59.67 at 2022-12-06 19:20:42 +0900
I, [2022-12-06T19:20:42.253907 #21086]  INFO -- : [f5b96c6a-030a-46eb-aaab-b8193512ab63] Started GET "/w.json?query=Tiffblue&format_type=kento" for 35.75.20.0 at 2022-12-06 19:20:42 +0900
I, [2022-12-06T19:20:42.258006 #21084]  INFO -- : [3b26c7a3-0d7b-4171-a4d0-c8f27a5bcb4a] Started GET "/w.json?query=katsudon_kuitai&format_type=kento" for 13.115.181.77 at 2022-12-06 19:20:42 +0900
I, [2022-12-06T19:22:11.301932 #21084]  INFO -- : [ee132160-0b94-463d-8185-ac45bd44419a] Started GET "/w.json?format_type=kento&query=makirinpanax" for 13.115.181.77 at 2022-12-06 19:22:11 +0900
I, [2022-12-06T19:22:14.099969 #21086]  INFO -- : [e0fae280-789e-4b3e-a984-bbc58f4ce650] Started GET "/w.json?format_type=kento&query=makirinpanax" for 13.115.181.77 at 2022-12-06 19:22:14 +0900
I, [2022-12-06T19:23:43.461593 #21086]  INFO -- : [b739a3bd-2ae6-4a78-a742-72333efde603] Started GET "/w.json?query=Lesser_panda20&format_type=kento" for 18.183.59.67 at 2022-12-06 19:23:43 +0900
I, [2022-12-06T19:23:43.469332 #21084]  INFO -- : [ad3a2197-a958-4ed4-a764-5a27cdb42b11] Started GET "/w.json?query=katsudon_kuitai&format_type=kento" for 13.115.181.77 at 2022-12-06 19:23:43 +0900
I, [2022-12-06T19:23:43.478479 #21084]  INFO -- : [e3cc7470-e366-4d80-8d5e-553ebde60a51] Started GET "/w.json?query=Tiffblue&format_type=kento" for 35.75.20.0 at 2022-12-06 19:23:43 +0900
I, [2022-12-06T19:23:50.196337 #21086]  INFO -- : [b2d47444-133c-490c-8918-41170c689cfd] Started GET "/w.json?query=Lesser_panda20&format_type=kento" for 18.183.59.67 at 2022-12-06 19:23:50 +0900
I, [2022-12-06T19:23:50.198678 #21084]  INFO -- : [0dfc9618-afc0-4248-983e-b7bb6d16ea13] Started GET "/w.json?query=katsudon_kuitai&format_type=kento" for 13.115.181.77 at 2022-12-06 19:23:50 +0900
I, [2022-12-06T19:23:50.201165 #21084]  INFO -- : [f537be8a-3238-4d1b-b154-6db55d420548] Started GET "/w.json?query=Tiffblue&format_type=kento" for 35.75.20.0 at 2022-12-06 19:23:50 +0900
I, [2022-12-06T19:23:51.266711 #21084]  INFO -- : [d7a3943e-acdc-4b9e-a686-dfaf8600e115] Started GET "/w.json?query=Lesser_panda20&format_type=kento" for 13.115.181.77 at 2022-12-06 19:23:51 +0900
I, [2022-12-06T19:23:51.267432 #21086]  INFO -- : [17368577-6e13-433d-a781-0fcd7f791a56] Started GET "/w.json?query=katsudon_kuitai&format_type=kento" for 35.75.20.0 at 2022-12-06 19:23:51 +0900
I, [2022-12-06T19:23:51.270594 #21086]  INFO -- : [5b9846c5-b168-4ed4-817b-5b885b7198ff] Started GET "/w.json?query=Tiffblue&format_type=kento" for 18.183.59.67 at 2022-12-06 19:23:51 +0900
I, [2022-12-06T19:23:52.784604 #21084]  INFO -- : [2675eb0c-e99f-44f2-bc1a-3cc469ef415e] Started GET "/w.json?query=Lesser_panda20&format_type=kento" for 35.75.20.0 at 2022-12-06 19:23:52 +0900
I, [2022-12-06T19:23:52.791476 #21084]  INFO -- : [da98a66b-2ae2-48e9-ba18-36a1328bd9f0] Started GET "/w.json?query=Tiffblue&format_type=kento" for 18.183.59.67 at 2022-12-06 19:23:52 +0900
I, [2022-12-06T19:23:52.794245 #21086]  INFO -- : [a2615a67-f15f-4c57-9a38-f15082291bea] Started GET "/w.json?query=katsudon_kuitai&format_type=kento" for 13.115.181.77 at 2022-12-06 19:23:52 +0900
I, [2022-12-06T19:23:53.723411 #21084]  INFO -- : [be2c78e4-4c36-495c-96b9-0e12e9d7b41a] Started GET "/w.json?query=Lesser_panda20&format_type=kento" for 13.115.181.77 at 2022-12-06 19:23:53 +0900
I, [2022-12-06T19:23:53.725582 #21086]  INFO -- : [3cb1a4f7-fe36-4324-9855-cb63368f349b] Started GET "/w.json?query=katsudon_kuitai&format_type=kento" for 18.183.59.67 at 2022-12-06 19:23:53 +0900
I, [2022-12-06T19:23:53.727797 #21086]  INFO -- : [70050505-e7f1-477b-8aa0-823c137170c8] Started GET "/w.json?query=Tiffblue&format_type=kento" for 35.75.20.0 at 2022-12-06 19:23:53 +0900
I, [2022-12-06T19:23:54.771846 #21086]  INFO -- : [a0610b47-10de-4fe3-b93f-7fabedad9f79] Started GET "/w.json?query=Lesser_panda20&format_type=kento" for 35.75.20.0 at 2022-12-06 19:23:54 +0900
I, [2022-12-06T19:23:54.773827 #21084]  INFO -- : [773f18a6-0ecd-4b2d-8311-35dc910edd93] Started GET "/w.json?query=Tiffblue&format_type=kento" for 18.183.59.67 at 2022-12-06 19:23:54 +0900
I, [2022-12-06T19:23:54.784994 #21086]  INFO -- : [5024d37e-e679-4822-86e9-d9d52c604d58] Started GET "/w.json?query=katsudon_kuitai&format_type=kento" for 13.115.181.77 at 2022-12-06 19:23:54 +0900
I, [2022-12-06T19:23:55.720808 #21084]  INFO -- : [b4d1e807-226c-446f-8a7d-ece16beee895] Started GET "/w.json?query=Lesser_panda20&format_type=kento" for 13.115.181.77 at 2022-12-06 19:23:55 +0900
I, [2022-12-06T19:23:55.733327 #21084]  INFO -- : [73174678-5ab6-4766-9296-620769188ea7] Started GET "/w.json?query=Tiffblue&format_type=kento" for 35.75.20.0 at 2022-12-06 19:23:55 +0900
I, [2022-12-06T19:23:55.741348 #21086]  INFO -- : [05a554f4-0307-4079-ba05-713c2c697a77] Started GET "/w.json?query=katsudon_kuitai&format_type=kento" for 18.183.59.67 at 2022-12-06 19:23:55 +0900
I, [2022-12-06T19:23:56.891781 #21086]  INFO -- : [4ec4d611-b921-40e0-ab0b-3bbb8e51858e] Started GET "/w.json?query=Tiffblue&format_type=kento" for 35.75.20.0 at 2022-12-06 19:23:56 +0900
I, [2022-12-06T19:23:56.892692 #21084]  INFO -- : [285df222-ec03-4aad-8ae8-3a596f8848e8] Started GET "/w.json?query=katsudon_kuitai&format_type=kento" for 18.183.59.67 at 2022-12-06 19:23:56 +0900
I, [2022-12-06T19:23:56.901207 #21084]  INFO -- : [9e9fdcb5-dc2d-4e2a-9b67-e9098a08b949] Started GET "/w.json?query=Lesser_panda20&format_type=kento" for 13.115.181.77 at 2022-12-06 19:23:56 +0900
I, [2022-12-06T19:27:39.791549 #21084]  INFO -- : [bbff3900-7a38-4197-90e4-532734ca941b] Started GET "/w.json?query=bf1998&format_type=kento" for 35.75.20.0 at 2022-12-06 19:27:39 +0900
I, [2022-12-06T19:31:31.349371 #21086]  INFO -- : [41443283-4f93-4265-bf69-0ab126459305] Started GET "/w.json?format_type=kento&query=moromoroZ" for 35.75.20.0 at 2022-12-06 19:31:31 +0900
I, [2022-12-06T19:32:41.521178 #21084]  INFO -- : [52a191b2-225f-47a9-9b12-2dc1141b2722] Started GET "/w.json?query=Anzanshi&format_type=kento" for 18.183.59.67 at 2022-12-06 19:32:41 +0900
I, [2022-12-06T19:33:57.126033 #21084]  INFO -- : [17339e53-03d9-4124-8630-13e538754740] Started GET "/w.json?format_type=kento&query=wousworflex" for 35.75.20.0 at 2022-12-06 19:33:57 +0900
I, [2022-12-06T19:37:55.101955 #21084]  INFO -- : [d9ec1150-6e6a-443e-b159-b12c7f61b951] Started GET "/w.json?query=avekko&format_type=kento" for 35.75.20.0 at 2022-12-06 19:37:55 +0900
I, [2022-12-06T19:39:05.288576 #21084]  INFO -- : [d144dee9-50ee-4e23-acf2-9ea1e43edc3a] Started GET "/w.json?query=artist_&format_type=kento" for 35.75.20.0 at 2022-12-06 19:39:05 +0900
I, [2022-12-06T19:42:41.440342 #21086]  INFO -- : [52beeec9-84e4-486c-b417-1715409c121c] Started GET "/w.json?query=marudednd&format_type=kento" for 35.75.20.0 at 2022-12-06 19:42:41 +0900
I, [2022-12-06T19:42:41.474895 #21086]  INFO -- : [14e70cbf-eaf5-492c-abdd-50900945c966] Started GET "/w.json?query=marudedna&format_type=kento" for 18.183.59.67 at 2022-12-06 19:42:41 +0900
I, [2022-12-06T19:42:42.328069 #21086]  INFO -- : [9f51872c-2d7d-4bfe-a682-876cc4feca90] Started GET "/w.json?query=marudedne&format_type=kento" for 54.250.75.176 at 2022-12-06 19:42:42 +0900
I, [2022-12-06T19:42:42.400693 #21086]  INFO -- : [b0149706-9bee-47f5-b8b4-88ca5df06958] Started GET "/w.json?query=marudednm&format_type=kento" for 18.181.235.240 at 2022-12-06 19:42:42 +0900
I, [2022-12-06T19:42:42.422300 #21086]  INFO -- : [5e067f56-2412-462a-9ed9-b45468f63b08] Started GET "/w.json?query=marudednb&format_type=kento" for 54.238.37.80 at 2022-12-06 19:42:42 +0900
I, [2022-12-06T19:42:42.499356 #21084]  INFO -- : [be09458e-8425-4127-bf39-0859dcb5c2ad] Started GET "/w.json?query=marudedng&format_type=kento" for 35.78.199.110 at 2022-12-06 19:42:42 +0900
I, [2022-12-06T19:42:42.504816 #21086]  INFO -- : [7495265e-ce07-4120-bffc-ce6a27b2bfc8] Started GET "/w.json?query=marudednf&format_type=kento" for 35.77.214.226 at 2022-12-06 19:42:42 +0900
I, [2022-12-06T19:44:10.774709 #21084]  INFO -- : [dda4a446-115c-4837-8df2-7a1f9745f870] Started GET "/w.json?query=maniju&format_type=kento" for 13.115.14.116 at 2022-12-06 19:44:10 +0900
I, [2022-12-06T19:48:02.988269 #21086]  INFO -- : [2fb8ba86-9ea6-42ab-8d32-47454b8a1dac] Started GET "/w.json?query=bf1998&format_type=kento" for 35.77.214.226 at 2022-12-06 19:48:02 +0900
I, [2022-12-06T19:52:17.305273 #21084]  INFO -- : [d512db54-79d8-4744-934b-dc4a7213f65c] Started GET "/w.json?query=negitorozuki&format_type=kento" for 35.75.20.0 at 2022-12-06 19:52:17 +0900
I, [2022-12-06T19:56:32.504258 #21084]  INFO -- : [05943752-b3d9-423f-8a02-a1e5641b0096] Started GET "/w.json?query=negitorozuki&format_type=kento" for 54.238.37.80 at 2022-12-06 19:56:32 +0900
I, [2022-12-06T19:59:03.441856 #21084]  INFO -- : [8322150f-a3cb-4b12-ba46-721e288cd88b] Started GET "/w.json?query=Anzanshi&format_type=kento" for 35.75.20.0 at 2022-12-06 19:59:03 +0900
I, [2022-12-06T20:05:29.329810 #21084]  INFO -- : [3a4072e7-6983-4c89-b227-1937b89b6ba1] Started GET "/w.json?query=Aluce_&format_type=kento" for 18.181.235.240 at 2022-12-06 20:05:29 +0900
I, [2022-12-06T20:06:33.814433 #21086]  INFO -- : [cdea7ecf-08d8-403d-80b2-e8add2dd75f6] Started GET "/w.json?query=Aluce_&format_type=kento" for 18.181.235.240 at 2022-12-06 20:06:33 +0900
I, [2022-12-06T20:07:11.697258 #21084]  INFO -- : [589349c8-6135-4f0d-b8eb-25e3ad662b56] Started GET "/w.json?query=Aluce_&format_type=kento" for 35.75.20.0 at 2022-12-06 20:07:11 +0900
I, [2022-12-06T20:08:01.730138 #21086]  INFO -- : [e180e5c4-5894-4871-aba8-cf5bfcd1cbcf] Started GET "/w.json?query=bf1998&format_type=kento" for 18.181.235.240 at 2022-12-06 20:08:01 +0900
I, [2022-12-06T20:08:36.531992 #21086]  INFO -- : [bbc5abde-2d4b-46da-913b-656ca1be3d1a] Started GET "/w.json?query=Nosuken11&format_type=kento" for 18.181.235.240 at 2022-12-06 20:08:36 +0900
I, [2022-12-06T20:08:36.609124 #21086]  INFO -- : [debe9e89-8cb3-46c9-9f51-9a4ec88463f4] Started GET "/w.json?query=SHINCHAN0124&format_type=kento" for 35.78.121.24 at 2022-12-06 20:08:36 +0900
I, [2022-12-06T20:08:44.673525 #21086]  INFO -- : [eba2b97b-68bc-4f20-b13e-abfc49a4d510] Started GET "/w.json?format_type=kento&query=so1idus" for 35.78.121.24 at 2022-12-06 20:08:44 +0900
I, [2022-12-06T20:08:48.505669 #21084]  INFO -- : [802e7122-10a3-4afc-b996-5d926b72af1e] Started GET "/w.json?format_type=kento&query=so1idus" for 35.78.121.24 at 2022-12-06 20:08:48 +0900
I, [2022-12-06T20:10:55.370777 #21086]  INFO -- : [6b8eeaa7-5f09-467a-924f-e7b673343e9d] Started GET "/w.json?format_type=kento&query=wousworflex" for 35.78.121.24 at 2022-12-06 20:10:55 +0900
I, [2022-12-06T20:11:11.383731 #21086]  INFO -- : [66b8dadf-0884-48fb-b38a-037636165754] Started GET "/w.json?format_type=kento&query=Massanori" for 35.78.121.24 at 2022-12-06 20:11:11 +0900
I, [2022-12-06T20:11:45.369902 #21084]  INFO -- : [feaa2abc-0d9e-4597-9d6f-baa1dcf19fce] Started GET "/w.json?query=miha176&format_type=kento" for 18.181.235.240 at 2022-12-06 20:11:45 +0900
I, [2022-12-06T20:11:50.443908 #21086]  INFO -- : [1ebe8c12-15f0-44f8-8879-b4933115edad] Started GET "/w.json?query=miha176&format_type=kento" for 35.78.121.24 at 2022-12-06 20:11:50 +0900
I, [2022-12-06T20:12:41.251534 #21086]  INFO -- : [a59dfceb-f017-4f6a-ade6-342fd1865397] Started GET "/w.json?query=Anzanshi&format_type=kento" for 35.78.121.24 at 2022-12-06 20:12:41 +0900
I, [2022-12-06T20:22:06.346361 #21086]  INFO -- : [10b56937-7fb5-4a94-bf8a-6ce8567997a7] Started GET "/w.json?query=CNamo&format_type=kento" for 18.181.235.240 at 2022-12-06 20:22:06 +0900
I, [2022-12-06T20:22:06.355693 #21084]  INFO -- : [e44478b7-2960-4117-8e74-467389c63e2a] Started GET "/w.json?format_type=kento&query=chryso_la" for 35.78.121.24 at 2022-12-06 20:22:06 +0900
I, [2022-12-06T20:22:53.939884 #21084]  INFO -- : [d91c96a3-cfc9-41d6-bf14-ed37e5827f72] Started GET "/w.json?query=A_tachibana&format_type=kento" for 18.181.236.242 at 2022-12-06 20:22:53 +0900
I, [2022-12-06T20:23:56.823032 #21086]  INFO -- : [f5a13c90-ed27-4ae1-843a-ee3a350d0028] Started GET "/w.json?query=bf1998&format_type=kento" for 18.181.236.242 at 2022-12-06 20:23:56 +0900
I, [2022-12-06T20:26:45.104281 #21086]  INFO -- : [3ca07c5c-bbb6-414f-a833-bac3fa7317dd] Started GET "/w.json?query=beniamo&format_type=kento" for 18.181.235.240 at 2022-12-06 20:26:45 +0900
I, [2022-12-06T20:26:45.116402 #21084]  INFO -- : [e741ee3b-f6e8-4990-80d3-c72e7af873ec] Started GET "/w.json?query=NOSTRIBRAVI&format_type=kento" for 18.181.236.242 at 2022-12-06 20:26:45 +0900
I, [2022-12-06T20:26:45.119385 #21086]  INFO -- : [da14601d-971d-4270-8a2a-c1ca3b020e04] Started GET "/w.json?query=supremo&format_type=kento" for 35.78.121.24 at 2022-12-06 20:26:45 +0900
I, [2022-12-06T20:27:04.318705 #21086]  INFO -- : [29f6021f-7a0a-4767-b8c7-7be491c8bed5] Started GET "/w.json?query=laft&format_type=kento" for 18.181.235.240 at 2022-12-06 20:27:04 +0900
I, [2022-12-06T20:30:52.641472 #21084]  INFO -- : [67ccc575-48b8-467e-9e86-cc89545079e4] Started GET "/w.json?query=yokoishi4&format_type=kento" for 18.181.236.242 at 2022-12-06 20:30:52 +0900
I, [2022-12-06T20:30:52.650149 #21086]  INFO -- : [e550377e-8eaa-431b-a1be-060fdeb82829] Started GET "/w.json?query=yokoishi3&format_type=kento" for 35.78.121.24 at 2022-12-06 20:30:52 +0900
I, [2022-12-06T20:31:19.391620 #21086]  INFO -- : [56df4a91-63e5-4dd0-9106-0a90007e1a30] Started GET "/w.json?query=yokoishi3&format_type=kento" for 18.181.235.240 at 2022-12-06 20:31:19 +0900
I, [2022-12-06T20:31:19.416433 #21086]  INFO -- : [e26e3d86-e7c4-4da5-a9fb-ce14e97d882e] Started GET "/w.json?query=yokoishi4&format_type=kento" for 18.181.236.242 at 2022-12-06 20:31:19 +0900
I, [2022-12-06T20:33:19.968575 #21084]  INFO -- : [3af010f4-8fa4-4949-8711-f6ce6f426585] Started GET "/w.json?query=yokoishi4&format_type=kento" for 18.181.235.240 at 2022-12-06 20:33:19 +0900
I, [2022-12-06T20:33:19.971699 #21086]  INFO -- : [be966f01-b6d2-40df-a102-ae87031e6110] Started GET "/w.json?query=yokoishi3&format_type=kento" for 18.181.236.242 at 2022-12-06 20:33:19 +0900
I, [2022-12-06T20:33:47.342313 #21086]  INFO -- : [8770abf7-9ea6-49fa-98a0-3258b3f1dd31] Started GET "/w.json?query=Anzanshi&format_type=kento" for 18.181.236.242 at 2022-12-06 20:33:47 +0900
I, [2022-12-06T20:34:57.327192 #21086]  INFO -- : [52626a18-6406-4d34-bf1e-dc65377bcf68] Started GET "/w.json?query=A_tachibana&format_type=kento" for 18.181.236.242 at 2022-12-06 20:34:57 +0900
I, [2022-12-06T20:39:11.642002 #21086]  INFO -- : [9d440768-0166-453d-b395-0a91ccb795e3] Started GET "/w.json?format_type=kento&query=js_uk" for 18.181.236.242 at 2022-12-06 20:39:11 +0900
I, [2022-12-06T20:45:36.691762 #21084]  INFO -- : [078bd713-4466-41dc-b01e-7b710aac35ff] Started GET "/w.json?format_type=kento&query=zgok36" for 35.77.55.206 at 2022-12-06 20:45:36 +0900
I, [2022-12-06T20:45:37.663636 #21084]  INFO -- : [df9660ba-2eaf-44e2-ba17-1b87f0021d52] Started GET "/w.json?format_type=kento&query=zgok36" for 35.77.55.206 at 2022-12-06 20:45:37 +0900
I, [2022-12-06T20:46:54.165496 #21084]  INFO -- : [17151608-1e06-4ed2-a472-243d865c1ba7] Started GET "/w.json?format_type=kento&query=wousworflex" for 43.206.107.221 at 2022-12-06 20:46:54 +0900
I, [2022-12-06T20:47:25.305424 #21084]  INFO -- : [97e5e13a-d090-4c27-8d17-e75efabfeb0e] Started GET "/w.json?query=take50039&format_type=kento" for 43.206.107.221 at 2022-12-06 20:47:25 +0900
I, [2022-12-06T20:47:27.049683 #21084]  INFO -- : [318df124-cbcb-4ad3-8c3d-8b95dd79d145] Started GET "/w.json?query=take50039&format_type=kento" for 43.206.107.221 at 2022-12-06 20:47:27 +0900
I, [2022-12-06T20:47:27.378848 #21084]  INFO -- : [51d60745-9c10-4f78-a5d0-a241a92fc578] Started GET "/w.json?query=take50039&format_type=kento" for 43.206.107.221 at 2022-12-06 20:47:27 +0900
I, [2022-12-06T20:49:40.449385 #21084]  INFO -- : [d47b1d45-c62a-4d82-8d67-47f1af5d20ae] Started GET "/w.json?query=MEGUT&format_type=kento" for 18.181.236.242 at 2022-12-06 20:49:40 +0900
I, [2022-12-06T20:56:03.600607 #21084]  INFO -- : [37f93ac2-6933-48e3-9c0a-d0a613cc184c] Started GET "/w.json?query=Nosuken11&format_type=kento" for 18.181.236.242 at 2022-12-06 20:56:03 +0900
I, [2022-12-06T20:56:03.609184 #21086]  INFO -- : [e81caae6-a121-4380-abe5-66025728428c] Started GET "/w.json?query=SHINCHAN0124&format_type=kento" for 43.206.107.221 at 2022-12-06 20:56:03 +0900
I, [2022-12-06T20:57:09.857956 #21086]  INFO -- : [887059fd-b9d7-4031-b148-c581567575ed] Started GET "/w.json?query=mikipuruun&format_type=kento" for 43.206.107.221 at 2022-12-06 20:57:09 +0900
I, [2022-12-06T20:59:09.594674 #21086]  INFO -- : [2321461d-9060-4b86-b770-722292147a41] Started GET "/w.json?query=negitorozuki&format_type=kento" for 18.181.236.242 at 2022-12-06 20:59:09 +0900
I, [2022-12-06T20:59:14.555446 #21086]  INFO -- : [c0534783-1d4f-4106-85a3-96bd0a3d5811] Started GET "/w.json?query=funa123&format_type=kento" for 43.206.107.221 at 2022-12-06 20:59:14 +0900
I, [2022-12-06T21:02:04.806630 #21084]  INFO -- : [608fd358-cb25-49d7-ab77-b175fa185c94] Started GET "/w.json?query=GReeeeeNZ&format_type=kento" for 43.206.107.221 at 2022-12-06 21:02:04 +0900
I, [2022-12-06T21:02:12.342136 #21084]  INFO -- : [37d89f75-f61f-4a8a-a55f-4a4dbca7b0fb] Started GET "/w.json?query=GReeeeeNZ&format_type=kento" for 43.206.107.221 at 2022-12-06 21:02:12 +0900
I, [2022-12-06T21:03:11.436039 #21084]  INFO -- : [d4268e7e-2d13-4fe6-a2ac-ed2feb28d6c1] Started GET "/w.json?query=supremo&format_type=kento" for 43.206.107.221 at 2022-12-06 21:03:11 +0900
I, [2022-12-06T21:03:11.465318 #21086]  INFO -- : [0e72bb68-cf4c-4929-98b8-58815ec67ce3] Started GET "/w.json?query=NOSTRIBRAVI&format_type=kento" for 18.181.236.242 at 2022-12-06 21:03:11 +0900
I, [2022-12-06T21:03:11.518082 #21084]  INFO -- : [9c7a81b8-bc22-4330-9cb5-426ea2127ff1] Started GET "/w.json?query=beniamo&format_type=kento" for 54.178.54.54 at 2022-12-06 21:03:11 +0900
I, [2022-12-06T21:03:58.833621 #21084]  INFO -- : [f106b0c1-a1ae-4d65-a263-01d0eb1476ec] Started GET "/w.json?query=laft&format_type=kento" for 43.206.107.221 at 2022-12-06 21:03:58 +0900
I, [2022-12-06T21:04:11.846721 #21086]  INFO -- : [12a7d638-04cb-49c5-9e3e-52504d2025a0] Started GET "/w.json?query=mikipuruun&format_type=kento" for 54.178.54.54 at 2022-12-06 21:04:11 +0900
I, [2022-12-06T21:07:31.892937 #21084]  INFO -- : [26bfb898-60a1-41a9-9964-662fcb90c813] Started GET "/w.json?format_type=kento&query=yukitan_Revy" for 54.178.54.54 at 2022-12-06 21:07:31 +0900
I, [2022-12-06T21:11:18.547686 #21086]  INFO -- : [247fa68d-7fe1-4947-9e5a-f37360e43c1b] Started GET "/w.json?query=0ni34&format_type=kento" for 18.181.236.242 at 2022-12-06 21:11:18 +0900
I, [2022-12-06T21:11:36.965121 #21084]  INFO -- : [2ee4972d-6346-49fc-8fa4-8965c34af0c5] Started GET "/w.json?query=mikipuruun&format_type=kento" for 54.178.54.54 at 2022-12-06 21:11:36 +0900
I, [2022-12-06T21:14:54.319289 #21086]  INFO -- : [1ad63d1e-dc1f-49bc-bf46-e97f47f52616] Started GET "/w.json?query=zmlaak&format_type=kento" for 54.178.54.54 at 2022-12-06 21:14:54 +0900
I, [2022-12-06T21:16:45.474262 #21086]  INFO -- : [5189847b-2821-4ee8-b747-6b19348cb858] Started GET "/w.json?query=hogepon&format_type=kento" for 54.178.54.54 at 2022-12-06 21:16:45 +0900
I, [2022-12-06T21:17:41.448026 #21086]  INFO -- : [8164a08d-2202-45f7-bfe5-511d417b0577] Started GET "/w.json?query=mikipuruun&format_type=kento" for 54.178.54.54 at 2022-12-06 21:17:41 +0900
I, [2022-12-06T21:18:43.307606 #21086]  INFO -- : [60faa653-f426-44db-b015-7605a1a025a9] Started GET "/w.json?query=sunsunpapa&format_type=kento" for 54.178.54.54 at 2022-12-06 21:18:43 +0900
I, [2022-12-06T21:19:05.886015 #21084]  INFO -- : [3ac19355-8728-49a5-9e00-d82b29e48e03] Started GET "/w.json?query=sunsunpapa&format_type=kento" for 54.178.54.54 at 2022-12-06 21:19:05 +0900
I, [2022-12-06T21:20:05.542000 #21086]  INFO -- : [23e9de44-fe94-461d-9ada-d505deda8dd4] Started GET "/w.json?format_type=kento&query=AshIm5816" for 35.76.26.168 at 2022-12-06 21:20:05 +0900
I, [2022-12-06T21:23:28.116378 #21086]  INFO -- : [46407d1e-6487-4fbb-a7bf-d6fa5ea1beb0] Started GET "/w.json?query=ultramanmasa&format_type=kento" for 35.76.26.168 at 2022-12-06 21:23:28 +0900
I, [2022-12-06T21:23:30.396094 #21086]  INFO -- : [a920c1d3-f83a-4d97-ad43-bee0e7c3ab22] Started GET "/w.json?query=anjelier&format_type=kento" for 35.76.26.168 at 2022-12-06 21:23:30 +0900
I, [2022-12-06T21:24:39.502016 #21086]  INFO -- : [1eea2a24-89c9-4328-8db7-71ef50e00823] Started GET "/w.json?query=mikipuruun&format_type=kento" for 18.181.81.180 at 2022-12-06 21:24:39 +0900
I, [2022-12-06T21:30:10.547665 #21084]  INFO -- : [c0023c4d-e4d8-4adb-a541-8c08a0fa4d33] Started GET "/w.json?query=supremo&format_type=kento" for 35.76.26.168 at 2022-12-06 21:30:10 +0900
I, [2022-12-06T21:30:10.618125 #21084]  INFO -- : [7953e501-c823-4241-98f8-4fe581ae4b8d] Started GET "/w.json?query=NOSTRIBRAVI&format_type=kento" for 18.181.81.180 at 2022-12-06 21:30:10 +0900
I, [2022-12-06T21:30:11.671719 #21084]  INFO -- : [890309af-6c3f-468b-ae02-014673326cf1] Started GET "/w.json?query=beniamo&format_type=kento" for 18.180.248.158 at 2022-12-06 21:30:11 +0900
I, [2022-12-06T21:30:23.078981 #21084]  INFO -- : [128278e7-238a-4482-ae16-5cfa330b9692] Started GET "/w.json?query=take50039&format_type=kento" for 18.180.248.158 at 2022-12-06 21:30:23 +0900
I, [2022-12-06T21:30:23.083291 #21086]  INFO -- : [29808635-0d9b-4041-a8bd-f3a670c25aa3] Started GET "/w.json?query=take50039&format_type=kento" for 35.76.26.168 at 2022-12-06 21:30:23 +0900
I, [2022-12-06T21:30:26.864782 #21084]  INFO -- : [3f8b9abd-2009-4fe2-98f2-3ce42d9c5119] Started GET "/w.json?query=mikipuruun&format_type=kento" for 35.76.26.168 at 2022-12-06 21:30:26 +0900
I, [2022-12-06T21:30:27.305872 #21086]  INFO -- : [fcf4005e-5968-4b8d-a64a-027fd7fa4b62] Started GET "/w.json?query=nuts2&format_type=kento" for 18.181.81.180 at 2022-12-06 21:30:27 +0900
I, [2022-12-06T21:30:52.007288 #21086]  INFO -- : [c9d24199-c99d-4a31-8a1d-38d00159b5ab] Started GET "/w.json?query=nuts2&format_type=kento" for 18.181.79.197 at 2022-12-06 21:30:52 +0900
I, [2022-12-06T21:36:37.038410 #21086]  INFO -- : [e729c1c5-39fa-4dbc-8f86-debcf15b40fd] Started GET "/w.json?query=ultramanmasa&format_type=kento" for 35.76.26.168 at 2022-12-06 21:36:37 +0900
I, [2022-12-06T21:36:41.525704 #21086]  INFO -- : [420b2d8e-c545-4d8d-b6ab-1cca9ee7d6a7] Started GET "/w.json?query=ultramanmasa&format_type=kento" for 35.76.26.168 at 2022-12-06 21:36:41 +0900
I, [2022-12-06T21:37:54.381288 #21086]  INFO -- : [900ab746-8e23-4c31-8ae1-6a4b3f7eb261] Started GET "/w.json?query=mikipuruun&format_type=kento" for 35.76.26.168 at 2022-12-06 21:37:54 +0900
I, [2022-12-06T21:37:57.287033 #21084]  INFO -- : [6f49d78f-0eee-407d-a0fb-250dd64ed4c6] Started GET "/w.json?query=mikipuruun&format_type=kento" for 18.181.81.180 at 2022-12-06 21:37:57 +0900
I, [2022-12-06T21:38:08.059062 #21084]  INFO -- : [eff08679-bf0e-4d9c-8117-486bb7b9d63b] Started GET "/w.json?query=daishi812&format_type=kento" for 18.181.81.180 at 2022-12-06 21:38:08 +0900
I, [2022-12-06T21:38:14.207661 #21084]  INFO -- : [aab784d6-e7f5-40e6-9187-662f73eccd26] Started GET "/w.json?format_type=kento&query=BlueChatterer" for 18.181.81.180 at 2022-12-06 21:38:14 +0900
I, [2022-12-06T21:41:08.746824 #21086]  INFO -- : [d4a27a4b-a9a2-4bbc-821f-8f4c788a6f30] Started GET "/w.json?query=MEGUT&format_type=kento" for 18.181.81.180 at 2022-12-06 21:41:08 +0900
I, [2022-12-06T21:41:54.788441 #21086]  INFO -- : [fa4b4f27-4627-4865-806e-0c256534e6ca] Started GET "/w.json?query=mikipuruun&format_type=kento" for 35.76.26.168 at 2022-12-06 21:41:54 +0900
I, [2022-12-06T21:45:01.856005 #21086]  INFO -- : [c620ca28-b7f7-4b35-ae4c-33d3c05188f6] Started GET "/w.json?query=Yokaibaka&format_type=kento" for 18.181.81.180 at 2022-12-06 21:45:01 +0900
I, [2022-12-06T21:45:19.209953 #21084]  INFO -- : [f5577650-9196-4470-a71e-68c638347183] Started GET "/w.json?query=giosblue&format_type=kento" for 35.76.26.168 at 2022-12-06 21:45:19 +0900
I, [2022-12-06T21:45:19.215378 #21086]  INFO -- : [2046700c-4d56-4e3d-b8da-8ccfb63a57bb] Started GET "/w.json?query=sub250runner&format_type=kento" for 18.181.81.180 at 2022-12-06 21:45:19 +0900
I, [2022-12-06T21:48:33.307392 #21086]  INFO -- : [b0107f22-d3a1-4cb2-85fa-6e62a70ea08a] Started GET "/w.json?query=MEGUT&format_type=kento" for 35.76.26.168 at 2022-12-06 21:48:33 +0900
I, [2022-12-06T21:50:10.525844 #21086]  INFO -- : [6207ea67-23a8-410f-b299-c2d418db35c0] Started GET "/w.json?query=JustinTera&format_type=kento" for 35.76.26.168 at 2022-12-06 21:50:10 +0900
I, [2022-12-06T21:50:10.553994 #21086]  INFO -- : [8ea7e11e-4266-4327-aff4-cd29d0513942] Started GET "/w.json?query=JustTera&format_type=kento" for 18.181.81.180 at 2022-12-06 21:50:10 +0900
I, [2022-12-06T21:52:42.751944 #21086]  INFO -- : [5ed68840-590a-40fe-b0c3-ac98ff8d03a6] Started GET "/w.json?query=kunito92&format_type=kento" for 35.76.26.168 at 2022-12-06 21:52:42 +0900
I, [2022-12-06T21:55:16.936150 #21086]  INFO -- : [9e9263e2-bbff-456e-9163-abed5779ff26] Started GET "/w.json?query=sub250runner&format_type=kento" for 18.182.58.226 at 2022-12-06 21:55:16 +0900
I, [2022-12-06T21:55:16.951375 #21086]  INFO -- : [66a04b4f-eec4-488b-87d5-ecdd128f43dc] Started GET "/w.json?query=giosblue&format_type=kento" for 35.76.26.168 at 2022-12-06 21:55:16 +0900
I, [2022-12-06T21:55:28.208266 #21086]  INFO -- : [03657450-2c2e-48c4-9ed1-3793594c1267] Started GET "/w.json?query=giosblue&format_type=kento" for 18.182.58.226 at 2022-12-06 21:55:28 +0900
I, [2022-12-06T21:55:28.245435 #21086]  INFO -- : [be9ff085-3150-450e-b88a-98c526cae34e] Started GET "/w.json?query=sub250runner&format_type=kento" for 35.76.26.168 at 2022-12-06 21:55:28 +0900
I, [2022-12-06T21:58:49.699854 #21084]  INFO -- : [5e852ef3-327d-46f8-9fbb-d1b26f27baf8] Started GET "/w.json?query=parao_nta&format_type=kento" for 35.76.26.168 at 2022-12-06 21:58:49 +0900
I, [2022-12-06T21:58:49.722360 #21084]  INFO -- : [7141e878-8b25-4be1-9f7e-6dc19b60f338] Started GET "/w.json?query=AlexParao&format_type=kento" for 18.182.58.226 at 2022-12-06 21:58:49 +0900
I, [2022-12-06T21:58:51.526670 #21086]  INFO -- : [586882e7-aca5-498a-a900-dea9680b5cbb] Started GET "/w.json?query=parao_nta&format_type=kento" for 18.182.58.226 at 2022-12-06 21:58:51 +0900
I, [2022-12-06T21:58:51.527538 #21084]  INFO -- : [167bc6a2-0146-4d2b-8e99-299e61577d51] Started GET "/w.json?query=AlexParao&format_type=kento" for 35.76.26.168 at 2022-12-06 21:58:51 +0900
I, [2022-12-06T21:58:53.154052 #21084]  INFO -- : [495726d3-b1bc-4e59-af10-34a6297ec7ba] Started GET "/w.json?query=parao_nta&format_type=kento" for 18.182.58.226 at 2022-12-06 21:58:53 +0900
I, [2022-12-06T21:58:53.156256 #21086]  INFO -- : [9a8e0e66-97cb-4639-8cbb-0ac763aeacfd] Started GET "/w.json?query=AlexParao&format_type=kento" for 35.76.26.168 at 2022-12-06 21:58:53 +0900
I, [2022-12-06T21:58:54.902708 #21084]  INFO -- : [beddaa2b-47b9-468c-8af1-a36126f99306] Started GET "/w.json?query=AlexParao&format_type=kento" for 35.76.26.168 at 2022-12-06 21:58:54 +0900
I, [2022-12-06T21:58:54.902876 #21086]  INFO -- : [f4e90c95-d008-4a07-ac0f-c0cf8c3b2d3b] Started GET "/w.json?query=parao_nta&format_type=kento" for 18.182.58.226 at 2022-12-06 21:58:54 +0900
I, [2022-12-06T22:00:50.326366 #21084]  INFO -- : [af41e697-138d-448d-901e-4b2715c062f1] Started GET "/w.json?query=MEGUT&format_type=kento" for 35.76.26.168 at 2022-12-06 22:00:50 +0900
I, [2022-12-06T22:01:30.652256 #21084]  INFO -- : [c15c3039-3334-4080-abe1-7aeaeff9c771] Started GET "/w.json?query=Anzanshi&format_type=kento" for 35.76.26.168 at 2022-12-06 22:01:30 +0900
I, [2022-12-06T22:03:30.519634 #21086]  INFO -- : [8d5ec649-4f2f-4833-93d2-6a3451d9dcff] Started GET "/w.json?format_type=kento&query=BlueChatterer" for 35.76.26.168 at 2022-12-06 22:03:30 +0900
I, [2022-12-06T22:04:22.009172 #21086]  INFO -- : [872a08aa-4d93-4dd1-8ef7-a7f43aa84049] Started GET "/w.json?format_type=kento&query=BlueChatterer" for 18.181.81.180 at 2022-12-06 22:04:22 +0900
I, [2022-12-06T22:04:52.684526 #21086]  INFO -- : [aedce021-52c9-4c1b-ae07-d8032ca8b001] Started GET "/w.json?format_type=kento&query=Jyohshin" for 18.181.81.180 at 2022-12-06 22:04:52 +0900
I, [2022-12-06T22:05:47.368288 #21084]  INFO -- : [788641cd-fdc7-4bbb-9581-3ad4a9d5ddb3] Started GET "/w.json?query=ignisfatuus&format_type=kento" for 18.181.81.180 at 2022-12-06 22:05:47 +0900
I, [2022-12-06T22:12:36.426431 #21084]  INFO -- : [d6d298ad-bd2c-4174-972e-fc4d948127d2] Started GET "/w.json?query=ma_na_to&format_type=kento" for 35.76.26.168 at 2022-12-06 22:12:36 +0900
I, [2022-12-06T22:13:04.422508 #21084]  INFO -- : [998bf985-0336-438f-a411-a863be301f2f] Started GET "/w.json?query=funa123&format_type=kento" for 18.181.81.180 at 2022-12-06 22:13:04 +0900
I, [2022-12-06T22:13:25.103615 #21086]  INFO -- : [209c4ad7-0d3f-416d-bb3f-c206f70d2dc0] Started GET "/w.json?query=ma_na_to&format_type=kento" for 18.181.81.180 at 2022-12-06 22:13:25 +0900
I, [2022-12-06T22:15:58.901026 #21084]  INFO -- : [a58e78e1-f723-48cb-b63c-f34438a4113f] Started GET "/w.json?query=ma_na_to&format_type=kento" for 18.181.81.180 at 2022-12-06 22:15:58 +0900
I, [2022-12-06T22:16:28.698006 #21086]  INFO -- : [4cca5ae2-77d5-4411-8d75-3dd34f209364] Started GET "/w.json?query=bakusansan&format_type=kento" for 18.181.86.158 at 2022-12-06 22:16:28 +0900
I, [2022-12-06T22:18:18.762662 #21084]  INFO -- : [53b7541d-408c-4e80-bc12-74255e66ca59] Started GET "/w.json?query=nuts2&format_type=kento" for 18.181.86.158 at 2022-12-06 22:18:18 +0900
I, [2022-12-06T22:21:44.822687 #21084]  INFO -- : [b08c4010-3493-47e0-9356-5fa986846d99] Started GET "/w.json?query=MEGUT&format_type=kento" for 18.181.81.180 at 2022-12-06 22:21:44 +0900
I, [2022-12-06T22:22:01.010561 #21084]  INFO -- : [46d4a818-a5a8-4200-8669-3f3220cd1682] Started GET "/w.json?query=tomotyan0116&format_type=kento" for 18.181.81.180 at 2022-12-06 22:22:01 +0900
I, [2022-12-06T22:22:02.356210 #21084]  INFO -- : [ae2f5dd7-1921-4689-9996-067cbecf3206] Started GET "/w.json?format_type=kento&query=asa2yoru" for 52.194.182.164 at 2022-12-06 22:22:02 +0900
I, [2022-12-06T22:22:05.254912 #21084]  INFO -- : [a8c99025-e8ea-4909-a63d-2742b4a42c18] Started GET "/w.json?query=MEGUT&format_type=kento" for 13.231.174.239 at 2022-12-06 22:22:05 +0900
I, [2022-12-06T22:26:10.351188 #21084]  INFO -- : [c9c71ac9-dc61-4b83-8db5-c51536303e9c] Started GET "/w.json?query=funa123&format_type=kento" for 13.231.174.239 at 2022-12-06 22:26:10 +0900
I, [2022-12-06T22:27:04.853421 #21084]  INFO -- : [28244e6e-b7f5-4c32-a43a-ad04ba9b9738] Started GET "/w.json?query=shogidr&format_type=kento" for 13.115.221.108 at 2022-12-06 22:27:04 +0900
I, [2022-12-06T22:29:03.716600 #21084]  INFO -- : [088706ec-66a5-44bd-8b20-283ab2250380] Started GET "/w.json?query=Zenbala&format_type=kento" for 13.115.221.108 at 2022-12-06 22:29:03 +0900
I, [2022-12-06T22:29:09.358979 #21084]  INFO -- : [cf3f0a90-91cb-4346-8e3c-4d0c1ee60d35] Started GET "/w.json?query=Zenbala&format_type=kento" for 13.115.221.108 at 2022-12-06 22:29:09 +0900
I, [2022-12-06T22:43:17.244238 #21086]  INFO -- : [88692b01-2a7d-4578-bad6-cc44270d04b6] Started GET "/w.json?query=maou211&format_type=kento" for 13.115.221.108 at 2022-12-06 22:43:17 +0900
I, [2022-12-06T22:43:44.847028 #21084]  INFO -- : [15599066-8bd4-4df4-9a53-f7f2b88fe144] Started GET "/w.json?format_type=kento&query=light33" for 13.115.221.108 at 2022-12-06 22:43:44 +0900
I, [2022-12-06T22:44:25.688605 #21084]  INFO -- : [94087b97-3b55-454a-a904-601b11e693ae] Started GET "/w.json?query=Zenbala&format_type=kento" for 52.194.248.132 at 2022-12-06 22:44:25 +0900
I, [2022-12-06T22:46:11.423106 #21084]  INFO -- : [2a8500e7-864d-4c3e-aee5-81354dcd3af0] Started GET "/w.json?format_type=kento&query=Jyohshin" for 13.115.221.108 at 2022-12-06 22:46:11 +0900
I, [2022-12-06T22:53:33.180673 #21084]  INFO -- : [93109c80-5e2d-4cf6-9ffa-7e6a00b8d2f8] Started GET "/w.json?format_type=kento&query=trocco" for 52.194.248.132 at 2022-12-06 22:53:33 +0900
I, [2022-12-06T22:55:57.244059 #21084]  INFO -- : [98f9cf31-6360-40e5-9994-eebd5514fcd2] Started GET "/w.json?format_type=kento&query=uvwXYzg" for 13.115.221.108 at 2022-12-06 22:55:57 +0900
I, [2022-12-06T23:00:23.492030 #21086]  INFO -- : [0d9ff73d-ae38-494e-9677-a0a4252397ae] Started GET "/w.json?format_type=kento&query=chogenbow" for 52.194.248.132 at 2022-12-06 23:00:23 +0900
I, [2022-12-06T23:01:36.358238 #21086]  INFO -- : [857fb2b8-7e8b-434d-b1b4-08256495ada6] Started GET "/w.json?query=kazeninaru&format_type=kento" for 52.194.248.132 at 2022-12-06 23:01:36 +0900
I, [2022-12-06T23:01:42.913621 #21084]  INFO -- : [a05886f2-c872-4dce-80ee-a2848a591bee] Started GET "/w.json?query=kazeninaru&format_type=kento" for 52.194.248.132 at 2022-12-06 23:01:42 +0900
I, [2022-12-06T23:01:48.315163 #21086]  INFO -- : [4fc4b1a9-aac2-449a-afa5-5f3b57477075] Started GET "/w.json?format_type=kento&query=trocco" for 52.194.248.132 at 2022-12-06 23:01:48 +0900
I, [2022-12-06T23:04:13.039483 #21086]  INFO -- : [60bad0b6-f7ee-4dde-8fe3-9836c696ae8e] Started GET "/w.json?query=tomiel&format_type=kento" for 13.115.221.108 at 2022-12-06 23:04:13 +0900
I, [2022-12-06T23:06:40.739555 #21086]  INFO -- : [ea93ef25-8d3b-4c61-9cd7-eec05a7efd14] Started GET "/w.json?format_type=kento&query=dcsyhi2" for 13.115.221.108 at 2022-12-06 23:06:40 +0900
I, [2022-12-06T23:08:46.355665 #21084]  INFO -- : [66dc8e46-b92e-43b3-941a-276e722856ca] Started GET "/w.json?query=hirofumiyasu&format_type=kento" for 13.115.221.108 at 2022-12-06 23:08:46 +0900
I, [2022-12-06T23:11:15.256089 #21086]  INFO -- : [53af8773-fca3-4985-9654-fd2e943f67a6] Started GET "/w.json?format_type=kento&query=chogenbow" for 52.194.248.132 at 2022-12-06 23:11:15 +0900
I, [2022-12-06T23:11:43.224586 #21086]  INFO -- : [f8b44b16-7bf0-43ac-90c6-9e912fb739ed] Started GET "/w.json?query=maou211&format_type=kento" for 52.194.248.132 at 2022-12-06 23:11:43 +0900
I, [2022-12-06T23:13:40.597202 #21086]  INFO -- : [9e309a70-8369-44fc-9b59-348215596d25] Started GET "/w.json?query=martel0924&format_type=kento" for 52.194.248.132 at 2022-12-06 23:13:40 +0900
I, [2022-12-06T23:14:22.079819 #21086]  INFO -- : [8ff8a502-4a93-4cc2-aaa7-e70dc02278d5] Started GET "/w.json?format_type=kento&query=light33" for 52.194.248.132 at 2022-12-06 23:14:22 +0900
I, [2022-12-06T23:17:58.198265 #21086]  INFO -- : [6b27305b-add5-44bf-9a22-b409e6fc2610] Started GET "/w.json?query=take50039&format_type=kento" for 52.194.248.132 at 2022-12-06 23:17:58 +0900
I, [2022-12-06T23:18:51.221515 #21084]  INFO -- : [819c4c0d-eadf-410d-828e-4a5b1dc54fe9] Started GET "/w.json?query=hiroplayer935&format_type=kento" for 52.194.248.132 at 2022-12-06 23:18:51 +0900
I, [2022-12-06T23:18:56.322189 #21084]  INFO -- : [2aa782de-e171-493a-8b1b-a50b908c93e2] Started GET "/w.json?query=hiroplayer935&format_type=kento" for 52.194.248.132 at 2022-12-06 23:18:56 +0900
I, [2022-12-06T23:19:59.145270 #21084]  INFO -- : [c928afa1-4c75-4c2c-9468-f83cc96d5993] Started GET "/w.json?query=hiroplayer935&format_type=kento" for 13.115.221.108 at 2022-12-06 23:19:59 +0900
I, [2022-12-06T23:22:30.592940 #21084]  INFO -- : [7c792e81-d35d-4fce-a3b4-c8ceb52effc6] Started GET "/w.json?format_type=kento&query=makirinpanax" for 52.194.248.132 at 2022-12-06 23:22:30 +0900
I, [2022-12-06T23:22:35.469878 #21086]  INFO -- : [17119011-c3e4-45ac-acb2-325d5f834204] Started GET "/w.json?format_type=kento&query=makirinpanax" for 13.115.221.108 at 2022-12-06 23:22:35 +0900
I, [2022-12-06T23:23:17.584146 #21084]  INFO -- : [7f339035-b307-41be-a38f-f9d88e8ffc9e] Started GET "/w.json?format_type=kento&query=raffit" for 18.179.43.55 at 2022-12-06 23:23:17 +0900
I, [2022-12-06T23:23:54.302030 #21086]  INFO -- : [73e7efe9-e5ec-46da-8548-07fcfbf92e36] Started GET "/w.json?format_type=kento&query=light33" for 13.115.221.108 at 2022-12-06 23:23:54 +0900
I, [2022-12-06T23:29:07.728950 #21086]  INFO -- : [59dcf66b-d89c-4fd8-b0ee-93015d8477a2] Started GET "/w.json?query=maou211&format_type=kento" for 18.179.43.55 at 2022-12-06 23:29:07 +0900
I, [2022-12-06T23:29:56.420546 #21084]  INFO -- : [a8ba0cea-228e-4459-9a0c-79858bc47c19] Started GET "/w.json?query=supremo&format_type=kento" for 18.179.43.55 at 2022-12-06 23:29:56 +0900
I, [2022-12-06T23:29:56.429976 #21086]  INFO -- : [e9d4c577-1c38-4456-805c-1137dd21ed85] Started GET "/w.json?query=beniamo&format_type=kento" for 13.115.221.108 at 2022-12-06 23:29:56 +0900
I, [2022-12-06T23:29:56.454907 #21086]  INFO -- : [2802aa0f-8ae0-4cbe-9657-7076d5dfa1ba] Started GET "/w.json?query=NOSTRIBRAVI&format_type=kento" for 52.194.248.132 at 2022-12-06 23:29:56 +0900
I, [2022-12-06T23:30:16.633842 #21086]  INFO -- : [171570dc-20dc-4237-9325-9111f286f63b] Started GET "/w.json?format_type=kento&query=makirinpanax" for 52.194.248.132 at 2022-12-06 23:30:16 +0900
I, [2022-12-06T23:32:22.782285 #21084]  INFO -- : [e1a50261-f6b3-48b7-a920-e09b5f41a106] Started GET "/w.json?query=take50039&format_type=kento" for 13.115.221.108 at 2022-12-06 23:32:22 +0900
I, [2022-12-06T23:33:00.742897 #21084]  INFO -- : [ee919a5d-163b-4c3a-aa6e-f40b35ea0dea] Started GET "/w.json?query=AlexParao&format_type=kento" for 13.115.221.108 at 2022-12-06 23:33:00 +0900
I, [2022-12-06T23:33:00.743977 #21086]  INFO -- : [06bdc929-6730-44b6-b2bd-fb6e2863287b] Started GET "/w.json?query=parao_nta&format_type=kento" for 52.194.248.132 at 2022-12-06 23:33:00 +0900
I, [2022-12-06T23:34:10.744235 #21084]  INFO -- : [0b1650a7-2e14-4d46-bf7e-1a6c03cd3564] Started GET "/w.json?query=tnfs&format_type=kento" for 13.115.221.108 at 2022-12-06 23:34:10 +0900
I, [2022-12-06T23:34:39.566306 #21084]  INFO -- : [4fbd70ef-f781-4f86-923d-eb7533e86235] Started GET "/w.json?format_type=kento&query=light33" for 18.179.43.55 at 2022-12-06 23:34:39 +0900
I, [2022-12-06T23:36:51.116250 #21084]  INFO -- : [0b3ac1ef-a690-416c-a138-6dd8b5862e87] Started GET "/w.json?format_type=kento&query=js_uk" for 18.179.43.55 at 2022-12-06 23:36:51 +0900
I, [2022-12-06T23:39:02.818077 #21086]  INFO -- : [3d072aa6-77a7-4929-98e0-6bf40ef958ba] Started GET "/w.json?query=hiroplayer935&format_type=kento" for 18.179.43.55 at 2022-12-06 23:39:02 +0900
I, [2022-12-06T23:39:06.955936 #21086]  INFO -- : [40aa259c-f0a6-4bd3-b02b-d2747211d18d] Started GET "/w.json?format_type=kento&query=makirinpanax" for 18.179.43.55 at 2022-12-06 23:39:06 +0900
I, [2022-12-06T23:40:40.898406 #21084]  INFO -- : [522e8f22-8ce8-4bcc-9e4a-72e1facc4647] Started GET "/w.json?query=laft&format_type=kento" for 18.179.43.55 at 2022-12-06 23:40:40 +0900
I, [2022-12-06T23:41:06.821545 #21086]  INFO -- : [86d8e1a1-dfa2-4751-9590-9ec4eb044a50] Started GET "/w.json?format_type=kento&query=harukihonda" for 18.179.43.55 at 2022-12-06 23:41:06 +0900
I, [2022-12-06T23:41:06.855067 #21084]  INFO -- : [b0386e7d-e73c-4cf3-ab8f-eaf825eb030d] Started GET "/w.json?format_type=kento&query=maedakizirou" for 13.115.221.108 at 2022-12-06 23:41:06 +0900
I, [2022-12-06T23:43:09.205891 #21084]  INFO -- : [ab6dd9a6-39b2-4d79-8329-1e75373d057d] Started GET "/w.json?query=maou211&format_type=kento" for 18.179.43.55 at 2022-12-06 23:43:09 +0900
I, [2022-12-06T23:43:11.106514 #21084]  INFO -- : [ddef851b-9015-4bbf-a161-93749ad81eb6] Started GET "/w.json?query=maou211&format_type=kento" for 18.179.43.55 at 2022-12-06 23:43:11 +0900
I, [2022-12-06T23:43:38.739002 #21084]  INFO -- : [dc9b601b-6e74-44d1-bff7-643ae4139323] Started GET "/w.json?format_type=kento&query=harukihonda" for 13.115.221.108 at 2022-12-06 23:43:38 +0900
I, [2022-12-06T23:43:38.751454 #21084]  INFO -- : [d039bf0f-aac6-4db2-8e0b-a03fbaaa4274] Started GET "/w.json?format_type=kento&query=maedakizirou" for 18.179.43.55 at 2022-12-06 23:43:38 +0900
I, [2022-12-06T23:45:15.480365 #21084]  INFO -- : [d8b97ad9-e7d4-4c3e-a60e-5c634e0b46f6] Started GET "/w.json?query=Totoronkou&format_type=kento" for 13.115.221.108 at 2022-12-06 23:45:15 +0900
I, [2022-12-06T23:45:16.310954 #21086]  INFO -- : [d4be9a64-2daa-48c4-b7b3-06d176684c98] Started GET "/w.json?query=Totoronkou&format_type=kento" for 13.115.221.108 at 2022-12-06 23:45:16 +0900
I, [2022-12-06T23:45:33.726715 #21084]  INFO -- : [7ab07c0c-53b3-4f64-a413-c36c51d45919] Started GET "/w.json?format_type=kento&query=maedakizirou" for 13.115.221.108 at 2022-12-06 23:45:33 +0900
I, [2022-12-06T23:45:33.825026 #21084]  INFO -- : [698c5aa0-64ed-4ff1-b2e4-64411fa999bb] Started GET "/w.json?format_type=kento&query=harukihonda" for 13.230.35.229 at 2022-12-06 23:45:33 +0900
I, [2022-12-06T23:46:38.758263 #21084]  INFO -- : [55ac7297-3cf4-4a4b-8c56-b00bbae9a9a4] Started GET "/w.json?format_type=kento&query=harukihonda" for 13.230.35.229 at 2022-12-06 23:46:38 +0900
I, [2022-12-06T23:46:38.789522 #21084]  INFO -- : [2dde4b4c-2067-413a-8b8d-0f888f24f2d2] Started GET "/w.json?format_type=kento&query=maedakizirou" for 13.115.221.108 at 2022-12-06 23:46:38 +0900
I, [2022-12-06T23:47:22.843278 #21086]  INFO -- : [0f8da390-35a9-4d8f-b526-33feb8db21cb] Started GET "/w.json?format_type=kento&query=js_uk" for 13.230.35.229 at 2022-12-06 23:47:22 +0900
I, [2022-12-06T23:47:29.572516 #21086]  INFO -- : [9ea11b78-eece-4c61-a45e-8f71318554eb] Started GET "/w.json?format_type=kento&query=js_uk" for 13.230.35.229 at 2022-12-06 23:47:29 +0900
I, [2022-12-06T23:52:48.422910 #21084]  INFO -- : [c0bc4a57-84fb-4b1f-806e-1bf23556fd2a] Started GET "/w.json?format_type=kento&query=light33" for 18.179.43.55 at 2022-12-06 23:52:48 +0900
I, [2022-12-06T23:53:02.119929 #21084]  INFO -- : [357c1e2c-8d8e-4c7a-887f-6576a2ff4f7e] Started GET "/w.json?query=midori92&format_type=kento" for 18.179.43.55 at 2022-12-06 23:53:02 +0900
I, [2022-12-06T23:54:58.693386 #21084]  INFO -- : [3ac6ffa2-7463-4ac2-995a-f65254db28b5] Started GET "/w.json?query=midori92&format_type=kento" for 18.179.43.55 at 2022-12-06 23:54:58 +0900
I, [2022-12-06T23:55:02.482101 #21086]  INFO -- : [96683700-b1c5-4858-bf7a-e2c4f7a7e2ab] Started GET "/w.json?query=midori92&format_type=kento" for 18.179.43.55 at 2022-12-06 23:55:02 +0900
I, [2022-12-06T23:55:03.304584 #21086]  INFO -- : [7c97582c-f4d5-4695-940d-39c079d269d9] Started GET "/w.json?query=midori92&format_type=kento" for 18.179.43.55 at 2022-12-06 23:55:03 +0900
I, [2022-12-06T23:56:17.040100 #21084]  INFO -- : [0183246f-e8fb-4f32-8c7a-5410417891ba] Started GET "/w.json?format_type=kento&query=maedakizirou" for 18.179.43.55 at 2022-12-06 23:56:17 +0900
I, [2022-12-06T23:56:17.073414 #21086]  INFO -- : [f8b62d44-91a9-43d2-9fd4-d389e0517d2a] Started GET "/w.json?format_type=kento&query=harukihonda" for 13.115.221.108 at 2022-12-06 23:56:17 +0900
I, [2022-12-06T23:58:20.386408 #21084]  INFO -- : [1582a566-0c13-4176-8e9b-11c1f9f39a16] Started GET "/w.json?format_type=kento&query=makirinpanax" for 18.179.43.55 at 2022-12-06 23:58:20 +0900
I, [2022-12-06T23:58:39.956792 #21084]  INFO -- : [e74ba600-0062-4b30-8b33-361df6e3044d] Started GET "/w.json?format_type=kento&query=js_uk" for 18.179.43.55 at 2022-12-06 23:58:39 +0900
I, [2022-12-07T00:10:56.167576 #21086]  INFO -- : [eed37926-7ca3-4e76-8f87-4939b6eb784f] Started GET "/w.json?format_type=kento&query=light33" for 13.115.221.108 at 2022-12-07 00:10:56 +0900
I, [2022-12-07T00:14:00.881796 #21084]  INFO -- : [e6983a2a-a13d-434d-8f0a-7e28d919d226] Started GET "/w.json?query=Totoronkou&format_type=kento" for 35.75.1.149 at 2022-12-07 00:14:00 +0900
I, [2022-12-07T00:14:01.822858 #21084]  INFO -- : [d925153d-02fe-4778-9260-09798e47d404] Started GET "/w.json?query=Totoronkou&format_type=kento" for 18.179.43.55 at 2022-12-07 00:14:01 +0900
I, [2022-12-07T00:15:38.883479 #21086]  INFO -- : [4dba6556-419a-49e8-943b-826efc2a36cb] Started GET "/w.json?query=kinakom0chi&format_type=kento" for 18.183.240.30 at 2022-12-07 00:15:38 +0900
I, [2022-12-07T00:25:47.765771 #21084]  INFO -- : [ad83d34f-5822-4245-86d6-c1c3ab8784f2] Started GET "/w.json?format_type=kento&query=dasixi34" for 35.75.1.149 at 2022-12-07 00:25:47 +0900
