I, [2023-01-23T06:18:51.615166 #6794]  INFO -- : [bf69b0f6-f33e-4f42-aaf1-d2795a2013b4] Started GET "/w.json?format_type=kento&query=kichijr" for 13.231.176.206 at 2023-01-23 06:18:51 +0900
I, [2023-01-25T04:46:51.505583 #21981]  INFO -- : [45f2011e-daca-427a-b35c-da8363358a49] Started GET "/w.json?format_type=kento&query=verdura" for 54.199.84.194 at 2023-01-25 04:46:51 +0900
I, [2023-01-25T05:06:01.949012 #21983]  INFO -- : [6ae3f922-3fe5-4a07-94d5-9d92f6e31107] Started GET "/w.json?query=fukurouzzz&format_type=kento" for 18.182.7.99 at 2023-01-25 05:06:01 +0900
I, [2023-01-25T05:17:25.551338 #21981]  INFO -- : [02517f7b-beef-4bd3-980b-27b1327bd6f1] Started GET "/w.json?query=tibi0329&format_type=kento" for 18.182.49.101 at 2023-01-25 05:17:25 +0900
I, [2023-01-25T05:30:19.772967 #21983]  INFO -- : [60a410ba-f7c7-4871-8dde-a3dc7f9f743f] Started GET "/w.json?query=7monochrome&format_type=kento" for 18.182.7.99 at 2023-01-25 05:30:19 +0900
I, [2023-01-25T05:30:20.851832 #21983]  INFO -- : [9ebb4bf0-7da9-4607-8d6b-65d1ccbc4e43] Started GET "/w.json?query=123abu&format_type=kento" for 52.194.249.113 at 2023-01-25 05:30:20 +0900
I, [2023-01-25T05:30:20.889121 #21983]  INFO -- : [5ee47e8d-1fb2-4c4a-966b-6faa6f1b4002] Started GET "/w.json?query=peocil_crayon&format_type=kento" for 43.206.160.38 at 2023-01-25 05:30:20 +0900
I, [2023-01-25T05:30:20.932695 #21983]  INFO -- : [6b6af242-c4b8-4af9-83a5-730f760fdb33] Started GET "/w.json?query=BOUYATETSU5&format_type=kento" for 13.231.60.2 at 2023-01-25 05:30:20 +0900
I, [2023-01-25T05:30:20.940472 #21983]  INFO -- : [77725c8a-528a-41d5-aa8f-2fcaa75571c3] Started GET "/w.json?query=33abyss&format_type=kento" for 43.206.131.215 at 2023-01-25 05:30:20 +0900
I, [2023-01-25T05:34:04.293672 #21981]  INFO -- : [c0d6bc6f-adac-45c4-9b81-2684d434b20c] Started GET "/w.json?format_type=kento&query=kichijr" for 13.231.60.2 at 2023-01-25 05:34:04 +0900
I, [2023-01-25T05:35:12.832418 #21983]  INFO -- : [0d9902e0-9a19-427e-9b12-7e20d0f16045] Started GET "/w.json?query=tibi0329&format_type=kento" for 35.78.183.169 at 2023-01-25 05:35:12 +0900
I, [2023-01-25T05:41:39.172016 #21983]  INFO -- : [7dbaee25-549e-4fde-92d5-2c648483db56] Started GET "/w.json?query=MEGUT&format_type=kento" for 52.194.249.113 at 2023-01-25 05:41:39 +0900
I, [2023-01-25T05:42:37.768337 #21981]  INFO -- : [1c9ec745-3e03-4089-a63d-5840cfb06724] Started GET "/w.json?format_type=kento&query=verdura" for 18.181.189.112 at 2023-01-25 05:42:37 +0900
I, [2023-01-25T05:58:00.701486 #21981]  INFO -- : [0b94c939-c1e9-41df-8bb0-7ec948c5368a] Started GET "/w.json?query=Maitankurou4&format_type=kento" for 54.238.110.94 at 2023-01-25 05:58:00 +0900
I, [2023-01-25T05:58:01.689317 #21981]  INFO -- : [152bd2a7-b0b5-4335-95d7-998e681b7bdb] Started GET "/w.json?query=Yu_masa10&format_type=kento" for 3.112.174.185 at 2023-01-25 05:58:01 +0900
I, [2023-01-25T05:58:43.208796 #21983]  INFO -- : [76d0db3b-0a49-4e08-b7b4-4e22bbe13ca5] Started GET "/w.json?format_type=kento&query=RSsemmu" for 3.112.174.185 at 2023-01-25 05:58:43 +0900
I, [2023-01-25T06:11:43.183263 #21983]  INFO -- : [804e3b7a-259d-4988-9ba9-0c3c5240ca02] Started GET "/w.json?format_type=kento&query=hirofumiyasu" for 3.112.174.185 at 2023-01-25 06:11:43 +0900
I, [2023-01-25T06:13:42.064378 #21983]  INFO -- : [d2538d60-a3cc-46e0-bc50-a3f9d37ad5ef] Started GET "/w.json?format_type=kento&query=verdura" for 54.238.110.94 at 2023-01-25 06:13:42 +0900
I, [2023-01-25T06:16:31.417125 #21981]  INFO -- : [73a2e516-4adc-46b9-8f8d-0917ba961f11] Started GET "/w.json?query=MEGUT&format_type=kento" for 35.77.87.159 at 2023-01-25 06:16:31 +0900
I, [2023-01-25T06:17:50.809054 #21983]  INFO -- : [d42aa083-3b32-42c2-9c2d-3475be17a3a4] Started GET "/w.json?format_type=kento&query=Massanori" for 35.77.87.159 at 2023-01-25 06:17:50 +0900
I, [2023-01-25T06:18:02.027114 #21983]  INFO -- : [d1bf6988-edd5-4190-bf9d-d2b3ff97e0b7] Started GET "/w.json?format_type=kento&query=verdura" for 35.77.87.159 at 2023-01-25 06:18:02 +0900
I, [2023-01-25T06:34:30.489784 #21981]  INFO -- : [597a65c3-cbd4-493d-a538-fba98156760f] Started GET "/w.json?format_type=kento&query=Massanori" for 3.112.174.185 at 2023-01-25 06:34:30 +0900
I, [2023-01-25T06:39:36.450096 #21981]  INFO -- : [603365a9-6f72-4f43-9538-f013c8a79339] Started GET "/w.json?query=MEGUT&format_type=kento" for 3.112.174.185 at 2023-01-25 06:39:36 +0900
I, [2023-01-25T06:50:09.646259 #21981]  INFO -- : [95edea58-c0f1-440a-9d49-46839ba5ed3e] Started GET "/w.json?format_type=kento&query=gakuten" for 35.78.194.78 at 2023-01-25 06:50:09 +0900
I, [2023-01-25T06:55:10.978789 #21983]  INFO -- : [efacf582-4453-4ce6-9493-0b233d558e64] Started GET "/w.json?query=MEGUT&format_type=kento" for 54.199.114.98 at 2023-01-25 06:55:10 +0900
I, [2023-01-25T06:56:55.876765 #21981]  INFO -- : [65e96f0e-abd8-4bba-a36f-080bba569b66] Started GET "/w.json?format_type=kento&query=RSsemmu" for 54.199.114.98 at 2023-01-25 06:56:55 +0900
I, [2023-01-25T07:01:06.503871 #21981]  INFO -- : [b47db328-e5f5-42a9-9b75-7c35246519b7] Started GET "/w.json?query=tsubakurou2178&format_type=kento" for 54.199.114.98 at 2023-01-25 07:01:06 +0900
I, [2023-01-25T07:01:33.861128 #21981]  INFO -- : [d5e96895-c384-456b-b9cf-6dfc0df129cd] Started GET "/w.json?format_type=kento&query=gakuten" for 54.199.114.98 at 2023-01-25 07:01:33 +0900
I, [2023-01-25T07:05:10.136932 #21983]  INFO -- : [03318c83-a965-4b89-844b-bbfe565bcfe6] Started GET "/w.json?format_type=kento&query=gakuten" for 54.199.114.98 at 2023-01-25 07:05:10 +0900
I, [2023-01-25T07:05:37.143494 #21983]  INFO -- : [2e8f7166-f9d9-44c7-8d0a-29888ada8452] Started GET "/w.json?format_type=kento&query=RSsemmu" for 54.199.114.98 at 2023-01-25 07:05:37 +0900
I, [2023-01-25T07:07:16.851237 #21983]  INFO -- : [8543d424-3b59-4b06-bd4e-b92197cb55ff] Started GET "/w.json?format_type=kento&query=RSsemmu" for 54.199.114.98 at 2023-01-25 07:07:16 +0900
I, [2023-01-25T07:09:21.537937 #21983]  INFO -- : [a95336b9-c1ef-4b81-991e-a74dca4c4e9d] Started GET "/w.json?query=MEGUT&format_type=kento" for 54.199.114.98 at 2023-01-25 07:09:21 +0900
I, [2023-01-25T07:11:03.385681 #21981]  INFO -- : [9ac738bd-e7d4-4d96-b4f1-30367ff0697d] Started GET "/w.json?query=gausssss4&format_type=kento" for 54.199.114.98 at 2023-01-25 07:11:03 +0900
I, [2023-01-25T07:12:52.787028 #21983]  INFO -- : [4ae925c8-6d3b-4d86-82dd-54b829ceb5bd] Started GET "/w.json?format_type=kento&query=gakuten" for 54.199.114.98 at 2023-01-25 07:12:52 +0900
I, [2023-01-25T07:13:26.696713 #21981]  INFO -- : [e4d43340-1d4c-4455-abd4-fcbce9d26f03] Started GET "/w.json?query=fukurouzzz&format_type=kento" for 43.207.50.79 at 2023-01-25 07:13:26 +0900
I, [2023-01-25T07:29:32.386330 #21981]  INFO -- : [5979799b-5868-40e7-a7de-bc79eee414b3] Started GET "/w.json?query=SASUKEKO&format_type=kento" for 54.199.114.98 at 2023-01-25 07:29:32 +0900
I, [2023-01-25T07:29:33.458131 #21981]  INFO -- : [650752ef-ca7e-4037-9444-c42078f90a3d] Started GET "/w.json?query=UtadaHikaru&format_type=kento" for 18.177.150.162 at 2023-01-25 07:29:33 +0900
I, [2023-01-25T07:31:52.833761 #21981]  INFO -- : [adb43d5c-c838-43bc-aa51-52987148c23d] Started GET "/w.json?query=Anzanshi&format_type=kento" for 54.199.114.98 at 2023-01-25 07:31:52 +0900
I, [2023-01-25T07:52:45.220063 #21983]  INFO -- : [8e2cb5d6-33b3-497a-8442-9496709fcb25] Started GET "/w.json?format_type=kento&query=Furi_YouTube" for 54.199.114.98 at 2023-01-25 07:52:45 +0900
I, [2023-01-25T07:55:47.766100 #21981]  INFO -- : [01a467f6-d7d1-4cc3-b9eb-aa538c6a7682] Started GET "/w.json?format_type=kento&query=Furi_YouTube" for 54.199.114.98 at 2023-01-25 07:55:47 +0900
I, [2023-01-25T08:02:22.168831 #21983]  INFO -- : [3031838b-0b0c-49e0-92b6-6f80aab27909] Started GET "/w.json?format_type=kento&query=3daisuke6" for 54.199.114.98 at 2023-01-25 08:02:22 +0900
I, [2023-01-25T08:14:28.560783 #21981]  INFO -- : [de036a50-77c7-42ec-8709-8f0633643982] Started GET "/w.json?format_type=kento&query=shote58hi" for 54.199.114.98 at 2023-01-25 08:14:28 +0900
I, [2023-01-25T08:15:53.828634 #21983]  INFO -- : [029bd3af-6b89-48f0-b890-50a909b49acc] Started GET "/w.json?format_type=kento&query=3daisuke6" for 54.199.114.98 at 2023-01-25 08:15:53 +0900
I, [2023-01-25T08:17:15.832186 #21983]  INFO -- : [d2bd5588-b85b-423d-a95a-7e8fc4445157] Started GET "/w.json?format_type=kento&query=hommaguron" for 54.95.50.98 at 2023-01-25 08:17:15 +0900
I, [2023-01-25T08:27:00.451112 #21983]  INFO -- : [84e9b702-a672-44ce-ac45-a241e0a4b8ac] Started GET "/w.json?query=SanchaBeer&format_type=kento" for 54.199.114.98 at 2023-01-25 08:27:00 +0900
I, [2023-01-25T08:27:58.295739 #21983]  INFO -- : [d6a658a9-9a2f-46d3-bad6-83856638927d] Started GET "/w.json?format_type=kento&query=Furi_YouTube" for 54.199.114.98 at 2023-01-25 08:27:58 +0900
I, [2023-01-25T08:28:58.912411 #21983]  INFO -- : [47892120-20d4-41fc-ab13-a9c2a3432256] Started GET "/w.json?format_type=kento&query=hommaguron" for 54.95.50.98 at 2023-01-25 08:28:58 +0900
I, [2023-01-25T08:29:27.788289 #21981]  INFO -- : [090a3614-4091-412e-a33c-9706683bab3c] Started GET "/w.json?query=jinguji36&format_type=kento" for 54.95.50.98 at 2023-01-25 08:29:27 +0900
I, [2023-01-25T08:37:47.571717 #21981]  INFO -- : [77c95a58-f9c4-4758-9031-3f02eaf99fd1] Started GET "/w.json?query=masamasa1343792&format_type=kento" for 54.95.50.98 at 2023-01-25 08:37:47 +0900
I, [2023-01-25T08:38:01.926338 #21981]  INFO -- : [212eb36c-0be6-4357-b658-12e94b0b9128] Started GET "/w.json?query=jinguji36&format_type=kento" for 54.95.50.98 at 2023-01-25 08:38:01 +0900
I, [2023-01-25T08:42:07.981221 #21983]  INFO -- : [0fc0bca8-2c68-489d-99d0-dd3cda2a6cea] Started GET "/w.json?query=jinguji36&format_type=kento" for 54.95.50.98 at 2023-01-25 08:42:07 +0900
I, [2023-01-25T08:44:46.324847 #21981]  INFO -- : [5052ce06-611a-4b87-ba20-1f314a55c75e] Started GET "/w.json?query=fujintv&format_type=kento" for 54.95.50.98 at 2023-01-25 08:44:46 +0900
I, [2023-01-25T08:51:06.942939 #21983]  INFO -- : [2c9dfee0-4514-4f84-a868-711a7343ec53] Started GET "/w.json?format_type=kento&query=Furi_YouTube" for 54.95.50.98 at 2023-01-25 08:51:06 +0900
I, [2023-01-25T08:55:14.843973 #21981]  INFO -- : [d23639f5-8495-4156-92d5-6c792ba88d5c] Started GET "/w.json?query=jinguji36&format_type=kento" for 54.95.50.98 at 2023-01-25 08:55:14 +0900
I, [2023-01-25T08:57:03.609346 #21983]  INFO -- : [747de93b-604f-4ae4-8b40-e9a518f3e3a2] Started GET "/w.json?format_type=kento&query=kkkaaawwwaaa" for 54.95.50.98 at 2023-01-25 08:57:03 +0900
I, [2023-01-25T09:04:09.568411 #21983]  INFO -- : [897170b2-397f-4fed-8009-eb548bf72182] Started GET "/w.json?format_type=kento&query=kkkaaawwwaaa" for 18.182.7.200 at 2023-01-25 09:04:09 +0900
I, [2023-01-25T09:08:16.659764 #21983]  INFO -- : [01ba77d5-3e56-4b32-a241-6dd06b361331] Started GET "/w.json?format_type=kento&query=kkkaaawwwaaa" for 18.182.7.200 at 2023-01-25 09:08:16 +0900
I, [2023-01-25T09:10:03.830307 #21983]  INFO -- : [68b40224-2ec8-4fd4-b5a4-c3a8e39c2819] Started GET "/w.json?format_type=kento&query=gakuten" for 18.182.7.200 at 2023-01-25 09:10:03 +0900
I, [2023-01-25T09:18:25.232078 #21981]  INFO -- : [9430bfc1-2ceb-4cad-983b-49414c8f1588] Started GET "/w.json?format_type=kento&query=Aphrody2" for 18.182.7.200 at 2023-01-25 09:18:25 +0900
I, [2023-01-25T09:55:22.200176 #21981]  INFO -- : [8fd523b1-077d-4b53-99a1-54d66b38e4d4] Started GET "/w.json?query=anjelier&format_type=kento" for 18.182.7.200 at 2023-01-25 09:55:22 +0900
I, [2023-01-25T10:07:32.190822 #21983]  INFO -- : [9e913448-dc51-4c1c-8765-48fc32635625] Started GET "/w.json?query=marudednb&format_type=kento" for 18.182.7.200 at 2023-01-25 10:07:32 +0900
I, [2023-01-25T10:07:33.291763 #21981]  INFO -- : [e9fc544a-4b3f-4fa5-9459-4646e0376947] Started GET "/w.json?query=marudedna&format_type=kento" for 35.77.72.32 at 2023-01-25 10:07:33 +0900
I, [2023-01-25T10:07:33.304783 #21983]  INFO -- : [e06a7fa7-d221-475a-b93f-61fb2be794f4] Started GET "/w.json?query=marudedng&format_type=kento" for 3.113.247.131 at 2023-01-25 10:07:33 +0900
I, [2023-01-25T10:07:33.317552 #21981]  INFO -- : [fdfa5bfe-c903-499a-bdf0-6a01f15b4d0b] Started GET "/w.json?query=marudednd&format_type=kento" for 35.78.233.204 at 2023-01-25 10:07:33 +0900
I, [2023-01-25T10:07:33.344824 #21981]  INFO -- : [1c31c2c0-26b3-4cc0-8304-87c524ba1a3e] Started GET "/w.json?query=marudednm&format_type=kento" for 43.207.45.160 at 2023-01-25 10:07:33 +0900
I, [2023-01-25T10:07:33.354491 #21983]  INFO -- : [ff7b1d13-5be9-481b-acbc-d788b2f44f34] Started GET "/w.json?query=marudednf&format_type=kento" for 43.206.131.22 at 2023-01-25 10:07:33 +0900
I, [2023-01-25T10:07:33.361984 #21983]  INFO -- : [9a63982f-f762-43ed-941b-bc01a5914f06] Started GET "/w.json?query=marudedne&format_type=kento" for 13.115.169.112 at 2023-01-25 10:07:33 +0900
I, [2023-01-25T10:14:14.202796 #21981]  INFO -- : [a0bc8485-35ba-4bfa-aa06-9e79cd8dcaf0] Started GET "/w.json?query=anjelier&format_type=kento" for 13.115.169.112 at 2023-01-25 10:14:14 +0900
I, [2023-01-25T10:19:03.418715 #21981]  INFO -- : [328d8c5d-b21b-4258-849e-f633e5a59ee6] Started GET "/w.json?query=uvalaw2010&format_type=kento" for 43.207.126.121 at 2023-01-25 10:19:03 +0900
I, [2023-01-25T10:22:39.110954 #21981]  INFO -- : [094345ce-01c4-41fe-9bf4-6559a14bf056] Started GET "/w.json?format_type=kento&query=Harutoromeo" for 43.207.126.121 at 2023-01-25 10:22:39 +0900
I, [2023-01-25T10:25:21.302829 #21981]  INFO -- : [cc966d54-11fe-46c7-841f-95b46699580c] Started GET "/w.json?query=marudedna&format_type=kento" for 43.207.126.121 at 2023-01-25 10:25:21 +0900
I, [2023-01-25T10:25:21.319255 #21981]  INFO -- : [94784cf0-cd71-4f44-a015-8d3857061a93] Started GET "/w.json?query=marudednd&format_type=kento" for 18.181.80.133 at 2023-01-25 10:25:21 +0900
I, [2023-01-25T10:25:22.291933 #21983]  INFO -- : [b5711913-f817-41a6-b5be-8703f09306b7] Started GET "/w.json?query=marudedng&format_type=kento" for 54.248.175.71 at 2023-01-25 10:25:22 +0900
I, [2023-01-25T10:25:22.354204 #21983]  INFO -- : [cac8ddd6-8261-4158-af56-34e18c527ed0] Started GET "/w.json?query=marudednf&format_type=kento" for 18.179.13.141 at 2023-01-25 10:25:22 +0900
I, [2023-01-25T10:25:22.355039 #21981]  INFO -- : [1af36eb4-f019-46d4-89ef-c38914afc8b7] Started GET "/w.json?query=marudednm&format_type=kento" for 35.78.230.182 at 2023-01-25 10:25:22 +0900
I, [2023-01-25T10:25:22.374392 #21981]  INFO -- : [466be195-ecfe-4428-ae80-91d5c655aa0b] Started GET "/w.json?query=marudedne&format_type=kento" for 43.206.222.214 at 2023-01-25 10:25:22 +0900
I, [2023-01-25T10:25:22.377979 #21981]  INFO -- : [d1a063ab-846e-48b7-831a-af262b6a988d] Started GET "/w.json?query=marudednb&format_type=kento" for 52.197.205.140 at 2023-01-25 10:25:22 +0900
I, [2023-01-25T10:29:05.450377 #21983]  INFO -- : [a1694996-b32d-4992-952f-8e9d57f53e40] Started GET "/w.json?format_type=kento&query=nzoom" for 43.206.222.214 at 2023-01-25 10:29:05 +0900
I, [2023-01-25T10:29:58.074731 #21983]  INFO -- : [4c873263-9371-4881-bdfd-01990ce4d7b0] Started GET "/w.json?format_type=kento&query=kkkaaawwwaaa" for 43.206.222.214 at 2023-01-25 10:29:58 +0900
I, [2023-01-25T10:34:25.543386 #21981]  INFO -- : [9e4d58dc-9975-4d9d-a457-9738be801672] Started GET "/w.json?query=anjelier&format_type=kento" for 43.206.222.214 at 2023-01-25 10:34:25 +0900
I, [2023-01-25T10:43:03.359333 #21983]  INFO -- : [b231d0ad-7f9d-4020-8cf4-5b4b110bbd62] Started GET "/w.json?format_type=kento&query=Hanjinngo" for 43.206.222.214 at 2023-01-25 10:43:03 +0900
I, [2023-01-25T10:54:25.657824 #21983]  INFO -- : [fefe586a-4ee3-45d6-a14f-85d8a1b7991f] Started GET "/w.json?query=marudednb&format_type=kento" for 13.231.200.86 at 2023-01-25 10:54:25 +0900
I, [2023-01-25T10:54:26.738380 #21981]  INFO -- : [92bb766d-d2a8-4531-9b8e-cbd30119e817] Started GET "/w.json?query=marudedng&format_type=kento" for 35.77.42.15 at 2023-01-25 10:54:26 +0900
I, [2023-01-25T10:54:26.749254 #21983]  INFO -- : [128c02e1-721f-46cf-90d4-2e8c73114885] Started GET "/w.json?query=marudednf&format_type=kento" for 54.248.71.82 at 2023-01-25 10:54:26 +0900
I, [2023-01-25T10:54:26.757285 #21983]  INFO -- : [a2e6c8b1-f86d-4342-8277-e3e1d30f9c83] Started GET "/w.json?query=marudednm&format_type=kento" for 18.179.15.22 at 2023-01-25 10:54:26 +0900
I, [2023-01-25T10:54:26.768790 #21981]  INFO -- : [3ebdc7d9-5f3a-42e7-a9a1-e33399c00e3e] Started GET "/w.json?query=marudednd&format_type=kento" for 18.177.148.90 at 2023-01-25 10:54:26 +0900
I, [2023-01-25T10:54:26.782620 #21981]  INFO -- : [733032dd-fd66-4388-b0e1-8df43a277e51] Started GET "/w.json?query=marudedne&format_type=kento" for 43.206.232.134 at 2023-01-25 10:54:26 +0900
I, [2023-01-25T10:54:26.810699 #21983]  INFO -- : [d7661035-d679-4af9-ad31-0afc44c24094] Started GET "/w.json?query=marudedna&format_type=kento" for 18.183.124.139 at 2023-01-25 10:54:26 +0900
I, [2023-01-25T10:56:09.863033 #21981]  INFO -- : [17af053b-7d30-46cd-91af-2a69988f1940] Started GET "/w.json?query=marudednb&format_type=kento" for 18.177.148.90 at 2023-01-25 10:56:09 +0900
I, [2023-01-25T10:56:09.881159 #21981]  INFO -- : [53a3e7b6-3dee-4208-b7e2-080bd32ce6d4] Started GET "/w.json?query=marudedng&format_type=kento" for 13.231.200.86 at 2023-01-25 10:56:09 +0900
I, [2023-01-25T10:56:09.901235 #21981]  INFO -- : [48554eec-934b-4cb8-a5a2-547c0e089ad3] Started GET "/w.json?query=marudednf&format_type=kento" for 35.78.219.127 at 2023-01-25 10:56:09 +0900
I, [2023-01-25T10:56:09.907627 #21983]  INFO -- : [475d4e6e-ebd9-4b40-a2c5-6a1a1654e78d] Started GET "/w.json?query=marudednm&format_type=kento" for 35.77.42.15 at 2023-01-25 10:56:09 +0900
I, [2023-01-25T10:56:09.916035 #21983]  INFO -- : [4776b48f-15dd-4c6d-860e-d4d9e00154b7] Started GET "/w.json?query=marudedna&format_type=kento" for 18.183.124.139 at 2023-01-25 10:56:09 +0900
I, [2023-01-25T10:56:09.929151 #21981]  INFO -- : [2a1f1e41-cd5c-4c17-bad4-fe4af826d49d] Started GET "/w.json?query=marudedne&format_type=kento" for 54.248.71.82 at 2023-01-25 10:56:09 +0900
I, [2023-01-25T10:56:09.937298 #21983]  INFO -- : [e6b6e92d-a1e9-4feb-a440-af08839b4b28] Started GET "/w.json?query=marudednd&format_type=kento" for 18.179.15.22 at 2023-01-25 10:56:09 +0900
I, [2023-01-25T10:58:02.065725 #21981]  INFO -- : [1ae4ef23-55c5-4fc4-bc4d-27652130ef16] Started GET "/w.json?format_type=kento&query=hirofumiyasu" for 43.206.232.134 at 2023-01-25 10:58:02 +0900
I, [2023-01-25T10:58:42.849845 #21981]  INFO -- : [fd2325c9-236b-4d14-a302-cd01e3a61db4] Started GET "/w.json?query=dndn0&format_type=kento" for 54.248.71.82 at 2023-01-25 10:58:42 +0900
I, [2023-01-25T11:02:49.424214 #21981]  INFO -- : [79b98b76-b6d6-451b-b131-e398905eea80] Started GET "/w.json?format_type=kento&query=Jyohshin" for 43.206.232.134 at 2023-01-25 11:02:49 +0900
I, [2023-01-25T11:04:31.755146 #21983]  INFO -- : [8ac87b9d-9a6b-4393-a37f-a1613a1dafbe] Started GET "/w.json?query=marudedna&format_type=kento" for 43.206.232.134 at 2023-01-25 11:04:31 +0900
I, [2023-01-25T11:04:31.786288 #21983]  INFO -- : [b219c7a9-8b02-4939-b304-73a9643f3cd2] Started GET "/w.json?query=marudedne&format_type=kento" for 35.78.219.127 at 2023-01-25 11:04:31 +0900
I, [2023-01-25T11:04:31.790634 #21981]  INFO -- : [515f1fc5-f82a-47ac-ab77-553143d08945] Started GET "/w.json?query=marudednb&format_type=kento" for 18.177.148.90 at 2023-01-25 11:04:31 +0900
I, [2023-01-25T11:04:32.821180 #21983]  INFO -- : [9ae6f46d-eab2-45a1-a9ec-a9d38b237220] Started GET "/w.json?query=marudednf&format_type=kento" for 35.72.12.222 at 2023-01-25 11:04:32 +0900
I, [2023-01-25T11:04:32.837568 #21983]  INFO -- : [e4283906-8659-4da4-9f79-5797fefd7c17] Started GET "/w.json?query=marudedng&format_type=kento" for 43.206.255.226 at 2023-01-25 11:04:32 +0900
I, [2023-01-25T11:04:32.908777 #21981]  INFO -- : [8e14c14a-d64c-464a-8c6d-df8a27d8b9ef] Started GET "/w.json?query=marudednd&format_type=kento" for 35.74.243.158 at 2023-01-25 11:04:32 +0900
I, [2023-01-25T11:04:32.909544 #21983]  INFO -- : [84a4f708-264f-4f05-b76b-c29d6f1462cd] Started GET "/w.json?query=marudednm&format_type=kento" for 52.68.74.142 at 2023-01-25 11:04:32 +0900
I, [2023-01-25T11:15:18.556361 #21983]  INFO -- : [329acc46-3f57-4b5b-a525-7cb49d421e32] Started GET "/w.json?query=dndn0&format_type=kento" for 18.183.4.98 at 2023-01-25 11:15:18 +0900
I, [2023-01-25T11:26:02.888683 #21983]  INFO -- : [1f64097c-c78b-4f05-98b9-72741bc85943] Started GET "/w.json?format_type=kento&query=shote58hi" for 35.78.219.127 at 2023-01-25 11:26:02 +0900
I, [2023-01-25T11:32:48.045873 #21981]  INFO -- : [fc6fcbf0-51ab-403b-837a-94028033a3c1] Started GET "/w.json?query=anjelier&format_type=kento" for 35.78.219.127 at 2023-01-25 11:32:48 +0900
I, [2023-01-25T11:33:12.123366 #21983]  INFO -- : [ea56a2d9-0767-4f3e-a3f0-bcb8c735c816] Started GET "/w.json?format_type=kento&query=js_uk" for 52.192.212.159 at 2023-01-25 11:33:12 +0900
I, [2023-01-25T11:37:51.194308 #21983]  INFO -- : [fe6ee403-ae0e-483c-96bd-aff7e2956cf0] Started GET "/w.json?query=masachan96&format_type=kento" for 35.78.219.127 at 2023-01-25 11:37:51 +0900
I, [2023-01-25T11:46:59.505212 #21981]  INFO -- : [6b52717e-4d9a-41f8-9feb-98d85bfec14b] Started GET "/w.json?format_type=kento&query=dcsyhi2" for 52.192.212.159 at 2023-01-25 11:46:59 +0900
I, [2023-01-25T11:53:57.520610 #21981]  INFO -- : [039845a5-fae1-4423-a357-ee433db9d98d] Started GET "/w.json?query=JustTera&format_type=kento" for 52.192.212.159 at 2023-01-25 11:53:57 +0900
I, [2023-01-25T11:53:58.614116 #21981]  INFO -- : [3b3c7b7a-079a-403c-b795-d700a16da767] Started GET "/w.json?query=JustinTera&format_type=kento" for 35.77.95.151 at 2023-01-25 11:53:58 +0900
I, [2023-01-25T11:54:08.605314 #21981]  INFO -- : [1e81c44b-9f30-4083-b743-d4ec48450bdf] Started GET "/w.json?query=anjelier&format_type=kento" for 35.77.95.151 at 2023-01-25 11:54:08 +0900
I, [2023-01-25T11:54:40.905020 #21983]  INFO -- : [fdaddc46-b07e-429f-957b-eaf2bd4cda9b] Started GET "/w.json?query=T123456789TZ&format_type=kento" for 35.77.95.151 at 2023-01-25 11:54:40 +0900
I, [2023-01-25T11:58:50.910855 #21983]  INFO -- : [a451a42d-6600-4394-be04-b61a5f65235b] Started GET "/w.json?query=okin&format_type=kento" for 35.77.95.151 at 2023-01-25 11:58:50 +0900
I, [2023-01-25T11:58:50.911636 #21981]  INFO -- : [f926006b-32b8-4780-9fae-b7433148c542] Started GET "/w.json?query=Okin3&format_type=kento" for 52.192.212.159 at 2023-01-25 11:58:50 +0900
I, [2023-01-25T11:58:50.943736 #21981]  INFO -- : [3cfb247c-909a-4ce5-afed-b613261dc255] Started GET "/w.json?query=Okin_2nd&format_type=kento" for 35.78.219.127 at 2023-01-25 11:58:50 +0900
I, [2023-01-25T11:59:14.132177 #21981]  INFO -- : [3131e6e0-f496-4059-930e-8fc893235ef4] Started GET "/w.json?query=osayokkon0521&format_type=kento" for 35.77.95.151 at 2023-01-25 11:59:14 +0900
I, [2023-01-25T11:59:30.192866 #21981]  INFO -- : [f571e63e-d916-4693-a5c0-6ae27b871d11] Started GET "/w.json?format_type=kento&query=Hanjinngo" for 35.77.95.151 at 2023-01-25 11:59:30 +0900
I, [2023-01-25T11:59:49.041011 #21981]  INFO -- : [3a592d1b-3ea2-454b-a6f6-5cf7d36c6246] Started GET "/w.json?query=masachan96&format_type=kento" for 35.78.219.127 at 2023-01-25 11:59:49 +0900
I, [2023-01-25T12:01:23.530908 #21983]  INFO -- : [bcfa76ac-cabc-4c07-a522-628a4623392a] Started GET "/w.json?query=Ponta235&format_type=kento" for 35.77.95.151 at 2023-01-25 12:01:23 +0900
I, [2023-01-25T12:03:21.778176 #21983]  INFO -- : [3983260f-5a35-4166-a332-d118f4b7654a] Started GET "/w.json?query=Yokaibaka&format_type=kento" for 35.78.219.127 at 2023-01-25 12:03:21 +0900
I, [2023-01-25T12:06:52.393761 #21981]  INFO -- : [4af18472-ef79-4df6-b6df-b15792078596] Started GET "/w.json?query=fascination&format_type=kento" for 35.78.219.127 at 2023-01-25 12:06:52 +0900
I, [2023-01-25T12:08:43.711882 #21981]  INFO -- : [c9d46b97-c7ec-46ab-bd3c-1532f1ddaea3] Started GET "/w.json?query=arksdayo&format_type=kento" for 35.77.95.151 at 2023-01-25 12:08:43 +0900
I, [2023-01-25T12:09:43.006582 #21981]  INFO -- : [2c2ad74d-771c-41cb-afcc-8b6e470fdd79] Started GET "/w.json?query=Ponta235&format_type=kento" for 35.78.219.127 at 2023-01-25 12:09:43 +0900
I, [2023-01-25T12:14:41.742947 #21983]  INFO -- : [acf7cee0-0739-4f07-8112-d7348babf71b] Started GET "/w.json?query=UtadaHikaru&format_type=kento" for 35.77.95.151 at 2023-01-25 12:14:41 +0900
I, [2023-01-25T12:20:51.935615 #21983]  INFO -- : [8ab7da43-0560-493e-ab45-47f6477a77a8] Started GET "/w.json?query=zakio383&format_type=kento" for 35.77.95.151 at 2023-01-25 12:20:51 +0900
I, [2023-01-25T12:23:12.513541 #21981]  INFO -- : [a7c1fea6-cf6d-44e5-b1fb-bd7de4c28659] Started GET "/w.json?query=marudednf&format_type=kento" for 35.77.95.151 at 2023-01-25 12:23:12 +0900
I, [2023-01-25T12:23:12.538150 #21981]  INFO -- : [b514e19a-4831-4f49-84c6-c2cceb51c565] Started GET "/w.json?query=marudednb&format_type=kento" for 35.78.219.127 at 2023-01-25 12:23:12 +0900
I, [2023-01-25T12:23:13.699782 #21983]  INFO -- : [f3316f8a-9611-4793-83d8-8bbe41af9cd5] Started GET "/w.json?query=marudedne&format_type=kento" for 35.78.113.154 at 2023-01-25 12:23:13 +0900
I, [2023-01-25T12:23:13.729352 #21981]  INFO -- : [eca8fe29-c030-42ec-a72a-f3111c6e1276] Started GET "/w.json?query=marudedna&format_type=kento" for 52.199.186.147 at 2023-01-25 12:23:13 +0900
I, [2023-01-25T12:23:13.752354 #21983]  INFO -- : [1b943381-0e2d-4492-887b-d810da676c3f] Started GET "/w.json?query=marudednd&format_type=kento" for 52.197.95.227 at 2023-01-25 12:23:13 +0900
I, [2023-01-25T12:23:13.835331 #21983]  INFO -- : [71df04f8-71cb-4542-9ee6-3739d493c173] Started GET "/w.json?query=marudednm&format_type=kento" for 18.181.246.148 at 2023-01-25 12:23:13 +0900
I, [2023-01-25T12:23:13.993554 #21983]  INFO -- : [d98e3127-2537-4f9b-a4cc-04c94e40e7be] Started GET "/w.json?query=marudedng&format_type=kento" for 52.194.243.151 at 2023-01-25 12:23:13 +0900
I, [2023-01-25T12:23:44.701260 #21983]  INFO -- : [d9a6a6d9-d472-4867-a41b-e4bdd8b8e1dc] Started GET "/w.json?format_type=kento&query=blueflower13" for 52.194.243.151 at 2023-01-25 12:23:44 +0900
I, [2023-01-25T12:25:12.575974 #21983]  INFO -- : [d3f31653-c347-49f8-ae48-3a2b80eef213] Started GET "/w.json?format_type=kento&query=Waru125" for 52.199.186.147 at 2023-01-25 12:25:12 +0900
I, [2023-01-25T12:29:10.949345 #21983]  INFO -- : [6d4d07e3-818b-4b99-b201-b537873fa3f1] Started GET "/w.json?format_type=kento&query=Jacomejp" for 35.78.113.154 at 2023-01-25 12:29:10 +0900
I, [2023-01-25T12:32:31.068598 #21983]  INFO -- : [c4f35dbf-f69e-4533-9b03-e3e848c1d704] Started GET "/w.json?query=KOGCHE&format_type=kento" for 35.78.113.154 at 2023-01-25 12:32:31 +0900
I, [2023-01-25T12:42:55.699290 #21983]  INFO -- : [954a6f7e-b7db-4257-8661-90066b29c906] Started GET "/w.json?query=hinopapa&format_type=kento" for 35.78.113.154 at 2023-01-25 12:42:55 +0900
I, [2023-01-25T12:46:13.386065 #21983]  INFO -- : [d11750ba-3432-4741-b56b-476c6fd87485] Started GET "/w.json?query=JustinTera&format_type=kento" for 35.78.113.154 at 2023-01-25 12:46:13 +0900
I, [2023-01-25T12:46:14.566558 #21983]  INFO -- : [a96242f7-bbba-4254-a1d5-69d089e48ab6] Started GET "/w.json?query=GreatJustinTera&format_type=kento" for 13.231.246.5 at 2023-01-25 12:46:14 +0900
I, [2023-01-25T12:46:14.661098 #21983]  INFO -- : [1c641c8f-2e8e-43b0-8395-2e4689ff5675] Started GET "/w.json?query=justin__tera&format_type=kento" for 18.183.146.184 at 2023-01-25 12:46:14 +0900
I, [2023-01-25T12:49:21.216737 #21983]  INFO -- : [b1e68bad-fc2e-4be4-a348-5d412e07bfd6] Started GET "/w.json?query=toki1946&format_type=kento" for 18.183.146.184 at 2023-01-25 12:49:21 +0900
I, [2023-01-25T12:55:50.195316 #31900]  INFO -- : [317a09e0-07ed-42ab-80ab-bbea4a06a29d] Started GET "/w.json?format_type=kento&query=js_uk" for 18.183.146.184 at 2023-01-25 12:55:50 +0900
I, [2023-01-25T12:57:46.699410 #31900]  INFO -- : [ab2930b5-a355-4ce0-b8f4-f16abd9b6ca2] Started GET "/w.json?query=anjelier&format_type=kento" for 18.183.146.184 at 2023-01-25 12:57:46 +0900
I, [2023-01-25T12:59:15.455083 #31902]  INFO -- : [0dee7c4d-446a-464b-8c26-89dadb2bdb0d] Started GET "/w.json?format_type=kento&query=smsm_7" for 18.183.146.184 at 2023-01-25 12:59:15 +0900
I, [2023-01-25T13:01:18.622671 #31902]  INFO -- : [67392fd1-cee5-4d60-af2f-ee5fa38661f6] Started GET "/w.json?query=tonshi365kai&format_type=kento" for 35.78.113.154 at 2023-01-25 13:01:18 +0900
I, [2023-01-25T13:01:22.743140 #31900]  INFO -- : [72fba8b3-2664-4d56-8c81-9e3ef2b72e53] Started GET "/w.json?query=T123456789TZ&format_type=kento" for 18.183.146.184 at 2023-01-25 13:01:22 +0900
I, [2023-01-25T13:01:32.663719 #31900]  INFO -- : [746746c0-e1ba-4d40-8774-1f55b877a8cc] Started GET "/w.json?query=PREEN&format_type=kento" for 18.183.146.184 at 2023-01-25 13:01:32 +0900
I, [2023-01-25T13:04:50.690787 #31902]  INFO -- : [e4b07102-5724-43a9-b5b4-41102bc46a7a] Started GET "/w.json?format_type=kento&query=js_uk" for 18.183.146.184 at 2023-01-25 13:04:50 +0900
I, [2023-01-25T13:06:07.257185 #31902]  INFO -- : [a39c4411-6ba8-4fae-b890-389fe9002842] Started GET "/w.json?query=marudednf&format_type=kento" for 35.78.113.154 at 2023-01-25 13:06:07 +0900
I, [2023-01-25T13:06:08.381962 #31902]  INFO -- : [d40b3fe3-df4f-46b0-9b8a-323112a5e0ce] Started GET "/w.json?query=marudedng&format_type=kento" for 35.75.2.70 at 2023-01-25 13:06:08 +0900
I, [2023-01-25T13:06:08.395533 #31900]  INFO -- : [0a15e211-4446-46a8-a0a9-c348b8151ab6] Started GET "/w.json?query=marudednm&format_type=kento" for 18.179.15.22 at 2023-01-25 13:06:08 +0900
I, [2023-01-25T13:06:08.438488 #31902]  INFO -- : [876d86f8-e678-4b21-af22-b565020e7099] Started GET "/w.json?query=marudednb&format_type=kento" for 13.114.174.109 at 2023-01-25 13:06:08 +0900
I, [2023-01-25T13:06:08.448613 #31900]  INFO -- : [9b37db35-66c5-457e-a615-a8f702083e96] Started GET "/w.json?query=marudedne&format_type=kento" for 35.78.203.52 at 2023-01-25 13:06:08 +0900
I, [2023-01-25T13:06:08.483709 #31900]  INFO -- : [84f93482-a715-4cd1-999e-f5138aeabdd3] Started GET "/w.json?query=marudedna&format_type=kento" for 35.79.18.16 at 2023-01-25 13:06:08 +0900
I, [2023-01-25T13:06:08.497240 #31902]  INFO -- : [3b9d8e96-ff4c-4ffb-911e-6ee0a30ff746] Started GET "/w.json?query=marudednd&format_type=kento" for 35.77.121.243 at 2023-01-25 13:06:08 +0900
I, [2023-01-25T13:06:08.855831 #31900]  INFO -- : [4bbc44db-8866-4850-879a-4fe1c386fed2] Started GET "/w.json?query=marudedne&format_type=kento" for 18.183.146.184 at 2023-01-25 13:06:08 +0900
I, [2023-01-25T13:06:08.862194 #31900]  INFO -- : [ebb1df4a-7a1f-4435-882a-7fee62795fb4] Started GET "/w.json?query=marudedna&format_type=kento" for 35.78.113.154 at 2023-01-25 13:06:08 +0900
I, [2023-01-25T13:06:08.874793 #31900]  INFO -- : [a39f43ef-7303-4014-ad72-a914e440effd] Started GET "/w.json?query=marudednb&format_type=kento" for 35.77.121.243 at 2023-01-25 13:06:08 +0900
I, [2023-01-25T13:06:09.850507 #31902]  INFO -- : [10710b0e-0616-4a8b-ba38-420715fdec78] Started GET "/w.json?query=marudednm&format_type=kento" for 13.113.110.249 at 2023-01-25 13:06:09 +0900
I, [2023-01-25T13:06:09.854183 #31902]  INFO -- : [87e77dde-38fe-461a-a6fb-3e5804e0b272] Started GET "/w.json?query=marudedng&format_type=kento" for 35.77.2.228 at 2023-01-25 13:06:09 +0900
I, [2023-01-25T13:11:52.134054 #31900]  INFO -- : [495dbad8-b5c3-4efb-9f3c-970363e9d5c8] Started GET "/w.json?query=kazeninaru&format_type=kento" for 13.113.110.249 at 2023-01-25 13:11:52 +0900
I, [2023-01-25T13:15:13.561837 #31900]  INFO -- : [56a2f903-6be6-424f-8fb9-01cef6ad73c0] Started GET "/w.json?query=UtadaHikaru&format_type=kento" for 35.77.2.228 at 2023-01-25 13:15:13 +0900
I, [2023-01-25T13:20:27.811293 #31900]  INFO -- : [7d253f66-b631-42fb-b441-6dd904429d9b] Started GET "/w.json?format_type=kento&query=Kiyowataru" for 35.77.2.228 at 2023-01-25 13:20:27 +0900
I, [2023-01-25T13:22:45.133771 #31902]  INFO -- : [b5e1f08e-d7bd-4613-bca6-0d4be7b58927] Started GET "/w.json?format_type=kento&query=makirinpanax" for 35.77.2.228 at 2023-01-25 13:22:45 +0900
I, [2023-01-25T13:26:20.199308 #31902]  INFO -- : [6486610a-d855-4def-bbd2-d867baac2437] Started GET "/w.json?format_type=kento&query=tdloos" for 13.113.110.249 at 2023-01-25 13:26:20 +0900
I, [2023-01-25T13:26:21.305335 #31902]  INFO -- : [c733f596-1e04-4e33-9152-6b7add69a712] Started GET "/w.json?format_type=kento&query=qrol" for 18.183.202.149 at 2023-01-25 13:26:21 +0900
