I, [2023-01-22T16:39:03.628005 #6794]  INFO -- : [f807fe92-f6eb-4241-b0c5-31ca25605e58] Started GET "/w.json?format_type=kento&query=Aphrody2" for 43.206.96.208 at 2023-01-22 16:39:03 +0900
I, [2023-01-22T16:47:26.886689 #6794]  INFO -- : [6cc44a63-1cfc-4f65-a5b6-1a5dcff709bb] Started GET "/w.json?format_type=kento&query=dragonian" for 35.76.114.75 at 2023-01-22 16:47:26 +0900
I, [2023-01-22T16:48:36.663732 #20300]  INFO -- : [71914dbf-b9d7-4cd4-ad83-7c22c55876da] Started GET "/w.json?query=kimatora&format_type=kento" for 35.76.114.75 at 2023-01-22 16:48:36 +0900
I, [2023-01-22T16:49:36.255601 #6794]  INFO -- : [af3c4ffa-be19-4431-a8a8-47b0d9f1cfed] Started GET "/w.json?format_type=kento&query=moromoroZ" for 43.206.93.137 at 2023-01-22 16:49:36 +0900
I, [2023-01-22T16:52:12.753540 #20300]  INFO -- : [8cba37ed-8783-4bb0-af03-ad0e258ed110] Started GET "/w.json?query=gausssss4&format_type=kento" for 43.206.93.137 at 2023-01-22 16:52:12 +0900
I, [2023-01-22T16:58:08.853136 #20300]  INFO -- : [0b94929f-ac86-40db-b4a4-41c7c3ed19fb] Started GET "/w.json?query=hinopapa&format_type=kento" for 43.206.93.137 at 2023-01-22 16:58:08 +0900
I, [2023-01-22T16:59:30.842267 #20300]  INFO -- : [10ce0347-dc3b-4661-9fe5-86ba2b3004ab] Started GET "/w.json?format_type=kento&query=Aphrody2" for 43.206.93.137 at 2023-01-22 16:59:30 +0900
I, [2023-01-22T17:03:56.296252 #20300]  INFO -- : [4b66b009-2374-4acc-8f2a-56945edf22ea] Started GET "/w.json?format_type=kento&query=o_jill" for 43.206.93.137 at 2023-01-22 17:03:56 +0900
I, [2023-01-22T17:04:07.493814 #20300]  INFO -- : [b822f59b-2e61-46e5-bb13-11d4dc627653] Started GET "/w.json?query=SASUKEKO&format_type=kento" for 43.206.93.137 at 2023-01-22 17:04:07 +0900
I, [2023-01-22T17:04:07.641248 #20300]  INFO -- : [b0b9569f-8d3d-48e5-853b-c40fc4aa582a] Started GET "/w.json?query=UtadaHikaru&format_type=kento" for 43.207.4.129 at 2023-01-22 17:04:07 +0900
I, [2023-01-22T17:07:22.610930 #6794]  INFO -- : [74a08090-6ac4-44cb-a506-965c7ff855e6] Started GET "/w.json?format_type=kento&query=Aphrody2" for 43.207.4.129 at 2023-01-22 17:07:22 +0900
I, [2023-01-22T17:10:33.005020 #6794]  INFO -- : [2b26c69d-dea2-4917-a18b-5b435cd32f03] Started GET "/w.json?format_type=kento&query=js_uk" for 43.207.4.129 at 2023-01-22 17:10:33 +0900
I, [2023-01-22T17:11:13.020093 #6794]  INFO -- : [c96c41be-b348-41f2-8c75-13b9f9c1d1fc] Started GET "/w.json?query=gausssss4&format_type=kento" for 43.207.4.129 at 2023-01-22 17:11:13 +0900
I, [2023-01-22T17:18:30.689586 #20300]  INFO -- : [d30dddd3-9c51-43d6-ac4c-216ce443e0d7] Started GET "/w.json?format_type=kento&query=uniyuni5" for 43.207.4.129 at 2023-01-22 17:18:30 +0900
I, [2023-01-22T17:22:13.363305 #20300]  INFO -- : [e07a0e3d-2451-463f-af11-b59f871244f2] Started GET "/w.json?query=PREEN&format_type=kento" for 43.207.4.129 at 2023-01-22 17:22:13 +0900
I, [2023-01-22T17:22:58.018009 #6794]  INFO -- : [afbf3bfa-8858-452f-8244-70031a012b47] Started GET "/w.json?query=lionslove_7&format_type=kento" for 43.207.4.129 at 2023-01-22 17:22:58 +0900
I, [2023-01-22T17:23:33.825455 #20300]  INFO -- : [0ad7039f-225c-4109-aee5-9e5eaa6ac688] Started GET "/w.json?format_type=kento&query=uniyuni5" for 43.207.4.129 at 2023-01-22 17:23:33 +0900
I, [2023-01-22T17:23:54.835967 #20300]  INFO -- : [d10f9270-26a9-4a93-923a-6ab0e565916c] Started GET "/w.json?format_type=kento&query=light33" for 43.207.4.129 at 2023-01-22 17:23:54 +0900
I, [2023-01-22T17:30:07.214949 #6794]  INFO -- : [ca5fe464-1049-446a-a97e-9e017cc2f309] Started GET "/w.json?query=dama31111&format_type=kento" for 43.207.4.129 at 2023-01-22 17:30:07 +0900
I, [2023-01-22T17:30:07.230820 #20300]  INFO -- : [a4fdb080-7d94-46a2-89a2-a258d4033409] Started GET "/w.json?format_type=kento&query=HaraMasa1111" for 43.206.93.137 at 2023-01-22 17:30:07 +0900
I, [2023-01-22T17:31:46.415133 #20300]  INFO -- : [ebfdbfdc-2010-4600-8004-3c5f4ea888d0] Started GET "/w.json?query=A_tachibana&format_type=kento" for 43.207.4.129 at 2023-01-22 17:31:46 +0900
I, [2023-01-22T17:33:16.215602 #20300]  INFO -- : [646753e8-b85c-49f0-8855-97ff5fb61341] Started GET "/w.json?query=gtjmt444&format_type=kento" for 43.207.4.129 at 2023-01-22 17:33:16 +0900
I, [2023-01-22T17:34:31.233663 #20300]  INFO -- : [9276bd4d-a765-44d7-a314-f8354db1bb8d] Started GET "/w.json?query=dama31111&format_type=kento" for 43.207.4.129 at 2023-01-22 17:34:31 +0900
I, [2023-01-22T17:34:31.233656 #6794]  INFO -- : [2fbae72b-cf94-45cf-84d4-92c446f4ffeb] Started GET "/w.json?format_type=kento&query=HaraMasa1111" for 43.206.93.137 at 2023-01-22 17:34:31 +0900
I, [2023-01-22T17:34:35.765846 #6794]  INFO -- : [8d58f0a7-f81d-4485-9f10-9fe7bf595053] Started GET "/w.json?query=22029002&format_type=kento" for 43.206.93.137 at 2023-01-22 17:34:35 +0900
I, [2023-01-22T17:38:21.483733 #6794]  INFO -- : [6404cf7f-42f3-4634-a27f-8dd3f713f38d] Started GET "/w.json?format_type=kento&query=uvwXYzg" for 43.207.4.129 at 2023-01-22 17:38:21 +0900
I, [2023-01-22T17:44:52.937183 #20300]  INFO -- : [a2f86c52-4603-4aa4-9d59-a897f085e7f1] Started GET "/w.json?query=MEGUT&format_type=kento" for 35.72.161.82 at 2023-01-22 17:44:52 +0900
I, [2023-01-22T17:49:52.619062 #20300]  INFO -- : [cd48c94a-5a9f-487f-8dfc-440f1e04b829] Started GET "/w.json?query=Ket0N&format_type=kento" for 43.206.93.137 at 2023-01-22 17:49:52 +0900
I, [2023-01-22T17:54:05.445893 #20300]  INFO -- : [655eb187-6047-4a48-985b-d2e80106fed7] Started GET "/w.json?format_type=kento&query=light33" for 43.206.93.137 at 2023-01-22 17:54:05 +0900
I, [2023-01-22T17:54:11.018305 #6794]  INFO -- : [6fbf240c-21ef-4ef7-9ac4-8fe718d403e9] Started GET "/w.json?format_type=kento&query=Gyokutounokurai" for 43.206.93.137 at 2023-01-22 17:54:11 +0900
I, [2023-01-22T17:54:11.050205 #20300]  INFO -- : [6661fd7f-d5a6-4cf3-8047-a67a0582e85d] Started GET "/w.json?query=dash_gey&format_type=kento" for 43.207.4.129 at 2023-01-22 17:54:11 +0900
I, [2023-01-22T17:54:11.073883 #20300]  INFO -- : [5ed6b347-2e97-4288-b8af-3a8c39759606] Started GET "/w.json?query=roy8&format_type=kento" for 35.72.161.82 at 2023-01-22 17:54:11 +0900
I, [2023-01-22T17:54:19.907893 #6794]  INFO -- : [89781ce8-7279-489b-81c2-926805f072d5] Started GET "/w.json?query=fujintv&format_type=kento" for 54.168.153.246 at 2023-01-22 17:54:19 +0900
I, [2023-01-22T17:56:18.549972 #20300]  INFO -- : [22947d0b-6c69-4775-b137-fb47b07c14bc] Started GET "/w.json?format_type=kento&query=5155Fe" for 43.206.93.137 at 2023-01-22 17:56:18 +0900
I, [2023-01-22T18:02:36.848444 #6794]  INFO -- : [247adf43-7d78-4e35-98e0-1f71fa0eebb0] Started GET "/w.json?query=Lesser_panda20&format_type=kento" for 43.206.93.137 at 2023-01-22 18:02:36 +0900
I, [2023-01-22T18:02:36.873038 #6794]  INFO -- : [319e59f8-58cb-4c4c-8309-6fb6cd432dbc] Started GET "/w.json?query=katsudon_kuitai&format_type=kento" for 35.72.161.82 at 2023-01-22 18:02:36 +0900
I, [2023-01-22T18:02:38.038919 #6794]  INFO -- : [0f95a5c4-612d-4378-821f-be38a3d7a05a] Started GET "/w.json?query=Tiffblue&format_type=kento" for 52.193.242.23 at 2023-01-22 18:02:38 +0900
I, [2023-01-22T18:03:32.512827 #20300]  INFO -- : [3465892c-efcb-41eb-afc4-e74deaca045d] Started GET "/w.json?query=dustmode1234&format_type=kento" for 43.206.93.137 at 2023-01-22 18:03:32 +0900
I, [2023-01-22T18:05:23.952341 #20300]  INFO -- : [02d70b77-fcf8-4ab5-81a6-3604ed0a73ae] Started GET "/w.json?query=MEGUT&format_type=kento" for 52.193.242.23 at 2023-01-22 18:05:23 +0900
I, [2023-01-22T18:05:33.677792 #6794]  INFO -- : [178e0590-fea6-4bf8-bd4d-c55498300388] Started GET "/w.json?query=dustmode1234&format_type=kento" for 43.206.93.137 at 2023-01-22 18:05:33 +0900
I, [2023-01-22T18:08:03.203778 #6794]  INFO -- : [f4844059-86e8-44de-ac01-c4d997d916b0] Started GET "/w.json?format_type=kento&query=light33" for 35.72.161.82 at 2023-01-22 18:08:03 +0900
I, [2023-01-22T18:13:31.599043 #6794]  INFO -- : [27606e3d-e93c-476d-88d7-f32dd440e784] Started GET "/w.json?query=dndn0&format_type=kento" for 52.193.242.23 at 2023-01-22 18:13:31 +0900
I, [2023-01-22T18:14:01.790309 #20300]  INFO -- : [eb9eb1c6-5a36-45f6-8a09-e6106d1e7f91] Started GET "/w.json?query=miha176&format_type=kento" for 35.72.161.82 at 2023-01-22 18:14:01 +0900
I, [2023-01-22T18:14:27.792186 #20300]  INFO -- : [694dfab5-14db-4310-aed9-70fe8176cd14] Started GET "/w.json?query=ROXAS&format_type=kento" for 35.72.161.82 at 2023-01-22 18:14:27 +0900
I, [2023-01-22T18:15:11.233562 #20300]  INFO -- : [f0890d09-d7f6-49f9-881b-99ff4b5a01d0] Started GET "/w.json?query=fujintv&format_type=kento" for 35.72.161.82 at 2023-01-22 18:15:11 +0900
I, [2023-01-22T18:16:54.361200 #20300]  INFO -- : [63d9f606-3632-465a-ac5e-dc0a7205a0fb] Started GET "/w.json?query=gtjmt444&format_type=kento" for 35.72.161.82 at 2023-01-22 18:16:54 +0900
I, [2023-01-22T18:19:54.200616 #20300]  INFO -- : [7ff1ba8c-726a-45ff-8fef-d6026cbf6a1f] Started GET "/w.json?query=sentos3891&format_type=kento" for 35.72.161.82 at 2023-01-22 18:19:54 +0900
I, [2023-01-22T18:20:16.301705 #6794]  INFO -- : [bc6c6874-e4ae-4945-b4a7-f7c4833c6eba] Started GET "/w.json?format_type=kento&query=shote58hi" for 35.72.161.82 at 2023-01-22 18:20:16 +0900
I, [2023-01-22T18:21:41.890153 #6794]  INFO -- : [681f9bfe-d242-4566-9160-d3425b8f2076] Started GET "/w.json?query=SASUKEKO&format_type=kento" for 35.72.161.82 at 2023-01-22 18:21:41 +0900
I, [2023-01-22T18:21:41.923194 #6794]  INFO -- : [6a3e8d7f-f4da-47f9-a3e5-ce2dc47a012d] Started GET "/w.json?query=UtadaHikaru&format_type=kento" for 52.193.242.23 at 2023-01-22 18:21:41 +0900
I, [2023-01-22T18:23:05.198090 #6794]  INFO -- : [24a35415-c7b3-4a7d-989f-9a67d09fefd3] Started GET "/w.json?query=Totoronkou&format_type=kento" for 52.193.242.23 at 2023-01-22 18:23:05 +0900
I, [2023-01-22T18:23:30.392263 #6794]  INFO -- : [ede5b230-9c2c-4b3c-8faa-ab91e73d7351] Started GET "/w.json?format_type=kento&query=light33" for 18.181.230.181 at 2023-01-22 18:23:30 +0900
I, [2023-01-22T18:25:20.029614 #6794]  INFO -- : [ad54b1e4-3709-41ae-a7c7-a41dc92c32c9] Started GET "/w.json?query=SASUKEKO&format_type=kento" for 18.181.230.181 at 2023-01-22 18:25:20 +0900
I, [2023-01-22T18:25:20.058820 #6794]  INFO -- : [a356bd32-0444-4bc2-bf3b-77f676350ead] Started GET "/w.json?query=UtadaHikaru&format_type=kento" for 35.72.161.82 at 2023-01-22 18:25:20 +0900
I, [2023-01-22T18:26:56.694385 #6794]  INFO -- : [c15c78f6-e21d-4bf3-9562-9066ba6c7088] Started GET "/w.json?query=artist_&format_type=kento" for 18.181.230.181 at 2023-01-22 18:26:56 +0900
I, [2023-01-22T18:28:34.858701 #6794]  INFO -- : [9e0c109b-63d8-4363-88c3-72c4c54e5c0d] Started GET "/w.json?query=UtadaHikaru&format_type=kento" for 35.72.161.82 at 2023-01-22 18:28:34 +0900
I, [2023-01-22T18:28:34.876260 #6794]  INFO -- : [0cca9bc8-75ee-4bb7-b0bb-938e4c2c2883] Started GET "/w.json?query=SASUKEKO&format_type=kento" for 18.181.230.181 at 2023-01-22 18:28:34 +0900
I, [2023-01-22T18:30:00.964282 #20300]  INFO -- : [b600c135-9a94-440c-8a6a-79e03c42c9eb] Started GET "/w.json?format_type=kento&query=tedy1" for 18.181.230.181 at 2023-01-22 18:30:00 +0900
I, [2023-01-22T18:31:00.171988 #6794]  INFO -- : [41486b81-898b-4a7d-b831-fd25a7aecdcf] Started GET "/w.json?query=kocity&format_type=kento" for 18.181.230.181 at 2023-01-22 18:31:00 +0900
I, [2023-01-22T18:33:53.682865 #6794]  INFO -- : [49333a02-69f2-414f-a14a-b838d26c7109] Started GET "/w.json?query=kocity&format_type=kento" for 18.181.230.181 at 2023-01-22 18:33:53 +0900
I, [2023-01-22T18:34:33.175746 #20300]  INFO -- : [76657e7a-0d8f-4a4e-b52a-853eb12e2f07] Started GET "/w.json?query=UtadaHikaru&format_type=kento" for 18.181.230.181 at 2023-01-22 18:34:33 +0900
I, [2023-01-22T18:40:25.579971 #20300]  INFO -- : [01b8864a-06dd-4d61-b55a-561e3a9b66d0] Started GET "/w.json?format_type=kento&query=doyancha" for 35.72.161.82 at 2023-01-22 18:40:25 +0900
I, [2023-01-22T18:43:49.130843 #20300]  INFO -- : [cb767234-8ad6-41b2-a178-2c3e71fa453f] Started GET "/w.json?format_type=kento&query=Massanori" for 35.72.161.82 at 2023-01-22 18:43:49 +0900
I, [2023-01-22T18:45:08.929564 #20300]  INFO -- : [932a42a3-9c66-4d74-b53e-9ce6a5341615] Started GET "/w.json?format_type=kento&query=Massanori" for 35.72.161.82 at 2023-01-22 18:45:08 +0900
I, [2023-01-22T18:45:23.176873 #20300]  INFO -- : [176b652a-9fbe-440a-9880-712b82c10204] Started GET "/w.json?query=yuzusato2014&format_type=kento" for 43.207.44.79 at 2023-01-22 18:45:23 +0900
I, [2023-01-22T18:45:23.285553 #20300]  INFO -- : [8ee6c670-7e4c-4951-8991-9b50aad4bfdb] Started GET "/w.json?query=yuzutarosan&format_type=kento" for 18.183.78.207 at 2023-01-22 18:45:23 +0900
I, [2023-01-22T18:45:23.332042 #20300]  INFO -- : [5733ed70-8ae0-4fca-90ac-63756e09d19e] Started GET "/w.json?query=2022June5&format_type=kento" for 175.41.215.44 at 2023-01-22 18:45:23 +0900
I, [2023-01-22T18:45:32.540884 #20300]  INFO -- : [dae6ed50-7949-4d90-9609-234c5ee66e57] Started GET "/w.json?query=MEGUT&format_type=kento" for 54.249.36.138 at 2023-01-22 18:45:32 +0900
I, [2023-01-22T18:46:52.419391 #6794]  INFO -- : [f9cfd67d-3ddf-4c7b-8ace-388dcbb7b30c] Started GET "/w.json?query=Anzanshi&format_type=kento" for 54.249.36.138 at 2023-01-22 18:46:52 +0900
I, [2023-01-22T18:48:19.853312 #6794]  INFO -- : [dc96864b-d259-4dbf-af18-65e56a847c88] Started GET "/w.json?format_type=kento&query=zgok36" for 43.207.44.79 at 2023-01-22 18:48:19 +0900
I, [2023-01-22T18:54:40.076024 #6794]  INFO -- : [7035d20c-af1e-4274-96cf-8e0de3633b28] Started GET "/w.json?query=dustmode1234&format_type=kento" for 175.41.215.44 at 2023-01-22 18:54:40 +0900
I, [2023-01-22T18:56:33.036933 #20300]  INFO -- : [5d38ff33-7846-4835-8179-d2276a898b6b] Started GET "/w.json?query=giosblue&format_type=kento" for 35.72.161.82 at 2023-01-22 18:56:33 +0900
I, [2023-01-22T18:56:33.213211 #6794]  INFO -- : [ce0b4197-4684-4b0b-b8eb-d689ecfec03a] Started GET "/w.json?query=sub250runner&format_type=kento" for 43.207.44.79 at 2023-01-22 18:56:33 +0900
I, [2023-01-22T18:57:30.859074 #20300]  INFO -- : [05fbe1f1-2cbc-4bd1-a0a2-a0106e51ef3a] Started GET "/w.json?format_type=kento&query=doyancha" for 43.207.44.79 at 2023-01-22 18:57:30 +0900
I, [2023-01-22T18:59:17.720852 #6794]  INFO -- : [c180ae3e-8507-4323-9aff-bdd0567d51db] Started GET "/w.json?query=UtadaHikaru&format_type=kento" for 35.72.161.82 at 2023-01-22 18:59:17 +0900
I, [2023-01-22T18:59:17.739610 #20300]  INFO -- : [b30cfe97-59a4-4b8f-b0ed-c72c2a803bef] Started GET "/w.json?query=SASUKEKO&format_type=kento" for 43.207.44.79 at 2023-01-22 18:59:17 +0900
I, [2023-01-22T18:59:36.754547 #6794]  INFO -- : [f5ae6290-5c9d-4dfa-9ed2-3c1b0446b19a] Started GET "/w.json?query=musasabi2&format_type=kento" for 35.72.161.82 at 2023-01-22 18:59:36 +0900
I, [2023-01-22T18:59:47.548766 #6794]  INFO -- : [29c78eb6-a95a-490a-b03e-bc4ef38ef2d4] Started GET "/w.json?format_type=kento&query=Massanori" for 43.207.44.79 at 2023-01-22 18:59:47 +0900
I, [2023-01-22T19:02:03.854731 #6794]  INFO -- : [36e039a3-502d-406b-a795-679bc07002a4] Started GET "/w.json?query=MEGUT&format_type=kento" for 35.72.161.82 at 2023-01-22 19:02:03 +0900
I, [2023-01-22T19:02:56.229853 #20300]  INFO -- : [0d6481a8-97f7-4287-a1fc-57644f0579d1] Started GET "/w.json?query=19349&format_type=kento" for 35.72.161.82 at 2023-01-22 19:02:56 +0900
I, [2023-01-22T19:02:56.274391 #6794]  INFO -- : [23c354bf-3952-46bc-93ce-a3a8de7c032f] Started GET "/w.json?query=syamasyama1&format_type=kento" for 175.41.215.44 at 2023-01-22 19:02:56 +0900
I, [2023-01-22T19:03:20.795254 #6794]  INFO -- : [ca450314-3c57-4e2a-991f-e7e03c670eae] Started GET "/w.json?format_type=kento&query=Aphrody2" for 35.72.161.82 at 2023-01-22 19:03:20 +0900
I, [2023-01-22T19:06:26.883359 #6794]  INFO -- : [d5822f64-b95d-4043-9df7-b50fe0246fc4] Started GET "/w.json?query=UtadaHikaru&format_type=kento" for 175.41.215.44 at 2023-01-22 19:06:26 +0900
I, [2023-01-22T19:06:26.885787 #6794]  INFO -- : [38530a28-2ec6-4503-9e87-6e6e88362e15] Started GET "/w.json?query=SASUKEKO&format_type=kento" for 35.72.161.82 at 2023-01-22 19:06:26 +0900
I, [2023-01-22T19:09:22.767767 #6794]  INFO -- : [5caad661-1f34-4582-9d67-8c8523dffe97] Started GET "/w.json?query=UtadaHikaru&format_type=kento" for 175.41.215.44 at 2023-01-22 19:09:22 +0900
I, [2023-01-22T19:09:22.782630 #20300]  INFO -- : [5867718b-0f7f-4a32-bffb-9bf7bb03501e] Started GET "/w.json?query=SASUKEKO&format_type=kento" for 35.72.161.82 at 2023-01-22 19:09:22 +0900
I, [2023-01-22T19:10:01.689375 #20300]  INFO -- : [3b8605cf-ea8f-4303-8836-c335031800c8] Started GET "/w.json?query=MEGUT&format_type=kento" for 175.41.215.44 at 2023-01-22 19:10:01 +0900
I, [2023-01-22T19:12:24.822688 #20300]  INFO -- : [84bcbc18-e3fc-4568-a4e6-f297191db795] Started GET "/w.json?query=kitesurf&format_type=kento" for 35.72.161.82 at 2023-01-22 19:12:24 +0900
I, [2023-01-22T19:13:47.422002 #6794]  INFO -- : [3f5a10b6-dedf-4be7-b2c4-016311b2837b] Started GET "/w.json?query=giosblue&format_type=kento" for 175.41.215.44 at 2023-01-22 19:13:47 +0900
I, [2023-01-22T19:13:47.434743 #20300]  INFO -- : [2c4f8e56-d368-48ff-b7b3-73f7996d3ff0] Started GET "/w.json?query=sub250runner&format_type=kento" for 35.72.161.82 at 2023-01-22 19:13:47 +0900
I, [2023-01-22T19:15:24.891380 #6794]  INFO -- : [3bb6fb7a-207f-4afc-9869-30ebb0411cc4] Started GET "/w.json?format_type=kento&query=Massanori" for 35.72.161.82 at 2023-01-22 19:15:24 +0900
I, [2023-01-22T19:15:27.891610 #6794]  INFO -- : [701c4ff7-e024-4e24-9204-8ec0e462c2a9] Started GET "/w.json?query=Yoshi_TYM&format_type=kento" for 35.72.161.82 at 2023-01-22 19:15:27 +0900
I, [2023-01-22T19:17:13.635498 #6794]  INFO -- : [e502a572-3da3-4913-bc6e-8d4da81ea381] Started GET "/w.json?query=UtadaHikaru&format_type=kento" for 35.72.161.82 at 2023-01-22 19:17:13 +0900
I, [2023-01-22T19:17:13.683395 #20300]  INFO -- : [8dbd7437-c677-4116-b67b-73e2ce0da686] Started GET "/w.json?query=SASUKEKO&format_type=kento" for 175.41.215.44 at 2023-01-22 19:17:13 +0900
I, [2023-01-22T19:22:09.633079 #6794]  INFO -- : [718a38db-d984-48c7-80cf-c248beb3d6ec] Started GET "/w.json?format_type=kento&query=Aphrody2" for 35.72.161.82 at 2023-01-22 19:22:09 +0900
I, [2023-01-22T19:24:10.837844 #6794]  INFO -- : [ee11312d-be64-45e0-8abf-bfd8968fc04f] Started GET "/w.json?query=SASUKEKO&format_type=kento" for 35.72.161.82 at 2023-01-22 19:24:10 +0900
I, [2023-01-22T19:24:10.865051 #20300]  INFO -- : [a3538415-1b3f-48fa-8f3e-d957a08ba8fa] Started GET "/w.json?query=UtadaHikaru&format_type=kento" for 175.41.215.44 at 2023-01-22 19:24:10 +0900
I, [2023-01-22T19:30:26.219273 #20300]  INFO -- : [1f573834-0a61-40f6-86e8-0561e42b6d6f] Started GET "/w.json?query=sub250runner&format_type=kento" for 35.72.161.82 at 2023-01-22 19:30:26 +0900
I, [2023-01-22T19:30:26.226103 #20300]  INFO -- : [1cbbcd38-82f0-436b-91ea-d0240ded8a2c] Started GET "/w.json?query=giosblue&format_type=kento" for 175.41.215.44 at 2023-01-22 19:30:26 +0900
I, [2023-01-22T19:33:53.409875 #20300]  INFO -- : [1cc97f6c-f7f5-403b-8809-a78f8c4bee1c] Started GET "/w.json?query=kitesurf&format_type=kento" for 35.72.161.82 at 2023-01-22 19:33:53 +0900
I, [2023-01-22T19:35:00.969209 #20300]  INFO -- : [ff72f1cc-f209-4724-b10b-2e3a5c68ddf3] Started GET "/w.json?query=ignisfatuus&format_type=kento" for 18.183.213.137 at 2023-01-22 19:35:00 +0900
I, [2023-01-22T19:35:48.954116 #6794]  INFO -- : [573f90e2-1dff-41f9-aa19-40eaa6fb7893] Started GET "/w.json?query=nuts2&format_type=kento" for 175.41.215.44 at 2023-01-22 19:35:48 +0900
I, [2023-01-22T19:37:06.607396 #6794]  INFO -- : [1a24d456-c4ac-42e8-acd7-3460c9513efd] Started GET "/w.json?format_type=kento&query=Aphrody2" for 18.183.213.137 at 2023-01-22 19:37:06 +0900
I, [2023-01-22T19:37:14.444779 #6794]  INFO -- : [f72fa459-a8ed-4dc2-90b2-3326fbfc5c3e] Started GET "/w.json?query=BOUYATETSU5&format_type=kento" for 18.183.213.137 at 2023-01-22 19:37:14 +0900
I, [2023-01-22T19:37:14.448293 #20300]  INFO -- : [99653409-72c9-4c6c-8b6a-20c149857a5b] Started GET "/w.json?query=TOBE_CHAN&format_type=kento" for 175.41.215.44 at 2023-01-22 19:37:14 +0900
I, [2023-01-22T19:37:14.485724 #20300]  INFO -- : [e8dff1ad-8d61-41a8-8070-e6036536d9df] Started GET "/w.json?query=hakuyoutu&format_type=kento" for 35.72.161.82 at 2023-01-22 19:37:14 +0900
I, [2023-01-22T19:37:15.515663 #6794]  INFO -- : [cf19a978-e14a-4255-a99f-4910dd9d3fb1] Started GET "/w.json?query=MurachanLions&format_type=kento" for 35.78.118.5 at 2023-01-22 19:37:15 +0900
I, [2023-01-22T19:41:34.234275 #20300]  INFO -- : [c962f2be-4d84-4c16-8fd1-aaf7b49d9505] Started GET "/w.json?format_type=kento&query=Massanori" for 18.183.213.137 at 2023-01-22 19:41:34 +0900
I, [2023-01-22T19:46:06.189178 #20300]  INFO -- : [46a2a42b-1362-4aa5-9ec7-b43191508832] Started GET "/w.json?query=Anzanshi&format_type=kento" for 35.72.161.82 at 2023-01-22 19:46:06 +0900
I, [2023-01-22T19:50:13.140708 #6794]  INFO -- : [560e60cb-b683-40bd-9207-1dc10ad9ee90] Started GET "/w.json?format_type=kento&query=Aphrody2" for 35.78.118.5 at 2023-01-22 19:50:13 +0900
I, [2023-01-22T19:54:12.790333 #20300]  INFO -- : [1b46050b-8c24-4e35-b1b6-9a94a59eea77] Started GET "/w.json?query=fukurouzzz&format_type=kento" for 35.78.118.5 at 2023-01-22 19:54:12 +0900
I, [2023-01-22T19:58:37.302894 #20300]  INFO -- : [7302d6c2-bf20-4de2-bae8-d17daedcefff] Started GET "/w.json?query=hakuyoutu&format_type=kento" for 35.78.118.5 at 2023-01-22 19:58:37 +0900
I, [2023-01-22T19:58:37.304777 #6794]  INFO -- : [354214f0-8373-4570-905f-dd0fe0994350] Started GET "/w.json?query=BOUYATETSU5&format_type=kento" for 35.72.161.82 at 2023-01-22 19:58:37 +0900
I, [2023-01-22T19:58:38.302416 #20300]  INFO -- : [53f41e1f-6cfe-4b4a-ab77-c3e96e201d1f] Started GET "/w.json?query=MurachanLions&format_type=kento" for 13.113.33.92 at 2023-01-22 19:58:38 +0900
I, [2023-01-22T19:58:38.324723 #20300]  INFO -- : [034037ee-b5cc-4f80-acdf-eb1f7b1150ba] Started GET "/w.json?query=TOBE_CHAN&format_type=kento" for 35.77.212.72 at 2023-01-22 19:58:38 +0900
I, [2023-01-22T19:59:22.484482 #20300]  INFO -- : [0d8a6ff7-2370-4940-9504-b2ff5f9ae6a7] Started GET "/w.json?format_type=kento&query=Aphrody2" for 13.113.33.92 at 2023-01-22 19:59:22 +0900
I, [2023-01-22T19:59:24.258219 #6794]  INFO -- : [4e52f91e-603e-4585-b34e-ac87eb806f9f] Started GET "/w.json?query=casanova&format_type=kento" for 35.77.212.72 at 2023-01-22 19:59:24 +0900
I, [2023-01-22T20:01:16.388756 #20300]  INFO -- : [5dd440e6-d34c-4b31-b23b-845c295420cf] Started GET "/w.json?query=negitorozuki&format_type=kento" for 35.72.161.82 at 2023-01-22 20:01:16 +0900
I, [2023-01-22T20:04:58.620302 #20300]  INFO -- : [5560aac1-3705-4a00-b4b2-06029f11904a] Started GET "/w.json?query=marudednf&format_type=kento" for 35.78.118.5 at 2023-01-22 20:04:58 +0900
I, [2023-01-22T20:04:58.672047 #6794]  INFO -- : [d6f23420-7a5a-4576-a092-701e53fb999d] Started GET "/w.json?query=marudedng&format_type=kento" for 35.74.1.181 at 2023-01-22 20:04:58 +0900
I, [2023-01-22T20:04:59.607932 #6794]  INFO -- : [6ba8ee33-41a4-4d50-9a96-a54c1c581b68] Started GET "/w.json?query=marudednd&format_type=kento" for 52.194.183.226 at 2023-01-22 20:04:59 +0900
I, [2023-01-22T20:04:59.628396 #20300]  INFO -- : [eb9f9a63-4959-4f29-809f-5140d37a3fd7] Started GET "/w.json?query=marudedna&format_type=kento" for 13.230.113.108 at 2023-01-22 20:04:59 +0900
I, [2023-01-22T20:04:59.647694 #20300]  INFO -- : [b936953f-7409-4a71-9a94-36afc36fa664] Started GET "/w.json?query=marudednb&format_type=kento" for 35.77.93.170 at 2023-01-22 20:04:59 +0900
I, [2023-01-22T20:04:59.708270 #6794]  INFO -- : [7646af61-a728-4e4f-8c77-9ac0ecc922ed] Started GET "/w.json?query=marudedne&format_type=kento" for 3.112.228.255 at 2023-01-22 20:04:59 +0900
I, [2023-01-22T20:04:59.719167 #20300]  INFO -- : [6943460a-6e71-4896-9ddb-5a68e0d7850d] Started GET "/w.json?query=marudednm&format_type=kento" for 13.231.188.26 at 2023-01-22 20:04:59 +0900
I, [2023-01-22T20:12:45.035524 #6794]  INFO -- : [8c250973-4f70-43d8-9a26-5452b4c5b0ec] Started GET "/w.json?query=Totoronkou&format_type=kento" for 13.113.33.92 at 2023-01-22 20:12:45 +0900
I, [2023-01-22T20:17:13.808384 #6794]  INFO -- : [c53a0e27-13c6-42d1-b05c-5751b9bd591b] Started GET "/w.json?query=Anzanshi&format_type=kento" for 13.231.188.26 at 2023-01-22 20:17:13 +0900
I, [2023-01-22T20:22:13.122505 #6794]  INFO -- : [22424fb5-5733-477f-802d-f33fb344fa24] Started GET "/w.json?format_type=kento&query=Aphrody2" for 35.74.1.181 at 2023-01-22 20:22:13 +0900
I, [2023-01-22T20:31:36.804387 #6794]  INFO -- : [d729d438-c3a6-410a-9e1c-55fdb490449b] Started GET "/w.json?query=PREEN&format_type=kento" for 18.181.176.239 at 2023-01-22 20:31:36 +0900
I, [2023-01-22T20:31:47.511833 #6794]  INFO -- : [6063d6aa-14b2-4b68-9aae-f153454bd912] Started GET "/w.json?format_type=kento&query=dcsyhi2" for 3.112.84.37 at 2023-01-22 20:31:47 +0900
I, [2023-01-22T20:39:25.148176 #6794]  INFO -- : [bebaacaa-467c-4395-8b0f-d2df10262af1] Started GET "/w.json?format_type=kento&query=Aphrody2" for 18.181.176.239 at 2023-01-22 20:39:25 +0900
I, [2023-01-22T20:41:12.270174 #20300]  INFO -- : [64203d9b-d3f2-492b-8323-5a84f89dc539] Started GET "/w.json?query=bakusansan&format_type=kento" for 3.115.105.161 at 2023-01-22 20:41:12 +0900
I, [2023-01-22T20:42:50.705087 #20300]  INFO -- : [58800fca-486f-4a65-bf36-da96fa9821c4] Started GET "/w.json?format_type=kento&query=shinshin14343" for 3.115.105.161 at 2023-01-22 20:42:50 +0900
I, [2023-01-22T20:51:22.657211 #20300]  INFO -- : [d8c0ab98-d6fb-48c1-85f7-f7e992b8a589] Started GET "/w.json?query=MEGUT&format_type=kento" for 3.115.105.161 at 2023-01-22 20:51:22 +0900
I, [2023-01-22T20:57:35.951559 #6794]  INFO -- : [9f3ed9ad-f299-47e3-9ef8-337be244a16a] Started GET "/w.json?query=casanova&format_type=kento" for 3.112.84.37 at 2023-01-22 20:57:35 +0900
I, [2023-01-22T20:58:27.434514 #20300]  INFO -- : [8c082d13-deee-48ea-a6a4-5b7919236c64] Started GET "/w.json?format_type=kento&query=dcsyhi2" for 3.112.84.37 at 2023-01-22 20:58:27 +0900
I, [2023-01-22T20:58:52.844569 #20300]  INFO -- : [ace6973d-9c84-4289-83a5-29a15452fbde] Started GET "/w.json?query=PREEN&format_type=kento" for 3.112.84.37 at 2023-01-22 20:58:52 +0900
I, [2023-01-22T20:59:54.824247 #20300]  INFO -- : [eaf88208-272e-4751-adea-dca675d5b71a] Started GET "/w.json?query=negitorozuki&format_type=kento" for 52.194.220.169 at 2023-01-22 20:59:54 +0900
I, [2023-01-22T21:01:31.589813 #20300]  INFO -- : [501391c5-baf9-4cb9-b6c0-41e86e61fb36] Started GET "/w.json?format_type=kento&query=Aphrody2" for 3.112.84.37 at 2023-01-22 21:01:31 +0900
I, [2023-01-22T21:04:04.544296 #20300]  INFO -- : [162be26a-2dde-4c3c-8c8c-62788ee49e42] Started GET "/w.json?query=musasabi2&format_type=kento" for 3.112.84.37 at 2023-01-22 21:04:04 +0900
I, [2023-01-22T21:05:39.573237 #20300]  INFO -- : [af8e0ef4-0bda-464a-bdec-4eba8a906284] Started GET "/w.json?query=MEGUT&format_type=kento" for 3.112.84.37 at 2023-01-22 21:05:39 +0900
I, [2023-01-22T21:08:38.296674 #6794]  INFO -- : [757dc694-643d-4ad6-ad72-17d7f0245883] Started GET "/w.json?query=artist_&format_type=kento" for 3.112.84.37 at 2023-01-22 21:08:38 +0900
I, [2023-01-22T21:12:13.582410 #6794]  INFO -- : [f7006624-8f0f-433c-a8ca-c1d458e92eaf] Started GET "/w.json?query=MEGUT&format_type=kento" for 52.194.220.169 at 2023-01-22 21:12:13 +0900
I, [2023-01-22T21:14:50.303099 #20300]  INFO -- : [3d970215-a9a0-45a8-8680-003bdcc13d83] Started GET "/w.json?query=sawahide&format_type=kento" for 52.194.220.169 at 2023-01-22 21:14:50 +0900
I, [2023-01-22T21:14:51.370861 #6794]  INFO -- : [ab83f6df-5489-4bd8-93f4-78a9b7548d9e] Started GET "/w.json?query=blackheat&format_type=kento" for 13.114.26.50 at 2023-01-22 21:14:51 +0900
I, [2023-01-22T21:17:01.684824 #20300]  INFO -- : [2392b262-56e1-4fd6-9f44-0c846a57510d] Started GET "/w.json?query=Mochamocha1&format_type=kento" for 52.194.220.169 at 2023-01-22 21:17:01 +0900
I, [2023-01-22T21:22:47.742790 #20300]  INFO -- : [1e86f8d4-2519-40de-a437-1b006543deda] Started GET "/w.json?format_type=kento&query=dcsyhi2" for 13.114.26.50 at 2023-01-22 21:22:47 +0900
I, [2023-01-22T21:40:08.385943 #20300]  INFO -- : [fc72cdf0-111b-488e-b1ff-52b3e12174c8] Started GET "/w.json?format_type=kento&query=ryuo_maru" for 52.194.220.169 at 2023-01-22 21:40:08 +0900
I, [2023-01-22T21:46:11.581402 #20300]  INFO -- : [b5ba2435-f999-45a0-a8aa-960bb9030169] Started GET "/w.json?query=MEGUT&format_type=kento" for 52.194.220.169 at 2023-01-22 21:46:11 +0900
I, [2023-01-22T21:46:23.646032 #20300]  INFO -- : [6a33d61c-f4ee-4c6c-887e-2e5556783dcd] Started GET "/w.json?format_type=kento&query=Kiyowataru" for 43.207.96.187 at 2023-01-22 21:46:23 +0900
I, [2023-01-22T21:48:57.543678 #6794]  INFO -- : [cf38adbd-9032-4cbe-b5cb-63cbddf47f75] Started GET "/w.json?query=anjelier&format_type=kento" for 43.206.218.124 at 2023-01-22 21:48:57 +0900
I, [2023-01-22T21:52:54.697757 #20300]  INFO -- : [cc47bcc6-bd7c-4414-91e2-b945380cfe29] Started GET "/w.json?format_type=kento&query=nzoom" for 43.206.218.124 at 2023-01-22 21:52:54 +0900
I, [2023-01-22T21:53:32.137327 #6794]  INFO -- : [648d9443-a3e7-4f12-9bf5-30cd69fe5817] Started GET "/w.json?format_type=kento&query=dcsyhi2" for 43.206.218.124 at 2023-01-22 21:53:32 +0900
I, [2023-01-22T21:54:23.219710 #6794]  INFO -- : [7774004d-2db1-4d32-bf56-16b6439b2c36] Started GET "/w.json?format_type=kento&query=nzoom" for 43.206.218.124 at 2023-01-22 21:54:23 +0900
I, [2023-01-22T22:00:17.117944 #20300]  INFO -- : [a7ae22a2-dde4-4a4e-bc8f-6ac3123476fe] Started GET "/w.json?query=MEGUT&format_type=kento" for 54.168.51.184 at 2023-01-22 22:00:17 +0900
I, [2023-01-22T22:01:02.119165 #6794]  INFO -- : [01dcc453-9d6e-4dde-a422-1314cf659707] Started GET "/w.json?query=yuzusato2014&format_type=kento" for 43.207.96.187 at 2023-01-22 22:01:02 +0900
I, [2023-01-22T22:01:02.125134 #20300]  INFO -- : [26a737b4-32a4-44fa-9dcd-1dd484f7cdc1] Started GET "/w.json?query=yuzutarosan&format_type=kento" for 43.206.218.124 at 2023-01-22 22:01:02 +0900
I, [2023-01-22T22:01:03.183510 #6794]  INFO -- : [8b23e768-549f-4519-ab9f-ea3cb0ede543] Started GET "/w.json?query=2022June5&format_type=kento" for 13.113.2.244 at 2023-01-22 22:01:03 +0900
I, [2023-01-22T22:01:17.739192 #6794]  INFO -- : [d784c951-f8cf-4207-9f8d-fd4cb23f0202] Started GET "/w.json?query=anjelier&format_type=kento" for 43.206.90.114 at 2023-01-22 22:01:17 +0900
I, [2023-01-22T22:02:11.819001 #6794]  INFO -- : [56dc557f-c04a-4145-b259-5a7f5f80cee3] Started GET "/w.json?query=MEGUT&format_type=kento" for 13.113.2.244 at 2023-01-22 22:02:11 +0900
I, [2023-01-22T22:10:29.113243 #20300]  INFO -- : [899f7999-286f-4702-945e-f5780f03b352] Started GET "/w.json?query=blackheat&format_type=kento" for 13.113.2.244 at 2023-01-22 22:10:29 +0900
I, [2023-01-22T22:10:29.152130 #20300]  INFO -- : [130b83ad-01cc-4652-b5ac-64b456f0fabe] Started GET "/w.json?query=sawahide&format_type=kento" for 43.207.96.187 at 2023-01-22 22:10:29 +0900
I, [2023-01-22T22:10:31.064065 #20300]  INFO -- : [bc1a96f0-c88f-4d8b-899b-1bfb0e4f55c6] Started GET "/w.json?format_type=kento&query=ryuo_maru" for 18.183.154.172 at 2023-01-22 22:10:31 +0900
I, [2023-01-22T22:14:44.226211 #6794]  INFO -- : [eacea5ca-68b7-41ee-9a77-2257702469e0] Started GET "/w.json?query=gausssss4&format_type=kento" for 18.183.154.172 at 2023-01-22 22:14:44 +0900
I, [2023-01-22T22:15:15.267421 #20300]  INFO -- : [e644300e-84f9-4276-b07a-5573ae7e838c] Started GET "/w.json?format_type=kento&query=dasixi34" for 18.183.154.172 at 2023-01-22 22:15:15 +0900
I, [2023-01-22T22:16:40.723995 #6794]  INFO -- : [f987255a-3447-47c0-bc91-7345c9d64b23] Started GET "/w.json?query=jinguji36&format_type=kento" for 18.183.154.172 at 2023-01-22 22:16:40 +0900
I, [2023-01-22T22:17:57.688230 #20300]  INFO -- : [3bf3bf55-ca53-48d0-a9b9-e0389e96ff60] Started GET "/w.json?format_type=kento&query=Kenb0" for 18.183.154.172 at 2023-01-22 22:17:57 +0900
I, [2023-01-22T22:21:26.506267 #20300]  INFO -- : [94b5e6a9-d9e1-42ae-80a2-3c034c345e38] Started GET "/w.json?query=take50039&format_type=kento" for 3.112.107.85 at 2023-01-22 22:21:26 +0900
I, [2023-01-22T22:21:37.925470 #20300]  INFO -- : [c019796d-dffb-4d9d-aff5-9a1774a67e87] Started GET "/w.json?format_type=kento&query=yukitan_Revy" for 3.112.107.85 at 2023-01-22 22:21:37 +0900
I, [2023-01-22T22:22:23.845910 #6794]  INFO -- : [634e8354-d574-4f77-a39e-cab1a7b421e7] Started GET "/w.json?format_type=kento&query=Kenb0" for 3.112.107.85 at 2023-01-22 22:22:23 +0900
I, [2023-01-22T22:23:37.629757 #6794]  INFO -- : [38693dae-2ba8-4f52-98ef-0c53d8788b7a] Started GET "/w.json?query=Bahha_Muto99&format_type=kento" for 18.183.154.172 at 2023-01-22 22:23:37 +0900
I, [2023-01-22T22:24:25.106168 #6794]  INFO -- : [f7975092-8120-4a26-a9a6-fa040a63351c] Started GET "/w.json?format_type=kento&query=nzoom" for 18.183.154.172 at 2023-01-22 22:24:25 +0900
I, [2023-01-22T22:26:56.102961 #6794]  INFO -- : [b7c05ba8-d6bb-453e-8264-1b863aa8f906] Started GET "/w.json?query=casanova&format_type=kento" for 3.112.107.85 at 2023-01-22 22:26:56 +0900
I, [2023-01-22T22:31:01.946375 #6794]  INFO -- : [aa086437-d4f0-41c8-bedb-64eb07c25def] Started GET "/w.json?query=MEGUT&format_type=kento" for 3.112.107.85 at 2023-01-22 22:31:01 +0900
I, [2023-01-22T22:34:03.885037 #6794]  INFO -- : [836fd758-5580-4bae-a031-dc2e840a6a5e] Started GET "/w.json?format_type=kento&query=harukihonda" for 3.112.107.85 at 2023-01-22 22:34:03 +0900
I, [2023-01-22T22:34:03.923094 #6794]  INFO -- : [e80b6d2b-7869-4278-a2f5-59fd6450b683] Started GET "/w.json?format_type=kento&query=maedakizirou" for 13.114.152.118 at 2023-01-22 22:34:03 +0900
I, [2023-01-22T22:34:48.404399 #20300]  INFO -- : [fc6ffbbb-d2aa-4609-bf87-8d97c99f95b9] Started GET "/w.json?query=22029002&format_type=kento" for 3.112.107.85 at 2023-01-22 22:34:48 +0900
I, [2023-01-22T22:37:22.157616 #6794]  INFO -- : [8ea638d1-718e-4783-aa50-d362325175fc] Started GET "/w.json?format_type=kento&query=maedakizirou" for 3.112.107.85 at 2023-01-22 22:37:22 +0900
I, [2023-01-22T22:37:22.159286 #20300]  INFO -- : [6f55ac6f-e7c1-430c-a664-8940be058f48] Started GET "/w.json?format_type=kento&query=harukihonda" for 13.114.152.118 at 2023-01-22 22:37:22 +0900
I, [2023-01-22T22:37:50.346206 #6794]  INFO -- : [9c9de77c-f937-4229-b71c-9e8373f4815d] Started GET "/w.json?format_type=kento&query=Kenb0" for 13.114.152.118 at 2023-01-22 22:37:50 +0900
I, [2023-01-22T22:39:15.658599 #6794]  INFO -- : [14d27480-7e11-4455-a828-399c0126edbf] Started GET "/w.json?query=MEGUT&format_type=kento" for 3.112.107.85 at 2023-01-22 22:39:15 +0900
I, [2023-01-22T22:39:20.223845 #20300]  INFO -- : [a6e6735c-76dd-43b1-ab57-30b55040a27d] Started GET "/w.json?query=nondakure_lawer&format_type=kento" for 3.112.107.85 at 2023-01-22 22:39:20 +0900
I, [2023-01-22T22:40:58.562438 #6794]  INFO -- : [f7e7f37a-8606-45c5-a4ec-e19dfb0a5771] Started GET "/w.json?format_type=kento&query=Waru125" for 3.112.107.85 at 2023-01-22 22:40:58 +0900
I, [2023-01-22T22:42:55.058271 #20300]  INFO -- : [a0c4ae4b-6c3e-4a7d-9c87-d08e3309f392] Started GET "/w.json?format_type=kento&query=light33" for 13.114.152.118 at 2023-01-22 22:42:55 +0900
I, [2023-01-22T22:46:05.201938 #6794]  INFO -- : [ca0a9a27-d8e0-4204-88ad-07a1f28660f4] Started GET "/w.json?format_type=kento&query=harukihonda" for 13.114.152.118 at 2023-01-22 22:46:05 +0900
I, [2023-01-22T22:46:05.203201 #20300]  INFO -- : [b9288383-55ab-4369-8991-068be9968d51] Started GET "/w.json?format_type=kento&query=maedakizirou" for 3.112.107.85 at 2023-01-22 22:46:05 +0900
I, [2023-01-22T22:49:08.786250 #20300]  INFO -- : [148b606c-1cbd-438e-babd-4f623308c00d] Started GET "/w.json?format_type=kento&query=BlueChatterer" for 3.112.107.85 at 2023-01-22 22:49:08 +0900
I, [2023-01-22T22:50:59.262396 #20300]  INFO -- : [521d928a-9000-49cb-a314-2357ef9d5280] Started GET "/w.json?format_type=kento&query=maedakizirou" for 13.114.152.118 at 2023-01-22 22:50:59 +0900
I, [2023-01-22T22:50:59.265892 #20300]  INFO -- : [d4a31f51-cd49-4ea1-b84d-4a80c36b52e6] Started GET "/w.json?format_type=kento&query=harukihonda" for 3.112.107.85 at 2023-01-22 22:50:59 +0900
I, [2023-01-22T22:52:46.242843 #20300]  INFO -- : [a883e274-54b9-4c99-9669-234ca9af1144] Started GET "/w.json?format_type=kento&query=Quma023" for 3.112.107.85 at 2023-01-22 22:52:46 +0900
I, [2023-01-22T22:59:12.422735 #6794]  INFO -- : [32d66f92-492c-4900-bf5a-cd6929a9ee3f] Started GET "/w.json?query=musasabi2&format_type=kento" for 13.114.152.118 at 2023-01-22 22:59:12 +0900
I, [2023-01-22T23:00:08.836498 #6794]  INFO -- : [26e95361-0c44-4820-a3cd-d9802a12dde7] Started GET "/w.json?format_type=kento&query=dasixi34" for 13.114.152.118 at 2023-01-22 23:00:08 +0900
I, [2023-01-22T23:01:26.046299 #20300]  INFO -- : [7a3432b0-8bde-4d89-b200-81d6554a9d85] Started GET "/w.json?format_type=kento&query=light33" for 3.112.107.85 at 2023-01-22 23:01:26 +0900
I, [2023-01-22T23:01:40.810810 #6794]  INFO -- : [ca45fd9b-9467-48ee-b39a-a3dc9d869d90] Started GET "/w.json?query=casanova&format_type=kento" for 3.112.107.85 at 2023-01-22 23:01:40 +0900
I, [2023-01-22T23:02:43.567585 #20300]  INFO -- : [a33c3223-fabe-4a6b-a8ba-8dcc368cc64f] Started GET "/w.json?query=MEGUT&format_type=kento" for 3.112.107.85 at 2023-01-22 23:02:43 +0900
I, [2023-01-22T23:09:59.875249 #6794]  INFO -- : [55838b9c-e12f-45d4-842f-4def9d277bdd] Started GET "/w.json?query=MEGUT&format_type=kento" for 3.112.107.85 at 2023-01-22 23:09:59 +0900
I, [2023-01-22T23:10:14.127501 #6794]  INFO -- : [018aa813-be03-4b9a-9dfc-625ddcc38cb5] Started GET "/w.json?query=zaki3961&format_type=kento" for 3.112.107.85 at 2023-01-22 23:10:14 +0900
I, [2023-01-22T23:10:37.541672 #6794]  INFO -- : [8881fcf1-a55b-40bd-974d-3276f6565daf] Started GET "/w.json?query=Player_0&format_type=kento" for 3.112.107.85 at 2023-01-22 23:10:37 +0900
I, [2023-01-22T23:12:37.066918 #20300]  INFO -- : [3d9ba055-e048-4834-8a1f-a9b7512ce3ef] Started GET "/w.json?format_type=kento&query=circadian5" for 13.114.152.118 at 2023-01-22 23:12:37 +0900
I, [2023-01-22T23:12:38.201970 #20300]  INFO -- : [0b05ffc7-cf05-4070-b540-cabc3d14fbcf] Started GET "/w.json?format_type=kento&query=circadian" for 18.176.236.210 at 2023-01-22 23:12:38 +0900
I, [2023-01-22T23:13:11.783512 #20300]  INFO -- : [9f3fbf03-3258-41a1-a82b-aba93f2285d9] Started GET "/w.json?format_type=kento&query=Aty_Love" for 13.231.212.155 at 2023-01-22 23:13:11 +0900
I, [2023-01-22T23:13:11.818747 #20300]  INFO -- : [8a8ae897-afc3-40e5-a7cb-46b6378c793f] Started GET "/w.json?format_type=kento&query=Siro_AAA" for 18.176.236.210 at 2023-01-22 23:13:11 +0900
I, [2023-01-22T23:13:55.644539 #20300]  INFO -- : [50d7dbaa-bcd8-4fc0-99b7-339b0f995d70] Started GET "/w.json?query=Player_0&format_type=kento" for 3.112.107.85 at 2023-01-22 23:13:55 +0900
I, [2023-01-22T23:15:07.408178 #20300]  INFO -- : [1193500d-278d-4eca-a81d-a11e080ad12b] Started GET "/w.json?format_type=kento&query=light33" for 3.112.107.85 at 2023-01-22 23:15:07 +0900
I, [2023-01-22T23:18:14.069376 #20300]  INFO -- : [3b0726a9-b101-463c-affe-8f5a23c33c68] Started GET "/w.json?format_type=kento&query=H_Kirara" for 18.176.236.210 at 2023-01-22 23:18:14 +0900
I, [2023-01-22T23:26:52.513573 #6794]  INFO -- : [c822a5f3-f598-4c6a-9605-d7d4c8726d26] Started GET "/w.json?format_type=kento&query=Aty_Love" for 3.112.107.85 at 2023-01-22 23:26:52 +0900
I, [2023-01-22T23:26:53.557328 #20300]  INFO -- : [f302437a-5887-49ac-a3ef-55dcf2a4e2a1] Started GET "/w.json?format_type=kento&query=Siro_AAA" for 3.112.95.50 at 2023-01-22 23:26:53 +0900
I, [2023-01-22T23:30:20.299825 #6794]  INFO -- : [6ab807fe-d505-4e5e-9ba2-dc50bbec12d4] Started GET "/w.json?query=MEGUT&format_type=kento" for 3.112.95.50 at 2023-01-22 23:30:20 +0900
I, [2023-01-22T23:37:03.674398 #6794]  INFO -- : [c6f40270-874a-460a-873f-ace85aac926d] Started GET "/w.json?format_type=kento&query=light33" for 3.112.95.50 at 2023-01-22 23:37:03 +0900
I, [2023-01-22T23:39:08.073359 #6794]  INFO -- : [9ca45bd7-d7d7-408b-97aa-4585142ff749] Started GET "/w.json?query=ssaaii&format_type=kento" for 3.112.107.85 at 2023-01-22 23:39:08 +0900
I, [2023-01-22T23:40:27.652122 #6794]  INFO -- : [cef8a0fb-9381-4dfc-9718-261e1afdee6a] Started GET "/w.json?format_type=kento&query=Aty_Love" for 3.112.107.85 at 2023-01-22 23:40:27 +0900
I, [2023-01-22T23:40:28.695960 #20300]  INFO -- : [8d4c4219-2b3c-4a06-b2d0-4206ff7c4a16] Started GET "/w.json?format_type=kento&query=Siro_AAA" for 54.238.254.243 at 2023-01-22 23:40:28 +0900
I, [2023-01-22T23:43:13.393808 #6794]  INFO -- : [de90384c-a142-438f-984f-c26279bf7c41] Started GET "/w.json?query=ssaaii&format_type=kento" for 54.238.254.243 at 2023-01-22 23:43:13 +0900
I, [2023-01-22T23:44:27.223423 #20300]  INFO -- : [fcc50ec7-ff98-4115-aae9-8739927655d0] Started GET "/w.json?query=ssaaii&format_type=kento" for 54.238.254.243 at 2023-01-22 23:44:27 +0900
I, [2023-01-22T23:48:13.194911 #20300]  INFO -- : [49289168-21e7-49c2-bea0-7a36e10343b0] Started GET "/w.json?format_type=kento&query=light33" for 3.112.95.50 at 2023-01-22 23:48:13 +0900
I, [2023-01-22T23:51:54.146018 #20300]  INFO -- : [3ede61e3-b635-4432-87ee-cceeb4e28a10] Started GET "/w.json?query=snowman0324&format_type=kento" for 3.112.107.85 at 2023-01-22 23:51:54 +0900
I, [2023-01-22T23:59:59.640883 #20300]  INFO -- : [c90a751f-fa7e-4eaf-8522-c784d3561df8] Started GET "/w.json?format_type=kento&query=InaBauer" for 3.112.107.85 at 2023-01-22 23:59:59 +0900
I, [2023-01-23T00:00:56.625606 #20300]  INFO -- : [b0666a5a-4adc-47ff-b598-cbdae6ef536a] Started GET "/w.json?query=Daikitohinoki&format_type=kento" for 3.112.107.85 at 2023-01-23 00:00:56 +0900
I, [2023-01-23T00:01:12.025967 #6794]  INFO -- : [652f56f5-446d-4a44-9e37-8c070305b27d] Started GET "/w.json?format_type=kento&query=InaBauer" for 3.112.95.50 at 2023-01-23 00:01:12 +0900
I, [2023-01-23T00:02:44.789853 #6794]  INFO -- : [dbde4240-5eff-4db6-b057-06d02e43897d] Started GET "/w.json?format_type=kento&query=sphenoid" for 3.112.107.85 at 2023-01-23 00:02:44 +0900
I, [2023-01-23T00:05:20.575515 #6794]  INFO -- : [b5048a9c-3b04-4789-8418-53bc604b3f05] Started GET "/w.json?query=MEGUT&format_type=kento" for 3.112.95.50 at 2023-01-23 00:05:20 +0900
I, [2023-01-23T00:06:12.751745 #20300]  INFO -- : [a13425dc-7a41-4541-a91b-64112980520c] Started GET "/w.json?query=pien2020&format_type=kento" for 3.112.95.50 at 2023-01-23 00:06:12 +0900
I, [2023-01-23T00:12:10.213117 #6794]  INFO -- : [53a5a42c-90f6-4dbf-8330-f49b2a433b05] Started GET "/w.json?format_type=kento&query=light33" for 3.112.95.50 at 2023-01-23 00:12:10 +0900
I, [2023-01-23T00:13:20.694053 #6794]  INFO -- : [20e3571c-fce7-4efd-8fa0-ae4b2bc6fcd2] Started GET "/w.json?query=19349&format_type=kento" for 3.112.107.85 at 2023-01-23 00:13:20 +0900
I, [2023-01-23T00:13:21.735230 #20300]  INFO -- : [c297563b-8e8e-4cb7-af12-1febaf67718b] Started GET "/w.json?query=syamasyama1&format_type=kento" for 18.183.141.58 at 2023-01-23 00:13:21 +0900
I, [2023-01-23T00:17:14.028220 #20300]  INFO -- : [41ecf993-e22d-4e1e-91d6-495564e5dde3] Started GET "/w.json?format_type=kento&query=sphenoid" for 18.183.253.201 at 2023-01-23 00:17:14 +0900
I, [2023-01-23T00:18:34.448742 #20300]  INFO -- : [16f4a821-2142-4ec5-8a23-46637d33244a] Started GET "/w.json?format_type=kento&query=shote58hi" for 18.183.253.201 at 2023-01-23 00:18:34 +0900
I, [2023-01-23T00:20:58.383771 #6794]  INFO -- : [9758ae92-c1ce-4493-aca0-f7527bf1ac8b] Started GET "/w.json?format_type=kento&query=Aphrody2" for 3.112.95.50 at 2023-01-23 00:20:58 +0900
I, [2023-01-23T00:36:41.318773 #20300]  INFO -- : [59839c23-1f0c-4760-b236-ebe9f09cc9e8] Started GET "/w.json?format_type=kento&query=Aphrody2" for 3.112.95.50 at 2023-01-23 00:36:41 +0900
I, [2023-01-23T00:37:30.877254 #6794]  INFO -- : [c206072d-b50b-4aea-b2f5-c28547428a70] Started GET "/w.json?format_type=kento&query=sphenoid" for 3.112.196.134 at 2023-01-23 00:37:30 +0900
I, [2023-01-23T00:38:17.970378 #20300]  INFO -- : [2e1cfddc-e7cd-4fd3-acad-716ab2b0fa54] Started GET "/w.json?format_type=kento&query=light33" for 3.112.196.134 at 2023-01-23 00:38:17 +0900
I, [2023-01-23T00:45:10.195475 #20300]  INFO -- : [d7b5b6c7-6196-4078-a4c6-a3ffc8cc233f] Started GET "/w.json?format_type=kento&query=verdura" for 54.95.63.63 at 2023-01-23 00:45:10 +0900
I, [2023-01-23T00:49:57.229242 #20300]  INFO -- : [239d8545-7927-40fb-aeca-086daaee08bf] Started GET "/w.json?format_type=kento&query=js_uk" for 13.231.103.26 at 2023-01-23 00:49:57 +0900
I, [2023-01-23T00:57:02.041247 #6794]  INFO -- : [da0f297d-f5d0-4e15-acc9-19b66a73d76d] Started GET "/w.json?format_type=kento&query=Aphrody2" for 13.231.103.26 at 2023-01-23 00:57:02 +0900
I, [2023-01-23T01:00:46.790423 #6794]  INFO -- : [f5203211-6d4b-482b-b937-c1f2125a736e] Started GET "/w.json?format_type=kento&query=light33" for 54.95.63.63 at 2023-01-23 01:00:46 +0900
I, [2023-01-23T01:02:04.252973 #6794]  INFO -- : [af79367f-b9e0-430c-bd78-99e5b21a2305] Started GET "/w.json?query=blueberry&format_type=kento" for 13.231.103.26 at 2023-01-23 01:02:04 +0900
I, [2023-01-23T01:21:58.742846 #6794]  INFO -- : [6d6df75a-0e03-4c73-8ab9-5f7b0abcdbba] Started GET "/w.json?format_type=kento&query=kkkaaawwwaaa" for 13.231.103.26 at 2023-01-23 01:21:58 +0900
I, [2023-01-23T01:23:35.553878 #20300]  INFO -- : [ce59779f-4d83-4214-86d9-6744d69d4261] Started GET "/w.json?format_type=kento&query=kkkaaawwwaaa" for 13.231.103.26 at 2023-01-23 01:23:35 +0900
I, [2023-01-23T01:25:24.592221 #6794]  INFO -- : [43627bc6-038d-429f-ae38-35b2853fe4b6] Started GET "/w.json?format_type=kento&query=kkkaaawwwaaa" for 13.231.103.26 at 2023-01-23 01:25:24 +0900
I, [2023-01-23T01:27:33.523016 #6794]  INFO -- : [6a4627cc-3726-4a45-9dae-7879d0c2fb38] Started GET "/w.json?format_type=kento&query=kkkaaawwwaaa" for 13.231.103.26 at 2023-01-23 01:27:33 +0900
I, [2023-01-23T01:33:17.787350 #20300]  INFO -- : [7c6f798c-79d9-4847-ba21-2c3ff959bd61] Started GET "/w.json?format_type=kento&query=light33" for 52.195.12.209 at 2023-01-23 01:33:17 +0900
I, [2023-01-23T01:35:53.166349 #20300]  INFO -- : [ebb7447c-4c90-427a-8285-d1c84f283f0e] Started GET "/w.json?format_type=kento&query=Mero5" for 52.195.12.209 at 2023-01-23 01:35:53 +0900
I, [2023-01-23T01:35:53.274866 #6794]  INFO -- : [df59ac0e-f14a-4d68-b6f1-2bffb981905d] Started GET "/w.json?format_type=kento&query=Chanchan4" for 18.177.149.85 at 2023-01-23 01:35:53 +0900
I, [2023-01-23T01:55:16.292603 #6794]  INFO -- : [5a0da958-193e-4090-9884-999117fb49c5] Started GET "/w.json?format_type=kento&query=kkkaaawwwaaa" for 18.177.149.85 at 2023-01-23 01:55:16 +0900
I, [2023-01-23T02:02:59.101955 #6794]  INFO -- : [fd8a76aa-ab98-47d8-b78c-a10ec9f4d865] Started GET "/w.json?query=boglehead&format_type=kento" for 13.231.149.52 at 2023-01-23 02:02:59 +0900
I, [2023-01-23T02:13:20.156916 #20300]  INFO -- : [be86cc95-6268-4ce6-9d6c-b29fab7ad6f3] Started GET "/w.json?format_type=kento&query=verdura" for 54.64.187.75 at 2023-01-23 02:13:20 +0900
I, [2023-01-23T02:14:17.928487 #6794]  INFO -- : [5fd418e3-a7af-4912-baf7-da6dbfcad8be] Started GET "/w.json?format_type=kento&query=Massanori" for 54.64.187.75 at 2023-01-23 02:14:17 +0900
I, [2023-01-23T02:36:28.329659 #20300]  INFO -- : [43daddae-edfe-410a-90e4-ae1f4a2de12c] Started GET "/w.json?format_type=kento&query=tatsukiabe" for 54.64.187.75 at 2023-01-23 02:36:28 +0900
I, [2023-01-23T02:52:29.955761 #20300]  INFO -- : [32614f77-0d6e-4028-ae63-722ad8e50cd7] Started GET "/w.json?format_type=kento&query=tatsukiabe" for 18.180.154.97 at 2023-01-23 02:52:29 +0900
I, [2023-01-23T03:12:17.109890 #6794]  INFO -- : [248fa0c9-0430-4be6-ace4-0ea4b4dc908e] Started GET "/w.json?format_type=kento&query=sphenoid" for 18.180.154.97 at 2023-01-23 03:12:17 +0900
I, [2023-01-23T03:40:10.445731 #6794]  INFO -- : [74a8c152-09ff-4635-86cf-3d2bb5d84700] Started GET "/w.json?query=uvalaw2010&format_type=kento" for 3.112.237.131 at 2023-01-23 03:40:10 +0900
I, [2023-01-23T03:59:38.158175 #20300]  INFO -- : [2fbedfbf-a88f-4b84-ad67-f08e4f183502] Started GET "/w.json?query=tetospace&format_type=kento" for 13.231.129.103 at 2023-01-23 03:59:38 +0900
I, [2023-01-23T03:59:38.200121 #6794]  INFO -- : [a06002b6-d8c2-47bc-a6ed-a35a132c10d1] Started GET "/w.json?query=tetrachord&format_type=kento" for 3.112.90.126 at 2023-01-23 03:59:38 +0900
I, [2023-01-23T04:35:46.308385 #20300]  INFO -- : [c47738d4-d056-462d-ab5a-2f48233c37ec] Started GET "/w.json?query=casanova&format_type=kento" for 13.231.129.103 at 2023-01-23 04:35:46 +0900
I, [2023-01-23T04:41:29.691745 #20300]  INFO -- : [f8c3bf78-9ad6-4354-a2ae-572920ccdd6a] Started GET "/w.json?query=hinopapa&format_type=kento" for 13.231.176.206 at 2023-01-23 04:41:29 +0900
I, [2023-01-23T04:43:03.104768 #6794]  INFO -- : [1c649f31-d10a-4533-8e7f-41c84a383a03] Started GET "/w.json?format_type=kento&query=Massanori" for 13.231.176.206 at 2023-01-23 04:43:03 +0900
I, [2023-01-23T04:55:21.400841 #6794]  INFO -- : [62d9bea5-974e-463e-a5dc-c2263b98add8] Started GET "/w.json?format_type=kento&query=Massanori" for 13.231.176.206 at 2023-01-23 04:55:21 +0900
I, [2023-01-23T05:38:46.603906 #6794]  INFO -- : [1f48886e-456d-4e6e-b6cd-129d74458939] Started GET "/w.json?query=MEGUT&format_type=kento" for 13.231.176.206 at 2023-01-23 05:38:46 +0900
I, [2023-01-23T05:59:39.803739 #20300]  INFO -- : [b08d4c83-2ba2-4336-86c0-b6645efc9f3b] Started GET "/w.json?query=MEGUT&format_type=kento" for 18.182.30.17 at 2023-01-23 05:59:39 +0900
I, [2023-01-23T06:02:34.340200 #6794]  INFO -- : [70978b82-d663-4fc7-89e8-0eb8d6b7753b] Started GET "/w.json?query=tsubakurou2178&format_type=kento" for 18.182.30.17 at 2023-01-23 06:02:34 +0900
I, [2023-01-23T06:08:43.972819 #6794]  INFO -- : [98b6fade-9d3d-456d-98c6-f3222586e2e8] Started GET "/w.json?query=Genags&format_type=kento" for 18.182.30.17 at 2023-01-23 06:08:43 +0900
I, [2023-01-23T06:13:24.110521 #6794]  INFO -- : [57b61f31-d5e9-4bfa-9f38-5492083e21a9] Started GET "/w.json?query=MEGUT&format_type=kento" for 13.231.176.206 at 2023-01-23 06:13:24 +0900
