I, [2022-12-05T05:09:41.607131 #7489]  INFO -- : [781b4efb-76a5-42f8-80ef-8efd51e76a39] Started GET "/w.json?query=lat39&format_type=kento" for 18.179.36.138 at 2022-12-05 05:09:41 +0900
I, [2022-12-05T05:26:17.764443 #7489]  INFO -- : [a4bd3da9-a02b-47ec-b43e-1f172aded105] Started GET "/w.json?format_type=kento&query=Massanori" for 52.197.250.107 at 2022-12-05 05:26:17 +0900
I, [2022-12-05T05:41:27.592216 #7491]  INFO -- : [ef57de3f-f4ca-42a4-b11a-5b8603d14359] Started GET "/w.json?format_type=kento&query=Massanori" for 52.197.250.107 at 2022-12-05 05:41:27 +0900
I, [2022-12-05T06:04:01.199789 #7491]  INFO -- : [f816a708-22cd-468f-9420-48a324d683ff] Started GET "/w.json?format_type=kento&query=qer141592" for 52.197.250.107 at 2022-12-05 06:04:01 +0900
I, [2022-12-05T06:05:30.924134 #7491]  INFO -- : [df1d9244-8026-4fc5-b355-6314f06f39cf] Started GET "/w.json?query=CNamo&format_type=kento" for 54.248.61.55 at 2022-12-05 06:05:30 +0900
I, [2022-12-05T06:05:31.093071 #7491]  INFO -- : [d03957b0-b454-43e6-82b7-e027e5422272] Started GET "/w.json?format_type=kento&query=chryso_la" for 35.78.254.45 at 2022-12-05 06:05:31 +0900
I, [2022-12-05T06:08:26.876963 #7491]  INFO -- : [dab07915-f301-4270-9423-5bbe13df20e4] Started GET "/w.json?format_type=kento&query=Waru125" for 54.248.61.55 at 2022-12-05 06:08:26 +0900
I, [2022-12-05T06:18:44.609991 #7491]  INFO -- : [821300ab-5830-4b9e-b00c-baa6c3813cc5] Started GET "/w.json?query=tsubakurou2178&format_type=kento" for 54.248.61.55 at 2022-12-05 06:18:44 +0900
I, [2022-12-05T06:20:48.766184 #7491]  INFO -- : [18bc986a-fa1d-4443-8386-45190933e43b] Started GET "/w.json?query=MEGUT&format_type=kento" for 54.248.61.55 at 2022-12-05 06:20:48 +0900
I, [2022-12-05T06:20:50.675764 #7491]  INFO -- : [f4af318a-32bd-4b00-b4ac-b6f1308a9e90] Started GET "/w.json?query=MEGUT&format_type=kento" for 54.248.61.55 at 2022-12-05 06:20:50 +0900
I, [2022-12-05T06:20:51.123589 #7491]  INFO -- : [c9f32592-8ef4-4842-9c3c-0dcc4777b94b] Started GET "/w.json?format_type=kento&query=yukitan_Revy" for 35.78.231.72 at 2022-12-05 06:20:51 +0900
I, [2022-12-05T06:20:54.364681 #7489]  INFO -- : [e8fc598e-f0fe-43fe-a713-c8a43320cefe] Started GET "/w.json?query=MEGUT&format_type=kento" for 35.78.231.72 at 2022-12-05 06:20:54 +0900
I, [2022-12-05T06:36:55.939500 #7491]  INFO -- : [ed5698c1-2602-4f05-82ef-1f8385655620] Started GET "/w.json?query=UtadaHikaru&format_type=kento" for 35.78.231.72 at 2022-12-05 06:36:55 +0900
I, [2022-12-05T06:36:56.931305 #7489]  INFO -- : [5eced12d-7cb9-469a-a96d-e7718ba4ab4c] Started GET "/w.json?query=SASUKEKO&format_type=kento" for 3.112.113.75 at 2022-12-05 06:36:56 +0900
I, [2022-12-05T06:36:57.360153 #7489]  INFO -- : [7a45984b-bfad-48df-ae85-2ce733a32d45] Started GET "/w.json?query=SASUKEKO&format_type=kento" for 3.112.113.75 at 2022-12-05 06:36:57 +0900
I, [2022-12-05T06:36:57.361877 #7491]  INFO -- : [0fff1e5b-2ca4-4dcf-a2d7-241395cdec5a] Started GET "/w.json?query=UtadaHikaru&format_type=kento" for 35.78.231.72 at 2022-12-05 06:36:57 +0900
I, [2022-12-05T06:36:59.071852 #7491]  INFO -- : [de2ba81b-c6a8-4d40-aa42-495c00b4c8a6] Started GET "/w.json?query=SASUKEKO&format_type=kento" for 3.112.113.75 at 2022-12-05 06:36:59 +0900
I, [2022-12-05T06:36:59.071854 #7489]  INFO -- : [0a29e657-e2ae-4906-83b7-a7c9ebd04ddb] Started GET "/w.json?query=UtadaHikaru&format_type=kento" for 35.78.231.72 at 2022-12-05 06:36:59 +0900
I, [2022-12-05T06:37:00.366496 #7489]  INFO -- : [253e14a6-1054-4021-8b34-f65c9d4e67f4] Started GET "/w.json?query=UtadaHikaru&format_type=kento" for 35.78.231.72 at 2022-12-05 06:37:00 +0900
I, [2022-12-05T06:37:15.505813 #7489]  INFO -- : [8b536fa3-9589-45ef-804e-5d3ad41e7eaa] Started GET "/w.json?query=MEGUT&format_type=kento" for 3.112.113.75 at 2022-12-05 06:37:15 +0900
I, [2022-12-05T06:48:26.485197 #7491]  INFO -- : [19313612-e41a-4bcc-992d-5eb4e141775b] Started GET "/w.json?format_type=kento&query=Massanori" for 3.112.113.75 at 2022-12-05 06:48:26 +0900
I, [2022-12-05T07:01:24.776130 #7489]  INFO -- : [6e58b90d-c325-4577-9175-a7016dbfc20c] Started GET "/w.json?query=MEGUT&format_type=kento" for 13.114.34.255 at 2022-12-05 07:01:24 +0900
I, [2022-12-05T07:02:43.796466 #7491]  INFO -- : [69d3d4ba-fa35-4350-b535-65c1af6e379d] Started GET "/w.json?format_type=kento&query=Henohenoking" for 13.114.34.255 at 2022-12-05 07:02:43 +0900
I, [2022-12-05T07:04:03.776320 #7489]  INFO -- : [f3479a17-af26-4ddd-861b-666f8c37ac79] Started GET "/w.json?query=92_makoto&format_type=kento" for 3.112.113.75 at 2022-12-05 07:04:03 +0900
I, [2022-12-05T07:06:53.646305 #7491]  INFO -- : [6254b3ab-b60b-47a4-adcd-23e6003065e0] Started GET "/w.json?query=anjelier&format_type=kento" for 13.114.34.255 at 2022-12-05 07:06:53 +0900
I, [2022-12-05T07:09:01.380952 #7489]  INFO -- : [e386bed6-6027-413e-a091-1950e49fa09d] Started GET "/w.json?query=anjelier&format_type=kento" for 13.114.34.255 at 2022-12-05 07:09:01 +0900
I, [2022-12-05T07:13:28.493480 #7489]  INFO -- : [69675b59-949c-4629-90a5-0f78ab101e17] Started GET "/w.json?format_type=kento&query=Massanori" for 13.114.34.255 at 2022-12-05 07:13:28 +0900
I, [2022-12-05T07:16:22.638812 #7491]  INFO -- : [12d5ce7b-d492-4f14-b128-5d819df3f57b] Started GET "/w.json?format_type=kento&query=qer141592" for 13.114.34.255 at 2022-12-05 07:16:22 +0900
I, [2022-12-05T07:25:35.011991 #7491]  INFO -- : [4af24a09-eb2e-49ab-ad7e-6afb8cdc87dc] Started GET "/w.json?format_type=kento&query=Massanori" for 13.114.34.255 at 2022-12-05 07:25:35 +0900
I, [2022-12-05T07:32:54.848599 #7489]  INFO -- : [d320e59d-34c5-4b9b-bd06-61409f253728] Started GET "/w.json?query=match0511&format_type=kento" for 13.114.34.255 at 2022-12-05 07:32:54 +0900
I, [2022-12-05T07:32:55.866813 #7491]  INFO -- : [c966b623-2a63-41ae-8afd-52b91bbaa37f] Started GET "/w.json?query=match0100&format_type=kento" for 13.230.85.74 at 2022-12-05 07:32:55 +0900
I, [2022-12-05T07:32:58.387780 #7491]  INFO -- : [c9710ef7-ca73-40e5-810b-d01ac3d6d73e] Started GET "/w.json?query=match0511&format_type=kento" for 13.114.34.255 at 2022-12-05 07:32:58 +0900
I, [2022-12-05T07:32:58.418336 #7489]  INFO -- : [5181658c-bcc7-48f8-a7dd-7c5e6d27e727] Started GET "/w.json?query=match0100&format_type=kento" for 18.179.46.65 at 2022-12-05 07:32:58 +0900
I, [2022-12-05T07:33:45.264566 #7491]  INFO -- : [3be776ff-9ae2-4130-b4d8-65aa295be7b7] Started GET "/w.json?query=CNamo&format_type=kento" for 13.230.85.74 at 2022-12-05 07:33:45 +0900
I, [2022-12-05T07:33:45.302311 #7491]  INFO -- : [cd815213-dd09-45dc-99b7-036f995d7b37] Started GET "/w.json?format_type=kento&query=chryso_la" for 18.179.46.65 at 2022-12-05 07:33:45 +0900
I, [2022-12-05T07:37:33.746578 #7489]  INFO -- : [a231574d-31b4-4ec0-b953-112fbfaa9886] Started GET "/w.json?query=uvalaw2010&format_type=kento" for 13.230.85.74 at 2022-12-05 07:37:33 +0900
I, [2022-12-05T07:37:37.216655 #7489]  INFO -- : [8c30d609-e343-4a6d-ae58-086893a4e0cb] Started GET "/w.json?query=uvalaw2010&format_type=kento" for 13.114.34.255 at 2022-12-05 07:37:37 +0900
I, [2022-12-05T07:43:19.308049 #7489]  INFO -- : [b04eb94f-7dfc-4067-8d6c-3b159660d0f2] Started GET "/w.json?format_type=kento&query=qer141592" for 13.114.34.255 at 2022-12-05 07:43:19 +0900
I, [2022-12-05T07:48:02.628135 #7491]  INFO -- : [5dfe4cd4-4554-43e7-b64e-715bcb2c1542] Started GET "/w.json?query=NOSTRIBRAVI&format_type=kento" for 13.114.34.255 at 2022-12-05 07:48:02 +0900
I, [2022-12-05T07:48:03.840823 #7489]  INFO -- : [fd690fbe-95b0-4e12-9cdc-b4438c66e79b] Started GET "/w.json?query=beniamo&format_type=kento" for 3.112.174.36 at 2022-12-05 07:48:03 +0900
I, [2022-12-05T07:48:03.954724 #7489]  INFO -- : [8955b3f6-2478-4dd9-827a-f1ecd5d052d3] Started GET "/w.json?query=supremo&format_type=kento" for 35.74.0.3 at 2022-12-05 07:48:03 +0900
I, [2022-12-05T07:53:02.336202 #7491]  INFO -- : [38f1f3f4-ea49-40a2-aeaf-a0eef9838999] Started GET "/w.json?query=jinguji36&format_type=kento" for 3.112.174.36 at 2022-12-05 07:53:02 +0900
I, [2022-12-05T08:10:28.353194 #7489]  INFO -- : [a58d59c0-c274-4b09-88c9-ec1a1dbfd1a8] Started GET "/w.json?query=Anzanshi&format_type=kento" for 3.112.174.36 at 2022-12-05 08:10:28 +0900
I, [2022-12-05T08:10:44.110375 #7489]  INFO -- : [0bb24244-353e-4c96-9aeb-aff3fce040c5] Started GET "/w.json?query=uvalaw2010&format_type=kento" for 3.112.174.36 at 2022-12-05 08:10:44 +0900
I, [2022-12-05T08:25:45.919215 #7491]  INFO -- : [0eb90d77-9f6f-4baa-8b8b-1332ba5d53b5] Started GET "/w.json?query=musasabi2&format_type=kento" for 18.181.172.106 at 2022-12-05 08:25:45 +0900
I, [2022-12-05T08:25:47.158534 #7491]  INFO -- : [c6e09379-54b1-4088-a86c-0b2e623dc0fd] Started GET "/w.json?query=musasabi2&format_type=kento" for 35.77.120.56 at 2022-12-05 08:25:47 +0900
I, [2022-12-05T08:27:56.806684 #7491]  INFO -- : [8990f23a-bc80-43b3-ae40-65e3d58ebc1f] Started GET "/w.json?format_type=kento&query=3daisuke6" for 35.77.120.56 at 2022-12-05 08:27:56 +0900
I, [2022-12-05T08:30:51.109372 #7491]  INFO -- : [c4ed84e1-2fa0-489f-991e-7fe2933bc6e7] Started GET "/w.json?query=CrazyAban&format_type=kento" for 35.77.120.56 at 2022-12-05 08:30:51 +0900
I, [2022-12-05T08:37:49.513872 #7491]  INFO -- : [1ffc9970-b094-4148-b1b4-9bdc83d81afd] Started GET "/w.json?query=noraonorao&format_type=kento" for 54.178.64.202 at 2022-12-05 08:37:49 +0900
I, [2022-12-05T08:37:57.890440 #7491]  INFO -- : [1d73811e-b37c-4e3f-b5bd-6ce2e031c111] Started GET "/w.json?format_type=kento&query=qer141592" for 54.178.64.202 at 2022-12-05 08:37:57 +0900
I, [2022-12-05T08:52:20.957074 #7491]  INFO -- : [f813271e-1f01-4134-a294-f970d3ac5963] Started GET "/w.json?format_type=kento&query=Massanori" for 54.178.64.202 at 2022-12-05 08:52:20 +0900
I, [2022-12-05T09:04:25.269354 #7491]  INFO -- : [f0fe99f7-4037-438f-b5d0-6caee4a333d4] Started GET "/w.json?format_type=kento&query=asa2yoru" for 54.199.231.24 at 2022-12-05 09:04:25 +0900
I, [2022-12-05T09:07:49.954774 #7491]  INFO -- : [77715906-56e8-4fc2-bfac-74056c867802] Started GET "/w.json?format_type=kento&query=Massanori" for 54.199.231.24 at 2022-12-05 09:07:49 +0900
I, [2022-12-05T09:15:41.554133 #7491]  INFO -- : [ffd428d8-3356-4b58-9eaa-d1e7d17cba77] Started GET "/w.json?query=hirofumiyasu&format_type=kento" for 54.199.231.24 at 2022-12-05 09:15:41 +0900
I, [2022-12-05T09:34:38.043236 #7491]  INFO -- : [2d78ea3c-5208-4481-a58e-028d6938778d] Started GET "/w.json?query=machayuhki&format_type=kento" for 35.78.169.97 at 2022-12-05 09:34:38 +0900
I, [2022-12-05T09:35:44.751836 #7491]  INFO -- : [c56c950d-b183-48d1-83a8-4a60b0a5b435] Started GET "/w.json?query=tenzo9&format_type=kento" for 18.177.155.79 at 2022-12-05 09:35:44 +0900
I, [2022-12-05T09:37:03.112433 #7491]  INFO -- : [75775886-555b-4140-b5b5-7c91537ed499] Started GET "/w.json?format_type=kento&query=Massanori" for 18.177.155.79 at 2022-12-05 09:37:03 +0900
I, [2022-12-05T09:38:17.022657 #7489]  INFO -- : [4d9eb118-9ed7-49a3-aab1-ffcbb81f8b10] Started GET "/w.json?format_type=kento&query=TOMimunidaa" for 18.177.155.79 at 2022-12-05 09:38:17 +0900
I, [2022-12-05T09:38:20.122722 #7491]  INFO -- : [50f89fc4-cdc0-42d4-b3a6-913f2b98c90e] Started GET "/w.json?query=machayuhki&format_type=kento" for 18.177.155.79 at 2022-12-05 09:38:20 +0900
I, [2022-12-05T09:41:43.480784 #7489]  INFO -- : [dede8a41-b8ff-4093-a862-bfa8305a31c7] Started GET "/w.json?query=wanganzin&format_type=kento" for 54.168.244.71 at 2022-12-05 09:41:43 +0900
I, [2022-12-05T09:42:16.946720 #7491]  INFO -- : [617829b4-d129-42f2-8251-213b0ff57a72] Started GET "/w.json?query=hotarubukuro22&format_type=kento" for 54.168.244.71 at 2022-12-05 09:42:16 +0900
I, [2022-12-05T09:44:50.784306 #7489]  INFO -- : [0842b782-dce9-4a04-9ebb-0479bc628f65] Started GET "/w.json?query=mikipuruun&format_type=kento" for 35.79.24.188 at 2022-12-05 09:44:50 +0900
I, [2022-12-05T09:44:53.390214 #7489]  INFO -- : [7f38f520-c75c-435d-b732-3ebfcc613085] Started GET "/w.json?query=mikipuruun&format_type=kento" for 43.206.112.64 at 2022-12-05 09:44:53 +0900
I, [2022-12-05T09:47:29.582095 #7489]  INFO -- : [75ec45d8-6971-4c12-b558-d637108fba0f] Started GET "/w.json?query=marudedna&format_type=kento" for 35.79.24.188 at 2022-12-05 09:47:29 +0900
I, [2022-12-05T09:47:29.585090 #7491]  INFO -- : [c30daa61-ceef-4ff1-a7e5-bd2456a2117e] Started GET "/w.json?query=marudednf&format_type=kento" for 43.206.112.64 at 2022-12-05 09:47:29 +0900
I, [2022-12-05T09:47:29.646179 #7489]  INFO -- : [ba44a287-1da1-4d15-bb15-6cacbdc06ff4] Started GET "/w.json?query=marudednb&format_type=kento" for 35.75.0.90 at 2022-12-05 09:47:29 +0900
I, [2022-12-05T09:47:29.652681 #7491]  INFO -- : [90a9e10c-4f20-4728-9561-0b9195f39791] Started GET "/w.json?query=marudedne&format_type=kento" for 52.192.195.195 at 2022-12-05 09:47:29 +0900
I, [2022-12-05T09:47:29.666317 #7489]  INFO -- : [d74499c2-7d72-4930-9177-e4baf9fd4d46] Started GET "/w.json?query=marudednd&format_type=kento" for 54.65.4.76 at 2022-12-05 09:47:29 +0900
I, [2022-12-05T09:47:29.685238 #7489]  INFO -- : [8ba740e4-2a58-461b-a9a4-23f6044b3372] Started GET "/w.json?query=marudedng&format_type=kento" for 35.78.169.97 at 2022-12-05 09:47:29 +0900
I, [2022-12-05T09:47:29.688471 #7491]  INFO -- : [2c6188a2-4e64-4199-8faa-025853e1838a] Started GET "/w.json?query=marudednm&format_type=kento" for 54.168.244.71 at 2022-12-05 09:47:29 +0900
I, [2022-12-05T09:47:48.754704 #7489]  INFO -- : [78f44f77-adde-4130-bec0-182d25ca525e] Started GET "/w.json?query=T123456789TZ&format_type=kento" for 35.79.24.188 at 2022-12-05 09:47:48 +0900
I, [2022-12-05T09:49:39.907566 #7491]  INFO -- : [49c14e96-29a8-4ac9-9d3b-6cd268f09e7c] Started GET "/w.json?query=machayuhki&format_type=kento" for 35.79.24.188 at 2022-12-05 09:49:39 +0900
I, [2022-12-05T09:51:49.298744 #7489]  INFO -- : [962a8844-ece6-4554-b650-3e26366df001] Started GET "/w.json?query=mikipuruun&format_type=kento" for 35.79.24.188 at 2022-12-05 09:51:49 +0900
I, [2022-12-05T09:58:56.479152 #7489]  INFO -- : [bd77594c-20cf-430d-b83d-bcc7a267b2a1] Started GET "/w.json?query=mikipuruun&format_type=kento" for 18.177.155.7 at 2022-12-05 09:58:56 +0900
I, [2022-12-05T10:04:12.157952 #7489]  INFO -- : [2debaef9-0151-4dd6-b723-13f149a936f3] Started GET "/w.json?query=hotarubukuro22&format_type=kento" for 18.177.155.7 at 2022-12-05 10:04:12 +0900
I, [2022-12-05T10:04:19.251273 #7491]  INFO -- : [90f8dbcb-ddb1-428a-a299-805523001884] Started GET "/w.json?query=mikipuruun&format_type=kento" for 18.177.155.79 at 2022-12-05 10:04:19 +0900
I, [2022-12-05T10:11:01.183518 #21969]  INFO -- : [a09a128f-da63-4f3e-9826-0d9bdb1ff903] Started GET "/w.json?query=hotarubukuro22&format_type=kento" for 18.177.155.79 at 2022-12-05 10:11:01 +0900
I, [2022-12-05T10:12:20.896917 #21971]  INFO -- : [0e2dc058-3209-45b7-adbe-e420a2e5b998] Started GET "/w.json?query=mikipuruun&format_type=kento" for 18.177.155.7 at 2022-12-05 10:12:20 +0900
I, [2022-12-05T10:12:33.528059 #21971]  INFO -- : [e0483d49-46be-40c1-b196-4722462f10a2] Started GET "/w.json?query=Daikitohinoki&format_type=kento" for 18.177.155.7 at 2022-12-05 10:12:33 +0900
I, [2022-12-05T10:12:38.237150 #21971]  INFO -- : [c9dd11b9-99e4-484e-8a99-0a3065838df1] Started GET "/w.json?query=Daikitohinoki&format_type=kento" for 18.177.155.7 at 2022-12-05 10:12:38 +0900
I, [2022-12-05T10:17:34.674940 #21969]  INFO -- : [6e159875-0082-4ac6-8200-41b974cf978d] Started GET "/w.json?query=Toshizo77020&format_type=kento" for 18.177.155.7 at 2022-12-05 10:17:34 +0900
I, [2022-12-05T10:17:34.912527 #21971]  INFO -- : [46737c61-bc0c-47aa-89f8-685e95840936] Started GET "/w.json?query=Toshizo77020&format_type=kento" for 18.177.155.7 at 2022-12-05 10:17:34 +0900
I, [2022-12-05T10:19:58.050799 #21971]  INFO -- : [a22fa682-78db-424a-89c8-df33da569e33] Started GET "/w.json?query=mikipuruun&format_type=kento" for 18.177.155.79 at 2022-12-05 10:19:58 +0900
I, [2022-12-05T10:23:01.269205 #21971]  INFO -- : [87a1f1a8-4f8a-47b2-a21f-e5225c1fd3d6] Started GET "/w.json?query=Daikitohinoki&format_type=kento" for 18.177.155.79 at 2022-12-05 10:23:01 +0900
I, [2022-12-05T10:33:30.125183 #21969]  INFO -- : [a1fb8af6-4509-45ac-9c3a-f0a1c85c60b7] Started GET "/w.json?query=mikipuruun&format_type=kento" for 13.114.114.64 at 2022-12-05 10:33:30 +0900
I, [2022-12-05T10:40:26.282033 #21969]  INFO -- : [d90420de-c4db-445b-ae6f-d80bb2bd1b43] Started GET "/w.json?query=mikipuruun&format_type=kento" for 13.114.114.64 at 2022-12-05 10:40:26 +0900
I, [2022-12-05T10:40:32.133358 #21969]  INFO -- : [324e83d5-1a68-43e6-910e-bc485948ed4f] Started GET "/w.json?format_type=kento&query=Harutoromeo" for 18.177.155.79 at 2022-12-05 10:40:32 +0900
I, [2022-12-05T10:45:39.200786 #21971]  INFO -- : [608e1ef2-0999-473c-b0a7-d76bb7d70da0] Started GET "/w.json?query=GH8810&format_type=kento" for 18.177.155.79 at 2022-12-05 10:45:39 +0900
I, [2022-12-05T10:45:40.308233 #21969]  INFO -- : [ce408ca7-b17f-4d7a-836e-00003fea29dd] Started GET "/w.json?query=Gon_8810&format_type=kento" for 13.115.245.77 at 2022-12-05 10:45:40 +0900
I, [2022-12-05T10:48:46.183768 #21971]  INFO -- : [d516d301-9adf-400c-b483-92e00abd5a8f] Started GET "/w.json?query=MEGUT&format_type=kento" for 18.177.155.79 at 2022-12-05 10:48:46 +0900
I, [2022-12-05T10:59:22.668068 #21969]  INFO -- : [b538d067-ff67-4182-89e9-421a94e10a88] Started GET "/w.json?query=komuginDX&format_type=kento" for 3.112.60.237 at 2022-12-05 10:59:22 +0900
I, [2022-12-05T11:11:32.855215 #21971]  INFO -- : [9d75dc85-029c-41e5-8377-c5aa2db026e5] Started GET "/w.json?query=marudednm&format_type=kento" for 3.112.60.237 at 2022-12-05 11:11:32 +0900
I, [2022-12-05T11:11:32.856563 #21969]  INFO -- : [fd0f8478-f51a-4692-a5f6-283b9be283e8] Started GET "/w.json?query=marudednf&format_type=kento" for 52.199.232.96 at 2022-12-05 11:11:32 +0900
I, [2022-12-05T11:11:32.862001 #21969]  INFO -- : [9243e8db-9a80-4b6a-8ea8-0f23465fdc0d] Started GET "/w.json?query=marudednb&format_type=kento" for 13.115.245.77 at 2022-12-05 11:11:32 +0900
I, [2022-12-05T11:11:33.362798 #21971]  INFO -- : [5ebdc501-56b2-43cf-8e44-cb5e5b406896] Started GET "/w.json?query=marudednd&format_type=kento" for 52.199.232.96 at 2022-12-05 11:11:33 +0900
I, [2022-12-05T11:11:33.482293 #21971]  INFO -- : [7e0f9363-2eaf-4476-9c19-b7c2019107b8] Started GET "/w.json?query=marudednb&format_type=kento" for 3.112.60.237 at 2022-12-05 11:11:33 +0900
I, [2022-12-05T11:11:33.753550 #21969]  INFO -- : [39071aae-7197-41ab-9612-546ee07e6dd2] Started GET "/w.json?query=marudedna&format_type=kento" for 35.77.72.176 at 2022-12-05 11:11:33 +0900
I, [2022-12-05T11:11:33.821060 #21971]  INFO -- : [2dc8a48a-0905-4399-9f1b-aadec6709547] Started GET "/w.json?query=marudednd&format_type=kento" for 54.238.233.191 at 2022-12-05 11:11:33 +0900
I, [2022-12-05T11:11:33.854384 #21971]  INFO -- : [dad3901c-d69f-431b-b83d-47a624f8d1b3] Started GET "/w.json?query=marudedng&format_type=kento" for 54.199.179.10 at 2022-12-05 11:11:33 +0900
I, [2022-12-05T11:11:33.879884 #21969]  INFO -- : [97df5466-b452-4063-a317-6cba55b203b4] Started GET "/w.json?query=marudedne&format_type=kento" for 3.112.59.72 at 2022-12-05 11:11:33 +0900
I, [2022-12-05T11:11:34.229597 #21971]  INFO -- : [061ff230-dcaf-436f-ae65-83743bbf0455] Started GET "/w.json?query=marudednm&format_type=kento" for 18.178.203.174 at 2022-12-05 11:11:34 +0900
I, [2022-12-05T11:11:34.273892 #21969]  INFO -- : [e1c229ac-408d-4128-b151-8513d749b6d1] Started GET "/w.json?query=marudednf&format_type=kento" for 35.77.41.38 at 2022-12-05 11:11:34 +0900
I, [2022-12-05T11:11:34.301440 #21971]  INFO -- : [8f057167-6175-4203-a4f5-4d51250de815] Started GET "/w.json?query=marudedne&format_type=kento" for 13.112.199.28 at 2022-12-05 11:11:34 +0900
I, [2022-12-05T11:11:34.346561 #21969]  INFO -- : [d0917db3-0c18-48f9-8945-bb9c2359978c] Started GET "/w.json?query=marudedng&format_type=kento" for 43.206.152.63 at 2022-12-05 11:11:34 +0900
I, [2022-12-05T11:11:34.423204 #21969]  INFO -- : [e213730d-cd75-45f6-b43e-c105721e391a] Started GET "/w.json?query=marudedna&format_type=kento" for 52.196.151.190 at 2022-12-05 11:11:34 +0900
I, [2022-12-05T11:11:35.358424 #21969]  INFO -- : [473bf765-990a-4c13-8abb-a0b1197ae680] Started GET "/w.json?query=marudedna&format_type=kento" for 13.112.199.28 at 2022-12-05 11:11:35 +0900
I, [2022-12-05T11:11:35.365586 #21971]  INFO -- : [4bcb4192-2ba7-4a8b-b44b-79d50d184c33] Started GET "/w.json?query=marudedne&format_type=kento" for 35.77.41.38 at 2022-12-05 11:11:35 +0900
I, [2022-12-05T11:11:35.367433 #21969]  INFO -- : [45998d87-86ba-4f19-9705-bd6fe7de7cbe] Started GET "/w.json?query=marudednd&format_type=kento" for 43.206.152.63 at 2022-12-05 11:11:35 +0900
I, [2022-12-05T11:11:35.369021 #21971]  INFO -- : [8dcbb415-d1a7-4970-9066-f2c1d2b06414] Started GET "/w.json?query=marudednm&format_type=kento" for 13.115.245.77 at 2022-12-05 11:11:35 +0900
I, [2022-12-05T11:11:35.373390 #21971]  INFO -- : [28ab1a55-9d6a-4ceb-b295-1d5332f2c816] Started GET "/w.json?query=marudednb&format_type=kento" for 3.112.59.72 at 2022-12-05 11:11:35 +0900
I, [2022-12-05T11:11:35.376849 #21971]  INFO -- : [0fa7462c-2c18-4faf-a5e6-ba6812b47fde] Started GET "/w.json?query=marudednf&format_type=kento" for 54.199.179.10 at 2022-12-05 11:11:35 +0900
I, [2022-12-05T11:11:35.372073 #21971]  INFO -- : [9eedf8e1-bddd-48dd-90cb-4f6450f3bc94] Started GET "/w.json?query=marudedng&format_type=kento" for 18.178.203.174 at 2022-12-05 11:11:35 +0900
I, [2022-12-05T11:17:55.318193 #21971]  INFO -- : [0be38e1e-3461-4d54-bd6d-433b10cc9008] Started GET "/w.json?query=marudednd&format_type=kento" for 13.115.245.77 at 2022-12-05 11:17:55 +0900
I, [2022-12-05T11:17:55.324491 #21969]  INFO -- : [ba41d378-e945-4852-a117-d5ba157253bc] Started GET "/w.json?query=marudednb&format_type=kento" for 52.199.232.96 at 2022-12-05 11:17:55 +0900
I, [2022-12-05T11:17:55.351586 #21971]  INFO -- : [bf8369c8-e2eb-4c70-aaae-8b01fc32bea6] Started GET "/w.json?query=marudednf&format_type=kento" for 18.183.133.32 at 2022-12-05 11:17:55 +0900
I, [2022-12-05T11:17:55.356948 #21969]  INFO -- : [d53eee05-1732-482d-9419-05f55d97565b] Started GET "/w.json?query=marudedng&format_type=kento" for 35.77.72.176 at 2022-12-05 11:17:55 +0900
I, [2022-12-05T11:17:55.365260 #21971]  INFO -- : [fdc69c64-8783-4bf0-8c8d-0ae4bfde360c] Started GET "/w.json?query=marudedna&format_type=kento" for 13.112.199.28 at 2022-12-05 11:17:55 +0900
I, [2022-12-05T11:17:55.377687 #21971]  INFO -- : [9119a62a-c60d-43f5-86e3-5614b54a915c] Started GET "/w.json?query=marudednm&format_type=kento" for 3.112.59.72 at 2022-12-05 11:17:55 +0900
I, [2022-12-05T11:17:56.407143 #21971]  INFO -- : [bd86ecd8-1d12-4e29-b3fb-a1c46a5753c7] Started GET "/w.json?query=marudedne&format_type=kento" for 54.64.255.61 at 2022-12-05 11:17:56 +0900
I, [2022-12-05T11:19:05.071735 #21971]  INFO -- : [66b5d63f-8f5f-401b-9bad-6817554e442d] Started GET "/w.json?query=fujintv&format_type=kento" for 54.64.255.61 at 2022-12-05 11:19:05 +0900
I, [2022-12-05T11:30:07.730384 #21971]  INFO -- : [9b9df4fe-ee31-4014-96ae-d7d0b15a3e0e] Started GET "/w.json?query=hirofumiyasu&format_type=kento" for 35.78.65.243 at 2022-12-05 11:30:07 +0900
I, [2022-12-05T11:30:27.621476 #21969]  INFO -- : [916af7a1-6ba6-4a61-a6da-52758dae02f1] Started GET "/w.json?query=hirofumiyasu&format_type=kento" for 54.64.255.61 at 2022-12-05 11:30:27 +0900
I, [2022-12-05T11:32:12.327935 #21969]  INFO -- : [ee0dbedf-ac56-41d3-8d62-7d3756acdd10] Started GET "/w.json?query=sawahide&format_type=kento" for 54.64.255.61 at 2022-12-05 11:32:12 +0900
I, [2022-12-05T11:32:13.522941 #21971]  INFO -- : [2fe7f4d8-beaa-442b-8caf-22168d326528] Started GET "/w.json?query=blackheat&format_type=kento" for 52.194.184.137 at 2022-12-05 11:32:13 +0900
I, [2022-12-05T11:33:11.796260 #21971]  INFO -- : [d507fe7d-2b80-446e-aedd-096a7d3a82f2] Started GET "/w.json?format_type=kento&query=Hanjinngo" for 52.194.184.137 at 2022-12-05 11:33:11 +0900
I, [2022-12-05T11:33:20.932244 #21971]  INFO -- : [d032aa89-4873-445a-a01e-3fd3ce58e6f6] Started GET "/w.json?format_type=kento&query=Hanjinngo" for 52.194.184.137 at 2022-12-05 11:33:20 +0900
I, [2022-12-05T11:33:22.060699 #21971]  INFO -- : [8af3b5a9-ff03-4710-b8d8-86c73722cb85] Started GET "/w.json?format_type=kento&query=Hanjinngo" for 52.194.184.137 at 2022-12-05 11:33:22 +0900
I, [2022-12-05T11:38:34.252600 #21971]  INFO -- : [1a09c7d6-e0a4-49d8-8b61-a8bbb48556b3] Started GET "/w.json?query=YOUNATTU&format_type=kento" for 52.194.184.137 at 2022-12-05 11:38:34 +0900
I, [2022-12-05T11:38:34.507153 #21971]  INFO -- : [4a2490b3-4803-405f-9fcb-5d9766ad6aef] Started GET "/w.json?query=YOUNATTU&format_type=kento" for 52.194.184.137 at 2022-12-05 11:38:34 +0900
I, [2022-12-05T11:41:40.593188 #21969]  INFO -- : [3044f252-2773-44d8-b4fd-521b49261e27] Started GET "/w.json?query=YOUNATTU&format_type=kento" for 54.64.255.61 at 2022-12-05 11:41:40 +0900
I, [2022-12-05T11:42:52.632064 #21969]  INFO -- : [19fb5179-96a3-408a-b077-6f51740a4384] Started GET "/w.json?query=YOUNATTU&format_type=kento" for 54.64.255.61 at 2022-12-05 11:42:52 +0900
I, [2022-12-05T11:43:16.250056 #21971]  INFO -- : [86237264-de71-4f40-805d-f935bed9459c] Started GET "/w.json?query=YOUNATTU&format_type=kento" for 54.64.255.61 at 2022-12-05 11:43:16 +0900
I, [2022-12-05T11:43:22.426710 #21969]  INFO -- : [9cf99e00-e401-4315-a950-c6e873b83b2d] Started GET "/w.json?query=YOUNATTU&format_type=kento" for 54.64.255.61 at 2022-12-05 11:43:22 +0900
I, [2022-12-05T11:43:31.293293 #21969]  INFO -- : [a7409b45-87be-4918-acda-15f06ffa4871] Started GET "/w.json?query=YOUNATTU&format_type=kento" for 54.64.255.61 at 2022-12-05 11:43:31 +0900
I, [2022-12-05T11:44:09.571905 #21969]  INFO -- : [f8b412c9-445d-47fb-bcf6-c99f95cf0f33] Started GET "/w.json?query=tomiel&format_type=kento" for 54.64.255.61 at 2022-12-05 11:44:09 +0900
I, [2022-12-05T11:44:26.850041 #21971]  INFO -- : [f43a6880-9c64-47dd-99e6-1468aaa57457] Started GET "/w.json?query=YOUNATTU&format_type=kento" for 18.179.152.166 at 2022-12-05 11:44:26 +0900
I, [2022-12-05T11:50:02.391758 #5830]  INFO -- : [9530e90a-c5cf-4ba9-94d4-e01af14d9416] Started GET "/w.json?query=Yu_masa10&format_type=kento" for 54.64.255.61 at 2022-12-05 11:50:02 +0900
I, [2022-12-05T11:50:02.474811 #5828]  INFO -- : [7068aff7-25cb-47eb-a2ca-61bc8619e49e] Started GET "/w.json?query=Maitankurou4&format_type=kento" for 18.179.152.166 at 2022-12-05 11:50:02 +0900
I, [2022-12-05T11:50:04.167981 #5828]  INFO -- : [6fda2fc4-1d3e-4990-8302-54bd84de0633] Started GET "/w.json?query=Maitankurou4&format_type=kento" for 18.179.152.166 at 2022-12-05 11:50:04 +0900
I, [2022-12-05T11:50:05.082185 #5830]  INFO -- : [65008f45-c6ea-4c97-a590-3236fd9c1fbf] Started GET "/w.json?query=Yu_masa10&format_type=kento" for 52.196.151.190 at 2022-12-05 11:50:05 +0900
I, [2022-12-05T11:57:08.445787 #5830]  INFO -- : [785b34c9-943d-4c65-94cf-a277b7805f7b] Started GET "/w.json?query=Maitankurou4&format_type=kento" for 54.64.255.61 at 2022-12-05 11:57:08 +0900
I, [2022-12-05T11:57:08.453686 #5830]  INFO -- : [511014ac-af85-4bce-8c86-11f99e1cd2ca] Started GET "/w.json?query=Yu_masa10&format_type=kento" for 52.196.151.190 at 2022-12-05 11:57:08 +0900
I, [2022-12-05T12:12:34.429656 #21086]  INFO -- : [89495a4f-3c97-4cf7-8101-deb37242f356] Started GET "/w.json?query=MEGUT&format_type=kento" for 52.196.151.190 at 2022-12-05 12:12:34 +0900
I, [2022-12-05T12:12:39.342692 #21084]  INFO -- : [41c74ec7-51ab-4d45-a1d6-7cf2ea24c683] Started GET "/w.json?query=MEGUT&format_type=kento" for 3.112.236.172 at 2022-12-05 12:12:39 +0900
I, [2022-12-05T12:17:19.553794 #21084]  INFO -- : [edda983a-66ac-445c-98fc-f34ddd6b6fe6] Started GET "/w.json?query=kitesurf&format_type=kento" for 3.112.236.172 at 2022-12-05 12:17:19 +0900
I, [2022-12-05T12:17:31.320164 #21086]  INFO -- : [ebaac01b-1587-4667-b4af-f05b184e694b] Started GET "/w.json?query=fujintv&format_type=kento" for 52.196.151.190 at 2022-12-05 12:17:31 +0900
I, [2022-12-05T12:17:58.376144 #21086]  INFO -- : [b549f25c-41e1-4e3d-9533-7fe16746b719] Started GET "/w.json?query=kitesurf&format_type=kento" for 52.196.151.190 at 2022-12-05 12:17:58 +0900
I, [2022-12-05T12:21:29.928465 #21084]  INFO -- : [9e7cbd71-e435-42be-a2fc-a84e59d4b73e] Started GET "/w.json?query=marudedna&format_type=kento" for 52.196.151.190 at 2022-12-05 12:21:29 +0900
I, [2022-12-05T12:21:30.956571 #21084]  INFO -- : [bcafa491-d20c-43ba-a320-8fb64e11d2c5] Started GET "/w.json?query=marudednd&format_type=kento" for 18.182.50.245 at 2022-12-05 12:21:30 +0900
I, [2022-12-05T12:21:30.998932 #21084]  INFO -- : [398eefc8-2e73-4bb6-880f-3e878d4c0289] Started GET "/w.json?query=marudednm&format_type=kento" for 35.78.246.111 at 2022-12-05 12:21:30 +0900
I, [2022-12-05T12:21:31.006523 #21084]  INFO -- : [11434944-8322-4349-9772-1a07a74fffdf] Started GET "/w.json?query=marudednf&format_type=kento" for 54.199.154.184 at 2022-12-05 12:21:31 +0900
I, [2022-12-05T12:21:31.026487 #21086]  INFO -- : [579cace2-8e99-4cce-b4cb-937402b90f34] Started GET "/w.json?query=marudedng&format_type=kento" for 18.179.47.143 at 2022-12-05 12:21:31 +0900
I, [2022-12-05T12:21:31.058590 #21086]  INFO -- : [ae8e84bc-2e89-4f6d-ad56-1fcda4c9d68b] Started GET "/w.json?query=marudedne&format_type=kento" for 13.231.163.46 at 2022-12-05 12:21:31 +0900
I, [2022-12-05T12:21:31.092884 #21084]  INFO -- : [9958fc54-7fcd-4809-8693-be2b7bd5921d] Started GET "/w.json?query=marudednb&format_type=kento" for 52.199.162.54 at 2022-12-05 12:21:31 +0900
I, [2022-12-05T12:25:29.822029 #21086]  INFO -- : [a05fec53-7366-4654-920e-292a46042ff9] Started GET "/w.json?format_type=kento&query=verdura" for 52.199.162.54 at 2022-12-05 12:25:29 +0900
I, [2022-12-05T12:28:31.462424 #21086]  INFO -- : [78d32658-a69b-44ed-ad4b-be19ff2b95a6] Started GET "/w.json?query=kitesurf&format_type=kento" for 18.179.47.143 at 2022-12-05 12:28:31 +0900
I, [2022-12-05T12:28:46.486455 #21084]  INFO -- : [0f4f25e7-271e-42a3-9855-5e39f4809e24] Started GET "/w.json?query=ssaaii&format_type=kento" for 54.199.154.184 at 2022-12-05 12:28:46 +0900
I, [2022-12-05T12:29:29.077293 #21084]  INFO -- : [1e457391-67fc-4a3b-a7e3-7256b5f932ad] Started GET "/w.json?query=ssaaii&format_type=kento" for 54.199.154.184 at 2022-12-05 12:29:29 +0900
I, [2022-12-05T12:30:25.069870 #21084]  INFO -- : [ff194f62-b9d7-43bc-9fbe-7e910f649dc9] Started GET "/w.json?query=MEGUT&format_type=kento" for 18.179.47.143 at 2022-12-05 12:30:25 +0900
I, [2022-12-05T12:32:26.672282 #21086]  INFO -- : [a4041953-711d-4e4a-9554-020f0cf97e8a] Started GET "/w.json?query=ssaaii&format_type=kento" for 18.179.47.143 at 2022-12-05 12:32:26 +0900
I, [2022-12-05T12:34:47.929087 #21084]  INFO -- : [72417457-aef7-401e-8782-c6ef7758fdf8] Started GET "/w.json?query=AlexParao&format_type=kento" for 54.199.154.184 at 2022-12-05 12:34:47 +0900
I, [2022-12-05T12:34:49.040346 #21086]  INFO -- : [baf95375-96a4-4f2b-b3fd-580eb75027e4] Started GET "/w.json?query=parao_nta&format_type=kento" for 54.65.130.33 at 2022-12-05 12:34:49 +0900
I, [2022-12-05T12:36:06.382841 #21084]  INFO -- : [493474e8-321d-4252-a48e-21fdcc608390] Started GET "/w.json?query=ssaaii&format_type=kento" for 54.65.130.33 at 2022-12-05 12:36:06 +0900
I, [2022-12-05T12:40:33.661339 #21086]  INFO -- : [7d1b8883-2845-4f47-a09a-9c4056ac5400] Started GET "/w.json?format_type=kento&query=Harutoromeo" for 54.199.154.184 at 2022-12-05 12:40:33 +0900
I, [2022-12-05T12:43:08.580523 #21086]  INFO -- : [e7df9779-4bc6-4e42-99f7-fcb3e0ac1023] Started GET "/w.json?query=toki1946&format_type=kento" for 18.179.47.143 at 2022-12-05 12:43:08 +0900
I, [2022-12-05T12:45:01.676824 #21084]  INFO -- : [5445fd0c-adc3-4e38-bda1-92b63760ccf9] Started GET "/w.json?format_type=kento&query=chogenbow" for 18.179.47.143 at 2022-12-05 12:45:01 +0900
I, [2022-12-05T12:47:48.351405 #21086]  INFO -- : [a01ba129-dcc6-49dd-9875-3cdd1104d097] Started GET "/w.json?query=parao_nta&format_type=kento" for 52.196.136.167 at 2022-12-05 12:47:48 +0900
I, [2022-12-05T12:47:48.357955 #21084]  INFO -- : [b816007e-f224-4710-a362-7da905311ef0] Started GET "/w.json?query=AlexParao&format_type=kento" for 35.77.195.240 at 2022-12-05 12:47:48 +0900
I, [2022-12-05T12:51:59.238379 #21086]  INFO -- : [138c5035-3e84-421b-94cc-3b84192dd354] Started GET "/w.json?query=92_makoto&format_type=kento" for 35.77.195.240 at 2022-12-05 12:51:59 +0900
I, [2022-12-05T12:52:31.786504 #21084]  INFO -- : [c237a011-f793-4716-b869-afdfffc58aef] Started GET "/w.json?query=MEGUT&format_type=kento" for 52.196.136.167 at 2022-12-05 12:52:31 +0900
I, [2022-12-05T12:55:48.360679 #21086]  INFO -- : [90601f33-53bc-4c10-9c32-dcb45c8a0b6a] Started GET "/w.json?query=Anzanshi&format_type=kento" for 35.77.195.240 at 2022-12-05 12:55:48 +0900
I, [2022-12-05T12:56:10.914046 #21086]  INFO -- : [59299d06-951b-424a-9c82-6a76992ba8de] Started GET "/w.json?query=miha176&format_type=kento" for 35.77.195.240 at 2022-12-05 12:56:10 +0900
I, [2022-12-05T12:56:14.973408 #21086]  INFO -- : [759d8982-87a7-4e74-b1fd-eada08dad294] Started GET "/w.json?query=miha176&format_type=kento" for 35.77.195.240 at 2022-12-05 12:56:14 +0900
I, [2022-12-05T12:56:58.545738 #21086]  INFO -- : [dc4694f1-592e-4222-b9ba-f913bc35db91] Started GET "/w.json?format_type=kento&query=na_o_ys" for 54.199.154.184 at 2022-12-05 12:56:58 +0900
I, [2022-12-05T13:00:35.785817 #21084]  INFO -- : [bd5d16a7-52f7-41c9-909b-385ddd78d183] Started GET "/w.json?query=Anzanshi&format_type=kento" for 52.196.136.167 at 2022-12-05 13:00:35 +0900
I, [2022-12-05T13:07:33.296419 #21084]  INFO -- : [98927b80-6ffa-45a8-9316-4e9fc9cb62ec] Started GET "/w.json?format_type=kento&query=na_o_ys" for 18.181.189.13 at 2022-12-05 13:07:33 +0900
I, [2022-12-05T13:07:33.980939 #21086]  INFO -- : [3384acd0-5750-437c-bbc1-e4da071853af] Started GET "/w.json?format_type=kento&query=na_o_ys" for 18.181.189.13 at 2022-12-05 13:07:33 +0900
I, [2022-12-05T13:09:59.432777 #21084]  INFO -- : [50fae5a8-c953-4eeb-9421-26a57c3df085] Started GET "/w.json?query=92_makoto&format_type=kento" for 18.181.189.13 at 2022-12-05 13:09:59 +0900
I, [2022-12-05T13:11:07.840062 #21086]  INFO -- : [59b92727-ca18-4b95-831a-229fa1b70e69] Started GET "/w.json?query=Yokaibaka&format_type=kento" for 18.181.189.13 at 2022-12-05 13:11:07 +0900
I, [2022-12-05T13:11:08.996418 #21086]  INFO -- : [f26067ad-2308-4305-8c29-b3e8e8e56d37] Started GET "/w.json?query=Yokaibaka&format_type=kento" for 18.181.189.13 at 2022-12-05 13:11:08 +0900
I, [2022-12-05T13:11:11.348214 #21084]  INFO -- : [cf982160-5805-4560-8ea1-2133878d653a] Started GET "/w.json?query=Yokaibaka&format_type=kento" for 18.181.189.13 at 2022-12-05 13:11:11 +0900
I, [2022-12-05T13:13:50.506562 #21084]  INFO -- : [0c5d67ba-2c0f-402b-9913-c2fd0fa51f65] Started GET "/w.json?query=Yoshi_TYM&format_type=kento" for 35.77.195.240 at 2022-12-05 13:13:50 +0900
I, [2022-12-05T13:14:42.735946 #21086]  INFO -- : [3f54f721-76dd-4d68-90b5-1a8ae218aa62] Started GET "/w.json?format_type=kento&query=na_o_ys" for 35.74.242.95 at 2022-12-05 13:14:42 +0900
I, [2022-12-05T13:15:04.439467 #21086]  INFO -- : [69ea6bd3-54f8-44ca-bfba-8978d8fc7881] Started GET "/w.json?query=Yoshi_TYM&format_type=kento" for 35.77.195.240 at 2022-12-05 13:15:04 +0900
I, [2022-12-05T13:17:35.963946 #21086]  INFO -- : [13113ceb-740b-4b8c-9dc9-dbebaa49b303] Started GET "/w.json?query=92_makoto&format_type=kento" for 35.74.242.95 at 2022-12-05 13:17:35 +0900
I, [2022-12-05T13:17:44.968978 #21084]  INFO -- : [51369eb7-93f9-4340-83f6-ccc3de941a35] Started GET "/w.json?query=hinopapa&format_type=kento" for 35.74.242.95 at 2022-12-05 13:17:44 +0900
I, [2022-12-05T13:30:53.059493 #21084]  INFO -- : [4ddfb0c4-5cde-462a-b512-5f8c5ee4aad1] Started GET "/w.json?query=92_makoto&format_type=kento" for 54.199.211.187 at 2022-12-05 13:30:53 +0900
I, [2022-12-05T13:36:08.997530 #21086]  INFO -- : [be3ef557-0f1b-427b-9f49-3475d657e127] Started GET "/w.json?query=92_makoto&format_type=kento" for 35.77.195.240 at 2022-12-05 13:36:08 +0900
I, [2022-12-05T13:42:02.020004 #21086]  INFO -- : [b545f799-9c1a-4182-bbbe-fc5fc924c4c6] Started GET "/w.json?query=hinopapa&format_type=kento" for 35.77.195.240 at 2022-12-05 13:42:02 +0900
I, [2022-12-05T13:42:58.643331 #21086]  INFO -- : [d1ac99a9-e9c8-4c05-afd5-43a2aa2b1d92] Started GET "/w.json?format_type=kento&query=Az_nyan" for 54.199.211.187 at 2022-12-05 13:42:58 +0900
I, [2022-12-05T13:47:09.883070 #21084]  INFO -- : [f6266e36-af9a-448f-84e9-ab39afa687a8] Started GET "/w.json?format_type=kento&query=okayama_shogi" for 54.199.211.187 at 2022-12-05 13:47:09 +0900
I, [2022-12-05T13:47:09.956314 #21084]  INFO -- : [9c722b06-d357-4150-871a-bcfdf1a05872] Started GET "/w.json?format_type=kento&query=kamonegiw" for 3.115.9.175 at 2022-12-05 13:47:09 +0900
I, [2022-12-05T13:47:17.906283 #21086]  INFO -- : [c97d8827-985a-4a83-95e9-981f87972a7d] Started GET "/w.json?format_type=kento&query=kamonegiw" for 54.199.211.187 at 2022-12-05 13:47:17 +0900
I, [2022-12-05T13:47:17.906303 #21084]  INFO -- : [1a27724c-0987-4b86-806d-a8852ab1bab8] Started GET "/w.json?format_type=kento&query=okayama_shogi" for 54.248.65.241 at 2022-12-05 13:47:17 +0900
I, [2022-12-05T13:57:10.648618 #21086]  INFO -- : [241b1a89-e39b-40b2-981c-c089cc81ee24] Started GET "/w.json?query=match0100&format_type=kento" for 54.199.211.187 at 2022-12-05 13:57:10 +0900
I, [2022-12-05T13:57:12.015117 #21084]  INFO -- : [afabebe8-566b-4eed-99b7-606e34ae8737] Started GET "/w.json?query=match0511&format_type=kento" for 52.194.241.195 at 2022-12-05 13:57:12 +0900
I, [2022-12-05T13:57:47.751890 #21086]  INFO -- : [53eb3ea3-f3a1-40b1-99e6-4d628611ea52] Started GET "/w.json?query=furibisya2000&format_type=kento" for 54.199.211.187 at 2022-12-05 13:57:47 +0900
I, [2022-12-05T14:05:23.636412 #21086]  INFO -- : [9f514faf-9de1-4a47-a8f1-36bba08c19e6] Started GET "/w.json?query=Yokaibaka&format_type=kento" for 54.199.211.187 at 2022-12-05 14:05:23 +0900
I, [2022-12-05T14:09:09.660111 #21084]  INFO -- : [361298c2-ef12-4c8b-9ff5-a38bcd63b42c] Started GET "/w.json?query=hinopapa&format_type=kento" for 3.115.9.175 at 2022-12-05 14:09:09 +0900
I, [2022-12-05T14:09:32.923199 #21084]  INFO -- : [6b6f1be4-49a0-4394-80ed-1f8c86e63d0b] Started GET "/w.json?query=MEGUT&format_type=kento" for 54.199.211.187 at 2022-12-05 14:09:32 +0900
I, [2022-12-05T14:09:45.794751 #21086]  INFO -- : [98a6ed4a-b379-4abf-a3d1-d3e88a29fd87] Started GET "/w.json?query=MEGUT&format_type=kento" for 3.115.9.175 at 2022-12-05 14:09:45 +0900
I, [2022-12-05T14:12:22.452362 #21086]  INFO -- : [d551d865-a32a-48a7-8202-f310386cd644] Started GET "/w.json?query=uvalaw2010&format_type=kento" for 35.77.40.44 at 2022-12-05 14:12:22 +0900
I, [2022-12-05T14:12:25.447580 #21084]  INFO -- : [3b147cdd-8523-4688-a4e3-96141d0901a1] Started GET "/w.json?query=uvalaw2010&format_type=kento" for 35.77.40.44 at 2022-12-05 14:12:25 +0900
I, [2022-12-05T14:14:48.899890 #21086]  INFO -- : [828d9e35-f7f8-4e22-b44a-c41e4f0ef46d] Started GET "/w.json?query=UtadaHikaru&format_type=kento" for 3.115.9.175 at 2022-12-05 14:14:48 +0900
I, [2022-12-05T14:15:17.412990 #21086]  INFO -- : [e6a279b3-4190-472b-91f0-066c3ea1ba27] Started GET "/w.json?format_type=kento&query=nzoom" for 35.77.40.44 at 2022-12-05 14:15:17 +0900
I, [2022-12-05T14:20:39.480040 #21084]  INFO -- : [25071a19-f5ed-4b8d-8031-cadca7b873d7] Started GET "/w.json?query=tomotyan0116&format_type=kento" for 3.115.9.175 at 2022-12-05 14:20:39 +0900
I, [2022-12-05T14:20:40.521153 #21084]  INFO -- : [c203fb64-435b-4abd-ae5a-61f7923ead94] Started GET "/w.json?query=tomotyan0116&format_type=kento" for 35.77.40.44 at 2022-12-05 14:20:40 +0900
I, [2022-12-05T14:20:45.672693 #21086]  INFO -- : [620935c2-260f-4314-bec2-e25a06e2882b] Started GET "/w.json?query=tomotyan0116&format_type=kento" for 3.115.9.175 at 2022-12-05 14:20:45 +0900
I, [2022-12-05T14:26:51.623824 #21086]  INFO -- : [5dfa77c3-ff6b-4dca-8864-0cb7c7eb9c15] Started GET "/w.json?query=uvalaw2010&format_type=kento" for 35.77.40.44 at 2022-12-05 14:26:51 +0900
I, [2022-12-05T14:43:59.448705 #21086]  INFO -- : [d80c8577-8c84-4d20-aa53-5603c42d0f78] Started GET "/w.json?query=uvalaw2010&format_type=kento" for 35.77.40.44 at 2022-12-05 14:43:59 +0900
I, [2022-12-05T14:48:39.976340 #21084]  INFO -- : [ab9cc5f5-4ae0-4714-8104-4ddec65489ee] Started GET "/w.json?query=MEGUT&format_type=kento" for 35.77.40.44 at 2022-12-05 14:48:39 +0900
I, [2022-12-05T14:52:31.316150 #21086]  INFO -- : [382b13d5-14fd-417a-b113-cf8cf19790c1] Started GET "/w.json?query=komuginDX&format_type=kento" for 13.230.140.80 at 2022-12-05 14:52:31 +0900
I, [2022-12-05T14:52:33.355951 #21086]  INFO -- : [b08cbac2-0375-431c-a5bc-ada95f1db480] Started GET "/w.json?format_type=kento&query=Kohainusan" for 13.114.175.56 at 2022-12-05 14:52:33 +0900
I, [2022-12-05T14:52:33.707190 #21086]  INFO -- : [f3291724-d611-40e6-bd05-6bd9a00c906c] Started GET "/w.json?query=komuginDX&format_type=kento" for 13.230.140.80 at 2022-12-05 14:52:33 +0900
I, [2022-12-05T14:54:46.370868 #21086]  INFO -- : [e14b9fc7-b5a8-4136-b849-f948eb3f2373] Started GET "/w.json?query=MEGUT&format_type=kento" for 13.114.175.56 at 2022-12-05 14:54:46 +0900
I, [2022-12-05T15:04:31.134218 #21084]  INFO -- : [aad3271d-cc1b-4324-83ad-a8eb399a2a7d] Started GET "/w.json?format_type=kento&query=1412222" for 35.77.40.44 at 2022-12-05 15:04:31 +0900
I, [2022-12-05T15:04:32.170313 #21086]  INFO -- : [9350f38a-b1ab-4a27-888b-d60f11d79125] Started GET "/w.json?format_type=kento&query=1809708" for 3.112.90.29 at 2022-12-05 15:04:32 +0900
I, [2022-12-05T15:04:32.209512 #21086]  INFO -- : [f63e62c4-7d76-4a1d-a830-2783e2b1b6a0] Started GET "/w.json?query=cx302020&format_type=kento" for 35.79.17.160 at 2022-12-05 15:04:32 +0900
I, [2022-12-05T15:04:37.691947 #21084]  INFO -- : [b056836e-dff3-4495-8155-353c24c65fbe] Started GET "/w.json?format_type=kento&query=1412222" for 3.112.90.29 at 2022-12-05 15:04:37 +0900
I, [2022-12-05T15:04:37.702984 #21086]  INFO -- : [2e038570-9d37-4aa7-b4ed-4ba1d9299423] Started GET "/w.json?query=cx302020&format_type=kento" for 35.79.17.160 at 2022-12-05 15:04:37 +0900
I, [2022-12-05T15:04:37.726854 #21086]  INFO -- : [fb0b9620-d2a2-445b-b365-d3da81b4a8cc] Started GET "/w.json?format_type=kento&query=1809708" for 35.77.40.44 at 2022-12-05 15:04:37 +0900
I, [2022-12-05T15:06:14.585514 #21086]  INFO -- : [231ced30-c788-40b4-972e-c4269d317ddb] Started GET "/w.json?query=nuts2&format_type=kento" for 35.77.40.44 at 2022-12-05 15:06:14 +0900
I, [2022-12-05T15:12:53.028676 #21084]  INFO -- : [1e274857-1325-40bc-9bfd-2d93c9d63ab6] Started GET "/w.json?query=MEGUT&format_type=kento" for 35.79.17.160 at 2022-12-05 15:12:53 +0900
I, [2022-12-05T15:25:14.995630 #21084]  INFO -- : [9722168f-4e3c-4751-a20f-42ac62f17d11] Started GET "/w.json?query=uvalaw2010&format_type=kento" for 13.230.150.91 at 2022-12-05 15:25:14 +0900
I, [2022-12-05T15:32:38.297872 #21084]  INFO -- : [7b193f57-03c8-44e9-a137-81c3d1ce822b] Started GET "/w.json?format_type=kento&query=wousworflex" for 35.79.17.160 at 2022-12-05 15:32:38 +0900
I, [2022-12-05T15:34:17.747234 #21084]  INFO -- : [8782beca-8da1-46a3-acc3-1d5cbc863ceb] Started GET "/w.json?format_type=kento&query=HaraMasa1111" for 35.79.17.160 at 2022-12-05 15:34:17 +0900
I, [2022-12-05T15:34:17.864388 #21084]  INFO -- : [beef19c3-e7df-492f-af69-3d4396109170] Started GET "/w.json?query=dama31111&format_type=kento" for 13.230.150.91 at 2022-12-05 15:34:17 +0900
I, [2022-12-05T15:34:21.514900 #21084]  INFO -- : [5eacd2b7-2997-43c9-bd82-76c11ca428aa] Started GET "/w.json?format_type=kento&query=HaraMasa1111" for 35.79.17.160 at 2022-12-05 15:34:21 +0900
I, [2022-12-05T15:34:21.518755 #21086]  INFO -- : [23d51f2c-bca1-4adf-b7fd-696820d35e5a] Started GET "/w.json?query=dama31111&format_type=kento" for 13.230.150.91 at 2022-12-05 15:34:21 +0900
I, [2022-12-05T15:36:36.960540 #21086]  INFO -- : [8a5ee9dc-b10c-4f32-b16c-7838abf8c911] Started GET "/w.json?query=midori92&format_type=kento" for 13.230.150.91 at 2022-12-05 15:36:36 +0900
I, [2022-12-05T15:38:49.389734 #21084]  INFO -- : [3449bc08-2381-4f24-8723-899c8c79d0f1] Started GET "/w.json?format_type=kento&query=dcsyhi2" for 13.230.150.91 at 2022-12-05 15:38:49 +0900
I, [2022-12-05T15:39:38.564473 #21086]  INFO -- : [44816d88-ef0e-4acc-af52-309722a0c895] Started GET "/w.json?format_type=kento&query=1412222" for 35.79.17.160 at 2022-12-05 15:39:38 +0900
I, [2022-12-05T15:39:38.605405 #21084]  INFO -- : [32f4f31b-81e2-4401-9769-f97aab0774ad] Started GET "/w.json?format_type=kento&query=1809708" for 13.230.150.91 at 2022-12-05 15:39:38 +0900
I, [2022-12-05T15:39:39.665120 #21086]  INFO -- : [5bbb3e52-7641-411e-a51a-91cc7b076c02] Started GET "/w.json?query=cx302020&format_type=kento" for 18.180.226.129 at 2022-12-05 15:39:39 +0900
I, [2022-12-05T15:42:50.007225 #21084]  INFO -- : [82a5595a-b977-4902-b29b-f610315b59e1] Started GET "/w.json?query=cx302020&format_type=kento" for 18.180.226.129 at 2022-12-05 15:42:50 +0900
I, [2022-12-05T15:42:50.023825 #21084]  INFO -- : [ae56cc9e-e722-4e54-bd3e-ee74318d05a1] Started GET "/w.json?format_type=kento&query=1809708" for 35.79.17.160 at 2022-12-05 15:42:50 +0900
I, [2022-12-05T15:42:50.025800 #21086]  INFO -- : [958d9ca1-04d9-4c4c-92d3-db532625e877] Started GET "/w.json?format_type=kento&query=1412222" for 13.230.150.91 at 2022-12-05 15:42:50 +0900
I, [2022-12-05T15:44:19.980925 #21086]  INFO -- : [4fbb7a13-5e7c-4115-8e7c-42d76d66d7ab] Started GET "/w.json?format_type=kento&query=wousworflex" for 18.180.226.129 at 2022-12-05 15:44:19 +0900
I, [2022-12-05T15:50:30.047250 #21086]  INFO -- : [859c5f6c-741b-47a8-b379-d7778faddee8] Started GET "/w.json?format_type=kento&query=TOMimunidaa" for 18.180.226.129 at 2022-12-05 15:50:30 +0900
I, [2022-12-05T15:51:02.941685 #21086]  INFO -- : [d519851e-1df3-4697-8857-cacb4f684d00] Started GET "/w.json?format_type=kento&query=satomi187" for 18.180.226.129 at 2022-12-05 15:51:02 +0900
I, [2022-12-05T15:53:58.064511 #21086]  INFO -- : [980c2e46-8e2e-440d-8c8e-7f580e15672f] Started GET "/w.json?query=kazeninaru&format_type=kento" for 18.180.226.129 at 2022-12-05 15:53:58 +0900
I, [2022-12-05T15:53:59.830548 #21086]  INFO -- : [96fd6c38-6a37-4577-8a99-d66d8a11a138] Started GET "/w.json?query=kazeninaru&format_type=kento" for 18.180.226.129 at 2022-12-05 15:53:59 +0900
I, [2022-12-05T15:55:11.570050 #21084]  INFO -- : [4d0a91f3-2899-4fa0-8feb-0a5fd7cd8920] Started GET "/w.json?format_type=kento&query=Harutoromeo" for 18.180.226.129 at 2022-12-05 15:55:11 +0900
I, [2022-12-05T16:00:04.230862 #21086]  INFO -- : [e1f2927e-9c0b-4ee7-8f3a-8f042ffe58e3] Started GET "/w.json?query=hirofumiyasu&format_type=kento" for 35.79.17.160 at 2022-12-05 16:00:04 +0900
I, [2022-12-05T16:02:48.611284 #21084]  INFO -- : [73f4bb93-58ab-4a85-a369-b948461abe28] Started GET "/w.json?format_type=kento&query=verdura" for 18.180.226.129 at 2022-12-05 16:02:48 +0900
I, [2022-12-05T16:10:45.860999 #21086]  INFO -- : [f9f396aa-16d4-4b4a-b61a-7f6af29f95c3] Started GET "/w.json?query=kazeninaru&format_type=kento" for 18.180.226.129 at 2022-12-05 16:10:45 +0900
I, [2022-12-05T16:37:51.711197 #21086]  INFO -- : [5b10f42a-e1cf-4aa7-8003-1dd96971b0c7] Started GET "/w.json?query=Lesser_panda20&format_type=kento" for 54.178.102.179 at 2022-12-05 16:37:51 +0900
I, [2022-12-05T16:37:52.699769 #21084]  INFO -- : [5b51682d-1e5e-4c0c-ac27-5683e1469797] Started GET "/w.json?query=katsudon_kuitai&format_type=kento" for 54.250.144.1 at 2022-12-05 16:37:52 +0900
I, [2022-12-05T16:37:52.714394 #21084]  INFO -- : [f3a4f2c8-11d7-4889-a828-c00a0e774253] Started GET "/w.json?query=Tiffblue&format_type=kento" for 18.183.188.86 at 2022-12-05 16:37:52 +0900
I, [2022-12-05T16:37:56.779793 #21084]  INFO -- : [f6f966fc-1937-4d8a-82e5-4b8e8bb1934a] Started GET "/w.json?query=Lesser_panda20&format_type=kento" for 54.178.102.179 at 2022-12-05 16:37:56 +0900
I, [2022-12-05T16:37:56.796380 #21086]  INFO -- : [1a149400-a724-433d-a709-1a7f07c51341] Started GET "/w.json?query=katsudon_kuitai&format_type=kento" for 54.250.144.1 at 2022-12-05 16:37:56 +0900
I, [2022-12-05T16:37:56.801037 #21084]  INFO -- : [9bfdedde-3837-4cf3-86a9-7271a92d795f] Started GET "/w.json?query=Tiffblue&format_type=kento" for 18.183.188.86 at 2022-12-05 16:37:56 +0900
I, [2022-12-05T16:37:57.893264 #21086]  INFO -- : [9bd187d5-e984-4dc3-af21-6b3609cb697d] Started GET "/w.json?query=Lesser_panda20&format_type=kento" for 18.183.188.86 at 2022-12-05 16:37:57 +0900
I, [2022-12-05T16:37:57.909155 #21084]  INFO -- : [3e3f65fd-3b5e-45cc-8066-f1afacc33b77] Started GET "/w.json?query=Tiffblue&format_type=kento" for 54.250.144.1 at 2022-12-05 16:37:57 +0900
I, [2022-12-05T16:37:57.914394 #21084]  INFO -- : [ee763948-e67a-41b1-957f-09f0604fb771] Started GET "/w.json?query=katsudon_kuitai&format_type=kento" for 54.178.102.179 at 2022-12-05 16:37:57 +0900
I, [2022-12-05T16:37:58.877814 #21084]  INFO -- : [f89c3212-6910-4588-a9fd-c2cb70fe078c] Started GET "/w.json?query=Tiffblue&format_type=kento" for 54.178.102.179 at 2022-12-05 16:37:58 +0900
I, [2022-12-05T16:37:58.882509 #21084]  INFO -- : [15540e29-582d-4a7e-9e00-db71348d7fb5] Started GET "/w.json?query=Lesser_panda20&format_type=kento" for 54.250.144.1 at 2022-12-05 16:37:58 +0900
I, [2022-12-05T16:37:58.890897 #21086]  INFO -- : [3c286e9a-3b5f-48eb-86e9-da4f1fd00824] Started GET "/w.json?query=katsudon_kuitai&format_type=kento" for 18.183.188.86 at 2022-12-05 16:37:58 +0900
I, [2022-12-05T16:37:59.888523 #21084]  INFO -- : [73c1aa9e-1410-40ee-b29a-d25fc2e2857b] Started GET "/w.json?query=Tiffblue&format_type=kento" for 18.183.188.86 at 2022-12-05 16:37:59 +0900
I, [2022-12-05T16:37:59.891323 #21086]  INFO -- : [1942cb81-d901-4478-9d21-8726264a4f45] Started GET "/w.json?query=Lesser_panda20&format_type=kento" for 54.250.144.1 at 2022-12-05 16:37:59 +0900
I, [2022-12-05T16:37:59.902387 #21086]  INFO -- : [0bef7046-3958-4d29-ba87-07917b6d6529] Started GET "/w.json?query=katsudon_kuitai&format_type=kento" for 54.178.102.179 at 2022-12-05 16:37:59 +0900
